ARM GAS  C:\Users\bccho\AppData\Local\Temp\ccQ0tUC2.s 			page 1


   1              		.syntax unified
   2              		.cpu cortex-m3
   3              		.fpu softvfp
   4              		.eabi_attribute 20, 1
   5              		.eabi_attribute 21, 1
   6              		.eabi_attribute 23, 3
   7              		.eabi_attribute 24, 1
   8              		.eabi_attribute 25, 1
   9              		.eabi_attribute 26, 1
  10              		.eabi_attribute 30, 6
  11              		.eabi_attribute 18, 4
  12              		.thumb
  13              		.file	"Counter_Last_Row_PM.c"
  14              		.section	.debug_abbrev,"",%progbits
  15              	.Ldebug_abbrev0:
  16              		.section	.debug_info,"",%progbits
  17              	.Ldebug_info0:
  18              		.section	.debug_line,"",%progbits
  19              	.Ldebug_line0:
  20 0000 DD000000 		.text
  20      02008200 
  20      00000201 
  20      FB0E0D00 
  20      01010101 
  21              	.Ltext0:
  22              		.cfi_sections	.debug_frame
  23              		.bss
  24              		.align	2
  25              	Counter_Last_Row_backup:
  26 0000 00000000 		.space	4
  27              		.section	.text.Counter_Last_Row_SaveConfig,"ax",%progbits
  28              		.align	2
  29              		.global	Counter_Last_Row_SaveConfig
  30              		.thumb
  31              		.thumb_func
  32              		.type	Counter_Last_Row_SaveConfig, %function
  33              	Counter_Last_Row_SaveConfig:
  34              	.LFB0:
  35              		.file 1 ".\\Generated_Source\\PSoC5\\Counter_Last_Row_PM.c"
   1:.\Generated_Source\PSoC5/Counter_Last_Row_PM.c **** /*******************************************************************************
   2:.\Generated_Source\PSoC5/Counter_Last_Row_PM.c **** * File Name: Counter_Last_Row_PM.c  
   3:.\Generated_Source\PSoC5/Counter_Last_Row_PM.c **** * Version 2.20
   4:.\Generated_Source\PSoC5/Counter_Last_Row_PM.c **** *
   5:.\Generated_Source\PSoC5/Counter_Last_Row_PM.c **** *  Description:
   6:.\Generated_Source\PSoC5/Counter_Last_Row_PM.c **** *    This file provides the power management source code to API for the
   7:.\Generated_Source\PSoC5/Counter_Last_Row_PM.c **** *    Counter.  
   8:.\Generated_Source\PSoC5/Counter_Last_Row_PM.c **** *
   9:.\Generated_Source\PSoC5/Counter_Last_Row_PM.c **** *   Note:
  10:.\Generated_Source\PSoC5/Counter_Last_Row_PM.c **** *     None
  11:.\Generated_Source\PSoC5/Counter_Last_Row_PM.c **** *
  12:.\Generated_Source\PSoC5/Counter_Last_Row_PM.c **** *******************************************************************************
  13:.\Generated_Source\PSoC5/Counter_Last_Row_PM.c **** * Copyright 2008-2012, Cypress Semiconductor Corporation.  All rights reserved.
  14:.\Generated_Source\PSoC5/Counter_Last_Row_PM.c **** * You may use this file only in accordance with the license, terms, conditions, 
  15:.\Generated_Source\PSoC5/Counter_Last_Row_PM.c **** * disclaimers, and limitations in the end user license agreement accompanying 
  16:.\Generated_Source\PSoC5/Counter_Last_Row_PM.c **** * the software package with which this file was provided.
  17:.\Generated_Source\PSoC5/Counter_Last_Row_PM.c **** ********************************************************************************/
  18:.\Generated_Source\PSoC5/Counter_Last_Row_PM.c **** 
ARM GAS  C:\Users\bccho\AppData\Local\Temp\ccQ0tUC2.s 			page 2


  19:.\Generated_Source\PSoC5/Counter_Last_Row_PM.c **** #include "Counter_Last_Row.h"
  20:.\Generated_Source\PSoC5/Counter_Last_Row_PM.c **** 
  21:.\Generated_Source\PSoC5/Counter_Last_Row_PM.c **** static Counter_Last_Row_backupStruct Counter_Last_Row_backup;
  22:.\Generated_Source\PSoC5/Counter_Last_Row_PM.c **** 
  23:.\Generated_Source\PSoC5/Counter_Last_Row_PM.c **** 
  24:.\Generated_Source\PSoC5/Counter_Last_Row_PM.c **** /*******************************************************************************
  25:.\Generated_Source\PSoC5/Counter_Last_Row_PM.c **** * Function Name: Counter_Last_Row_SaveConfig
  26:.\Generated_Source\PSoC5/Counter_Last_Row_PM.c **** ********************************************************************************
  27:.\Generated_Source\PSoC5/Counter_Last_Row_PM.c **** * Summary:
  28:.\Generated_Source\PSoC5/Counter_Last_Row_PM.c **** *     Save the current user configuration
  29:.\Generated_Source\PSoC5/Counter_Last_Row_PM.c **** *
  30:.\Generated_Source\PSoC5/Counter_Last_Row_PM.c **** * Parameters:  
  31:.\Generated_Source\PSoC5/Counter_Last_Row_PM.c **** *  void
  32:.\Generated_Source\PSoC5/Counter_Last_Row_PM.c **** *
  33:.\Generated_Source\PSoC5/Counter_Last_Row_PM.c **** * Return: 
  34:.\Generated_Source\PSoC5/Counter_Last_Row_PM.c **** *  void
  35:.\Generated_Source\PSoC5/Counter_Last_Row_PM.c **** *
  36:.\Generated_Source\PSoC5/Counter_Last_Row_PM.c **** * Global variables:
  37:.\Generated_Source\PSoC5/Counter_Last_Row_PM.c **** *  Counter_Last_Row_backup:  Variables of this global structure are modified to 
  38:.\Generated_Source\PSoC5/Counter_Last_Row_PM.c **** *  store the values of non retention configuration registers when Sleep() API is 
  39:.\Generated_Source\PSoC5/Counter_Last_Row_PM.c **** *  called.
  40:.\Generated_Source\PSoC5/Counter_Last_Row_PM.c **** *
  41:.\Generated_Source\PSoC5/Counter_Last_Row_PM.c **** *******************************************************************************/
  42:.\Generated_Source\PSoC5/Counter_Last_Row_PM.c **** void Counter_Last_Row_SaveConfig(void) 
  43:.\Generated_Source\PSoC5/Counter_Last_Row_PM.c **** {
  36              		.loc 1 43 0
  37              		.cfi_startproc
  38              		@ args = 0, pretend = 0, frame = 0
  39              		@ frame_needed = 1, uses_anonymous_args = 0
  40 0000 80B5     		push	{r7, lr}
  41              	.LCFI0:
  42              		.cfi_def_cfa_offset 8
  43 0002 00AF     		add	r7, sp, #0
  44              		.cfi_offset 14, -4
  45              		.cfi_offset 7, -8
  46              	.LCFI1:
  47              		.cfi_def_cfa_register 7
  44:.\Generated_Source\PSoC5/Counter_Last_Row_PM.c ****     #if (!Counter_Last_Row_UsingFixedFunction)
  45:.\Generated_Source\PSoC5/Counter_Last_Row_PM.c ****         /* Backup the UDB non-rentention registers for PSoC5A */
  46:.\Generated_Source\PSoC5/Counter_Last_Row_PM.c ****         #if (CY_PSOC5A)
  47:.\Generated_Source\PSoC5/Counter_Last_Row_PM.c ****             Counter_Last_Row_backup.CounterUdb = Counter_Last_Row_ReadCounter();
  48:.\Generated_Source\PSoC5/Counter_Last_Row_PM.c ****             Counter_Last_Row_backup.CounterPeriod = Counter_Last_Row_ReadPeriod();
  49:.\Generated_Source\PSoC5/Counter_Last_Row_PM.c ****             Counter_Last_Row_backup.CompareValue = Counter_Last_Row_ReadCompare();
  50:.\Generated_Source\PSoC5/Counter_Last_Row_PM.c ****             Counter_Last_Row_backup.InterruptMaskValue = Counter_Last_Row_STATUS_MASK;
  51:.\Generated_Source\PSoC5/Counter_Last_Row_PM.c ****         #endif /* (CY_PSOC5A) */
  52:.\Generated_Source\PSoC5/Counter_Last_Row_PM.c ****         
  53:.\Generated_Source\PSoC5/Counter_Last_Row_PM.c ****         #if (CY_PSOC3 || CY_PSOC5LP)
  54:.\Generated_Source\PSoC5/Counter_Last_Row_PM.c ****             Counter_Last_Row_backup.CounterUdb = Counter_Last_Row_ReadCounter();
  48              		.loc 1 54 0
  49 0004 FFF7FEFF 		bl	Counter_Last_Row_ReadCounter
  50 0008 0346     		mov	r3, r0
  51 000a 1A46     		mov	r2, r3
  52 000c 40F20003 		movw	r3, #:lower16:Counter_Last_Row_backup
  53 0010 C0F20003 		movt	r3, #:upper16:Counter_Last_Row_backup
  54 0014 5A70     		strb	r2, [r3, #1]
  55:.\Generated_Source\PSoC5/Counter_Last_Row_PM.c ****             Counter_Last_Row_backup.InterruptMaskValue = Counter_Last_Row_STATUS_MASK;
  55              		.loc 1 55 0
ARM GAS  C:\Users\bccho\AppData\Local\Temp\ccQ0tUC2.s 			page 3


  56 0016 46F28853 		movw	r3, #:lower16:1073767816
  57 001a C4F20003 		movt	r3, #:upper16:1073767816
  58 001e 1B78     		ldrb	r3, [r3, #0]
  59 0020 DAB2     		uxtb	r2, r3
  60 0022 40F20003 		movw	r3, #:lower16:Counter_Last_Row_backup
  61 0026 C0F20003 		movt	r3, #:upper16:Counter_Last_Row_backup
  62 002a 9A70     		strb	r2, [r3, #2]
  56:.\Generated_Source\PSoC5/Counter_Last_Row_PM.c ****         #endif /* (CY_PSOC3 || CY_PSOC5LP) */
  57:.\Generated_Source\PSoC5/Counter_Last_Row_PM.c ****         
  58:.\Generated_Source\PSoC5/Counter_Last_Row_PM.c ****         #if(!Counter_Last_Row_ControlRegRemoved)
  59:.\Generated_Source\PSoC5/Counter_Last_Row_PM.c ****             Counter_Last_Row_backup.CounterControlRegister = Counter_Last_Row_ReadControlRegister()
  63              		.loc 1 59 0
  64 002c FFF7FEFF 		bl	Counter_Last_Row_ReadControlRegister
  65 0030 0346     		mov	r3, r0
  66 0032 1A46     		mov	r2, r3
  67 0034 40F20003 		movw	r3, #:lower16:Counter_Last_Row_backup
  68 0038 C0F20003 		movt	r3, #:upper16:Counter_Last_Row_backup
  69 003c DA70     		strb	r2, [r3, #3]
  60:.\Generated_Source\PSoC5/Counter_Last_Row_PM.c ****         #endif /* (!Counter_Last_Row_ControlRegRemoved) */
  61:.\Generated_Source\PSoC5/Counter_Last_Row_PM.c ****     #endif /* (!Counter_Last_Row_UsingFixedFunction) */
  62:.\Generated_Source\PSoC5/Counter_Last_Row_PM.c **** }
  70              		.loc 1 62 0
  71 003e 80BD     		pop	{r7, pc}
  72              		.cfi_endproc
  73              	.LFE0:
  74              		.size	Counter_Last_Row_SaveConfig, .-Counter_Last_Row_SaveConfig
  75              		.section	.text.Counter_Last_Row_RestoreConfig,"ax",%progbits
  76              		.align	2
  77              		.global	Counter_Last_Row_RestoreConfig
  78              		.thumb
  79              		.thumb_func
  80              		.type	Counter_Last_Row_RestoreConfig, %function
  81              	Counter_Last_Row_RestoreConfig:
  82              	.LFB1:
  63:.\Generated_Source\PSoC5/Counter_Last_Row_PM.c **** 
  64:.\Generated_Source\PSoC5/Counter_Last_Row_PM.c **** 
  65:.\Generated_Source\PSoC5/Counter_Last_Row_PM.c **** /*******************************************************************************
  66:.\Generated_Source\PSoC5/Counter_Last_Row_PM.c **** * Function Name: Counter_Last_Row_RestoreConfig
  67:.\Generated_Source\PSoC5/Counter_Last_Row_PM.c **** ********************************************************************************
  68:.\Generated_Source\PSoC5/Counter_Last_Row_PM.c **** *
  69:.\Generated_Source\PSoC5/Counter_Last_Row_PM.c **** * Summary:
  70:.\Generated_Source\PSoC5/Counter_Last_Row_PM.c **** *  Restores the current user configuration.
  71:.\Generated_Source\PSoC5/Counter_Last_Row_PM.c **** *
  72:.\Generated_Source\PSoC5/Counter_Last_Row_PM.c **** * Parameters:  
  73:.\Generated_Source\PSoC5/Counter_Last_Row_PM.c **** *  void
  74:.\Generated_Source\PSoC5/Counter_Last_Row_PM.c **** *
  75:.\Generated_Source\PSoC5/Counter_Last_Row_PM.c **** * Return: 
  76:.\Generated_Source\PSoC5/Counter_Last_Row_PM.c **** *  void
  77:.\Generated_Source\PSoC5/Counter_Last_Row_PM.c **** *
  78:.\Generated_Source\PSoC5/Counter_Last_Row_PM.c **** * Global variables:
  79:.\Generated_Source\PSoC5/Counter_Last_Row_PM.c **** *  Counter_Last_Row_backup:  Variables of this global structure are used to 
  80:.\Generated_Source\PSoC5/Counter_Last_Row_PM.c **** *  restore the values of non retention registers on wakeup from sleep mode.
  81:.\Generated_Source\PSoC5/Counter_Last_Row_PM.c **** *
  82:.\Generated_Source\PSoC5/Counter_Last_Row_PM.c **** *******************************************************************************/
  83:.\Generated_Source\PSoC5/Counter_Last_Row_PM.c **** void Counter_Last_Row_RestoreConfig(void) 
  84:.\Generated_Source\PSoC5/Counter_Last_Row_PM.c **** {      
  83              		.loc 1 84 0
ARM GAS  C:\Users\bccho\AppData\Local\Temp\ccQ0tUC2.s 			page 4


  84              		.cfi_startproc
  85              		@ args = 0, pretend = 0, frame = 0
  86              		@ frame_needed = 1, uses_anonymous_args = 0
  87 0000 80B5     		push	{r7, lr}
  88              	.LCFI2:
  89              		.cfi_def_cfa_offset 8
  90 0002 00AF     		add	r7, sp, #0
  91              		.cfi_offset 14, -4
  92              		.cfi_offset 7, -8
  93              	.LCFI3:
  94              		.cfi_def_cfa_register 7
  85:.\Generated_Source\PSoC5/Counter_Last_Row_PM.c ****     #if (!Counter_Last_Row_UsingFixedFunction)     
  86:.\Generated_Source\PSoC5/Counter_Last_Row_PM.c ****         /* Restore the UDB non-rentention registers for PSoC5A */
  87:.\Generated_Source\PSoC5/Counter_Last_Row_PM.c ****         #if (CY_PSOC5A)
  88:.\Generated_Source\PSoC5/Counter_Last_Row_PM.c ****             /* Interrupt State Backup for Critical Region*/
  89:.\Generated_Source\PSoC5/Counter_Last_Row_PM.c ****             uint8 Counter_Last_Row_interruptState;
  90:.\Generated_Source\PSoC5/Counter_Last_Row_PM.c ****         
  91:.\Generated_Source\PSoC5/Counter_Last_Row_PM.c ****             Counter_Last_Row_WriteCounter(Counter_Last_Row_backup.CounterUdb);
  92:.\Generated_Source\PSoC5/Counter_Last_Row_PM.c ****             Counter_Last_Row_WritePeriod(Counter_Last_Row_backup.CounterPeriod);
  93:.\Generated_Source\PSoC5/Counter_Last_Row_PM.c ****             Counter_Last_Row_WriteCompare(Counter_Last_Row_backup.CompareValue);
  94:.\Generated_Source\PSoC5/Counter_Last_Row_PM.c ****             /* Enter Critical Region*/
  95:.\Generated_Source\PSoC5/Counter_Last_Row_PM.c ****             Counter_Last_Row_interruptState = CyEnterCriticalSection();
  96:.\Generated_Source\PSoC5/Counter_Last_Row_PM.c ****         
  97:.\Generated_Source\PSoC5/Counter_Last_Row_PM.c ****             Counter_Last_Row_STATUS_AUX_CTRL |= Counter_Last_Row_STATUS_ACTL_INT_EN_MASK;
  98:.\Generated_Source\PSoC5/Counter_Last_Row_PM.c ****             /* Exit Critical Region*/
  99:.\Generated_Source\PSoC5/Counter_Last_Row_PM.c ****             CyExitCriticalSection(Counter_Last_Row_interruptState);
 100:.\Generated_Source\PSoC5/Counter_Last_Row_PM.c ****             Counter_Last_Row_STATUS_MASK = Counter_Last_Row_backup.InterruptMaskValue;
 101:.\Generated_Source\PSoC5/Counter_Last_Row_PM.c ****         #endif  /* (CY_PSOC5A) */
 102:.\Generated_Source\PSoC5/Counter_Last_Row_PM.c ****         
 103:.\Generated_Source\PSoC5/Counter_Last_Row_PM.c ****         #if (CY_PSOC3 || CY_PSOC5LP)
 104:.\Generated_Source\PSoC5/Counter_Last_Row_PM.c ****             Counter_Last_Row_WriteCounter(Counter_Last_Row_backup.CounterUdb);
  95              		.loc 1 104 0
  96 0004 40F20003 		movw	r3, #:lower16:Counter_Last_Row_backup
  97 0008 C0F20003 		movt	r3, #:upper16:Counter_Last_Row_backup
  98 000c 5B78     		ldrb	r3, [r3, #1]	@ zero_extendqisi2
  99 000e 1846     		mov	r0, r3
 100 0010 FFF7FEFF 		bl	Counter_Last_Row_WriteCounter
 105:.\Generated_Source\PSoC5/Counter_Last_Row_PM.c ****             Counter_Last_Row_STATUS_MASK = Counter_Last_Row_backup.InterruptMaskValue;
 101              		.loc 1 105 0
 102 0014 46F28853 		movw	r3, #:lower16:1073767816
 103 0018 C4F20003 		movt	r3, #:upper16:1073767816
 104 001c 40F20002 		movw	r2, #:lower16:Counter_Last_Row_backup
 105 0020 C0F20002 		movt	r2, #:upper16:Counter_Last_Row_backup
 106 0024 9278     		ldrb	r2, [r2, #2]	@ zero_extendqisi2
 107 0026 1A70     		strb	r2, [r3, #0]
 106:.\Generated_Source\PSoC5/Counter_Last_Row_PM.c ****         #endif /* (CY_PSOC3 || CY_PSOC5LP) */
 107:.\Generated_Source\PSoC5/Counter_Last_Row_PM.c ****         
 108:.\Generated_Source\PSoC5/Counter_Last_Row_PM.c ****         #if(!Counter_Last_Row_ControlRegRemoved)
 109:.\Generated_Source\PSoC5/Counter_Last_Row_PM.c ****             Counter_Last_Row_WriteControlRegister(Counter_Last_Row_backup.CounterControlRegister);
 108              		.loc 1 109 0
 109 0028 40F20003 		movw	r3, #:lower16:Counter_Last_Row_backup
 110 002c C0F20003 		movt	r3, #:upper16:Counter_Last_Row_backup
 111 0030 DB78     		ldrb	r3, [r3, #3]	@ zero_extendqisi2
 112 0032 1846     		mov	r0, r3
 113 0034 FFF7FEFF 		bl	Counter_Last_Row_WriteControlRegister
 110:.\Generated_Source\PSoC5/Counter_Last_Row_PM.c ****         #endif /* (!Counter_Last_Row_ControlRegRemoved) */
 111:.\Generated_Source\PSoC5/Counter_Last_Row_PM.c ****     #endif /* (!Counter_Last_Row_UsingFixedFunction) */
ARM GAS  C:\Users\bccho\AppData\Local\Temp\ccQ0tUC2.s 			page 5


 112:.\Generated_Source\PSoC5/Counter_Last_Row_PM.c **** }
 114              		.loc 1 112 0
 115 0038 80BD     		pop	{r7, pc}
 116              		.cfi_endproc
 117              	.LFE1:
 118              		.size	Counter_Last_Row_RestoreConfig, .-Counter_Last_Row_RestoreConfig
 119 003a 00BF     		.section	.text.Counter_Last_Row_Sleep,"ax",%progbits
 120              		.align	2
 121              		.global	Counter_Last_Row_Sleep
 122              		.thumb
 123              		.thumb_func
 124              		.type	Counter_Last_Row_Sleep, %function
 125              	Counter_Last_Row_Sleep:
 126              	.LFB2:
 113:.\Generated_Source\PSoC5/Counter_Last_Row_PM.c **** 
 114:.\Generated_Source\PSoC5/Counter_Last_Row_PM.c **** 
 115:.\Generated_Source\PSoC5/Counter_Last_Row_PM.c **** /*******************************************************************************
 116:.\Generated_Source\PSoC5/Counter_Last_Row_PM.c **** * Function Name: Counter_Last_Row_Sleep
 117:.\Generated_Source\PSoC5/Counter_Last_Row_PM.c **** ********************************************************************************
 118:.\Generated_Source\PSoC5/Counter_Last_Row_PM.c **** * Summary:
 119:.\Generated_Source\PSoC5/Counter_Last_Row_PM.c **** *     Stop and Save the user configuration
 120:.\Generated_Source\PSoC5/Counter_Last_Row_PM.c **** *
 121:.\Generated_Source\PSoC5/Counter_Last_Row_PM.c **** * Parameters:  
 122:.\Generated_Source\PSoC5/Counter_Last_Row_PM.c **** *  void
 123:.\Generated_Source\PSoC5/Counter_Last_Row_PM.c **** *
 124:.\Generated_Source\PSoC5/Counter_Last_Row_PM.c **** * Return: 
 125:.\Generated_Source\PSoC5/Counter_Last_Row_PM.c **** *  void
 126:.\Generated_Source\PSoC5/Counter_Last_Row_PM.c **** *
 127:.\Generated_Source\PSoC5/Counter_Last_Row_PM.c **** * Global variables:
 128:.\Generated_Source\PSoC5/Counter_Last_Row_PM.c **** *  Counter_Last_Row_backup.enableState:  Is modified depending on the enable 
 129:.\Generated_Source\PSoC5/Counter_Last_Row_PM.c **** *  state of the block before entering sleep mode.
 130:.\Generated_Source\PSoC5/Counter_Last_Row_PM.c **** *
 131:.\Generated_Source\PSoC5/Counter_Last_Row_PM.c **** *******************************************************************************/
 132:.\Generated_Source\PSoC5/Counter_Last_Row_PM.c **** void Counter_Last_Row_Sleep(void) 
 133:.\Generated_Source\PSoC5/Counter_Last_Row_PM.c **** {
 127              		.loc 1 133 0
 128              		.cfi_startproc
 129              		@ args = 0, pretend = 0, frame = 0
 130              		@ frame_needed = 1, uses_anonymous_args = 0
 131 0000 80B5     		push	{r7, lr}
 132              	.LCFI4:
 133              		.cfi_def_cfa_offset 8
 134 0002 00AF     		add	r7, sp, #0
 135              		.cfi_offset 14, -4
 136              		.cfi_offset 7, -8
 137              	.LCFI5:
 138              		.cfi_def_cfa_register 7
 134:.\Generated_Source\PSoC5/Counter_Last_Row_PM.c ****     #if(!Counter_Last_Row_ControlRegRemoved)
 135:.\Generated_Source\PSoC5/Counter_Last_Row_PM.c ****         /* Save Counter's enable state */
 136:.\Generated_Source\PSoC5/Counter_Last_Row_PM.c ****         if(Counter_Last_Row_CTRL_ENABLE == (Counter_Last_Row_CONTROL & Counter_Last_Row_CTRL_ENABLE
 139              		.loc 1 136 0
 140 0004 46F27B43 		movw	r3, #:lower16:1073767547
 141 0008 C4F20003 		movt	r3, #:upper16:1073767547
 142 000c 1B78     		ldrb	r3, [r3, #0]
 143 000e DBB2     		uxtb	r3, r3
 144 0010 5BB2     		sxtb	r3, r3
 145 0012 002B     		cmp	r3, #0
ARM GAS  C:\Users\bccho\AppData\Local\Temp\ccQ0tUC2.s 			page 6


 146 0014 07DA     		bge	.L6
 137:.\Generated_Source\PSoC5/Counter_Last_Row_PM.c ****         {
 138:.\Generated_Source\PSoC5/Counter_Last_Row_PM.c ****             /* Counter is enabled */
 139:.\Generated_Source\PSoC5/Counter_Last_Row_PM.c ****             Counter_Last_Row_backup.CounterEnableState = 1u;
 147              		.loc 1 139 0
 148 0016 40F20003 		movw	r3, #:lower16:Counter_Last_Row_backup
 149 001a C0F20003 		movt	r3, #:upper16:Counter_Last_Row_backup
 150 001e 4FF00102 		mov	r2, #1
 151 0022 1A70     		strb	r2, [r3, #0]
 152 0024 06E0     		b	.L7
 153              	.L6:
 140:.\Generated_Source\PSoC5/Counter_Last_Row_PM.c ****         }
 141:.\Generated_Source\PSoC5/Counter_Last_Row_PM.c ****         else
 142:.\Generated_Source\PSoC5/Counter_Last_Row_PM.c ****         {
 143:.\Generated_Source\PSoC5/Counter_Last_Row_PM.c ****             /* Counter is disabled */
 144:.\Generated_Source\PSoC5/Counter_Last_Row_PM.c ****             Counter_Last_Row_backup.CounterEnableState = 0u;
 154              		.loc 1 144 0
 155 0026 40F20003 		movw	r3, #:lower16:Counter_Last_Row_backup
 156 002a C0F20003 		movt	r3, #:upper16:Counter_Last_Row_backup
 157 002e 4FF00002 		mov	r2, #0
 158 0032 1A70     		strb	r2, [r3, #0]
 159              	.L7:
 145:.\Generated_Source\PSoC5/Counter_Last_Row_PM.c ****         }
 146:.\Generated_Source\PSoC5/Counter_Last_Row_PM.c ****     #endif /* (!Counter_Last_Row_ControlRegRemoved) */
 147:.\Generated_Source\PSoC5/Counter_Last_Row_PM.c ****     Counter_Last_Row_Stop();
 160              		.loc 1 147 0
 161 0034 FFF7FEFF 		bl	Counter_Last_Row_Stop
 148:.\Generated_Source\PSoC5/Counter_Last_Row_PM.c ****     Counter_Last_Row_SaveConfig();
 162              		.loc 1 148 0
 163 0038 FFF7FEFF 		bl	Counter_Last_Row_SaveConfig
 149:.\Generated_Source\PSoC5/Counter_Last_Row_PM.c **** }
 164              		.loc 1 149 0
 165 003c 80BD     		pop	{r7, pc}
 166              		.cfi_endproc
 167              	.LFE2:
 168              		.size	Counter_Last_Row_Sleep, .-Counter_Last_Row_Sleep
 169 003e 00BF     		.section	.text.Counter_Last_Row_Wakeup,"ax",%progbits
 170              		.align	2
 171              		.global	Counter_Last_Row_Wakeup
 172              		.thumb
 173              		.thumb_func
 174              		.type	Counter_Last_Row_Wakeup, %function
 175              	Counter_Last_Row_Wakeup:
 176              	.LFB3:
 150:.\Generated_Source\PSoC5/Counter_Last_Row_PM.c **** 
 151:.\Generated_Source\PSoC5/Counter_Last_Row_PM.c **** 
 152:.\Generated_Source\PSoC5/Counter_Last_Row_PM.c **** /*******************************************************************************
 153:.\Generated_Source\PSoC5/Counter_Last_Row_PM.c **** * Function Name: Counter_Last_Row_Wakeup
 154:.\Generated_Source\PSoC5/Counter_Last_Row_PM.c **** ********************************************************************************
 155:.\Generated_Source\PSoC5/Counter_Last_Row_PM.c **** *
 156:.\Generated_Source\PSoC5/Counter_Last_Row_PM.c **** * Summary:
 157:.\Generated_Source\PSoC5/Counter_Last_Row_PM.c **** *  Restores and enables the user configuration
 158:.\Generated_Source\PSoC5/Counter_Last_Row_PM.c **** *  
 159:.\Generated_Source\PSoC5/Counter_Last_Row_PM.c **** * Parameters:  
 160:.\Generated_Source\PSoC5/Counter_Last_Row_PM.c **** *  void
 161:.\Generated_Source\PSoC5/Counter_Last_Row_PM.c **** *
 162:.\Generated_Source\PSoC5/Counter_Last_Row_PM.c **** * Return: 
ARM GAS  C:\Users\bccho\AppData\Local\Temp\ccQ0tUC2.s 			page 7


 163:.\Generated_Source\PSoC5/Counter_Last_Row_PM.c **** *  void
 164:.\Generated_Source\PSoC5/Counter_Last_Row_PM.c **** *
 165:.\Generated_Source\PSoC5/Counter_Last_Row_PM.c **** * Global variables:
 166:.\Generated_Source\PSoC5/Counter_Last_Row_PM.c **** *  Counter_Last_Row_backup.enableState:  Is used to restore the enable state of 
 167:.\Generated_Source\PSoC5/Counter_Last_Row_PM.c **** *  block on wakeup from sleep mode.
 168:.\Generated_Source\PSoC5/Counter_Last_Row_PM.c **** *
 169:.\Generated_Source\PSoC5/Counter_Last_Row_PM.c **** *******************************************************************************/
 170:.\Generated_Source\PSoC5/Counter_Last_Row_PM.c **** void Counter_Last_Row_Wakeup(void) 
 171:.\Generated_Source\PSoC5/Counter_Last_Row_PM.c **** {
 177              		.loc 1 171 0
 178              		.cfi_startproc
 179              		@ args = 0, pretend = 0, frame = 0
 180              		@ frame_needed = 1, uses_anonymous_args = 0
 181 0000 80B5     		push	{r7, lr}
 182              	.LCFI6:
 183              		.cfi_def_cfa_offset 8
 184 0002 00AF     		add	r7, sp, #0
 185              		.cfi_offset 14, -4
 186              		.cfi_offset 7, -8
 187              	.LCFI7:
 188              		.cfi_def_cfa_register 7
 172:.\Generated_Source\PSoC5/Counter_Last_Row_PM.c ****     Counter_Last_Row_RestoreConfig();
 189              		.loc 1 172 0
 190 0004 FFF7FEFF 		bl	Counter_Last_Row_RestoreConfig
 173:.\Generated_Source\PSoC5/Counter_Last_Row_PM.c ****     #if(!Counter_Last_Row_ControlRegRemoved)
 174:.\Generated_Source\PSoC5/Counter_Last_Row_PM.c ****         if(Counter_Last_Row_backup.CounterEnableState == 1u)
 191              		.loc 1 174 0
 192 0008 40F20003 		movw	r3, #:lower16:Counter_Last_Row_backup
 193 000c C0F20003 		movt	r3, #:upper16:Counter_Last_Row_backup
 194 0010 1B78     		ldrb	r3, [r3, #0]	@ zero_extendqisi2
 195 0012 012B     		cmp	r3, #1
 196 0014 01D1     		bne	.L11
 175:.\Generated_Source\PSoC5/Counter_Last_Row_PM.c ****         {
 176:.\Generated_Source\PSoC5/Counter_Last_Row_PM.c ****             /* Enable Counter's operation */
 177:.\Generated_Source\PSoC5/Counter_Last_Row_PM.c ****             Counter_Last_Row_Enable();
 197              		.loc 1 177 0
 198 0016 FFF7FEFF 		bl	Counter_Last_Row_Enable
 199              	.L11:
 178:.\Generated_Source\PSoC5/Counter_Last_Row_PM.c ****         } /* Do nothing if Counter was disabled before */    
 179:.\Generated_Source\PSoC5/Counter_Last_Row_PM.c ****     #endif /* (!Counter_Last_Row_ControlRegRemoved) */
 180:.\Generated_Source\PSoC5/Counter_Last_Row_PM.c ****     
 181:.\Generated_Source\PSoC5/Counter_Last_Row_PM.c **** }
 200              		.loc 1 181 0
 201 001a 80BD     		pop	{r7, pc}
 202              		.cfi_endproc
 203              	.LFE3:
 204              		.size	Counter_Last_Row_Wakeup, .-Counter_Last_Row_Wakeup
 205              		.text
 206              	.Letext0:
 207              		.section	.debug_loc,"",%progbits
 208              	.Ldebug_loc0:
 209              	.LLST0:
 210 0000 00000000 		.4byte	.LFB0
 211 0004 02000000 		.4byte	.LCFI0
 212 0008 0100     		.2byte	0x1
 213 000a 5D       		.byte	0x5d
 214 000b 02000000 		.4byte	.LCFI0
ARM GAS  C:\Users\bccho\AppData\Local\Temp\ccQ0tUC2.s 			page 8


 215 000f 04000000 		.4byte	.LCFI1
 216 0013 0200     		.2byte	0x2
 217 0015 7D       		.byte	0x7d
 218 0016 08       		.sleb128 8
 219 0017 04000000 		.4byte	.LCFI1
 220 001b 40000000 		.4byte	.LFE0
 221 001f 0200     		.2byte	0x2
 222 0021 77       		.byte	0x77
 223 0022 08       		.sleb128 8
 224 0023 00000000 		.4byte	0x0
 225 0027 00000000 		.4byte	0x0
 226              	.LLST1:
 227 002b 00000000 		.4byte	.LFB1
 228 002f 02000000 		.4byte	.LCFI2
 229 0033 0100     		.2byte	0x1
 230 0035 5D       		.byte	0x5d
 231 0036 02000000 		.4byte	.LCFI2
 232 003a 04000000 		.4byte	.LCFI3
 233 003e 0200     		.2byte	0x2
 234 0040 7D       		.byte	0x7d
 235 0041 08       		.sleb128 8
 236 0042 04000000 		.4byte	.LCFI3
 237 0046 3A000000 		.4byte	.LFE1
 238 004a 0200     		.2byte	0x2
 239 004c 77       		.byte	0x77
 240 004d 08       		.sleb128 8
 241 004e 00000000 		.4byte	0x0
 242 0052 00000000 		.4byte	0x0
 243              	.LLST2:
 244 0056 00000000 		.4byte	.LFB2
 245 005a 02000000 		.4byte	.LCFI4
 246 005e 0100     		.2byte	0x1
 247 0060 5D       		.byte	0x5d
 248 0061 02000000 		.4byte	.LCFI4
 249 0065 04000000 		.4byte	.LCFI5
 250 0069 0200     		.2byte	0x2
 251 006b 7D       		.byte	0x7d
 252 006c 08       		.sleb128 8
 253 006d 04000000 		.4byte	.LCFI5
 254 0071 3E000000 		.4byte	.LFE2
 255 0075 0200     		.2byte	0x2
 256 0077 77       		.byte	0x77
 257 0078 08       		.sleb128 8
 258 0079 00000000 		.4byte	0x0
 259 007d 00000000 		.4byte	0x0
 260              	.LLST3:
 261 0081 00000000 		.4byte	.LFB3
 262 0085 02000000 		.4byte	.LCFI6
 263 0089 0100     		.2byte	0x1
 264 008b 5D       		.byte	0x5d
 265 008c 02000000 		.4byte	.LCFI6
 266 0090 04000000 		.4byte	.LCFI7
 267 0094 0200     		.2byte	0x2
 268 0096 7D       		.byte	0x7d
 269 0097 08       		.sleb128 8
 270 0098 04000000 		.4byte	.LCFI7
 271 009c 1C000000 		.4byte	.LFE3
ARM GAS  C:\Users\bccho\AppData\Local\Temp\ccQ0tUC2.s 			page 9


 272 00a0 0200     		.2byte	0x2
 273 00a2 77       		.byte	0x77
 274 00a3 08       		.sleb128 8
 275 00a4 00000000 		.4byte	0x0
 276 00a8 00000000 		.4byte	0x0
 277              		.file 2 ".\\Generated_Source\\PSoC5\\/Counter_Last_Row.h"
 278              		.file 3 ".\\Generated_Source\\PSoC5\\/cytypes.h"
 279              		.section	.debug_info
 280 0000 36010000 		.4byte	0x136
 281 0004 0200     		.2byte	0x2
 282 0006 00000000 		.4byte	.Ldebug_abbrev0
 283 000a 04       		.byte	0x4
 284 000b 01       		.uleb128 0x1
 285 000c 6F000000 		.4byte	.LASF20
 286 0010 01       		.byte	0x1
 287 0011 E3000000 		.4byte	.LASF21
 288 0015 31010000 		.4byte	.LASF22
 289 0019 00000000 		.4byte	0x0
 290 001d 00000000 		.4byte	0x0
 291 0021 00000000 		.4byte	.Ldebug_ranges0+0x0
 292 0025 00000000 		.4byte	.Ldebug_line0
 293 0029 02       		.uleb128 0x2
 294 002a 01       		.byte	0x1
 295 002b 06       		.byte	0x6
 296 002c 25010000 		.4byte	.LASF0
 297 0030 02       		.uleb128 0x2
 298 0031 01       		.byte	0x1
 299 0032 08       		.byte	0x8
 300 0033 7B000000 		.4byte	.LASF1
 301 0037 02       		.uleb128 0x2
 302 0038 02       		.byte	0x2
 303 0039 05       		.byte	0x5
 304 003a BB010000 		.4byte	.LASF2
 305 003e 02       		.uleb128 0x2
 306 003f 02       		.byte	0x2
 307 0040 07       		.byte	0x7
 308 0041 12010000 		.4byte	.LASF3
 309 0045 02       		.uleb128 0x2
 310 0046 04       		.byte	0x4
 311 0047 05       		.byte	0x5
 312 0048 8E000000 		.4byte	.LASF4
 313 004c 02       		.uleb128 0x2
 314 004d 04       		.byte	0x4
 315 004e 07       		.byte	0x7
 316 004f 2A000000 		.4byte	.LASF5
 317 0053 02       		.uleb128 0x2
 318 0054 08       		.byte	0x8
 319 0055 05       		.byte	0x5
 320 0056 D5000000 		.4byte	.LASF6
 321 005a 02       		.uleb128 0x2
 322 005b 08       		.byte	0x8
 323 005c 07       		.byte	0x7
 324 005d 3C000000 		.4byte	.LASF7
 325 0061 03       		.uleb128 0x3
 326 0062 04       		.byte	0x4
 327 0063 05       		.byte	0x5
 328 0064 696E7400 		.ascii	"int\000"
ARM GAS  C:\Users\bccho\AppData\Local\Temp\ccQ0tUC2.s 			page 10


 329 0068 02       		.uleb128 0x2
 330 0069 04       		.byte	0x4
 331 006a 07       		.byte	0x7
 332 006b 17000000 		.4byte	.LASF8
 333 006f 02       		.uleb128 0x2
 334 0070 01       		.byte	0x1
 335 0071 08       		.byte	0x8
 336 0072 89000000 		.4byte	.LASF9
 337 0076 04       		.uleb128 0x4
 338 0077 24000000 		.4byte	.LASF14
 339 007b 03       		.byte	0x3
 340 007c 60       		.byte	0x60
 341 007d 30000000 		.4byte	0x30
 342 0081 05       		.uleb128 0x5
 343 0082 04       		.byte	0x4
 344 0083 07       		.byte	0x7
 345 0084 06       		.uleb128 0x6
 346 0085 9D010000 		.4byte	.LASF15
 347 0089 04       		.byte	0x4
 348 008a 02       		.byte	0x2
 349 008b 37       		.byte	0x37
 350 008c C9000000 		.4byte	0xc9
 351 0090 07       		.uleb128 0x7
 352 0091 AA000000 		.4byte	.LASF10
 353 0095 02       		.byte	0x2
 354 0096 39       		.byte	0x39
 355 0097 76000000 		.4byte	0x76
 356 009b 02       		.byte	0x2
 357 009c 23       		.byte	0x23
 358 009d 00       		.uleb128 0x0
 359 009e 07       		.uleb128 0x7
 360 009f C5010000 		.4byte	.LASF11
 361 00a3 02       		.byte	0x2
 362 00a4 42       		.byte	0x42
 363 00a5 76000000 		.4byte	0x76
 364 00a9 02       		.byte	0x2
 365 00aa 23       		.byte	0x23
 366 00ab 01       		.uleb128 0x1
 367 00ac 07       		.uleb128 0x7
 368 00ad 97000000 		.4byte	.LASF12
 369 00b1 02       		.byte	0x2
 370 00b2 43       		.byte	0x43
 371 00b3 76000000 		.4byte	0x76
 372 00b7 02       		.byte	0x2
 373 00b8 23       		.byte	0x23
 374 00b9 02       		.uleb128 0x2
 375 00ba 07       		.uleb128 0x7
 376 00bb 86010000 		.4byte	.LASF13
 377 00bf 02       		.byte	0x2
 378 00c0 47       		.byte	0x47
 379 00c1 76000000 		.4byte	0x76
 380 00c5 02       		.byte	0x2
 381 00c6 23       		.byte	0x23
 382 00c7 03       		.uleb128 0x3
 383 00c8 00       		.byte	0x0
 384 00c9 04       		.uleb128 0x4
 385 00ca 9D010000 		.4byte	.LASF15
ARM GAS  C:\Users\bccho\AppData\Local\Temp\ccQ0tUC2.s 			page 11


 386 00ce 02       		.byte	0x2
 387 00cf 49       		.byte	0x49
 388 00d0 84000000 		.4byte	0x84
 389 00d4 08       		.uleb128 0x8
 390 00d5 01       		.byte	0x1
 391 00d6 53000000 		.4byte	.LASF16
 392 00da 01       		.byte	0x1
 393 00db 2A       		.byte	0x2a
 394 00dc 01       		.byte	0x1
 395 00dd 00000000 		.4byte	.LFB0
 396 00e1 40000000 		.4byte	.LFE0
 397 00e5 00000000 		.4byte	.LLST0
 398 00e9 08       		.uleb128 0x8
 399 00ea 01       		.byte	0x1
 400 00eb D0010000 		.4byte	.LASF17
 401 00ef 01       		.byte	0x1
 402 00f0 53       		.byte	0x53
 403 00f1 01       		.byte	0x1
 404 00f2 00000000 		.4byte	.LFB1
 405 00f6 3A000000 		.4byte	.LFE1
 406 00fa 2B000000 		.4byte	.LLST1
 407 00fe 08       		.uleb128 0x8
 408 00ff 01       		.byte	0x1
 409 0100 00000000 		.4byte	.LASF18
 410 0104 01       		.byte	0x1
 411 0105 84       		.byte	0x84
 412 0106 01       		.byte	0x1
 413 0107 00000000 		.4byte	.LFB2
 414 010b 3E000000 		.4byte	.LFE2
 415 010f 56000000 		.4byte	.LLST2
 416 0113 08       		.uleb128 0x8
 417 0114 01       		.byte	0x1
 418 0115 EF010000 		.4byte	.LASF19
 419 0119 01       		.byte	0x1
 420 011a AA       		.byte	0xaa
 421 011b 01       		.byte	0x1
 422 011c 00000000 		.4byte	.LFB3
 423 0120 1C000000 		.4byte	.LFE3
 424 0124 81000000 		.4byte	.LLST3
 425 0128 09       		.uleb128 0x9
 426 0129 BD000000 		.4byte	.LASF23
 427 012d 01       		.byte	0x1
 428 012e 15       		.byte	0x15
 429 012f C9000000 		.4byte	0xc9
 430 0133 05       		.byte	0x5
 431 0134 03       		.byte	0x3
 432 0135 00000000 		.4byte	Counter_Last_Row_backup
 433 0139 00       		.byte	0x0
 434              		.section	.debug_abbrev
 435 0000 01       		.uleb128 0x1
 436 0001 11       		.uleb128 0x11
 437 0002 01       		.byte	0x1
 438 0003 25       		.uleb128 0x25
 439 0004 0E       		.uleb128 0xe
 440 0005 13       		.uleb128 0x13
 441 0006 0B       		.uleb128 0xb
 442 0007 03       		.uleb128 0x3
ARM GAS  C:\Users\bccho\AppData\Local\Temp\ccQ0tUC2.s 			page 12


 443 0008 0E       		.uleb128 0xe
 444 0009 1B       		.uleb128 0x1b
 445 000a 0E       		.uleb128 0xe
 446 000b 11       		.uleb128 0x11
 447 000c 01       		.uleb128 0x1
 448 000d 52       		.uleb128 0x52
 449 000e 01       		.uleb128 0x1
 450 000f 55       		.uleb128 0x55
 451 0010 06       		.uleb128 0x6
 452 0011 10       		.uleb128 0x10
 453 0012 06       		.uleb128 0x6
 454 0013 00       		.byte	0x0
 455 0014 00       		.byte	0x0
 456 0015 02       		.uleb128 0x2
 457 0016 24       		.uleb128 0x24
 458 0017 00       		.byte	0x0
 459 0018 0B       		.uleb128 0xb
 460 0019 0B       		.uleb128 0xb
 461 001a 3E       		.uleb128 0x3e
 462 001b 0B       		.uleb128 0xb
 463 001c 03       		.uleb128 0x3
 464 001d 0E       		.uleb128 0xe
 465 001e 00       		.byte	0x0
 466 001f 00       		.byte	0x0
 467 0020 03       		.uleb128 0x3
 468 0021 24       		.uleb128 0x24
 469 0022 00       		.byte	0x0
 470 0023 0B       		.uleb128 0xb
 471 0024 0B       		.uleb128 0xb
 472 0025 3E       		.uleb128 0x3e
 473 0026 0B       		.uleb128 0xb
 474 0027 03       		.uleb128 0x3
 475 0028 08       		.uleb128 0x8
 476 0029 00       		.byte	0x0
 477 002a 00       		.byte	0x0
 478 002b 04       		.uleb128 0x4
 479 002c 16       		.uleb128 0x16
 480 002d 00       		.byte	0x0
 481 002e 03       		.uleb128 0x3
 482 002f 0E       		.uleb128 0xe
 483 0030 3A       		.uleb128 0x3a
 484 0031 0B       		.uleb128 0xb
 485 0032 3B       		.uleb128 0x3b
 486 0033 0B       		.uleb128 0xb
 487 0034 49       		.uleb128 0x49
 488 0035 13       		.uleb128 0x13
 489 0036 00       		.byte	0x0
 490 0037 00       		.byte	0x0
 491 0038 05       		.uleb128 0x5
 492 0039 24       		.uleb128 0x24
 493 003a 00       		.byte	0x0
 494 003b 0B       		.uleb128 0xb
 495 003c 0B       		.uleb128 0xb
 496 003d 3E       		.uleb128 0x3e
 497 003e 0B       		.uleb128 0xb
 498 003f 00       		.byte	0x0
 499 0040 00       		.byte	0x0
ARM GAS  C:\Users\bccho\AppData\Local\Temp\ccQ0tUC2.s 			page 13


 500 0041 06       		.uleb128 0x6
 501 0042 13       		.uleb128 0x13
 502 0043 01       		.byte	0x1
 503 0044 03       		.uleb128 0x3
 504 0045 0E       		.uleb128 0xe
 505 0046 0B       		.uleb128 0xb
 506 0047 0B       		.uleb128 0xb
 507 0048 3A       		.uleb128 0x3a
 508 0049 0B       		.uleb128 0xb
 509 004a 3B       		.uleb128 0x3b
 510 004b 0B       		.uleb128 0xb
 511 004c 01       		.uleb128 0x1
 512 004d 13       		.uleb128 0x13
 513 004e 00       		.byte	0x0
 514 004f 00       		.byte	0x0
 515 0050 07       		.uleb128 0x7
 516 0051 0D       		.uleb128 0xd
 517 0052 00       		.byte	0x0
 518 0053 03       		.uleb128 0x3
 519 0054 0E       		.uleb128 0xe
 520 0055 3A       		.uleb128 0x3a
 521 0056 0B       		.uleb128 0xb
 522 0057 3B       		.uleb128 0x3b
 523 0058 0B       		.uleb128 0xb
 524 0059 49       		.uleb128 0x49
 525 005a 13       		.uleb128 0x13
 526 005b 38       		.uleb128 0x38
 527 005c 0A       		.uleb128 0xa
 528 005d 00       		.byte	0x0
 529 005e 00       		.byte	0x0
 530 005f 08       		.uleb128 0x8
 531 0060 2E       		.uleb128 0x2e
 532 0061 00       		.byte	0x0
 533 0062 3F       		.uleb128 0x3f
 534 0063 0C       		.uleb128 0xc
 535 0064 03       		.uleb128 0x3
 536 0065 0E       		.uleb128 0xe
 537 0066 3A       		.uleb128 0x3a
 538 0067 0B       		.uleb128 0xb
 539 0068 3B       		.uleb128 0x3b
 540 0069 0B       		.uleb128 0xb
 541 006a 27       		.uleb128 0x27
 542 006b 0C       		.uleb128 0xc
 543 006c 11       		.uleb128 0x11
 544 006d 01       		.uleb128 0x1
 545 006e 12       		.uleb128 0x12
 546 006f 01       		.uleb128 0x1
 547 0070 40       		.uleb128 0x40
 548 0071 06       		.uleb128 0x6
 549 0072 00       		.byte	0x0
 550 0073 00       		.byte	0x0
 551 0074 09       		.uleb128 0x9
 552 0075 34       		.uleb128 0x34
 553 0076 00       		.byte	0x0
 554 0077 03       		.uleb128 0x3
 555 0078 0E       		.uleb128 0xe
 556 0079 3A       		.uleb128 0x3a
ARM GAS  C:\Users\bccho\AppData\Local\Temp\ccQ0tUC2.s 			page 14


 557 007a 0B       		.uleb128 0xb
 558 007b 3B       		.uleb128 0x3b
 559 007c 0B       		.uleb128 0xb
 560 007d 49       		.uleb128 0x49
 561 007e 13       		.uleb128 0x13
 562 007f 02       		.uleb128 0x2
 563 0080 0A       		.uleb128 0xa
 564 0081 00       		.byte	0x0
 565 0082 00       		.byte	0x0
 566 0083 00       		.byte	0x0
 567              		.section	.debug_pubnames,"",%progbits
 568 0000 88000000 		.4byte	0x88
 569 0004 0200     		.2byte	0x2
 570 0006 00000000 		.4byte	.Ldebug_info0
 571 000a 3A010000 		.4byte	0x13a
 572 000e D4000000 		.4byte	0xd4
 573 0012 436F756E 		.ascii	"Counter_Last_Row_SaveConfig\000"
 573      7465725F 
 573      4C617374 
 573      5F526F77 
 573      5F536176 
 574 002e E9000000 		.4byte	0xe9
 575 0032 436F756E 		.ascii	"Counter_Last_Row_RestoreConfig\000"
 575      7465725F 
 575      4C617374 
 575      5F526F77 
 575      5F526573 
 576 0051 FE000000 		.4byte	0xfe
 577 0055 436F756E 		.ascii	"Counter_Last_Row_Sleep\000"
 577      7465725F 
 577      4C617374 
 577      5F526F77 
 577      5F536C65 
 578 006c 13010000 		.4byte	0x113
 579 0070 436F756E 		.ascii	"Counter_Last_Row_Wakeup\000"
 579      7465725F 
 579      4C617374 
 579      5F526F77 
 579      5F57616B 
 580 0088 00000000 		.4byte	0x0
 581              		.section	.debug_aranges,"",%progbits
 582 0000 34000000 		.4byte	0x34
 583 0004 0200     		.2byte	0x2
 584 0006 00000000 		.4byte	.Ldebug_info0
 585 000a 04       		.byte	0x4
 586 000b 00       		.byte	0x0
 587 000c 0000     		.2byte	0x0
 588 000e 0000     		.2byte	0x0
 589 0010 00000000 		.4byte	.LFB0
 590 0014 40000000 		.4byte	.LFE0-.LFB0
 591 0018 00000000 		.4byte	.LFB1
 592 001c 3A000000 		.4byte	.LFE1-.LFB1
 593 0020 00000000 		.4byte	.LFB2
 594 0024 3E000000 		.4byte	.LFE2-.LFB2
 595 0028 00000000 		.4byte	.LFB3
 596 002c 1C000000 		.4byte	.LFE3-.LFB3
 597 0030 00000000 		.4byte	0x0
ARM GAS  C:\Users\bccho\AppData\Local\Temp\ccQ0tUC2.s 			page 15


 598 0034 00000000 		.4byte	0x0
 599              		.section	.debug_ranges,"",%progbits
 600              	.Ldebug_ranges0:
 601 0000 00000000 		.4byte	.Ltext0
 602 0004 00000000 		.4byte	.Letext0
 603 0008 00000000 		.4byte	.LFB0
 604 000c 40000000 		.4byte	.LFE0
 605 0010 00000000 		.4byte	.LFB1
 606 0014 3A000000 		.4byte	.LFE1
 607 0018 00000000 		.4byte	.LFB2
 608 001c 3E000000 		.4byte	.LFE2
 609 0020 00000000 		.4byte	.LFB3
 610 0024 1C000000 		.4byte	.LFE3
 611 0028 00000000 		.4byte	0x0
 612 002c 00000000 		.4byte	0x0
 613              		.section	.debug_str,"MS",%progbits,1
 614              	.LASF18:
 615 0000 436F756E 		.ascii	"Counter_Last_Row_Sleep\000"
 615      7465725F 
 615      4C617374 
 615      5F526F77 
 615      5F536C65 
 616              	.LASF8:
 617 0017 756E7369 		.ascii	"unsigned int\000"
 617      676E6564 
 617      20696E74 
 617      00
 618              	.LASF14:
 619 0024 75696E74 		.ascii	"uint8\000"
 619      3800
 620              	.LASF5:
 621 002a 6C6F6E67 		.ascii	"long unsigned int\000"
 621      20756E73 
 621      69676E65 
 621      6420696E 
 621      7400
 622              	.LASF7:
 623 003c 6C6F6E67 		.ascii	"long long unsigned int\000"
 623      206C6F6E 
 623      6720756E 
 623      7369676E 
 623      65642069 
 624              	.LASF16:
 625 0053 436F756E 		.ascii	"Counter_Last_Row_SaveConfig\000"
 625      7465725F 
 625      4C617374 
 625      5F526F77 
 625      5F536176 
 626              	.LASF20:
 627 006f 474E5520 		.ascii	"GNU C 4.4.1\000"
 627      4320342E 
 627      342E3100 
 628              	.LASF1:
 629 007b 756E7369 		.ascii	"unsigned char\000"
 629      676E6564 
 629      20636861 
 629      7200
ARM GAS  C:\Users\bccho\AppData\Local\Temp\ccQ0tUC2.s 			page 16


 630              	.LASF9:
 631 0089 63686172 		.ascii	"char\000"
 631      00
 632              	.LASF4:
 633 008e 6C6F6E67 		.ascii	"long int\000"
 633      20696E74 
 633      00
 634              	.LASF12:
 635 0097 496E7465 		.ascii	"InterruptMaskValue\000"
 635      72727570 
 635      744D6173 
 635      6B56616C 
 635      756500
 636              	.LASF10:
 637 00aa 436F756E 		.ascii	"CounterEnableState\000"
 637      74657245 
 637      6E61626C 
 637      65537461 
 637      746500
 638              	.LASF23:
 639 00bd 436F756E 		.ascii	"Counter_Last_Row_backup\000"
 639      7465725F 
 639      4C617374 
 639      5F526F77 
 639      5F626163 
 640              	.LASF6:
 641 00d5 6C6F6E67 		.ascii	"long long int\000"
 641      206C6F6E 
 641      6720696E 
 641      7400
 642              	.LASF21:
 643 00e3 2E5C4765 		.ascii	".\\Generated_Source\\PSoC5\\Counter_Last_Row_PM.c\000"
 643      6E657261 
 643      7465645F 
 643      536F7572 
 643      63655C50 
 644              	.LASF3:
 645 0112 73686F72 		.ascii	"short unsigned int\000"
 645      7420756E 
 645      7369676E 
 645      65642069 
 645      6E7400
 646              	.LASF0:
 647 0125 7369676E 		.ascii	"signed char\000"
 647      65642063 
 647      68617200 
 648              	.LASF22:
 649 0131 433A5C55 		.ascii	"C:\\Users\\Public\\Documents\\Carlab\\BC and TJ\\Pr"
 649      73657273 
 649      5C507562 
 649      6C69635C 
 649      446F6375 
 650 015e 6F6A6563 		.ascii	"oject 4\\Navigation01\\Navigation01.cydsn\000"
 650      7420345C 
 650      4E617669 
 650      67617469 
 650      6F6E3031 
ARM GAS  C:\Users\bccho\AppData\Local\Temp\ccQ0tUC2.s 			page 17


 651              	.LASF13:
 652 0186 436F756E 		.ascii	"CounterControlRegister\000"
 652      74657243 
 652      6F6E7472 
 652      6F6C5265 
 652      67697374 
 653              	.LASF15:
 654 019d 436F756E 		.ascii	"Counter_Last_Row_backupStruct\000"
 654      7465725F 
 654      4C617374 
 654      5F526F77 
 654      5F626163 
 655              	.LASF2:
 656 01bb 73686F72 		.ascii	"short int\000"
 656      7420696E 
 656      7400
 657              	.LASF11:
 658 01c5 436F756E 		.ascii	"CounterUdb\000"
 658      74657255 
 658      646200
 659              	.LASF17:
 660 01d0 436F756E 		.ascii	"Counter_Last_Row_RestoreConfig\000"
 660      7465725F 
 660      4C617374 
 660      5F526F77 
 660      5F526573 
 661              	.LASF19:
 662 01ef 436F756E 		.ascii	"Counter_Last_Row_Wakeup\000"
 662      7465725F 
 662      4C617374 
 662      5F526F77 
 662      5F57616B 
 663              		.ident	"GCC: (Sourcery G++ Lite 2010q1-188) 4.4.1"
