Archive member included because of file (symbol)

.\CortexM3\ARM_GCC_441\Debug\Navigation01.a(LCD.o)
                              .\CortexM3\ARM_GCC_441\Debug\main.o (LCD_Start)
.\CortexM3\ARM_GCC_441\Debug\Navigation01.a(inter_button.o)
                              .\CortexM3\ARM_GCC_441\Debug\main.o (inter_button_Start)
.\CortexM3\ARM_GCC_441\Debug\Navigation01.a(CyLib.o)
                              .\CortexM3\ARM_GCC_441\Debug\Cm3Start.o (CyResetStatus)
.\CortexM3\ARM_GCC_441\Debug\Navigation01.a(cyPm.o)
                              .\CortexM3\ARM_GCC_441\Debug\Navigation01.a(CyLib.o) (CyPmReadStatus)
.\CortexM3\ARM_GCC_441\Debug\Navigation01.a(rx_rcvd.o)
                              .\CortexM3\ARM_GCC_441\Debug\main.o (rx_rcvd_Start)
.\CortexM3\ARM_GCC_441\Debug\Navigation01.a(wheel_tick.o)
                              .\CortexM3\ARM_GCC_441\Debug\main.o (wheel_tick_Start)
.\CortexM3\ARM_GCC_441\Debug\Navigation01.a(tick_timeout.o)
                              .\CortexM3\ARM_GCC_441\Debug\main.o (tick_timeout_Start)
.\CortexM3\ARM_GCC_441\Debug\Navigation01.a(throttle_update.o)
                              .\CortexM3\ARM_GCC_441\Debug\main.o (throttle_update_Start)
.\CortexM3\ARM_GCC_441\Debug\Navigation01.a(PWM_Motor.o)
                              .\CortexM3\ARM_GCC_441\Debug\main.o (PWM_Motor_Start)
.\CortexM3\ARM_GCC_441\Debug\Navigation01.a(UART.o)
                              .\CortexM3\ARM_GCC_441\Debug\main.o (UART_Start)
.\CortexM3\ARM_GCC_441\Debug\Navigation01.a(Counter_PID.o)
                              .\CortexM3\ARM_GCC_441\Debug\main.o (Counter_PID_Start)
.\CortexM3\ARM_GCC_441\Debug\Navigation01.a(Timer_Wheel_Tick.o)
                              .\CortexM3\ARM_GCC_441\Debug\main.o (Timer_Wheel_Tick_Start)
.\CortexM3\ARM_GCC_441\Debug\Navigation01.a(Counter_Tick_Timeout.o)
                              .\CortexM3\ARM_GCC_441\Debug\main.o (Counter_Tick_Timeout_Start)
.\CortexM3\ARM_GCC_441\Debug\Navigation01.a(PWM_Servo.o)
                              .\CortexM3\ARM_GCC_441\Debug\main.o (PWM_Servo_Start)
.\CortexM3\ARM_GCC_441\Debug\Navigation01.a(camera_frame_start.o)
                              .\CortexM3\ARM_GCC_441\Debug\main.o (camera_frame_start_Start)
.\CortexM3\ARM_GCC_441\Debug\Navigation01.a(Timer_Row.o)
                              .\CortexM3\ARM_GCC_441\Debug\main.o (Timer_Row_Start)
.\CortexM3\ARM_GCC_441\Debug\Navigation01.a(Timer_Line_Begin.o)
                              .\CortexM3\ARM_GCC_441\Debug\main.o (Timer_Line_Begin_Start)
.\CortexM3\ARM_GCC_441\Debug\Navigation01.a(camera_comp_rise.o)
                              .\CortexM3\ARM_GCC_441\Debug\main.o (camera_comp_rise_Start)
.\CortexM3\ARM_GCC_441\Debug\Navigation01.a(Timer_Line_End.o)
                              .\CortexM3\ARM_GCC_441\Debug\main.o (Timer_Line_End_Start)
.\CortexM3\ARM_GCC_441\Debug\Navigation01.a(camera_comp_fall.o)
                              .\CortexM3\ARM_GCC_441\Debug\main.o (camera_comp_fall_Start)
.\CortexM3\ARM_GCC_441\Debug\Navigation01.a(Counter_Last_Row.o)
                              .\CortexM3\ARM_GCC_441\Debug\main.o (Counter_Last_Row_Start)
.\CortexM3\ARM_GCC_441\Debug\Navigation01.a(Counter_First_Row.o)
                              .\CortexM3\ARM_GCC_441\Debug\main.o (Counter_First_Row_Start)
.\CortexM3\ARM_GCC_441\Debug\Navigation01.a(cyfitter_cfg.o)
                              .\CortexM3\ARM_GCC_441\Debug\Cm3Start.o (cyfitter_cfg)
.\CortexM3\ARM_GCC_441\Debug\Navigation01.a(CyBootAsmGnu.o)
                              .\CortexM3\ARM_GCC_441\Debug\Navigation01.a(CyLib.o) (CyDelayCycles)
.\CortexM3\ARM_GCC_441\Debug\Navigation01.a(CyFlash.o)
                              .\CortexM3\ARM_GCC_441\Debug\Navigation01.a(cyPm.o) (CyFlash_SetWaitCycles)
.\CortexM3\ARM_GCC_441\Debug\Navigation01.a(CySpc.o)
                              .\CortexM3\ARM_GCC_441\Debug\Navigation01.a(CyFlash.o) (CySpcStart)
.\CortexM3\ARM_GCC_441\Debug\Navigation01.a(cyutils.o)
                              .\CortexM3\ARM_GCC_441\Debug\Navigation01.a(cyfitter_cfg.o) (CySetReg24)
c:/program files (x86)/cypress/psoc creator/2.1/psoc creator/import/gnu_cs/arm/4.4.1/bin/../lib/gcc/arm-none-eabi/4.4.1/thumb2\libgcc.a(_arm_addsubdf3.o)
                              .\CortexM3\ARM_GCC_441\Debug\main.o (__aeabi_dsub)
c:/program files (x86)/cypress/psoc creator/2.1/psoc creator/import/gnu_cs/arm/4.4.1/bin/../lib/gcc/arm-none-eabi/4.4.1/thumb2\libgcc.a(_arm_muldivdf3.o)
                              .\CortexM3\ARM_GCC_441\Debug\main.o (__aeabi_dmul)
c:/program files (x86)/cypress/psoc creator/2.1/psoc creator/import/gnu_cs/arm/4.4.1/bin/../lib/gcc/arm-none-eabi/4.4.1/thumb2\libgcc.a(_arm_cmpdf2.o)
                              .\CortexM3\ARM_GCC_441\Debug\main.o (__aeabi_dcmplt)
c:/program files (x86)/cypress/psoc creator/2.1/psoc creator/import/gnu_cs/arm/4.4.1/bin/../lib/gcc/arm-none-eabi/4.4.1/thumb2\libgcc.a(_arm_fixdfsi.o)
[...]
Memory Configuration

Name             Origin             Length             Attributes
rom              0x00000000         0x00040000         xr
ram              0x1fff8000         0x0000b000         xrw
*default*        0x00000000         0xffffffff

Linker script and memory map

LOAD c:/program files (x86)/cypress/psoc creator/2.1/psoc creator/import/gnu_cs/arm/4.4.1/bin/../lib/gcc/arm-none-eabi/4.4.1/thumb2/crti.o
LOAD c:/program files (x86)/cypress/psoc creator/2.1/psoc creator/import/gnu_cs/arm/4.4.1/bin/../lib/gcc/arm-none-eabi/4.4.1/thumb2/crtbegin.o
START GROUP
LOAD .\CortexM3\ARM_GCC_441\Debug\main.o
LOAD .\CortexM3\ARM_GCC_441\Debug\serial.o
LOAD .\CortexM3\ARM_GCC_441\Debug\speedcontrol.o
LOAD .\CortexM3\ARM_GCC_441\Debug\Cm3Start.o
LOAD .\CortexM3\ARM_GCC_441\Debug\Navigation01.a
LOAD C:\Program Files (x86)\Cypress\PSoC Creator\2.1\PSoC Creator\psoc\content\cycomponentlibrary\CyComponentLibrary.cylib\CortexM3\ARM_GCC_441\Debug\CyComponentLibrary.a
END GROUP
START GROUP
LOAD c:/program files (x86)/cypress/psoc creator/2.1/psoc creator/import/gnu_cs/arm/4.4.1/bin/../lib/gcc/arm-none-eabi/4.4.1/thumb2\libgcc.a
LOAD c:/program files (x86)/cypress/psoc creator/2.1/psoc creator/import/gnu_cs/arm/4.4.1/bin/../lib/gcc/arm-none-eabi/4.4.1/../../../../arm-none-eabi/lib/thumb2\libc.a
END GROUP
LOAD c:/program files (x86)/cypress/psoc creator/2.1/psoc creator/import/gnu_cs/arm/4.4.1/bin/../lib/gcc/arm-none-eabi/4.4.1/thumb2/crtend.o
LOAD c:/program files (x86)/cypress/psoc creator/2.1/psoc creator/import/gnu_cs/arm/4.4.1/bin/../lib/gcc/arm-none-eabi/4.4.1/thumb2/crtn.o
START GROUP
LOAD c:/program files (x86)/cypress/psoc creator/2.1/psoc creator/import/gnu_cs/arm/4.4.1/bin/../lib/gcc/arm-none-eabi/4.4.1/thumb2\libgcc.a
LOAD c:/program files (x86)/cypress/psoc creator/2.1/psoc creator/import/gnu_cs/arm/4.4.1/bin/../lib/gcc/arm-none-eabi/4.4.1/../../../../arm-none-eabi/lib/thumb2\libc.a
LOAD c:/program files (x86)/cypress/psoc creator/2.1/psoc creator/import/gnu_cs/arm/4.4.1/bin/../lib/gcc/arm-none-eabi/4.4.1/../../../../arm-none-eabi/lib/thumb2\libcs3.a
LOAD c:/program files (x86)/cypress/psoc creator/2.1/psoc creator/import/gnu_cs/arm/4.4.1/bin/../lib/gcc/arm-none-eabi/4.4.1/../../../../arm-none-eabi/lib/thumb2\libcs3unhosted.a
LOAD c:/program files (x86)/cypress/psoc creator/2.1/psoc creator/import/gnu_cs/arm/4.4.1/bin/../lib/gcc/arm-none-eabi/4.4.1/../../../../arm-none-eabi/lib/thumb2\libcs3micro.a
END GROUP
                0x1fff8a30                PROVIDE (__cs3_heap_start, _end)
                0x00000001                PROVIDE (__cs3_region_num, ((__cs3_regions_end - __cs3_regions) / 0x14))
                0x20008000                PROVIDE (__cs3_stack, 0x20008000)
                0x20004000                PROVIDE (__cs3_heap_end, (__cs3_stack - 0x4000))

.text           0x00000000     0xd48c
 CREATE_OBJECT_SYMBOLS
                0x00000000                __cs3_interrupt_vector = __cs3_interrupt_vector_micro
 *(.cs3.interrupt_vector)
 .cs3.interrupt_vector
                0x00000000       0xc0 c:/program files (x86)/cypress/psoc creator/2.1/psoc creator/import/gnu_cs/arm/4.4.1/bin/../lib/gcc/arm-none-eabi/4.4.1/../../../../arm-none-eabi/lib/thumb2\libcs3micro.a(micro-vector.o)
                0x00000000                __cs3_interrupt_vector_micro
                0x00000001                ASSERT ((. != __cs3_interrupt_vector_micro), No interrupt vector)
                0x00001f7c                PROVIDE (__cs3_reset, Reset)
 *(.cs3.reset)
                0x00000001                ASSERT ((. != __cs3_reset), No reset code)
 *(.dma_init)
                0x00000001                ASSERT ((((0x0 + .) <= 0x10000) || 0x1), DMA Init must be within the first 64k of flash)
 *(.text.cs3.init)
 .text.cs3.init
                0x000000c0       0x5c c:/program files (x86)/cypress/psoc creator/2.1/psoc creator/import/gnu_cs/arm/4.4.1/bin/../lib/gcc/arm-none-eabi/4.4.1/../../../../arm-none-eabi/lib/thumb2\libcs3.a(start_c.o)
                0x000000c0                __cs3_start_c
 *(.text .text.* .gnu.linkonce.t.*)
 .text          0x0000011c       0x30 c:/program files (x86)/cypress/psoc creator/2.1/psoc creator/import/gnu_cs/arm/4.4.1/bin/../lib/gcc/arm-none-eabi/4.4.1/thumb2/crtbegin.o
 .text.floor    0x0000014c       0x2c .\CortexM3\ARM_GCC_441\Debug\main.o
                0x0000014c                floor
 .text.ceil     0x00000178       0x3c .\CortexM3\ARM_GCC_441\Debug\main.o
                0x00000178                ceil
 *fill*         0x000001b4        0x4 00
 .text.parseMessage
                0x000001b8      0x9e8 .\CortexM3\ARM_GCC_441\Debug\main.o
                0x000001b8                parseMessage
 .text.button_inter
                0x00000ba0       0x18 .\CortexM3\ARM_GCC_441\Debug\main.o
                0x00000ba0                button_inter
 .text.rx_inter
                0x00000bb8       0x18 .\CortexM3\ARM_GCC_441\Debug\main.o
                0x00000bb8                rx_inter
 .text.wheel_inter
                0x00000bd0       0x18 .\CortexM3\ARM_GCC_441\Debug\main.o
                0x00000bd0                wheel_inter
 .text.timeout_inter
                0x00000be8       0x18 .\CortexM3\ARM_GCC_441\Debug\main.o
                0x00000be8                timeout_inter
 .text.pid_inter
                0x00000c00       0x18 .\CortexM3\ARM_GCC_441\Debug\main.o
                0x00000c00                pid_inter
 .text.cam_comp_rise_inter
                0x00000c18       0x18 .\CortexM3\ARM_GCC_441\Debug\main.o
                0x00000c18                cam_comp_rise_inter
 .text.cam_comp_fall_inter
                0x00000c30       0x18 .\CortexM3\ARM_GCC_441\Debug\main.o
                0x00000c30                cam_comp_fall_inter
 .text.cam_frame_inter
                0x00000c48       0x18 .\CortexM3\ARM_GCC_441\Debug\main.o
                0x00000c48                cam_frame_inter
 .text.main     0x00000c60      0x4d0 .\CortexM3\ARM_GCC_441\Debug\main.o
                0x00000c60                main
 .text.Serial_init
                0x00001130        0xc .\CortexM3\ARM_GCC_441\Debug\serial.o
                0x00001130                Serial_init
 .text.Serial_handleData
                0x0000113c       0xf0 .\CortexM3\ARM_GCC_441\Debug\serial.o
                0x0000113c                Serial_handleData
 .text.resetRx  0x0000122c       0x50 .\CortexM3\ARM_GCC_441\Debug\serial.o
 .text.SpeedControl_init
                0x0000127c       0x18 .\CortexM3\ARM_GCC_441\Debug\speedcontrol.o
                0x0000127c                SpeedControl_init
 .text.SpeedControl_enable
                0x00001294       0x44 .\CortexM3\ARM_GCC_441\Debug\speedcontrol.o
                0x00001294                SpeedControl_enable
 .text.SpeedControl_disable
                0x000012d8       0x1c .\CortexM3\ARM_GCC_441\Debug\speedcontrol.o
                0x000012d8                SpeedControl_disable
 .text.SpeedControl_enableDistanceControl
                0x000012f4       0x18 .\CortexM3\ARM_GCC_441\Debug\speedcontrol.o
                0x000012f4                SpeedControl_enableDistanceControl
 .text.SpeedControl_disableDistanceControl
                0x0000130c       0x28 .\CortexM3\ARM_GCC_441\Debug\speedcontrol.o
                0x0000130c                SpeedControl_disableDistanceControl
 .text.SpeedControl_enableDynamicTargetUpdate
                0x00001334       0x40 .\CortexM3\ARM_GCC_441\Debug\speedcontrol.o
                0x00001334                SpeedControl_enableDynamicTargetUpdate
 .text.SpeedControl_disableDynamicTargetUpdate
                0x00001374       0x18 .\CortexM3\ARM_GCC_441\Debug\speedcontrol.o
                0x00001374                SpeedControl_disableDynamicTargetUpdate
 .text.SpeedControl_isEnabled
                0x0000138c       0x18 .\CortexM3\ARM_GCC_441\Debug\speedcontrol.o
                0x0000138c                SpeedControl_isEnabled
 .text.SpeedControl_isDistanceControlEnabled
                0x000013a4       0x18 .\CortexM3\ARM_GCC_441\Debug\speedcontrol.o
                0x000013a4                SpeedControl_isDistanceControlEnabled
 .text.SpeedControl_isDynamicTargetUpdateEnabled
                0x000013bc       0x18 .\CortexM3\ARM_GCC_441\Debug\speedcontrol.o
                0x000013bc                SpeedControl_isDynamicTargetUpdateEnabled
 .text.SpeedControl_enableVerbosePrintout
                0x000013d4       0x18 .\CortexM3\ARM_GCC_441\Debug\speedcontrol.o
                0x000013d4                SpeedControl_enableVerbosePrintout
 .text.SpeedControl_disableVerbosePrintout
                0x000013ec       0x18 .\CortexM3\ARM_GCC_441\Debug\speedcontrol.o
                0x000013ec                SpeedControl_disableVerbosePrintout
 .text.SpeedControl_isVerbosePrintoutEnabled
                0x00001404       0x18 .\CortexM3\ARM_GCC_441\Debug\speedcontrol.o
                0x00001404                SpeedControl_isVerbosePrintoutEnabled
 .text.SpeedControl_setTargetSpeed
                0x0000141c       0x70 .\CortexM3\ARM_GCC_441\Debug\speedcontrol.o
                0x0000141c                SpeedControl_setTargetSpeed
 .text.SpeedControl_setTargetDistance
                0x0000148c       0x70 .\CortexM3\ARM_GCC_441\Debug\speedcontrol.o
                0x0000148c                SpeedControl_setTargetDistance
 .text.SpeedControl_setSteadyStateThrottle
                0x000014fc       0x20 .\CortexM3\ARM_GCC_441\Debug\speedcontrol.o
                0x000014fc                SpeedControl_setSteadyStateThrottle
 .text.SpeedControl_setP
                0x0000151c       0x24 .\CortexM3\ARM_GCC_441\Debug\speedcontrol.o
                0x0000151c                SpeedControl_setP
 .text.SpeedControl_setI
                0x00001540       0x24 .\CortexM3\ARM_GCC_441\Debug\speedcontrol.o
                0x00001540                SpeedControl_setI
 .text.SpeedControl_setD
                0x00001564       0x24 .\CortexM3\ARM_GCC_441\Debug\speedcontrol.o
                0x00001564                SpeedControl_setD
 .text.SpeedControl_getTargetSpeed
                0x00001588       0x1c .\CortexM3\ARM_GCC_441\Debug\speedcontrol.o
                0x00001588                SpeedControl_getTargetSpeed
 .text.SpeedControl_getTargetDistance
                0x000015a4       0x1c .\CortexM3\ARM_GCC_441\Debug\speedcontrol.o
                0x000015a4                SpeedControl_getTargetDistance
 .text.SpeedControl_getP
                0x000015c0       0x1c .\CortexM3\ARM_GCC_441\Debug\speedcontrol.o
                0x000015c0                SpeedControl_getP
 .text.SpeedControl_getI
                0x000015dc       0x1c .\CortexM3\ARM_GCC_441\Debug\speedcontrol.o
                0x000015dc                SpeedControl_getI
 .text.SpeedControl_getD
                0x000015f8       0x1c .\CortexM3\ARM_GCC_441\Debug\speedcontrol.o
                0x000015f8                SpeedControl_getD
 .text.SpeedControl_getSpeed
                0x00001614       0x14 .\CortexM3\ARM_GCC_441\Debug\speedcontrol.o
                0x00001614                SpeedControl_getSpeed
 .text.SpeedControl_getSteadyStateThrottle
                0x00001628       0x18 .\CortexM3\ARM_GCC_441\Debug\speedcontrol.o
                0x00001628                SpeedControl_getSteadyStateThrottle
 .text.SpeedControl_setThrottle
                0x00001640       0x34 .\CortexM3\ARM_GCC_441\Debug\speedcontrol.o
                0x00001640                SpeedControl_setThrottle
 .text.SpeedControl_getThrottle
                0x00001674       0x18 .\CortexM3\ARM_GCC_441\Debug\speedcontrol.o
                0x00001674                SpeedControl_getThrottle
 .text.SpeedControl_kill
                0x0000168c        0xc .\CortexM3\ARM_GCC_441\Debug\speedcontrol.o
                0x0000168c                SpeedControl_kill
 .text.SpeedControl_handleWheelTick
                0x00001698      0x148 .\CortexM3\ARM_GCC_441\Debug\speedcontrol.o
                0x00001698                SpeedControl_handleWheelTick
 .text.SpeedControl_handleWheelTickTimeout
                0x000017e0       0x1c .\CortexM3\ARM_GCC_441\Debug\speedcontrol.o
                0x000017e0                SpeedControl_handleWheelTickTimeout
 .text.SpeedControl_handleTimer
                0x000017fc       0x88 .\CortexM3\ARM_GCC_441\Debug\speedcontrol.o
                0x000017fc                SpeedControl_handleTimer
 .text.controlThrottle
                0x00001884      0x43c .\CortexM3\ARM_GCC_441\Debug\speedcontrol.o
 .text.killAll  0x00001cc0       0x28 .\CortexM3\ARM_GCC_441\Debug\speedcontrol.o
 .text.setThrottle
                0x00001ce8       0x8c .\CortexM3\ARM_GCC_441\Debug\speedcontrol.o
 *fill*         0x00001d74        0x4 00
 .text.getSpeed
                0x00001d78      0x130 .\CortexM3\ARM_GCC_441\Debug\speedcontrol.o
 .text.resetSpeedTracking
                0x00001ea8       0x54 .\CortexM3\ARM_GCC_441\Debug\speedcontrol.o
 .text.resetDerivativeTracking
                0x00001efc       0x60 .\CortexM3\ARM_GCC_441\Debug\speedcontrol.o
 .text.resetIntegralTracking
                0x00001f5c       0x20 .\CortexM3\ARM_GCC_441\Debug\speedcontrol.o
 .text.Reset    0x00001f7c       0x24 .\CortexM3\ARM_GCC_441\Debug\Cm3Start.o
                0x00001f7c                Reset
 .text.initialize_psoc
                0x00001fa0       0x9c .\CortexM3\ARM_GCC_441\Debug\Cm3Start.o
                0x00001fa0                initialize_psoc
 .text.LCD_Init
                0x0000203c       0x90 .\CortexM3\ARM_GCC_441\Debug\Navigation01.a(LCD.o)
                0x0000203c                LCD_Init
 .text.LCD_Enable
                0x000020cc       0x1c .\CortexM3\ARM_GCC_441\Debug\Navigation01.a(LCD.o)
                0x000020cc                LCD_Enable
 .text.LCD_Start
                0x000020e8       0x2c .\CortexM3\ARM_GCC_441\Debug\Navigation01.a(LCD.o)
                0x000020e8                LCD_Start
 .text.LCD_Position
                0x00002114       0x74 .\CortexM3\ARM_GCC_441\Debug\Navigation01.a(LCD.o)
                0x00002114                LCD_Position
 .text.LCD_PrintString
                0x00002188       0x40 .\CortexM3\ARM_GCC_441\Debug\Navigation01.a(LCD.o)
                0x00002188                LCD_PrintString
 .text.LCD_WriteData
                0x000021c8       0x38 .\CortexM3\ARM_GCC_441\Debug\Navigation01.a(LCD.o)
                0x000021c8                LCD_WriteData
 .text.LCD_WriteControl
                0x00002200       0x40 .\CortexM3\ARM_GCC_441\Debug\Navigation01.a(LCD.o)
                0x00002200                LCD_WriteControl
 .text.LCD_IsReady
                0x00002240      0x208 .\CortexM3\ARM_GCC_441\Debug\Navigation01.a(LCD.o)
                0x00002240                LCD_IsReady
 .text.LCD_WrDatNib
                0x00002448       0xb4 .\CortexM3\ARM_GCC_441\Debug\Navigation01.a(LCD.o)
                0x00002448                LCD_WrDatNib
 .text.LCD_WrCntrlNib
                0x000024fc       0x94 .\CortexM3\ARM_GCC_441\Debug\Navigation01.a(LCD.o)
                0x000024fc                LCD_WrCntrlNib
 .text.inter_button_Start
                0x00002590       0x24 .\CortexM3\ARM_GCC_441\Debug\Navigation01.a(inter_button.o)
                0x00002590                inter_button_Start
 .text.inter_button_Interrupt
                0x000025b4        0xc .\CortexM3\ARM_GCC_441\Debug\Navigation01.a(inter_button.o)
                0x000025b4                inter_button_Interrupt
 .text.inter_button_SetVector
                0x000025c0       0x28 .\CortexM3\ARM_GCC_441\Debug\Navigation01.a(inter_button.o)
                0x000025c0                inter_button_SetVector
 .text.inter_button_SetPriority
                0x000025e8       0x28 .\CortexM3\ARM_GCC_441\Debug\Navigation01.a(inter_button.o)
                0x000025e8                inter_button_SetPriority
 .text.inter_button_Enable
                0x00002610       0x18 .\CortexM3\ARM_GCC_441\Debug\Navigation01.a(inter_button.o)
                0x00002610                inter_button_Enable
 .text.inter_button_Disable
                0x00002628       0x18 .\CortexM3\ARM_GCC_441\Debug\Navigation01.a(inter_button.o)
                0x00002628                inter_button_Disable
 .text.CyHalt   0x00002640       0x18 .\CortexM3\ARM_GCC_441\Debug\Navigation01.a(CyLib.o)
                0x00002640                CyHalt
 .text.CyDelay  0x00002658       0x48 .\CortexM3\ARM_GCC_441\Debug\Navigation01.a(CyLib.o)
                0x00002658                CyDelay
 .text.CyDelayUs
                0x000026a0       0x28 .\CortexM3\ARM_GCC_441\Debug\Navigation01.a(CyLib.o)
                0x000026a0                CyDelayUs
 .text.rx_rcvd_Start
                0x000026c8       0x24 .\CortexM3\ARM_GCC_441\Debug\Navigation01.a(rx_rcvd.o)
                0x000026c8                rx_rcvd_Start
 .text.rx_rcvd_Interrupt
                0x000026ec        0xc .\CortexM3\ARM_GCC_441\Debug\Navigation01.a(rx_rcvd.o)
                0x000026ec                rx_rcvd_Interrupt
 .text.rx_rcvd_SetVector
                0x000026f8       0x28 .\CortexM3\ARM_GCC_441\Debug\Navigation01.a(rx_rcvd.o)
                0x000026f8                rx_rcvd_SetVector
 .text.rx_rcvd_SetPriority
                0x00002720       0x28 .\CortexM3\ARM_GCC_441\Debug\Navigation01.a(rx_rcvd.o)
                0x00002720                rx_rcvd_SetPriority
 .text.rx_rcvd_Enable
                0x00002748       0x18 .\CortexM3\ARM_GCC_441\Debug\Navigation01.a(rx_rcvd.o)
                0x00002748                rx_rcvd_Enable
 .text.rx_rcvd_Disable
                0x00002760       0x18 .\CortexM3\ARM_GCC_441\Debug\Navigation01.a(rx_rcvd.o)
                0x00002760                rx_rcvd_Disable
 .text.wheel_tick_Start
                0x00002778       0x24 .\CortexM3\ARM_GCC_441\Debug\Navigation01.a(wheel_tick.o)
                0x00002778                wheel_tick_Start
 .text.wheel_tick_Interrupt
                0x0000279c        0xc .\CortexM3\ARM_GCC_441\Debug\Navigation01.a(wheel_tick.o)
                0x0000279c                wheel_tick_Interrupt
 .text.wheel_tick_SetVector
                0x000027a8       0x28 .\CortexM3\ARM_GCC_441\Debug\Navigation01.a(wheel_tick.o)
                0x000027a8                wheel_tick_SetVector
 .text.wheel_tick_SetPriority
                0x000027d0       0x28 .\CortexM3\ARM_GCC_441\Debug\Navigation01.a(wheel_tick.o)
                0x000027d0                wheel_tick_SetPriority
 .text.wheel_tick_Enable
                0x000027f8       0x18 .\CortexM3\ARM_GCC_441\Debug\Navigation01.a(wheel_tick.o)
                0x000027f8                wheel_tick_Enable
 .text.wheel_tick_Disable
                0x00002810       0x18 .\CortexM3\ARM_GCC_441\Debug\Navigation01.a(wheel_tick.o)
                0x00002810                wheel_tick_Disable
 .text.tick_timeout_Start
                0x00002828       0x24 .\CortexM3\ARM_GCC_441\Debug\Navigation01.a(tick_timeout.o)
                0x00002828                tick_timeout_Start
 .text.tick_timeout_Interrupt
                0x0000284c        0xc .\CortexM3\ARM_GCC_441\Debug\Navigation01.a(tick_timeout.o)
                0x0000284c                tick_timeout_Interrupt
 .text.tick_timeout_SetVector
                0x00002858       0x28 .\CortexM3\ARM_GCC_441\Debug\Navigation01.a(tick_timeout.o)
                0x00002858                tick_timeout_SetVector
 .text.tick_timeout_SetPriority
                0x00002880       0x28 .\CortexM3\ARM_GCC_441\Debug\Navigation01.a(tick_timeout.o)
                0x00002880                tick_timeout_SetPriority
 .text.tick_timeout_Enable
                0x000028a8       0x18 .\CortexM3\ARM_GCC_441\Debug\Navigation01.a(tick_timeout.o)
                0x000028a8                tick_timeout_Enable
 .text.tick_timeout_Disable
                0x000028c0       0x18 .\CortexM3\ARM_GCC_441\Debug\Navigation01.a(tick_timeout.o)
                0x000028c0                tick_timeout_Disable
 .text.throttle_update_Start
                0x000028d8       0x24 .\CortexM3\ARM_GCC_441\Debug\Navigation01.a(throttle_update.o)
                0x000028d8                throttle_update_Start
 .text.throttle_update_Interrupt
                0x000028fc        0xc .\CortexM3\ARM_GCC_441\Debug\Navigation01.a(throttle_update.o)
                0x000028fc                throttle_update_Interrupt
 .text.throttle_update_SetVector
                0x00002908       0x28 .\CortexM3\ARM_GCC_441\Debug\Navigation01.a(throttle_update.o)
                0x00002908                throttle_update_SetVector
 .text.throttle_update_SetPriority
                0x00002930       0x28 .\CortexM3\ARM_GCC_441\Debug\Navigation01.a(throttle_update.o)
                0x00002930                throttle_update_SetPriority
 .text.throttle_update_Enable
                0x00002958       0x18 .\CortexM3\ARM_GCC_441\Debug\Navigation01.a(throttle_update.o)
                0x00002958                throttle_update_Enable
 .text.throttle_update_Disable
                0x00002970       0x18 .\CortexM3\ARM_GCC_441\Debug\Navigation01.a(throttle_update.o)
                0x00002970                throttle_update_Disable
 .text.PWM_Motor_Start
                0x00002988       0x2c .\CortexM3\ARM_GCC_441\Debug\Navigation01.a(PWM_Motor.o)
                0x00002988                PWM_Motor_Start
 .text.PWM_Motor_Init
                0x000029b4       0xc0 .\CortexM3\ARM_GCC_441\Debug\Navigation01.a(PWM_Motor.o)
                0x000029b4                PWM_Motor_Init
 .text.PWM_Motor_Enable
                0x00002a74       0x2c .\CortexM3\ARM_GCC_441\Debug\Navigation01.a(PWM_Motor.o)
                0x00002a74                PWM_Motor_Enable
 .text.PWM_Motor_WriteCounter
                0x00002aa0       0x20 .\CortexM3\ARM_GCC_441\Debug\Navigation01.a(PWM_Motor.o)
                0x00002aa0                PWM_Motor_WriteCounter
 .text.PWM_Motor_ClearFIFO
                0x00002ac0       0x2c .\CortexM3\ARM_GCC_441\Debug\Navigation01.a(PWM_Motor.o)
                0x00002ac0                PWM_Motor_ClearFIFO
 .text.PWM_Motor_WritePeriod
                0x00002aec       0x20 .\CortexM3\ARM_GCC_441\Debug\Navigation01.a(PWM_Motor.o)
                0x00002aec                PWM_Motor_WritePeriod
 .text.PWM_Motor_WriteCompare
                0x00002b0c       0x20 .\CortexM3\ARM_GCC_441\Debug\Navigation01.a(PWM_Motor.o)
                0x00002b0c                PWM_Motor_WriteCompare
 .text.UART_Start
                0x00002b2c       0x2c .\CortexM3\ARM_GCC_441\Debug\Navigation01.a(UART.o)
                0x00002b2c                UART_Start
 .text.UART_Init
                0x00002b58       0x44 .\CortexM3\ARM_GCC_441\Debug\Navigation01.a(UART.o)
                0x00002b58                UART_Init
 .text.UART_Enable
                0x00002b9c       0x90 .\CortexM3\ARM_GCC_441\Debug\Navigation01.a(UART.o)
                0x00002b9c                UART_Enable
 .text.UART_GetChar
                0x00002c2c       0x4c .\CortexM3\ARM_GCC_441\Debug\Navigation01.a(UART.o)
                0x00002c2c                UART_GetChar
 .text.UART_PutChar
                0x00002c78       0x34 .\CortexM3\ARM_GCC_441\Debug\Navigation01.a(UART.o)
                0x00002c78                UART_PutChar
 .text.UART_PutString
                0x00002cac       0x3c .\CortexM3\ARM_GCC_441\Debug\Navigation01.a(UART.o)
                0x00002cac                UART_PutString
 .text.Counter_PID_Init
                0x00002ce8       0xdc .\CortexM3\ARM_GCC_441\Debug\Navigation01.a(Counter_PID.o)
                0x00002ce8                Counter_PID_Init
 .text.Counter_PID_Enable
                0x00002dc4       0x60 .\CortexM3\ARM_GCC_441\Debug\Navigation01.a(Counter_PID.o)
                0x00002dc4                Counter_PID_Enable
 .text.Counter_PID_Start
                0x00002e24       0x2c .\CortexM3\ARM_GCC_441\Debug\Navigation01.a(Counter_PID.o)
                0x00002e24                Counter_PID_Start
 .text.Counter_PID_SetInterruptMode
                0x00002e50       0x20 .\CortexM3\ARM_GCC_441\Debug\Navigation01.a(Counter_PID.o)
                0x00002e50                Counter_PID_SetInterruptMode
 .text.Counter_PID_WriteCounter
                0x00002e70       0x88 .\CortexM3\ARM_GCC_441\Debug\Navigation01.a(Counter_PID.o)
                0x00002e70                Counter_PID_WriteCounter
 .text.Counter_PID_WritePeriod
                0x00002ef8       0x20 .\CortexM3\ARM_GCC_441\Debug\Navigation01.a(Counter_PID.o)
                0x00002ef8                Counter_PID_WritePeriod
 .text.Timer_Wheel_Tick_Init
                0x00002f18       0xdc .\CortexM3\ARM_GCC_441\Debug\Navigation01.a(Timer_Wheel_Tick.o)
                0x00002f18                Timer_Wheel_Tick_Init
 .text.Timer_Wheel_Tick_Enable
                0x00002ff4       0x60 .\CortexM3\ARM_GCC_441\Debug\Navigation01.a(Timer_Wheel_Tick.o)
                0x00002ff4                Timer_Wheel_Tick_Enable
 .text.Timer_Wheel_Tick_Start
                0x00003054       0x2c .\CortexM3\ARM_GCC_441\Debug\Navigation01.a(Timer_Wheel_Tick.o)
                0x00003054                Timer_Wheel_Tick_Start
 .text.Timer_Wheel_Tick_SetInterruptMode
                0x00003080       0x20 .\CortexM3\ARM_GCC_441\Debug\Navigation01.a(Timer_Wheel_Tick.o)
                0x00003080                Timer_Wheel_Tick_SetInterruptMode
 .text.Timer_Wheel_Tick_WritePeriod
                0x000030a0       0x24 .\CortexM3\ARM_GCC_441\Debug\Navigation01.a(Timer_Wheel_Tick.o)
                0x000030a0                Timer_Wheel_Tick_WritePeriod
 .text.Timer_Wheel_Tick_ReadCapture
                0x000030c4       0x18 .\CortexM3\ARM_GCC_441\Debug\Navigation01.a(Timer_Wheel_Tick.o)
                0x000030c4                Timer_Wheel_Tick_ReadCapture
 .text.Timer_Wheel_Tick_WriteCounter
                0x000030dc       0x14 .\CortexM3\ARM_GCC_441\Debug\Navigation01.a(Timer_Wheel_Tick.o)
                0x000030dc                Timer_Wheel_Tick_WriteCounter
 .text.Counter_Tick_Timeout_Init
                0x000030f0       0xdc .\CortexM3\ARM_GCC_441\Debug\Navigation01.a(Counter_Tick_Timeout.o)
                0x000030f0                Counter_Tick_Timeout_Init
 .text.Counter_Tick_Timeout_Enable
                0x000031cc       0x60 .\CortexM3\ARM_GCC_441\Debug\Navigation01.a(Counter_Tick_Timeout.o)
                0x000031cc                Counter_Tick_Timeout_Enable
 .text.Counter_Tick_Timeout_Start
                0x0000322c       0x2c .\CortexM3\ARM_GCC_441\Debug\Navigation01.a(Counter_Tick_Timeout.o)
                0x0000322c                Counter_Tick_Timeout_Start
 .text.Counter_Tick_Timeout_SetInterruptMode
                0x00003258       0x20 .\CortexM3\ARM_GCC_441\Debug\Navigation01.a(Counter_Tick_Timeout.o)
                0x00003258                Counter_Tick_Timeout_SetInterruptMode
 .text.Counter_Tick_Timeout_WriteCounter
                0x00003278       0x88 .\CortexM3\ARM_GCC_441\Debug\Navigation01.a(Counter_Tick_Timeout.o)
                0x00003278                Counter_Tick_Timeout_WriteCounter
 .text.Counter_Tick_Timeout_WritePeriod
                0x00003300       0x20 .\CortexM3\ARM_GCC_441\Debug\Navigation01.a(Counter_Tick_Timeout.o)
                0x00003300                Counter_Tick_Timeout_WritePeriod
 .text.PWM_Servo_Start
                0x00003320       0x2c .\CortexM3\ARM_GCC_441\Debug\Navigation01.a(PWM_Servo.o)
                0x00003320                PWM_Servo_Start
 .text.PWM_Servo_Init
                0x0000334c       0xc0 .\CortexM3\ARM_GCC_441\Debug\Navigation01.a(PWM_Servo.o)
                0x0000334c                PWM_Servo_Init
 .text.PWM_Servo_Enable
                0x0000340c       0x2c .\CortexM3\ARM_GCC_441\Debug\Navigation01.a(PWM_Servo.o)
                0x0000340c                PWM_Servo_Enable
 .text.PWM_Servo_WriteCounter
                0x00003438       0x20 .\CortexM3\ARM_GCC_441\Debug\Navigation01.a(PWM_Servo.o)
                0x00003438                PWM_Servo_WriteCounter
 .text.PWM_Servo_ClearFIFO
                0x00003458       0x2c .\CortexM3\ARM_GCC_441\Debug\Navigation01.a(PWM_Servo.o)
                0x00003458                PWM_Servo_ClearFIFO
 .text.PWM_Servo_WritePeriod
                0x00003484       0x20 .\CortexM3\ARM_GCC_441\Debug\Navigation01.a(PWM_Servo.o)
                0x00003484                PWM_Servo_WritePeriod
 .text.PWM_Servo_WriteCompare
                0x000034a4       0x20 .\CortexM3\ARM_GCC_441\Debug\Navigation01.a(PWM_Servo.o)
                0x000034a4                PWM_Servo_WriteCompare
 .text.camera_frame_start_Start
                0x000034c4       0x24 .\CortexM3\ARM_GCC_441\Debug\Navigation01.a(camera_frame_start.o)
                0x000034c4                camera_frame_start_Start
 .text.camera_frame_start_Interrupt
                0x000034e8        0xc .\CortexM3\ARM_GCC_441\Debug\Navigation01.a(camera_frame_start.o)
                0x000034e8                camera_frame_start_Interrupt
 .text.camera_frame_start_SetVector
                0x000034f4       0x28 .\CortexM3\ARM_GCC_441\Debug\Navigation01.a(camera_frame_start.o)
                0x000034f4                camera_frame_start_SetVector
 .text.camera_frame_start_SetPriority
                0x0000351c       0x28 .\CortexM3\ARM_GCC_441\Debug\Navigation01.a(camera_frame_start.o)
                0x0000351c                camera_frame_start_SetPriority
 .text.camera_frame_start_Enable
                0x00003544       0x18 .\CortexM3\ARM_GCC_441\Debug\Navigation01.a(camera_frame_start.o)
                0x00003544                camera_frame_start_Enable
 .text.camera_frame_start_Disable
                0x0000355c       0x18 .\CortexM3\ARM_GCC_441\Debug\Navigation01.a(camera_frame_start.o)
                0x0000355c                camera_frame_start_Disable
 .text.Timer_Row_Init
                0x00003574       0x58 .\CortexM3\ARM_GCC_441\Debug\Navigation01.a(Timer_Row.o)
                0x00003574                Timer_Row_Init
 .text.Timer_Row_Enable
                0x000035cc       0x2c .\CortexM3\ARM_GCC_441\Debug\Navigation01.a(Timer_Row.o)
                0x000035cc                Timer_Row_Enable
 .text.Timer_Row_Start
                0x000035f8       0x2c .\CortexM3\ARM_GCC_441\Debug\Navigation01.a(Timer_Row.o)
                0x000035f8                Timer_Row_Start
 .text.Timer_Row_SetInterruptMode
                0x00003624       0x20 .\CortexM3\ARM_GCC_441\Debug\Navigation01.a(Timer_Row.o)
                0x00003624                Timer_Row_SetInterruptMode
 .text.Timer_Row_ReadStatusRegister
                0x00003644       0x18 .\CortexM3\ARM_GCC_441\Debug\Navigation01.a(Timer_Row.o)
                0x00003644                Timer_Row_ReadStatusRegister
 .text.Timer_Row_WritePeriod
                0x0000365c       0x20 .\CortexM3\ARM_GCC_441\Debug\Navigation01.a(Timer_Row.o)
                0x0000365c                Timer_Row_WritePeriod
 .text.Timer_Row_ReadCapture
                0x0000367c       0x18 .\CortexM3\ARM_GCC_441\Debug\Navigation01.a(Timer_Row.o)
                0x0000367c                Timer_Row_ReadCapture
 .text.Timer_Row_WriteCounter
                0x00003694       0x20 .\CortexM3\ARM_GCC_441\Debug\Navigation01.a(Timer_Row.o)
                0x00003694                Timer_Row_WriteCounter
 .text.Timer_Row_ClearFIFO
                0x000036b4       0x1c .\CortexM3\ARM_GCC_441\Debug\Navigation01.a(Timer_Row.o)
                0x000036b4                Timer_Row_ClearFIFO
 .text.Timer_Line_Begin_Init
                0x000036d0       0x84 .\CortexM3\ARM_GCC_441\Debug\Navigation01.a(Timer_Line_Begin.o)
                0x000036d0                Timer_Line_Begin_Init
 .text.Timer_Line_Begin_Enable
                0x00003754       0x2c .\CortexM3\ARM_GCC_441\Debug\Navigation01.a(Timer_Line_Begin.o)
                0x00003754                Timer_Line_Begin_Enable
 .text.Timer_Line_Begin_Start
                0x00003780       0x2c .\CortexM3\ARM_GCC_441\Debug\Navigation01.a(Timer_Line_Begin.o)
                0x00003780                Timer_Line_Begin_Start
 .text.Timer_Line_Begin_SetInterruptMode
                0x000037ac       0x20 .\CortexM3\ARM_GCC_441\Debug\Navigation01.a(Timer_Line_Begin.o)
                0x000037ac                Timer_Line_Begin_SetInterruptMode
 .text.Timer_Line_Begin_ReadStatusRegister
                0x000037cc       0x18 .\CortexM3\ARM_GCC_441\Debug\Navigation01.a(Timer_Line_Begin.o)
                0x000037cc                Timer_Line_Begin_ReadStatusRegister
 .text.Timer_Line_Begin_WritePeriod
                0x000037e4       0x20 .\CortexM3\ARM_GCC_441\Debug\Navigation01.a(Timer_Line_Begin.o)
                0x000037e4                Timer_Line_Begin_WritePeriod
 .text.Timer_Line_Begin_ReadCapture
                0x00003804       0x18 .\CortexM3\ARM_GCC_441\Debug\Navigation01.a(Timer_Line_Begin.o)
                0x00003804                Timer_Line_Begin_ReadCapture
 .text.Timer_Line_Begin_WriteCounter
                0x0000381c       0x20 .\CortexM3\ARM_GCC_441\Debug\Navigation01.a(Timer_Line_Begin.o)
                0x0000381c                Timer_Line_Begin_WriteCounter
 .text.Timer_Line_Begin_SetInterruptCount
                0x0000383c       0x54 .\CortexM3\ARM_GCC_441\Debug\Navigation01.a(Timer_Line_Begin.o)
                0x0000383c                Timer_Line_Begin_SetInterruptCount
 .text.Timer_Line_Begin_SetCaptureCount
                0x00003890       0x20 .\CortexM3\ARM_GCC_441\Debug\Navigation01.a(Timer_Line_Begin.o)
                0x00003890                Timer_Line_Begin_SetCaptureCount
 .text.Timer_Line_Begin_ClearFIFO
                0x000038b0       0x1c .\CortexM3\ARM_GCC_441\Debug\Navigation01.a(Timer_Line_Begin.o)
                0x000038b0                Timer_Line_Begin_ClearFIFO
 .text.camera_comp_rise_Start
                0x000038cc       0x24 .\CortexM3\ARM_GCC_441\Debug\Navigation01.a(camera_comp_rise.o)
                0x000038cc                camera_comp_rise_Start
 .text.camera_comp_rise_Interrupt
                0x000038f0        0xc .\CortexM3\ARM_GCC_441\Debug\Navigation01.a(camera_comp_rise.o)
                0x000038f0                camera_comp_rise_Interrupt
 .text.camera_comp_rise_SetVector
                0x000038fc       0x28 .\CortexM3\ARM_GCC_441\Debug\Navigation01.a(camera_comp_rise.o)
                0x000038fc                camera_comp_rise_SetVector
 .text.camera_comp_rise_SetPriority
                0x00003924       0x28 .\CortexM3\ARM_GCC_441\Debug\Navigation01.a(camera_comp_rise.o)
                0x00003924                camera_comp_rise_SetPriority
 .text.camera_comp_rise_Enable
                0x0000394c       0x18 .\CortexM3\ARM_GCC_441\Debug\Navigation01.a(camera_comp_rise.o)
                0x0000394c                camera_comp_rise_Enable
 .text.camera_comp_rise_Disable
                0x00003964       0x18 .\CortexM3\ARM_GCC_441\Debug\Navigation01.a(camera_comp_rise.o)
                0x00003964                camera_comp_rise_Disable
 .text.Timer_Line_End_Init
                0x0000397c       0x60 .\CortexM3\ARM_GCC_441\Debug\Navigation01.a(Timer_Line_End.o)
                0x0000397c                Timer_Line_End_Init
 .text.Timer_Line_End_Enable
                0x000039dc       0x2c .\CortexM3\ARM_GCC_441\Debug\Navigation01.a(Timer_Line_End.o)
                0x000039dc                Timer_Line_End_Enable
 .text.Timer_Line_End_Start
                0x00003a08       0x2c .\CortexM3\ARM_GCC_441\Debug\Navigation01.a(Timer_Line_End.o)
                0x00003a08                Timer_Line_End_Start
 .text.Timer_Line_End_SetInterruptMode
                0x00003a34       0x20 .\CortexM3\ARM_GCC_441\Debug\Navigation01.a(Timer_Line_End.o)
                0x00003a34                Timer_Line_End_SetInterruptMode
 .text.Timer_Line_End_ReadStatusRegister
                0x00003a54       0x18 .\CortexM3\ARM_GCC_441\Debug\Navigation01.a(Timer_Line_End.o)
                0x00003a54                Timer_Line_End_ReadStatusRegister
 .text.Timer_Line_End_WritePeriod
                0x00003a6c       0x20 .\CortexM3\ARM_GCC_441\Debug\Navigation01.a(Timer_Line_End.o)
                0x00003a6c                Timer_Line_End_WritePeriod
 .text.Timer_Line_End_ReadCapture
                0x00003a8c       0x18 .\CortexM3\ARM_GCC_441\Debug\Navigation01.a(Timer_Line_End.o)
                0x00003a8c                Timer_Line_End_ReadCapture
 .text.Timer_Line_End_WriteCounter
                0x00003aa4       0x20 .\CortexM3\ARM_GCC_441\Debug\Navigation01.a(Timer_Line_End.o)
                0x00003aa4                Timer_Line_End_WriteCounter
 .text.Timer_Line_End_SetInterruptCount
                0x00003ac4       0x54 .\CortexM3\ARM_GCC_441\Debug\Navigation01.a(Timer_Line_End.o)
                0x00003ac4                Timer_Line_End_SetInterruptCount
 .text.Timer_Line_End_ClearFIFO
                0x00003b18       0x1c .\CortexM3\ARM_GCC_441\Debug\Navigation01.a(Timer_Line_End.o)
                0x00003b18                Timer_Line_End_ClearFIFO
 .text.camera_comp_fall_Start
                0x00003b34       0x24 .\CortexM3\ARM_GCC_441\Debug\Navigation01.a(camera_comp_fall.o)
                0x00003b34                camera_comp_fall_Start
 .text.camera_comp_fall_Interrupt
                0x00003b58        0xc .\CortexM3\ARM_GCC_441\Debug\Navigation01.a(camera_comp_fall.o)
                0x00003b58                camera_comp_fall_Interrupt
 .text.camera_comp_fall_SetVector
                0x00003b64       0x28 .\CortexM3\ARM_GCC_441\Debug\Navigation01.a(camera_comp_fall.o)
                0x00003b64                camera_comp_fall_SetVector
 .text.camera_comp_fall_SetPriority
                0x00003b8c       0x28 .\CortexM3\ARM_GCC_441\Debug\Navigation01.a(camera_comp_fall.o)
                0x00003b8c                camera_comp_fall_SetPriority
 .text.camera_comp_fall_Enable
                0x00003bb4       0x18 .\CortexM3\ARM_GCC_441\Debug\Navigation01.a(camera_comp_fall.o)
                0x00003bb4                camera_comp_fall_Enable
 .text.camera_comp_fall_Disable
                0x00003bcc       0x18 .\CortexM3\ARM_GCC_441\Debug\Navigation01.a(camera_comp_fall.o)
                0x00003bcc                camera_comp_fall_Disable
 .text.Counter_Last_Row_Init
                0x00003be4       0xa0 .\CortexM3\ARM_GCC_441\Debug\Navigation01.a(Counter_Last_Row.o)
                0x00003be4                Counter_Last_Row_Init
 .text.Counter_Last_Row_Enable
                0x00003c84       0x2c .\CortexM3\ARM_GCC_441\Debug\Navigation01.a(Counter_Last_Row.o)
                0x00003c84                Counter_Last_Row_Enable
 .text.Counter_Last_Row_Start
                0x00003cb0       0x2c .\CortexM3\ARM_GCC_441\Debug\Navigation01.a(Counter_Last_Row.o)
                0x00003cb0                Counter_Last_Row_Start
 .text.Counter_Last_Row_SetInterruptMode
                0x00003cdc       0x20 .\CortexM3\ARM_GCC_441\Debug\Navigation01.a(Counter_Last_Row.o)
                0x00003cdc                Counter_Last_Row_SetInterruptMode
 .text.Counter_Last_Row_ReadStatusRegister
                0x00003cfc       0x18 .\CortexM3\ARM_GCC_441\Debug\Navigation01.a(Counter_Last_Row.o)
                0x00003cfc                Counter_Last_Row_ReadStatusRegister
 .text.Counter_Last_Row_WriteCounter
                0x00003d14       0x20 .\CortexM3\ARM_GCC_441\Debug\Navigation01.a(Counter_Last_Row.o)
                0x00003d14                Counter_Last_Row_WriteCounter
 .text.Counter_Last_Row_ReadCapture
                0x00003d34       0x18 .\CortexM3\ARM_GCC_441\Debug\Navigation01.a(Counter_Last_Row.o)
                0x00003d34                Counter_Last_Row_ReadCapture
 .text.Counter_Last_Row_WritePeriod
                0x00003d4c       0x20 .\CortexM3\ARM_GCC_441\Debug\Navigation01.a(Counter_Last_Row.o)
                0x00003d4c                Counter_Last_Row_WritePeriod
 .text.Counter_Last_Row_WriteCompare
                0x00003d6c       0x20 .\CortexM3\ARM_GCC_441\Debug\Navigation01.a(Counter_Last_Row.o)
                0x00003d6c                Counter_Last_Row_WriteCompare
 .text.Counter_Last_Row_ClearFIFO
                0x00003d8c       0x1c .\CortexM3\ARM_GCC_441\Debug\Navigation01.a(Counter_Last_Row.o)
                0x00003d8c                Counter_Last_Row_ClearFIFO
 .text.Counter_First_Row_Init
                0x00003da8       0xa0 .\CortexM3\ARM_GCC_441\Debug\Navigation01.a(Counter_First_Row.o)
                0x00003da8                Counter_First_Row_Init
 .text.Counter_First_Row_Enable
                0x00003e48       0x2c .\CortexM3\ARM_GCC_441\Debug\Navigation01.a(Counter_First_Row.o)
                0x00003e48                Counter_First_Row_Enable
 .text.Counter_First_Row_Start
                0x00003e74       0x2c .\CortexM3\ARM_GCC_441\Debug\Navigation01.a(Counter_First_Row.o)
                0x00003e74                Counter_First_Row_Start
 .text.Counter_First_Row_SetInterruptMode
                0x00003ea0       0x20 .\CortexM3\ARM_GCC_441\Debug\Navigation01.a(Counter_First_Row.o)
                0x00003ea0                Counter_First_Row_SetInterruptMode
 .text.Counter_First_Row_ReadStatusRegister
                0x00003ec0       0x18 .\CortexM3\ARM_GCC_441\Debug\Navigation01.a(Counter_First_Row.o)
                0x00003ec0                Counter_First_Row_ReadStatusRegister
 .text.Counter_First_Row_WriteCounter
                0x00003ed8       0x20 .\CortexM3\ARM_GCC_441\Debug\Navigation01.a(Counter_First_Row.o)
                0x00003ed8                Counter_First_Row_WriteCounter
 .text.Counter_First_Row_ReadCapture
                0x00003ef8       0x18 .\CortexM3\ARM_GCC_441\Debug\Navigation01.a(Counter_First_Row.o)
                0x00003ef8                Counter_First_Row_ReadCapture
 .text.Counter_First_Row_WritePeriod
                0x00003f10       0x20 .\CortexM3\ARM_GCC_441\Debug\Navigation01.a(Counter_First_Row.o)
                0x00003f10                Counter_First_Row_WritePeriod
 .text.Counter_First_Row_WriteCompare
                0x00003f30       0x20 .\CortexM3\ARM_GCC_441\Debug\Navigation01.a(Counter_First_Row.o)
                0x00003f30                Counter_First_Row_WriteCompare
 .text.Counter_First_Row_ClearFIFO
                0x00003f50       0x1c .\CortexM3\ARM_GCC_441\Debug\Navigation01.a(Counter_First_Row.o)
                0x00003f50                Counter_First_Row_ClearFIFO
 .text.cfg_write_bytes32
                0x00003f6c       0x94 .\CortexM3\ARM_GCC_441\Debug\Navigation01.a(cyfitter_cfg.o)
 .text.ClockSetup
                0x00004000      0x184 .\CortexM3\ARM_GCC_441\Debug\Navigation01.a(cyfitter_cfg.o)
 .text.AnalogSetDefault
                0x00004184       0x4c .\CortexM3\ARM_GCC_441\Debug\Navigation01.a(cyfitter_cfg.o)
                0x00004184                AnalogSetDefault
 .text.cyfitter_cfg
                0x000041d0      0x25c .\CortexM3\ARM_GCC_441\Debug\Navigation01.a(cyfitter_cfg.o)
                0x000041d0                cyfitter_cfg
 *fill*         0x0000442c        0x4 00
 .text          0x00004430       0x20 .\CortexM3\ARM_GCC_441\Debug\Navigation01.a(CyBootAsmGnu.o)
                0x00004430                CyDelayCycles
                0x00004440                CyEnterCriticalSection
                0x00004448                CyExitCriticalSection
 .text.CySetReg24
                0x00004450       0x4c .\CortexM3\ARM_GCC_441\Debug\Navigation01.a(cyutils.o)
                0x00004450                CySetReg24
 .text          0x0000449c      0x370 c:/program files (x86)/cypress/psoc creator/2.1/psoc creator/import/gnu_cs/arm/4.4.1/bin/../lib/gcc/arm-none-eabi/4.4.1/thumb2\libgcc.a(_arm_addsubdf3.o)
                0x0000449c                __aeabi_drsub
                0x000044a4                __aeabi_dsub
                0x000044a4                __subdf3
                0x000044a8                __aeabi_dadd
                0x000044a8                __adddf3
                0x00004720                __floatunsidf
                0x00004720                __aeabi_ui2d
                0x00004740                __floatsidf
                0x00004740                __aeabi_i2d
                0x00004764                __aeabi_f2d
                0x00004764                __extendsfdf2
                0x000047a0                __floatundidf
                0x000047a0                __aeabi_ul2d
                0x000047b0                __floatdidf
                0x000047b0                __aeabi_l2d
 .text          0x0000480c      0x424 c:/program files (x86)/cypress/psoc creator/2.1/psoc creator/import/gnu_cs/arm/4.4.1/bin/../lib/gcc/arm-none-eabi/4.4.1/thumb2\libgcc.a(_arm_muldivdf3.o)
                0x0000480c                __aeabi_dmul
                0x0000480c                __muldf3
                0x00004a60                __divdf3
                0x00004a60                __aeabi_ddiv
 .text          0x00004c30      0x110 c:/program files (x86)/cypress/psoc creator/2.1/psoc creator/import/gnu_cs/arm/4.4.1/bin/../lib/gcc/arm-none-eabi/4.4.1/thumb2\libgcc.a(_arm_cmpdf2.o)
                0x00004c30                __gtdf2
                0x00004c30                __gedf2
                0x00004c38                __ltdf2
                0x00004c38                __ledf2
                0x00004c40                __nedf2
                0x00004c40                __eqdf2
                0x00004c40                __cmpdf2
                0x00004cbc                __aeabi_cdrcmple
                0x00004ccc                __aeabi_cdcmpeq
                0x00004ccc                __aeabi_cdcmple
                0x00004cdc                __aeabi_dcmpeq
                0x00004cf0                __aeabi_dcmplt
                0x00004d04                __aeabi_dcmple
                0x00004d18                __aeabi_dcmpge
                0x00004d2c                __aeabi_dcmpgt
 .text          0x00004d40       0x50 c:/program files (x86)/cypress/psoc creator/2.1/psoc creator/import/gnu_cs/arm/4.4.1/bin/../lib/gcc/arm-none-eabi/4.4.1/thumb2\libgcc.a(_arm_fixdfsi.o)
                0x00004d40                __aeabi_d2iz
                0x00004d40                __fixdfsi
 .text          0x00004d90       0x40 c:/program files (x86)/cypress/psoc creator/2.1/psoc creator/import/gnu_cs/arm/4.4.1/bin/../lib/gcc/arm-none-eabi/4.4.1/thumb2\libgcc.a(_arm_fixunsdfsi.o)
                0x00004d90                __aeabi_d2uiz
                0x00004d90                __fixunsdfsi
 .text          0x00004dd0      0x190 c:/program files (x86)/cypress/psoc creator/2.1/psoc creator/import/gnu_cs/arm/4.4.1/bin/../lib/gcc/arm-none-eabi/4.4.1/../../../../arm-none-eabi/lib/thumb2\libc.a(lib_a-memcpy.o)
                0x00004dd0                memcpy
 .text          0x00004f60       0xd4 c:/program files (x86)/cypress/psoc creator/2.1/psoc creator/import/gnu_cs/arm/4.4.1/bin/../lib/gcc/arm-none-eabi/4.4.1/../../../../arm-none-eabi/lib/thumb2\libc.a(lib_a-memset.o)
                0x00004f60                memset
 .text          0x00005034       0x94 c:/program files (x86)/cypress/psoc creator/2.1/psoc creator/import/gnu_cs/arm/4.4.1/bin/../lib/gcc/arm-none-eabi/4.4.1/../../../../arm-none-eabi/lib/thumb2\libc.a(lib_a-sprintf.o)
                0x00005034                sprintf
                0x00005084                _sprintf_r
 .text          0x000050c8       0xb8 c:/program files (x86)/cypress/psoc creator/2.1/psoc creator/import/gnu_cs/arm/4.4.1/bin/../lib/gcc/arm-none-eabi/4.4.1/../../../../arm-none-eabi/lib/thumb2\libc.a(lib_a-sscanf.o)
                0x000050cc                _sscanf_r
                0x00005124                sscanf
 .text          0x00005180      0x1dc c:/program files (x86)/cypress/psoc creator/2.1/psoc creator/import/gnu_cs/arm/4.4.1/bin/../lib/gcc/arm-none-eabi/4.4.1/../../../../arm-none-eabi/lib/thumb2\libc.a(lib_a-strcmp.o)
                0x00005180                strcmp
 .text          0x0000535c       0x60 c:/program files (x86)/cypress/psoc creator/2.1/psoc creator/import/gnu_cs/arm/4.4.1/bin/../lib/gcc/arm-none-eabi/4.4.1/../../../../arm-none-eabi/lib/thumb2\libc.a(lib_a-strlen.o)
                0x0000535c                strlen
 .text          0x000053bc     0x15a8 c:/program files (x86)/cypress/psoc creator/2.1/psoc creator/import/gnu_cs/arm/4.4.1/bin/../lib/gcc/arm-none-eabi/4.4.1/../../../../arm-none-eabi/lib/thumb2\libc.a(lib_a-svfprintf.o)
                0x000054d8                _svfprintf_r
 .text          0x00006964     0x10f8 c:/program files (x86)/cypress/psoc creator/2.1/psoc creator/import/gnu_cs/arm/4.4.1/bin/../lib/gcc/arm-none-eabi/4.4.1/../../../../arm-none-eabi/lib/thumb2\libc.a(lib_a-svfscanf.o)
                0x00006a30                __ssvfscanf_r
 .text          0x00007a5c      0x1bc c:/program files (x86)/cypress/psoc creator/2.1/psoc creator/import/gnu_cs/arm/4.4.1/bin/../lib/gcc/arm-none-eabi/4.4.1/../../../../arm-none-eabi/lib/thumb2\libc.a(lib_a-ungetc.o)
                0x00007a5c                __submore
                0x00007ad8                _ungetc_r
                0x00007c08                ungetc
 .text          0x00007c18      0xfb8 c:/program files (x86)/cypress/psoc creator/2.1/psoc creator/import/gnu_cs/arm/4.4.1/bin/../lib/gcc/arm-none-eabi/4.4.1/../../../../arm-none-eabi/lib/thumb2\libc.a(lib_a-dtoa.o)
                0x00007d38                _dtoa_r
 .text          0x00008bd0      0x178 c:/program files (x86)/cypress/psoc creator/2.1/psoc creator/import/gnu_cs/arm/4.4.1/bin/../lib/gcc/arm-none-eabi/4.4.1/../../../../arm-none-eabi/lib/thumb2\libc.a(lib_a-fflush.o)
                0x00008bd0                _fflush_r
                0x00008d20                fflush
 .text          0x00008d48      0x1c8 c:/program files (x86)/cypress/psoc creator/2.1/psoc creator/import/gnu_cs/arm/4.4.1/bin/../lib/gcc/arm-none-eabi/4.4.1/../../../../arm-none-eabi/lib/thumb2\libc.a(lib_a-findfp.o)
                0x00008d48                __sfp_lock_acquire
                0x00008d4c                __sfp_lock_release
                0x00008d50                __sinit_lock_acquire
                0x00008d54                __sinit_lock_release
                0x00008d60                __fp_unlock_all
                0x00008d78                __fp_lock_all
                0x00008d90                _cleanup_r
                0x00008d9c                _cleanup
                0x00008df8                __sfmoreglue
                0x00008e28                __sfp
                0x00008eb0                __sinit
 .text          0x00008f10      0x268 c:/program files (x86)/cypress/psoc creator/2.1/psoc creator/import/gnu_cs/arm/4.4.1/bin/../lib/gcc/arm-none-eabi/4.4.1/../../../../arm-none-eabi/lib/thumb2\libc.a(lib_a-freer.o)
                0x00008f10                _malloc_trim_r
                0x00008fb8                _free_r
 .text          0x00009178       0xa0 c:/program files (x86)/cypress/psoc creator/2.1/psoc creator/import/gnu_cs/arm/4.4.1/bin/../lib/gcc/arm-none-eabi/4.4.1/../../../../arm-none-eabi/lib/thumb2\libc.a(lib_a-fwalk.o)
                0x00009178                _fwalk_reent
                0x000091cc                _fwalk
 .text          0x00009218       0x1c c:/program files (x86)/cypress/psoc creator/2.1/psoc creator/import/gnu_cs/arm/4.4.1/bin/../lib/gcc/arm-none-eabi/4.4.1/../../../../arm-none-eabi/lib/thumb2\libc.a(lib_a-iswspace.o)
                0x00009218                iswspace
 .text          0x00009234       0x74 c:/program files (x86)/cypress/psoc creator/2.1/psoc creator/import/gnu_cs/arm/4.4.1/bin/../lib/gcc/arm-none-eabi/4.4.1/../../../../arm-none-eabi/lib/thumb2\libc.a(lib_a-locale.o)
                0x00009234                __locale_charset
                0x00009240                _localeconv_r
                0x00009248                localeconv
                0x00009250                _setlocale_r
                0x00009298                setlocale
 .text          0x000092a8       0x20 c:/program files (x86)/cypress/psoc creator/2.1/psoc creator/import/gnu_cs/arm/4.4.1/bin/../lib/gcc/arm-none-eabi/4.4.1/../../../../arm-none-eabi/lib/thumb2\libc.a(lib_a-malloc.o)
                0x000092a8                free
                0x000092b8                malloc
 .text          0x000092c8      0x5a4 c:/program files (x86)/cypress/psoc creator/2.1/psoc creator/import/gnu_cs/arm/4.4.1/bin/../lib/gcc/arm-none-eabi/4.4.1/../../../../arm-none-eabi/lib/thumb2\libc.a(lib_a-mallocr.o)
                0x000092c8                _malloc_r
 .text          0x0000986c       0x5c c:/program files (x86)/cypress/psoc creator/2.1/psoc creator/import/gnu_cs/arm/4.4.1/bin/../lib/gcc/arm-none-eabi/4.4.1/../../../../arm-none-eabi/lib/thumb2\libc.a(lib_a-mbrtowc.o)
                0x0000986c                _mbrtowc_r
                0x000098a4                mbrtowc
 .text          0x000098c8       0x38 c:/program files (x86)/cypress/psoc creator/2.1/psoc creator/import/gnu_cs/arm/4.4.1/bin/../lib/gcc/arm-none-eabi/4.4.1/../../../../arm-none-eabi/lib/thumb2\libc.a(lib_a-mbtowc_r.o)
                0x000098c8                _mbtowc_r
 .text          0x00009900       0x74 c:/program files (x86)/cypress/psoc creator/2.1/psoc creator/import/gnu_cs/arm/4.4.1/bin/../lib/gcc/arm-none-eabi/4.4.1/../../../../arm-none-eabi/lib/thumb2\libc.a(lib_a-memchr.o)
                0x00009900                memchr
 .text          0x00009974       0xb8 c:/program files (x86)/cypress/psoc creator/2.1/psoc creator/import/gnu_cs/arm/4.4.1/bin/../lib/gcc/arm-none-eabi/4.4.1/../../../../arm-none-eabi/lib/thumb2\libc.a(lib_a-memmove.o)
                0x00009974                memmove
 .text          0x00009a2c        0x8 c:/program files (x86)/cypress/psoc creator/2.1/psoc creator/import/gnu_cs/arm/4.4.1/bin/../lib/gcc/arm-none-eabi/4.4.1/../../../../arm-none-eabi/lib/thumb2\libc.a(lib_a-mlock.o)
                0x00009a2c                __malloc_lock
                0x00009a30                __malloc_unlock
 .text          0x00009a34      0x958 c:/program files (x86)/cypress/psoc creator/2.1/psoc creator/import/gnu_cs/arm/4.4.1/bin/../lib/gcc/arm-none-eabi/4.4.1/../../../../arm-none-eabi/lib/thumb2\libc.a(lib_a-mprec.o)
                0x00009a34                __hi0bits
                0x00009a74                __lo0bits
                0x00009ad8                __mcmp
                0x00009b18                __ulp
                0x00009b64                __b2d
                0x00009c0c                __ratio
                0x00009c6c                _mprec_log10
                0x00009ca4                __copybits
                0x00009cf4                __any_on
                0x00009d4c                _Bfree
                0x00009d84                _Balloc
                0x00009df0                __d2b
                0x00009ec0                __mdiff
                0x00009fb8                __lshift
                0x0000a074                __multiply
                0x0000a1a8                __i2b
                0x0000a1bc                __multadd
                0x0000a244                __pow5mult
                0x0000a2f0                __s2b
 .text          0x0000a38c      0x3b4 c:/program files (x86)/cypress/psoc creator/2.1/psoc creator/import/gnu_cs/arm/4.4.1/bin/../lib/gcc/arm-none-eabi/4.4.1/../../../../arm-none-eabi/lib/thumb2\libc.a(lib_a-reallocr.o)
                0x0000a38c                _realloc_r
 .text          0x0000a740       0x24 c:/program files (x86)/cypress/psoc creator/2.1/psoc creator/import/gnu_cs/arm/4.4.1/bin/../lib/gcc/arm-none-eabi/4.4.1/../../../../arm-none-eabi/lib/thumb2\libc.a(lib_a-s_isinfd.o)
                0x0000a740                __isinfd
 .text          0x0000a764       0x1c c:/program files (x86)/cypress/psoc creator/2.1/psoc creator/import/gnu_cs/arm/4.4.1/bin/../lib/gcc/arm-none-eabi/4.4.1/../../../../arm-none-eabi/lib/thumb2\libc.a(lib_a-s_isnand.o)
                0x0000a764                __isnand
 .text          0x0000a780       0x28 c:/program files (x86)/cypress/psoc creator/2.1/psoc creator/import/gnu_cs/arm/4.4.1/bin/../lib/gcc/arm-none-eabi/4.4.1/../../../../arm-none-eabi/lib/thumb2\libc.a(lib_a-sbrkr.o)
                0x0000a780                _sbrk_r
 .text          0x0000a7a8       0x74 c:/program files (x86)/cypress/psoc creator/2.1/psoc creator/import/gnu_cs/arm/4.4.1/bin/../lib/gcc/arm-none-eabi/4.4.1/../../../../arm-none-eabi/lib/thumb2\libc.a(lib_a-sccl.o)
                0x0000a7a8                __sccl
 .text          0x0000a81c        0xc c:/program files (x86)/cypress/psoc creator/2.1/psoc creator/import/gnu_cs/arm/4.4.1/bin/../lib/gcc/arm-none-eabi/4.4.1/../../../../arm-none-eabi/lib/thumb2\libc.a(lib_a-sf_nan.o)
                0x0000a81c                nanf
 .text          0x0000a828       0x90 c:/program files (x86)/cypress/psoc creator/2.1/psoc creator/import/gnu_cs/arm/4.4.1/bin/../lib/gcc/arm-none-eabi/4.4.1/../../../../arm-none-eabi/lib/thumb2\libc.a(lib_a-stdio.o)
                0x0000a828                __sclose
                0x0000a830                __sseek
                0x0000a858                __swrite
                0x0000a894                __sread
 .text          0x0000a8b8     0x1010 c:/program files (x86)/cypress/psoc creator/2.1/psoc creator/import/gnu_cs/arm/4.4.1/bin/../lib/gcc/arm-none-eabi/4.4.1/../../../../arm-none-eabi/lib/thumb2\libc.a(lib_a-strtod.o)
                0x0000a8b8                _strtod_r
                0x0000b828                strtof
                0x0000b8b4                strtod
 .text          0x0000b8c8      0x158 c:/program files (x86)/cypress/psoc creator/2.1/psoc creator/import/gnu_cs/arm/4.4.1/bin/../lib/gcc/arm-none-eabi/4.4.1/../../../../arm-none-eabi/lib/thumb2\libc.a(lib_a-strtol.o)
                0x0000b8c8                _strtol_r
                0x0000ba08                strtol
 .text          0x0000ba20      0x1f0 c:/program files (x86)/cypress/psoc creator/2.1/psoc creator/import/gnu_cs/arm/4.4.1/bin/../lib/gcc/arm-none-eabi/4.4.1/../../../../arm-none-eabi/lib/thumb2\libc.a(lib_a-strtoll_r.o)
                0x0000ba20                _strtoll_r
 .text          0x0000bc10      0x154 c:/program files (x86)/cypress/psoc creator/2.1/psoc creator/import/gnu_cs/arm/4.4.1/bin/../lib/gcc/arm-none-eabi/4.4.1/../../../../arm-none-eabi/lib/thumb2\libc.a(lib_a-strtoul.o)
                0x0000bc10                _strtoul_r
                0x0000bd4c                strtoul
 .text          0x0000bd64      0x1ec c:/program files (x86)/cypress/psoc creator/2.1/psoc creator/import/gnu_cs/arm/4.4.1/bin/../lib/gcc/arm-none-eabi/4.4.1/../../../../arm-none-eabi/lib/thumb2\libc.a(lib_a-strtoull_r.o)
                0x0000bd64                _strtoull_r
 .text          0x0000bf50       0x2c c:/program files (x86)/cypress/psoc creator/2.1/psoc creator/import/gnu_cs/arm/4.4.1/bin/../lib/gcc/arm-none-eabi/4.4.1/../../../../arm-none-eabi/lib/thumb2\libc.a(lib_a-writer.o)
                0x0000bf50                _write_r
 .text          0x0000bf7c       0x5c c:/program files (x86)/cypress/psoc creator/2.1/psoc creator/import/gnu_cs/arm/4.4.1/bin/../lib/gcc/arm-none-eabi/4.4.1/../../../../arm-none-eabi/lib/thumb2\libc.a(lib_a-callocr.o)
                0x0000bf7c                _calloc_r
 .text          0x0000bfd8       0x28 c:/program files (x86)/cypress/psoc creator/2.1/psoc creator/import/gnu_cs/arm/4.4.1/bin/../lib/gcc/arm-none-eabi/4.4.1/../../../../arm-none-eabi/lib/thumb2\libc.a(lib_a-closer.o)
                0x0000bfd8                _close_r
 .text          0x0000c000       0xcc c:/program files (x86)/cypress/psoc creator/2.1/psoc creator/import/gnu_cs/arm/4.4.1/bin/../lib/gcc/arm-none-eabi/4.4.1/../../../../arm-none-eabi/lib/thumb2\libc.a(lib_a-fclose.o)
                0x0000c000                _fclose_r
                0x0000c0bc                fclose
 .text          0x0000c0cc      0x5a8 c:/program files (x86)/cypress/psoc creator/2.1/psoc creator/import/gnu_cs/arm/4.4.1/bin/../lib/gcc/arm-none-eabi/4.4.1/../../../../arm-none-eabi/lib/thumb2\libc.a(lib_a-gdtoa-gethex.o)
                0x0000c0cc                __hexdig_init
                0x0000c1b8                __gethex
 .text          0x0000c674      0x1bc c:/program files (x86)/cypress/psoc creator/2.1/psoc creator/import/gnu_cs/arm/4.4.1/bin/../lib/gcc/arm-none-eabi/4.4.1/../../../../arm-none-eabi/lib/thumb2\libc.a(lib_a-gdtoa-hexnan.o)
                0x0000c674                __hexnan
 .text          0x0000c830       0x2c c:/program files (x86)/cypress/psoc creator/2.1/psoc creator/import/gnu_cs/arm/4.4.1/bin/../lib/gcc/arm-none-eabi/4.4.1/../../../../arm-none-eabi/lib/thumb2\libc.a(lib_a-lseekr.o)
                0x0000c830                _lseek_r
 .text          0x0000c85c       0x2c c:/program files (x86)/cypress/psoc creator/2.1/psoc creator/import/gnu_cs/arm/4.4.1/bin/../lib/gcc/arm-none-eabi/4.4.1/../../../../arm-none-eabi/lib/thumb2\libc.a(lib_a-readr.o)
                0x0000c85c                _read_r
 .text          0x0000c888      0x278 c:/program files (x86)/cypress/psoc creator/2.1/psoc creator/import/gnu_cs/arm/4.4.1/bin/../lib/gcc/arm-none-eabi/4.4.1/thumb2\libgcc.a(_udivsi3.o)
                0x0000c888                __aeabi_uidiv
                0x0000c888                __udivsi3
                0x0000cae4                __aeabi_uidivmod
 .text          0x0000cb00        0x4 c:/program files (x86)/cypress/psoc creator/2.1/psoc creator/import/gnu_cs/arm/4.4.1/bin/../lib/gcc/arm-none-eabi/4.4.1/thumb2\libgcc.a(_dvmd_tls.o)
                0x0000cb00                __aeabi_idiv0
                0x0000cb00                __aeabi_ldiv0
 .text          0x0000cb04       0xa0 c:/program files (x86)/cypress/psoc creator/2.1/psoc creator/import/gnu_cs/arm/4.4.1/bin/../lib/gcc/arm-none-eabi/4.4.1/thumb2\libgcc.a(_arm_truncdfsf2.o)
                0x0000cb04                __truncdfsf2
                0x0000cb04                __aeabi_d2f
 .text          0x0000cba4       0xec c:/program files (x86)/cypress/psoc creator/2.1/psoc creator/import/gnu_cs/arm/4.4.1/bin/../lib/gcc/arm-none-eabi/4.4.1/thumb2\libgcc.a(_arm_cmpsf2.o)
                0x0000cba4                __gesf2
                0x0000cba4                __gtsf2
                0x0000cbac                __lesf2
                0x0000cbac                __ltsf2
                0x0000cbb4                __nesf2
                0x0000cbb4                __eqsf2
                0x0000cbb4                __cmpsf2
                0x0000cc14                __aeabi_cfrcmple
                0x0000cc1c                __aeabi_cfcmpeq
                0x0000cc1c                __aeabi_cfcmple
                0x0000cc2c                __aeabi_fcmpeq
                0x0000cc40                __aeabi_fcmplt
                0x0000cc54                __aeabi_fcmple
                0x0000cc68                __aeabi_fcmpge
                0x0000cc7c                __aeabi_fcmpgt
 .text          0x0000cc90       0x2c c:/program files (x86)/cypress/psoc creator/2.1/psoc creator/import/gnu_cs/arm/4.4.1/bin/../lib/gcc/arm-none-eabi/4.4.1/thumb2\libgcc.a(_aeabi_uldivmod.o)
                0x0000cc90                __aeabi_uldivmod
 .text          0x0000ccbc       0x58 c:/program files (x86)/cypress/psoc creator/2.1/psoc creator/import/gnu_cs/arm/4.4.1/bin/../lib/gcc/arm-none-eabi/4.4.1/thumb2\libgcc.a(bpabi.o)
                0x0000ccbc                __gnu_uldivmod_helper
                0x0000cce8                __gnu_ldivmod_helper
 .text          0x0000cd14      0x364 c:/program files (x86)/cypress/psoc creator/2.1/psoc creator/import/gnu_cs/arm/4.4.1/bin/../lib/gcc/arm-none-eabi/4.4.1/thumb2\libgcc.a(_divdi3.o)
                0x0000cd14                __divdi3
 .text          0x0000d078      0x300 c:/program files (x86)/cypress/psoc creator/2.1/psoc creator/import/gnu_cs/arm/4.4.1/bin/../lib/gcc/arm-none-eabi/4.4.1/thumb2\libgcc.a(_udivdi3.o)
                0x0000d078                __udivdi3
 .text          0x0000d378       0x30 c:/program files (x86)/cypress/psoc creator/2.1/psoc creator/import/gnu_cs/arm/4.4.1/bin/../lib/gcc/arm-none-eabi/4.4.1/../../../../arm-none-eabi/lib/thumb2\libcs3.a(start_c.o)
                0x0000d378                __cs3_premain
 .text          0x0000d3a8       0x10 c:/program files (x86)/cypress/psoc creator/2.1/psoc creator/import/gnu_cs/arm/4.4.1/bin/../lib/gcc/arm-none-eabi/4.4.1/../../../../arm-none-eabi/lib/thumb2\libcs3unhosted.a(unhosted-_close.o)
                0x0000d3a8                _close
 .text          0x0000d3b8       0x10 c:/program files (x86)/cypress/psoc creator/2.1/psoc creator/import/gnu_cs/arm/4.4.1/bin/../lib/gcc/arm-none-eabi/4.4.1/../../../../arm-none-eabi/lib/thumb2\libcs3unhosted.a(unhosted-_lseek.o)
                0x0000d3b8                _lseek
 .text          0x0000d3c8       0x10 c:/program files (x86)/cypress/psoc creator/2.1/psoc creator/import/gnu_cs/arm/4.4.1/bin/../lib/gcc/arm-none-eabi/4.4.1/../../../../arm-none-eabi/lib/thumb2\libcs3unhosted.a(unhosted-_read.o)
                0x0000d3c8                _read
 .text          0x0000d3d8       0x10 c:/program files (x86)/cypress/psoc creator/2.1/psoc creator/import/gnu_cs/arm/4.4.1/bin/../lib/gcc/arm-none-eabi/4.4.1/../../../../arm-none-eabi/lib/thumb2\libcs3unhosted.a(unhosted-_write.o)
                0x0000d3d8                _write
 .text          0x0000d3e8       0x44 c:/program files (x86)/cypress/psoc creator/2.1/psoc creator/import/gnu_cs/arm/4.4.1/bin/../lib/gcc/arm-none-eabi/4.4.1/../../../../arm-none-eabi/lib/thumb2\libcs3unhosted.a(unhosted-sbrk.o)
                0x0000d3e8                _sbrk
 .text          0x0000d42c        0x2 c:/program files (x86)/cypress/psoc creator/2.1/psoc creator/import/gnu_cs/arm/4.4.1/bin/../lib/gcc/arm-none-eabi/4.4.1/../../../../arm-none-eabi/lib/thumb2\libcs3micro.a(micro_isr_interrupt.o)
                0x0000d42c                __cs3_isr_external_24
                0x0000d42c                __cs3_isr_external_9
                0x0000d42c                __cs3_isr_external_14
                0x0000d42c                __cs3_isr_reserved_9
                0x0000d42c                __cs3_isr_external_4
                0x0000d42c                __cs3_isr_external_21
                0x0000d42c                __cs3_isr_external_0
                0x0000d42c                __cs3_isr_external_27
                0x0000d42c                __cs3_isr_external_11
                0x0000d42c                __cs3_isr_usage_fault
                0x0000d42c                __cs3_isr_svcall
                0x0000d42c                __cs3_isr_external_3
                0x0000d42c                __cs3_isr_mpu_fault
                0x0000d42c                __cs3_isr_external_16
                0x0000d42c                __cs3_isr_pendsv
                0x0000d42c                __cs3_isr_external_31
                0x0000d42c                __cs3_isr_nmi
                0x0000d42c                __cs3_isr_external_5
                0x0000d42c                __cs3_isr_external_6
                0x0000d42c                __cs3_isr_external_12
                0x0000d42c                __cs3_isr_hard_fault
                0x0000d42c                __cs3_isr_bus_fault
                0x0000d42c                __cs3_isr_external_1
                0x0000d42c                __cs3_isr_external_13
                0x0000d42c                __cs3_isr_external_30
                0x0000d42c                __cs3_isr_external_23
                0x0000d42c                __cs3_isr_external_20
                0x0000d42c                __cs3_isr_debug
                0x0000d42c                __cs3_isr_reserved_13
                0x0000d42c                __cs3_isr_external_8
                0x0000d42c                __cs3_isr_external_26
                0x0000d42c                __cs3_isr_reserved_8
                0x0000d42c                __cs3_isr_reserved_7
                0x0000d42c                __cs3_isr_external_7
                0x0000d42c                __cs3_isr_external_28
                0x0000d42c                __cs3_isr_systick
                0x0000d42c                __cs3_isr_external_22
                0x0000d42c                __cs3_isr_external_10
                0x0000d42c                __cs3_isr_external_15
                0x0000d42c                __cs3_isr_interrupt
                0x0000d42c                __cs3_isr_external_18
                0x0000d42c                __cs3_isr_external_29
                0x0000d42c                __cs3_isr_external_25
                0x0000d42c                __cs3_isr_reserved_10
                0x0000d42c                __cs3_isr_external_2
                0x0000d42c                __cs3_isr_external_17
                0x0000d42c                __cs3_isr_external_19
 *fill*         0x0000d42e        0x2 00
 .text          0x0000d430        0xc c:/program files (x86)/cypress/psoc creator/2.1/psoc creator/import/gnu_cs/arm/4.4.1/bin/../lib/gcc/arm-none-eabi/4.4.1/../../../../arm-none-eabi/lib/thumb2\libc.a(lib_a-errno.o)
                0x0000d430                __errno
 .text          0x0000d43c       0x50 c:/program files (x86)/cypress/psoc creator/2.1/psoc creator/import/gnu_cs/arm/4.4.1/bin/../lib/gcc/arm-none-eabi/4.4.1/../../../../arm-none-eabi/lib/thumb2\libc.a(lib_a-init.o)
                0x0000d43c                __libc_init_array
 *(.plt)
 *(.gnu.warning)
 *(.glue_7t)
 .glue_7t       0x00000000        0x0 linker stubs
 *(.glue_7)
 .glue_7        0x00000000        0x0 linker stubs
 *(.vfp11_veneer)
 .vfp11_veneer  0x00000000        0x0 linker stubs
 *(.bootloader)
 *(.ARM.extab* .gnu.linkonce.armextab.*)
 *(.gcc_except_table)

.v4_bx          0x0000d48c        0x0
 .v4_bx         0x00000000        0x0 linker stubs

.eh_frame_hdr
 *(.eh_frame_hdr)

.eh_frame
 *(.eh_frame)
                0x0000d48c                PROVIDE (__exidx_start, .)

.ARM.exidx      0x0000d48c        0x8
 *(.ARM.exidx* .gnu.linkonce.armexidx.*)
 .ARM.exidx     0x0000d48c        0x8 c:/program files (x86)/cypress/psoc creator/2.1/psoc creator/import/gnu_cs/arm/4.4.1/bin/../lib/gcc/arm-none-eabi/4.4.1/thumb2\libgcc.a(_divdi3.o)
 .ARM.exidx     0x0000d494        0x0 c:/program files (x86)/cypress/psoc creator/2.1/psoc creator/import/gnu_cs/arm/4.4.1/bin/../lib/gcc/arm-none-eabi/4.4.1/thumb2\libgcc.a(_udivdi3.o)
                                  0x8 (size before relaxing)
                0x0000d494                __exidx_end = .

.rodata         0x0000d498      0x988
 *(.rodata .rodata.* .gnu.linkonce.r.*)
 .rodata        0x0000d498      0x380 .\CortexM3\ARM_GCC_441\Debug\main.o
                0x0000d498                MAIN_CLK_FREQ
                0x0000d4a0                MIN_TIME_SERVO
                0x0000d4a8                MAX_TIME_SERVO
                0x0000d4b0                CAMERA_TIMER_PERIOD
                0x0000d4b8                EXPECTED_ROW_CYCLES
 .rodata        0x0000d818       0x14 .\CortexM3\ARM_GCC_441\Debug\serial.o
 *fill*         0x0000d82c        0x4 00
 .rodata        0x0000d830      0x1b0 .\CortexM3\ARM_GCC_441\Debug\speedcontrol.o
 .rodata        0x0000d9e0       0x38 .\CortexM3\ARM_GCC_441\Debug\Navigation01.a(cyfitter_cfg.o)
 .rodata        0x0000da18       0x20 c:/program files (x86)/cypress/psoc creator/2.1/psoc creator/import/gnu_cs/arm/4.4.1/bin/../lib/gcc/arm-none-eabi/4.4.1/../../../../arm-none-eabi/lib/thumb2\libc.a(lib_a-svfprintf.o)
 .rodata.str1.4
                0x0000da38       0x42 c:/program files (x86)/cypress/psoc creator/2.1/psoc creator/import/gnu_cs/arm/4.4.1/bin/../lib/gcc/arm-none-eabi/4.4.1/../../../../arm-none-eabi/lib/thumb2\libc.a(lib_a-svfprintf.o)
                                 0x44 (size before relaxing)
 *fill*         0x0000da7a        0x2 00
 .rodata        0x0000da7c       0x24 c:/program files (x86)/cypress/psoc creator/2.1/psoc creator/import/gnu_cs/arm/4.4.1/bin/../lib/gcc/arm-none-eabi/4.4.1/../../../../arm-none-eabi/lib/thumb2\libc.a(lib_a-svfscanf.o)
 .rodata.str1.4
                0x0000daa0        0x5 c:/program files (x86)/cypress/psoc creator/2.1/psoc creator/import/gnu_cs/arm/4.4.1/bin/../lib/gcc/arm-none-eabi/4.4.1/../../../../arm-none-eabi/lib/thumb2\libc.a(lib_a-svfscanf.o)
                                  0x8 (size before relaxing)
 *fill*         0x0000daa5        0x3 00
 .rodata        0x0000daa8      0x104 c:/program files (x86)/cypress/psoc creator/2.1/psoc creator/import/gnu_cs/arm/4.4.1/bin/../lib/gcc/arm-none-eabi/4.4.1/../../../../arm-none-eabi/lib/thumb2\libc.a(lib_a-ctype_.o)
                0x0000daa8                _ctype_
 .rodata.str1.4
                0x0000dbac       0x10 c:/program files (x86)/cypress/psoc creator/2.1/psoc creator/import/gnu_cs/arm/4.4.1/bin/../lib/gcc/arm-none-eabi/4.4.1/../../../../arm-none-eabi/lib/thumb2\libc.a(lib_a-dtoa.o)
                                 0x14 (size before relaxing)
 .rodata        0x0000dbbc       0x60 c:/program files (x86)/cypress/psoc creator/2.1/psoc creator/import/gnu_cs/arm/4.4.1/bin/../lib/gcc/arm-none-eabi/4.4.1/../../../../arm-none-eabi/lib/thumb2\libc.a(lib_a-findfp.o)
                0x0000dbbc                __sf_fake_stdin
                0x0000dbdc                __sf_fake_stdout
                0x0000dbfc                __sf_fake_stderr
 .rodata        0x0000dc1c        0x4 c:/program files (x86)/cypress/psoc creator/2.1/psoc creator/import/gnu_cs/arm/4.4.1/bin/../lib/gcc/arm-none-eabi/4.4.1/../../../../arm-none-eabi/lib/thumb2\libc.a(lib_a-impure.o)
                0x0000dc1c                _global_impure_ptr
 .rodata.str1.4
                0x0000dc20        0x2 c:/program files (x86)/cypress/psoc creator/2.1/psoc creator/import/gnu_cs/arm/4.4.1/bin/../lib/gcc/arm-none-eabi/4.4.1/../../../../arm-none-eabi/lib/thumb2\libc.a(lib_a-impure.o)
                                  0x4 (size before relaxing)
 *fill*         0x0000dc22        0x2 00
 .rodata        0x0000dc24       0x34 c:/program files (x86)/cypress/psoc creator/2.1/psoc creator/import/gnu_cs/arm/4.4.1/bin/../lib/gcc/arm-none-eabi/4.4.1/../../../../arm-none-eabi/lib/thumb2\libc.a(lib_a-locale.o)
 .rodata.str1.4
                0x0000dc58        0xf c:/program files (x86)/cypress/psoc creator/2.1/psoc creator/import/gnu_cs/arm/4.4.1/bin/../lib/gcc/arm-none-eabi/4.4.1/../../../../arm-none-eabi/lib/thumb2\libc.a(lib_a-locale.o)
                                 0x18 (size before relaxing)
 .rodata.str1.4
                0x00000000        0x4 c:/program files (x86)/cypress/psoc creator/2.1/psoc creator/import/gnu_cs/arm/4.4.1/bin/../lib/gcc/arm-none-eabi/4.4.1/../../../../arm-none-eabi/lib/thumb2\libc.a(lib_a-mbrtowc.o)
 *fill*         0x0000dc67        0x1 00
 .rodata        0x0000dc68      0x128 c:/program files (x86)/cypress/psoc creator/2.1/psoc creator/import/gnu_cs/arm/4.4.1/bin/../lib/gcc/arm-none-eabi/4.4.1/../../../../arm-none-eabi/lib/thumb2\libc.a(lib_a-mprec.o)
                0x0000dc68                __mprec_tens
                0x0000dd40                __mprec_bigtens
                0x0000dd68                __mprec_tinytens
 .rodata        0x0000dd90       0x28 c:/program files (x86)/cypress/psoc creator/2.1/psoc creator/import/gnu_cs/arm/4.4.1/bin/../lib/gcc/arm-none-eabi/4.4.1/../../../../arm-none-eabi/lib/thumb2\libc.a(lib_a-strtod.o)
 .rodata.str1.4
                0x0000ddb8        0xf c:/program files (x86)/cypress/psoc creator/2.1/psoc creator/import/gnu_cs/arm/4.4.1/bin/../lib/gcc/arm-none-eabi/4.4.1/../../../../arm-none-eabi/lib/thumb2\libc.a(lib_a-strtod.o)
                                 0x10 (size before relaxing)
 *fill*         0x0000ddc7        0x1 00
 .rodata.str1.4
                0x0000ddc8       0x1c c:/program files (x86)/cypress/psoc creator/2.1/psoc creator/import/gnu_cs/arm/4.4.1/bin/../lib/gcc/arm-none-eabi/4.4.1/../../../../arm-none-eabi/lib/thumb2\libc.a(lib_a-gdtoa-gethex.o)
                0x0000dde4                . = ALIGN (0x4)
 *(.init)
 .init          0x0000dde4        0x4 c:/program files (x86)/cypress/psoc creator/2.1/psoc creator/import/gnu_cs/arm/4.4.1/bin/../lib/gcc/arm-none-eabi/4.4.1/thumb2/crti.o
                0x0000dde4                _init
 .init          0x0000dde8        0x8 c:/program files (x86)/cypress/psoc creator/2.1/psoc creator/import/gnu_cs/arm/4.4.1/bin/../lib/gcc/arm-none-eabi/4.4.1/thumb2/crtn.o
                0x0000ddf0                . = ALIGN (0x4)
                0x0000ddf0                __preinit_array_start = .
 *(.preinit_array)
                0x0000ddf0                __preinit_array_end = .
                0x0000ddf0                . = ALIGN (0x4)
                0x0000ddf0                __init_array_start = .
 *(SORT(.init_array.*))
 *(.init_array)
 .init_array    0x0000ddf0        0x4 c:/program files (x86)/cypress/psoc creator/2.1/psoc creator/import/gnu_cs/arm/4.4.1/bin/../lib/gcc/arm-none-eabi/4.4.1/thumb2/crtbegin.o
 .init_array    0x0000ddf4        0x4 .\CortexM3\ARM_GCC_441\Debug\Cm3Start.o
                0x0000ddf8                __init_array_end = .
                0x0000ddf8                . = ALIGN (0x4)
 *(.fini)
 .fini          0x0000ddf8        0x4 c:/program files (x86)/cypress/psoc creator/2.1/psoc creator/import/gnu_cs/arm/4.4.1/bin/../lib/gcc/arm-none-eabi/4.4.1/thumb2/crti.o
                0x0000ddf8                _fini
 .fini          0x0000ddfc        0x8 c:/program files (x86)/cypress/psoc creator/2.1/psoc creator/import/gnu_cs/arm/4.4.1/bin/../lib/gcc/arm-none-eabi/4.4.1/thumb2/crtn.o
                0x0000de04                . = ALIGN (0x4)
                0x0000de04                __fini_array_start = .
 *(.fini_array)
 .fini_array    0x0000de04        0x4 c:/program files (x86)/cypress/psoc creator/2.1/psoc creator/import/gnu_cs/arm/4.4.1/bin/../lib/gcc/arm-none-eabi/4.4.1/thumb2/crtbegin.o
 *(SORT(.fini_array.*))
                0x0000de08                __fini_array_end = .
                0x0000de08                . = ALIGN (0x4)
 *crtbegin.o(.ctors)
 *(EXCLUDE_FILE(*crtend.o) .ctors)
 *(SORT(.ctors.*))
 *crtend.o(.ctors)
                0x0000de08                . = ALIGN (0x4)
 *crtbegin.o(.dtors)
 *(EXCLUDE_FILE(*crtend.o) .dtors)
 *(SORT(.dtors.*))
 *crtend.o(.dtors)
                0x0000de08                . = ALIGN (0x4)
                0x0000de08                __cs3_regions = .
                0x0000de08        0x4 LONG 0x0
                0x0000de0c        0x4 LONG 0xde20 __cs3_region_init_ram
                0x0000de10        0x4 LONG 0x1fff8000 __cs3_region_start_ram
                0x0000de14        0x4 LONG 0x6a8 __cs3_region_init_size_ram
                0x0000de18        0x4 LONG 0x388 __cs3_region_zero_size_ram
                0x0000de1c                __cs3_regions_end = .
                0x0000de20                . = ALIGN (0x8)
 *fill*         0x0000de1c        0x4 00
                0x0000de20                _etext = .

.data           0x1fff8000      0x6a8 load address 0x0000de20
                0x1fff8000                __cs3_region_start_ram = .
 *(.cs3.region-head.ram)
                0x1fff8001                ASSERT ((. == __cs3_region_start_ram), .cs3.region-head.ram not permitted)
 *(.ramvectors)
 .ramvectors    0x1fff8000      0x100 .\CortexM3\ARM_GCC_441\Debug\Cm3Start.o
                0x1fff8000                CyRamVectors
 *(.jcr)
 .jcr           0x1fff8100        0x0 c:/program files (x86)/cypress/psoc creator/2.1/psoc creator/import/gnu_cs/arm/4.4.1/bin/../lib/gcc/arm-none-eabi/4.4.1/thumb2/crtbegin.o
 .jcr           0x1fff8100        0x4 c:/program files (x86)/cypress/psoc creator/2.1/psoc creator/import/gnu_cs/arm/4.4.1/bin/../lib/gcc/arm-none-eabi/4.4.1/thumb2/crtend.o
 *(.got.plt)
 *(.got)
 *(.shdata)
 *(.data .data.* .gnu.linkonce.d.*)
 .data          0x1fff8104        0xc .\CortexM3\ARM_GCC_441\Debug\main.o
                0x1fff8104                buildVersion
 .data          0x1fff8110       0x38 .\CortexM3\ARM_GCC_441\Debug\speedcontrol.o
 .data          0x1fff8148       0x10 .\CortexM3\ARM_GCC_441\Debug\Navigation01.a(CyLib.o)
                0x1fff8148                cydelay_freq_hz
                0x1fff814c                cydelay_freq_khz
                0x1fff8150                cydelay_freq_mhz
                0x1fff8154                cydelay_32k_ms
 .data          0x1fff8158        0x8 c:/program files (x86)/cypress/psoc creator/2.1/psoc creator/import/gnu_cs/arm/4.4.1/bin/../lib/gcc/arm-none-eabi/4.4.1/../../../../arm-none-eabi/lib/thumb2\libc.a(lib_a-ctype_.o)
                0x1fff8158                __ctype_ptr
                0x1fff815c                __ctype_ptr__
 .data          0x1fff8160       0xf4 c:/program files (x86)/cypress/psoc creator/2.1/psoc creator/import/gnu_cs/arm/4.4.1/bin/../lib/gcc/arm-none-eabi/4.4.1/../../../../arm-none-eabi/lib/thumb2\libc.a(lib_a-impure.o)
                0x1fff8160                _impure_ptr
 .data          0x1fff8254       0x10 c:/program files (x86)/cypress/psoc creator/2.1/psoc creator/import/gnu_cs/arm/4.4.1/bin/../lib/gcc/arm-none-eabi/4.4.1/../../../../arm-none-eabi/lib/thumb2\libc.a(lib_a-locale.o)
                0x1fff8254                __mb_cur_max
                0x1fff8258                __lc_ctype
 .data          0x1fff8264      0x410 c:/program files (x86)/cypress/psoc creator/2.1/psoc creator/import/gnu_cs/arm/4.4.1/bin/../lib/gcc/arm-none-eabi/4.4.1/../../../../arm-none-eabi/lib/thumb2\libc.a(lib_a-mallocr.o)
                0x1fff8264                __malloc_av_
                0x1fff866c                __malloc_sbrk_base
                0x1fff8670                __malloc_trim_threshold
 .data          0x1fff8674       0x28 c:/program files (x86)/cypress/psoc creator/2.1/psoc creator/import/gnu_cs/arm/4.4.1/bin/../lib/gcc/arm-none-eabi/4.4.1/../../../../arm-none-eabi/lib/thumb2\libc.a(lib_a-strtod.o)
 .data          0x1fff869c        0x4 c:/program files (x86)/cypress/psoc creator/2.1/psoc creator/import/gnu_cs/arm/4.4.1/bin/../lib/gcc/arm-none-eabi/4.4.1/../../../../arm-none-eabi/lib/thumb2\libcs3unhosted.a(unhosted-sbrk.o)
 .data          0x1fff86a0        0x4 c:/program files (x86)/cypress/psoc creator/2.1/psoc creator/import/gnu_cs/arm/4.4.1/bin/../lib/gcc/arm-none-eabi/4.4.1/../../../../arm-none-eabi/lib/thumb2\libcs3.a(heap.o)
                0x1fff86a0                __cs3_heap_limit
                0x1fff86a8                . = ALIGN (0x8)
 *fill*         0x1fff86a4        0x4 00
 *(.ram)
                0x1fff86a8                _edata = .

.bss            0x1fff86a8      0x388 load address 0x0000e4c8
 *(.shbss)
 *(.bss .bss.* .gnu.linkonce.b.*)
 .bss           0x1fff86a8        0x1 c:/program files (x86)/cypress/psoc creator/2.1/psoc creator/import/gnu_cs/arm/4.4.1/bin/../lib/gcc/arm-none-eabi/4.4.1/thumb2/crtbegin.o
 *fill*         0x1fff86a9        0x7 00
 .bss           0x1fff86b0       0x58 .\CortexM3\ARM_GCC_441\Debug\main.o
                0x1fff86b0                buttonInterrupted
                0x1fff86b4                rxInterrupted
                0x1fff86b8                wheelTickInterrupted
                0x1fff86bc                tickTimeoutInterrupted
                0x1fff86c0                pidTimerInterrupted
                0x1fff86c4                camCompRiseInterrupted
                0x1fff86c8                camCompFallInterrupted
                0x1fff86cc                camRowInterrupted
                0x1fff86d0                camFrameInterrupted
                0x1fff86d4                numFrames
                0x1fff86d8                numRows
                0x1fff86dc                numCompBegin
                0x1fff86e0                numCompEnd
                0x1fff86e4                rowCycles
                0x1fff86e8                lineBeginCycles
                0x1fff86ec                lineEndCycles
                0x1fff86f0                test6
                0x1fff86f4                test7
                0x1fff86f8                test8
                0x1fff86fc                test9
                0x1fff8700                lineMid
 .bss           0x1fff8708       0x6c .\CortexM3\ARM_GCC_441\Debug\serial.o
 *fill*         0x1fff8774        0x4 00
 .bss           0x1fff8778       0xf8 .\CortexM3\ARM_GCC_441\Debug\speedcontrol.o
                0x1fff87dc                throttle
                0x1fff87e0                bufWheelTickPos
                0x1fff87e4                bufWheelTickCurSize
                0x1fff87e8                oldTickCount
 .bss           0x1fff8870        0x2 .\CortexM3\ARM_GCC_441\Debug\Navigation01.a(LCD.o)
                0x1fff8870                LCD_enableState
                0x1fff8871                LCD_initVar
 .bss           0x1fff8872        0x1 .\CortexM3\ARM_GCC_441\Debug\Navigation01.a(PWM_Motor.o)
                0x1fff8872                PWM_Motor_initVar
 .bss           0x1fff8873        0x2 .\CortexM3\ARM_GCC_441\Debug\Navigation01.a(UART.o)
                0x1fff8873                UART_initVar
 .bss           0x1fff8875        0x1 .\CortexM3\ARM_GCC_441\Debug\Navigation01.a(Counter_PID.o)
                0x1fff8875                Counter_PID_initVar
 .bss           0x1fff8876        0x1 .\CortexM3\ARM_GCC_441\Debug\Navigation01.a(Timer_Wheel_Tick.o)
                0x1fff8876                Timer_Wheel_Tick_initVar
 .bss           0x1fff8877        0x1 .\CortexM3\ARM_GCC_441\Debug\Navigation01.a(Counter_Tick_Timeout.o)
                0x1fff8877                Counter_Tick_Timeout_initVar
 .bss           0x1fff8878        0x1 .\CortexM3\ARM_GCC_441\Debug\Navigation01.a(PWM_Servo.o)
                0x1fff8878                PWM_Servo_initVar
 .bss           0x1fff8879        0x1 .\CortexM3\ARM_GCC_441\Debug\Navigation01.a(Timer_Row.o)
                0x1fff8879                Timer_Row_initVar
 .bss           0x1fff887a        0x1 .\CortexM3\ARM_GCC_441\Debug\Navigation01.a(Timer_Line_Begin.o)
                0x1fff887a                Timer_Line_Begin_initVar
 .bss           0x1fff887b        0x1 .\CortexM3\ARM_GCC_441\Debug\Navigation01.a(Timer_Line_End.o)
                0x1fff887b                Timer_Line_End_initVar
 .bss           0x1fff887c        0x1 .\CortexM3\ARM_GCC_441\Debug\Navigation01.a(Counter_Last_Row.o)
                0x1fff887c                Counter_Last_Row_initVar
 .bss           0x1fff887d        0x1 .\CortexM3\ARM_GCC_441\Debug\Navigation01.a(Counter_First_Row.o)
                0x1fff887d                Counter_First_Row_initVar
 *fill*         0x1fff887e        0x2 00
 .bss           0x1fff8880       0x34 c:/program files (x86)/cypress/psoc creator/2.1/psoc creator/import/gnu_cs/arm/4.4.1/bin/../lib/gcc/arm-none-eabi/4.4.1/../../../../arm-none-eabi/lib/thumb2\libc.a(lib_a-mallocr.o)
                0x1fff8880                __malloc_top_pad
                0x1fff8884                __malloc_current_mallinfo
                0x1fff88ac                __malloc_max_sbrked_mem
                0x1fff88b0                __malloc_max_total_mem
 *(COMMON)
 COMMON         0x1fff88b4       0x64 .\CortexM3\ARM_GCC_441\Debug\main.o
                0x1fff88b4                strbuffer
 COMMON         0x1fff8918        0xc .\CortexM3\ARM_GCC_441\Debug\speedcontrol.o
                0x1fff8918                bufWheelTick
 COMMON         0x1fff8924        0x1 .\CortexM3\ARM_GCC_441\Debug\Navigation01.a(CyLib.o)
                0x1fff8924                CyResetStatus
 *fill*         0x1fff8925        0x3 00
 COMMON         0x1fff8928      0x100 c:/program files (x86)/cypress/psoc creator/2.1/psoc creator/import/gnu_cs/arm/4.4.1/bin/../lib/gcc/arm-none-eabi/4.4.1/../../../../arm-none-eabi/lib/thumb2\libc.a(lib_a-gdtoa-gethex.o)
                0x1fff8928                __hexdig
 COMMON         0x1fff8a28        0x4 c:/program files (x86)/cypress/psoc creator/2.1/psoc creator/import/gnu_cs/arm/4.4.1/bin/../lib/gcc/arm-none-eabi/4.4.1/../../../../arm-none-eabi/lib/thumb2\libc.a(lib_a-reent.o)
                0x1fff8a28                errno
                0x1fff8a30                . = ALIGN (0x8)
 *fill*         0x1fff8a2c        0x4 00
 *(.ram.b)
                0x1fff8a30                _end = .
                0x1fff8a30                __end = .
                0x20003000                __cs3_region_end_ram = (__cs3_region_start_ram + 0xb000)
                0x0000b000                __cs3_region_size_ram = 0xb000
                0x0000de20                __cs3_region_init_ram = LOADADDR (.data)
                0x000006a8                __cs3_region_init_size_ram = (_edata - ADDR (.data))
                0x00000388                __cs3_region_zero_size_ram = (_end - _edata)

.stab
 *(.stab)

.stabstr
 *(.stabstr)

.debug
 *(.debug)

.line
 *(.line)

.debug_srcinfo
 *(.debug_srcinfo)

.debug_sfnames
 *(.debug_sfnames)

.comment        0x00000000      0x50a
 .comment       0x00000000       0x2b .\CortexM3\ARM_GCC_441\Debug\main.o
 .comment       0x0000002b       0x2b .\CortexM3\ARM_GCC_441\Debug\serial.o
 .comment       0x00000056       0x2b .\CortexM3\ARM_GCC_441\Debug\speedcontrol.o
 .comment       0x00000081       0x2b .\CortexM3\ARM_GCC_441\Debug\Cm3Start.o
 .comment       0x000000ac       0x2b .\CortexM3\ARM_GCC_441\Debug\Navigation01.a(LCD.o)
 .comment       0x000000d7       0x2b .\CortexM3\ARM_GCC_441\Debug\Navigation01.a(inter_button.o)
 .comment       0x00000102       0x2b .\CortexM3\ARM_GCC_441\Debug\Navigation01.a(CyLib.o)
 .comment       0x0000012d       0x2b .\CortexM3\ARM_GCC_441\Debug\Navigation01.a(cyPm.o)
 .comment       0x00000158       0x2b .\CortexM3\ARM_GCC_441\Debug\Navigation01.a(rx_rcvd.o)
 .comment       0x00000183       0x2b .\CortexM3\ARM_GCC_441\Debug\Navigation01.a(wheel_tick.o)
 .comment       0x000001ae       0x2b .\CortexM3\ARM_GCC_441\Debug\Navigation01.a(tick_timeout.o)
 .comment       0x000001d9       0x2b .\CortexM3\ARM_GCC_441\Debug\Navigation01.a(throttle_update.o)
 .comment       0x00000204       0x2b .\CortexM3\ARM_GCC_441\Debug\Navigation01.a(PWM_Motor.o)
 .comment       0x0000022f       0x2b .\CortexM3\ARM_GCC_441\Debug\Navigation01.a(UART.o)
 .comment       0x0000025a       0x2b .\CortexM3\ARM_GCC_441\Debug\Navigation01.a(Counter_PID.o)
 .comment       0x00000285       0x2b .\CortexM3\ARM_GCC_441\Debug\Navigation01.a(Timer_Wheel_Tick.o)
 .comment       0x000002b0       0x2b .\CortexM3\ARM_GCC_441\Debug\Navigation01.a(Counter_Tick_Timeout.o)
 .comment       0x000002db       0x2b .\CortexM3\ARM_GCC_441\Debug\Navigation01.a(PWM_Servo.o)
 .comment       0x00000306       0x2b .\CortexM3\ARM_GCC_441\Debug\Navigation01.a(camera_frame_start.o)
 .comment       0x00000331       0x2b .\CortexM3\ARM_GCC_441\Debug\Navigation01.a(Timer_Row.o)
 .comment       0x0000035c       0x2b .\CortexM3\ARM_GCC_441\Debug\Navigation01.a(Timer_Line_Begin.o)
 .comment       0x00000387       0x2b .\CortexM3\ARM_GCC_441\Debug\Navigation01.a(camera_comp_rise.o)
 .comment       0x000003b2       0x2b .\CortexM3\ARM_GCC_441\Debug\Navigation01.a(Timer_Line_End.o)
 .comment       0x000003dd       0x2b .\CortexM3\ARM_GCC_441\Debug\Navigation01.a(camera_comp_fall.o)
 .comment       0x00000408       0x2b .\CortexM3\ARM_GCC_441\Debug\Navigation01.a(Counter_Last_Row.o)
 .comment       0x00000433       0x2b .\CortexM3\ARM_GCC_441\Debug\Navigation01.a(Counter_First_Row.o)
 .comment       0x0000045e       0x2b .\CortexM3\ARM_GCC_441\Debug\Navigation01.a(cyfitter_cfg.o)
 .comment       0x00000489       0x2b .\CortexM3\ARM_GCC_441\Debug\Navigation01.a(CyFlash.o)
 .comment       0x000004b4       0x2b .\CortexM3\ARM_GCC_441\Debug\Navigation01.a(CySpc.o)
 .comment       0x000004df       0x2b .\CortexM3\ARM_GCC_441\Debug\Navigation01.a(cyutils.o)

.debug_aranges  0x00000000     0x1160
 *(.debug_aranges)
 .debug_aranges
                0x00000000       0x78 .\CortexM3\ARM_GCC_441\Debug\main.o
 .debug_aranges
                0x00000078       0x30 .\CortexM3\ARM_GCC_441\Debug\serial.o
 .debug_aranges
                0x000000a8      0x158 .\CortexM3\ARM_GCC_441\Debug\speedcontrol.o
 .debug_aranges
                0x00000200       0x30 .\CortexM3\ARM_GCC_441\Debug\Cm3Start.o
 .debug_aranges
                0x00000230       0x90 .\CortexM3\ARM_GCC_441\Debug\Navigation01.a(LCD.o)
 .debug_aranges
                0x000002c0       0x80 .\CortexM3\ARM_GCC_441\Debug\Navigation01.a(inter_button.o)
 .debug_aranges
                0x00000340      0x238 .\CortexM3\ARM_GCC_441\Debug\Navigation01.a(CyLib.o)
 .debug_aranges
                0x00000578       0xa0 .\CortexM3\ARM_GCC_441\Debug\Navigation01.a(cyPm.o)
 .debug_aranges
                0x00000618       0x80 .\CortexM3\ARM_GCC_441\Debug\Navigation01.a(rx_rcvd.o)
 .debug_aranges
                0x00000698       0x80 .\CortexM3\ARM_GCC_441\Debug\Navigation01.a(wheel_tick.o)
 .debug_aranges
                0x00000718       0x80 .\CortexM3\ARM_GCC_441\Debug\Navigation01.a(tick_timeout.o)
 .debug_aranges
                0x00000798       0x80 .\CortexM3\ARM_GCC_441\Debug\Navigation01.a(throttle_update.o)
 .debug_aranges
                0x00000818       0x60 .\CortexM3\ARM_GCC_441\Debug\Navigation01.a(PWM_Motor.o)
 .debug_aranges
                0x00000878       0xf0 .\CortexM3\ARM_GCC_441\Debug\Navigation01.a(UART.o)
 .debug_aranges
                0x00000968       0x80 .\CortexM3\ARM_GCC_441\Debug\Navigation01.a(Counter_PID.o)
 .debug_aranges
                0x000009e8       0x88 .\CortexM3\ARM_GCC_441\Debug\Navigation01.a(Timer_Wheel_Tick.o)
 .debug_aranges
                0x00000a70       0x80 .\CortexM3\ARM_GCC_441\Debug\Navigation01.a(Counter_Tick_Timeout.o)
 .debug_aranges
                0x00000af0       0x60 .\CortexM3\ARM_GCC_441\Debug\Navigation01.a(PWM_Servo.o)
 .debug_aranges
                0x00000b50       0x80 .\CortexM3\ARM_GCC_441\Debug\Navigation01.a(camera_frame_start.o)
 .debug_aranges
                0x00000bd0       0x90 .\CortexM3\ARM_GCC_441\Debug\Navigation01.a(Timer_Row.o)
 .debug_aranges
                0x00000c60       0xa8 .\CortexM3\ARM_GCC_441\Debug\Navigation01.a(Timer_Line_Begin.o)
 .debug_aranges
                0x00000d08       0x80 .\CortexM3\ARM_GCC_441\Debug\Navigation01.a(camera_comp_rise.o)
 .debug_aranges
                0x00000d88       0x98 .\CortexM3\ARM_GCC_441\Debug\Navigation01.a(Timer_Line_End.o)
 .debug_aranges
                0x00000e20       0x80 .\CortexM3\ARM_GCC_441\Debug\Navigation01.a(camera_comp_fall.o)
 .debug_aranges
                0x00000ea0       0x98 .\CortexM3\ARM_GCC_441\Debug\Navigation01.a(Counter_Last_Row.o)
 .debug_aranges
                0x00000f38       0x98 .\CortexM3\ARM_GCC_441\Debug\Navigation01.a(Counter_First_Row.o)
 .debug_aranges
                0x00000fd0       0x48 .\CortexM3\ARM_GCC_441\Debug\Navigation01.a(cyfitter_cfg.o)
 .debug_aranges
                0x00001018       0x20 .\CortexM3\ARM_GCC_441\Debug\Navigation01.a(CyBootAsmGnu.o)
 .debug_aranges