ARM GAS  C:\Users\bccho\AppData\Local\Temp\ccPz96Gb.s 			page 1


   1              		.syntax unified
   2              		.cpu cortex-m3
   3              		.fpu softvfp
   4              		.eabi_attribute 20, 1
   5              		.eabi_attribute 21, 1
   6              		.eabi_attribute 23, 3
   7              		.eabi_attribute 24, 1
   8              		.eabi_attribute 25, 1
   9              		.eabi_attribute 26, 1
  10              		.eabi_attribute 30, 6
  11              		.eabi_attribute 18, 4
  12              		.thumb
  13              		.file	"Timer_Line_Begin_PM.c"
  14              		.section	.debug_abbrev,"",%progbits
  15              	.Ldebug_abbrev0:
  16              		.section	.debug_info,"",%progbits
  17              	.Ldebug_info0:
  18              		.section	.debug_line,"",%progbits
  19              	.Ldebug_line0:
  20 0000 DD000000 		.text
  20      02008200 
  20      00000201 
  20      FB0E0D00 
  20      01010101 
  21              	.Ltext0:
  22              		.cfi_sections	.debug_frame
  23              		.bss
  24              		.align	2
  25              	Timer_Line_Begin_backup:
  26 0000 00000000 		.space	6
  26      0000
  27 0006 0000     		.section	.text.Timer_Line_Begin_SaveConfig,"ax",%progbits
  28              		.align	2
  29              		.global	Timer_Line_Begin_SaveConfig
  30              		.thumb
  31              		.thumb_func
  32              		.type	Timer_Line_Begin_SaveConfig, %function
  33              	Timer_Line_Begin_SaveConfig:
  34              	.LFB0:
  35              		.file 1 ".\\Generated_Source\\PSoC5\\Timer_Line_Begin_PM.c"
   1:.\Generated_Source\PSoC5/Timer_Line_Begin_PM.c **** /*******************************************************************************
   2:.\Generated_Source\PSoC5/Timer_Line_Begin_PM.c **** * File Name: Timer_Line_Begin_PM.c
   3:.\Generated_Source\PSoC5/Timer_Line_Begin_PM.c **** * Version 2.30
   4:.\Generated_Source\PSoC5/Timer_Line_Begin_PM.c **** *
   5:.\Generated_Source\PSoC5/Timer_Line_Begin_PM.c **** *  Description:
   6:.\Generated_Source\PSoC5/Timer_Line_Begin_PM.c **** *     This file provides the power management source code to API for the
   7:.\Generated_Source\PSoC5/Timer_Line_Begin_PM.c **** *     Timer.
   8:.\Generated_Source\PSoC5/Timer_Line_Begin_PM.c **** *
   9:.\Generated_Source\PSoC5/Timer_Line_Begin_PM.c **** *   Note:
  10:.\Generated_Source\PSoC5/Timer_Line_Begin_PM.c **** *     None
  11:.\Generated_Source\PSoC5/Timer_Line_Begin_PM.c **** *
  12:.\Generated_Source\PSoC5/Timer_Line_Begin_PM.c **** *******************************************************************************
  13:.\Generated_Source\PSoC5/Timer_Line_Begin_PM.c **** * Copyright 2008-2012, Cypress Semiconductor Corporation.  All rights reserved.
  14:.\Generated_Source\PSoC5/Timer_Line_Begin_PM.c **** * You may use this file only in accordance with the license, terms, conditions,
  15:.\Generated_Source\PSoC5/Timer_Line_Begin_PM.c **** * disclaimers, and limitations in the end user license agreement accompanying
  16:.\Generated_Source\PSoC5/Timer_Line_Begin_PM.c **** * the software package with which this file was provided.
  17:.\Generated_Source\PSoC5/Timer_Line_Begin_PM.c **** ********************************************************************************/
ARM GAS  C:\Users\bccho\AppData\Local\Temp\ccPz96Gb.s 			page 2


  18:.\Generated_Source\PSoC5/Timer_Line_Begin_PM.c **** 
  19:.\Generated_Source\PSoC5/Timer_Line_Begin_PM.c **** #include "Timer_Line_Begin.h"
  20:.\Generated_Source\PSoC5/Timer_Line_Begin_PM.c **** static Timer_Line_Begin_backupStruct Timer_Line_Begin_backup;
  21:.\Generated_Source\PSoC5/Timer_Line_Begin_PM.c **** 
  22:.\Generated_Source\PSoC5/Timer_Line_Begin_PM.c **** 
  23:.\Generated_Source\PSoC5/Timer_Line_Begin_PM.c **** /*******************************************************************************
  24:.\Generated_Source\PSoC5/Timer_Line_Begin_PM.c **** * Function Name: Timer_Line_Begin_SaveConfig
  25:.\Generated_Source\PSoC5/Timer_Line_Begin_PM.c **** ********************************************************************************
  26:.\Generated_Source\PSoC5/Timer_Line_Begin_PM.c **** *
  27:.\Generated_Source\PSoC5/Timer_Line_Begin_PM.c **** * Summary:
  28:.\Generated_Source\PSoC5/Timer_Line_Begin_PM.c **** *     Save the current user configuration
  29:.\Generated_Source\PSoC5/Timer_Line_Begin_PM.c **** *
  30:.\Generated_Source\PSoC5/Timer_Line_Begin_PM.c **** * Parameters:
  31:.\Generated_Source\PSoC5/Timer_Line_Begin_PM.c **** *  void
  32:.\Generated_Source\PSoC5/Timer_Line_Begin_PM.c **** *
  33:.\Generated_Source\PSoC5/Timer_Line_Begin_PM.c **** * Return:
  34:.\Generated_Source\PSoC5/Timer_Line_Begin_PM.c **** *  void
  35:.\Generated_Source\PSoC5/Timer_Line_Begin_PM.c **** *
  36:.\Generated_Source\PSoC5/Timer_Line_Begin_PM.c **** * Global variables:
  37:.\Generated_Source\PSoC5/Timer_Line_Begin_PM.c **** *  Timer_Line_Begin_backup:  Variables of this global structure are modified to
  38:.\Generated_Source\PSoC5/Timer_Line_Begin_PM.c **** *  store the values of non retention configuration registers when Sleep() API is
  39:.\Generated_Source\PSoC5/Timer_Line_Begin_PM.c **** *  called.
  40:.\Generated_Source\PSoC5/Timer_Line_Begin_PM.c **** *
  41:.\Generated_Source\PSoC5/Timer_Line_Begin_PM.c **** *******************************************************************************/
  42:.\Generated_Source\PSoC5/Timer_Line_Begin_PM.c **** void Timer_Line_Begin_SaveConfig(void) 
  43:.\Generated_Source\PSoC5/Timer_Line_Begin_PM.c **** {
  36              		.loc 1 43 0
  37              		.cfi_startproc
  38              		@ args = 0, pretend = 0, frame = 0
  39              		@ frame_needed = 1, uses_anonymous_args = 0
  40 0000 80B5     		push	{r7, lr}
  41              	.LCFI0:
  42              		.cfi_def_cfa_offset 8
  43 0002 00AF     		add	r7, sp, #0
  44              		.cfi_offset 14, -4
  45              		.cfi_offset 7, -8
  46              	.LCFI1:
  47              		.cfi_def_cfa_register 7
  44:.\Generated_Source\PSoC5/Timer_Line_Begin_PM.c ****     #if (!Timer_Line_Begin_UsingFixedFunction)
  45:.\Generated_Source\PSoC5/Timer_Line_Begin_PM.c ****         /* Backup the UDB non-rentention registers for PSoC5A*/
  46:.\Generated_Source\PSoC5/Timer_Line_Begin_PM.c ****         #if (CY_PSOC5A)
  47:.\Generated_Source\PSoC5/Timer_Line_Begin_PM.c ****             Timer_Line_Begin_backup.TimerUdb = Timer_Line_Begin_ReadCounter();
  48:.\Generated_Source\PSoC5/Timer_Line_Begin_PM.c ****             Timer_Line_Begin_backup.TimerPeriod = Timer_Line_Begin_ReadPeriod();
  49:.\Generated_Source\PSoC5/Timer_Line_Begin_PM.c ****             Timer_Line_Begin_backup.InterruptMaskValue = Timer_Line_Begin_STATUS_MASK;
  50:.\Generated_Source\PSoC5/Timer_Line_Begin_PM.c ****             #if (Timer_Line_Begin_UsingHWCaptureCounter)
  51:.\Generated_Source\PSoC5/Timer_Line_Begin_PM.c ****                 Timer_Line_Begin_backup.TimerCaptureCounter = Timer_Line_Begin_ReadCaptureCount();
  52:.\Generated_Source\PSoC5/Timer_Line_Begin_PM.c ****             #endif /* Backup the UDB non-rentention register capture counter for PSoC5A */
  53:.\Generated_Source\PSoC5/Timer_Line_Begin_PM.c ****         #endif /* Backup the UDB non-rentention registers for PSoC5A */
  54:.\Generated_Source\PSoC5/Timer_Line_Begin_PM.c **** 
  55:.\Generated_Source\PSoC5/Timer_Line_Begin_PM.c ****         #if (CY_PSOC3 || CY_PSOC5LP)
  56:.\Generated_Source\PSoC5/Timer_Line_Begin_PM.c ****             Timer_Line_Begin_backup.TimerUdb = Timer_Line_Begin_ReadCounter();
  48              		.loc 1 56 0
  49 0004 FFF7FEFF 		bl	Timer_Line_Begin_ReadCounter
  50 0008 0346     		mov	r3, r0
  51 000a 1A46     		mov	r2, r3
  52 000c 40F20003 		movw	r3, #:lower16:Timer_Line_Begin_backup
  53 0010 C0F20003 		movt	r3, #:upper16:Timer_Line_Begin_backup
ARM GAS  C:\Users\bccho\AppData\Local\Temp\ccPz96Gb.s 			page 3


  54 0014 5A80     		strh	r2, [r3, #2]	@ movhi
  57:.\Generated_Source\PSoC5/Timer_Line_Begin_PM.c ****             Timer_Line_Begin_backup.InterruptMaskValue = Timer_Line_Begin_STATUS_MASK;
  55              		.loc 1 57 0
  56 0016 46F28343 		movw	r3, #:lower16:1073767555
  57 001a C4F20003 		movt	r3, #:upper16:1073767555
  58 001e 1B78     		ldrb	r3, [r3, #0]
  59 0020 DAB2     		uxtb	r2, r3
  60 0022 40F20003 		movw	r3, #:lower16:Timer_Line_Begin_backup
  61 0026 C0F20003 		movt	r3, #:upper16:Timer_Line_Begin_backup
  62 002a 1A71     		strb	r2, [r3, #4]
  58:.\Generated_Source\PSoC5/Timer_Line_Begin_PM.c ****             #if (Timer_Line_Begin_UsingHWCaptureCounter)
  59:.\Generated_Source\PSoC5/Timer_Line_Begin_PM.c ****                 Timer_Line_Begin_backup.TimerCaptureCounter = Timer_Line_Begin_ReadCaptureCount();
  60:.\Generated_Source\PSoC5/Timer_Line_Begin_PM.c ****             #endif /* Back Up capture counter register  */
  61:.\Generated_Source\PSoC5/Timer_Line_Begin_PM.c ****         #endif /* Backup non retention registers, interrupt mask and capture counter for PSoC3 or P
  62:.\Generated_Source\PSoC5/Timer_Line_Begin_PM.c **** 
  63:.\Generated_Source\PSoC5/Timer_Line_Begin_PM.c ****         #if(!Timer_Line_Begin_ControlRegRemoved)
  64:.\Generated_Source\PSoC5/Timer_Line_Begin_PM.c ****             Timer_Line_Begin_backup.TimerControlRegister = Timer_Line_Begin_ReadControlRegister();
  63              		.loc 1 64 0
  64 002c FFF7FEFF 		bl	Timer_Line_Begin_ReadControlRegister
  65 0030 0346     		mov	r3, r0
  66 0032 1A46     		mov	r2, r3
  67 0034 40F20003 		movw	r3, #:lower16:Timer_Line_Begin_backup
  68 0038 C0F20003 		movt	r3, #:upper16:Timer_Line_Begin_backup
  69 003c 5A71     		strb	r2, [r3, #5]
  65:.\Generated_Source\PSoC5/Timer_Line_Begin_PM.c ****         #endif /* Backup the enable state of the Timer component */
  66:.\Generated_Source\PSoC5/Timer_Line_Begin_PM.c ****     #endif /* Backup non retention registers in UDB implementation. All fixed function registers ar
  67:.\Generated_Source\PSoC5/Timer_Line_Begin_PM.c **** }
  70              		.loc 1 67 0
  71 003e 80BD     		pop	{r7, pc}
  72              		.cfi_endproc
  73              	.LFE0:
  74              		.size	Timer_Line_Begin_SaveConfig, .-Timer_Line_Begin_SaveConfig
  75              		.section	.text.Timer_Line_Begin_RestoreConfig,"ax",%progbits
  76              		.align	2
  77              		.global	Timer_Line_Begin_RestoreConfig
  78              		.thumb
  79              		.thumb_func
  80              		.type	Timer_Line_Begin_RestoreConfig, %function
  81              	Timer_Line_Begin_RestoreConfig:
  82              	.LFB1:
  68:.\Generated_Source\PSoC5/Timer_Line_Begin_PM.c **** 
  69:.\Generated_Source\PSoC5/Timer_Line_Begin_PM.c **** 
  70:.\Generated_Source\PSoC5/Timer_Line_Begin_PM.c **** /*******************************************************************************
  71:.\Generated_Source\PSoC5/Timer_Line_Begin_PM.c **** * Function Name: Timer_Line_Begin_RestoreConfig
  72:.\Generated_Source\PSoC5/Timer_Line_Begin_PM.c **** ********************************************************************************
  73:.\Generated_Source\PSoC5/Timer_Line_Begin_PM.c **** *
  74:.\Generated_Source\PSoC5/Timer_Line_Begin_PM.c **** * Summary:
  75:.\Generated_Source\PSoC5/Timer_Line_Begin_PM.c **** *  Restores the current user configuration.
  76:.\Generated_Source\PSoC5/Timer_Line_Begin_PM.c **** *
  77:.\Generated_Source\PSoC5/Timer_Line_Begin_PM.c **** * Parameters:
  78:.\Generated_Source\PSoC5/Timer_Line_Begin_PM.c **** *  void
  79:.\Generated_Source\PSoC5/Timer_Line_Begin_PM.c **** *
  80:.\Generated_Source\PSoC5/Timer_Line_Begin_PM.c **** * Return:
  81:.\Generated_Source\PSoC5/Timer_Line_Begin_PM.c **** *  void
  82:.\Generated_Source\PSoC5/Timer_Line_Begin_PM.c **** *
  83:.\Generated_Source\PSoC5/Timer_Line_Begin_PM.c **** * Global variables:
  84:.\Generated_Source\PSoC5/Timer_Line_Begin_PM.c **** *  Timer_Line_Begin_backup:  Variables of this global structure are used to
ARM GAS  C:\Users\bccho\AppData\Local\Temp\ccPz96Gb.s 			page 4


  85:.\Generated_Source\PSoC5/Timer_Line_Begin_PM.c **** *  restore the values of non retention registers on wakeup from sleep mode.
  86:.\Generated_Source\PSoC5/Timer_Line_Begin_PM.c **** *
  87:.\Generated_Source\PSoC5/Timer_Line_Begin_PM.c **** *******************************************************************************/
  88:.\Generated_Source\PSoC5/Timer_Line_Begin_PM.c **** void Timer_Line_Begin_RestoreConfig(void) 
  89:.\Generated_Source\PSoC5/Timer_Line_Begin_PM.c **** {   
  83              		.loc 1 89 0
  84              		.cfi_startproc
  85              		@ args = 0, pretend = 0, frame = 0
  86              		@ frame_needed = 1, uses_anonymous_args = 0
  87 0000 80B5     		push	{r7, lr}
  88              	.LCFI2:
  89              		.cfi_def_cfa_offset 8
  90 0002 00AF     		add	r7, sp, #0
  91              		.cfi_offset 14, -4
  92              		.cfi_offset 7, -8
  93              	.LCFI3:
  94              		.cfi_def_cfa_register 7
  90:.\Generated_Source\PSoC5/Timer_Line_Begin_PM.c ****     #if (!Timer_Line_Begin_UsingFixedFunction)
  91:.\Generated_Source\PSoC5/Timer_Line_Begin_PM.c ****         /* Restore the UDB non-rentention registers for PSoC5A */
  92:.\Generated_Source\PSoC5/Timer_Line_Begin_PM.c ****         #if (CY_PSOC5A)
  93:.\Generated_Source\PSoC5/Timer_Line_Begin_PM.c ****             /* Interrupt State Backup for Critical Region*/
  94:.\Generated_Source\PSoC5/Timer_Line_Begin_PM.c ****             uint8 Timer_Line_Begin_interruptState;
  95:.\Generated_Source\PSoC5/Timer_Line_Begin_PM.c **** 
  96:.\Generated_Source\PSoC5/Timer_Line_Begin_PM.c ****             Timer_Line_Begin_WriteCounter(Timer_Line_Begin_backup.TimerUdb);
  97:.\Generated_Source\PSoC5/Timer_Line_Begin_PM.c ****             Timer_Line_Begin_WritePeriod(Timer_Line_Begin_backup.TimerPeriod);
  98:.\Generated_Source\PSoC5/Timer_Line_Begin_PM.c ****             /* CyEnterCriticalRegion and CyExitCriticalRegion are used to mark following region cri
  99:.\Generated_Source\PSoC5/Timer_Line_Begin_PM.c ****             /* Enter Critical Region*/
 100:.\Generated_Source\PSoC5/Timer_Line_Begin_PM.c ****             Timer_Line_Begin_interruptState = CyEnterCriticalSection();
 101:.\Generated_Source\PSoC5/Timer_Line_Begin_PM.c ****             /* Use the interrupt output of the status register for IRQ output */
 102:.\Generated_Source\PSoC5/Timer_Line_Begin_PM.c ****             Timer_Line_Begin_STATUS_AUX_CTRL |= Timer_Line_Begin_STATUS_ACTL_INT_EN_MASK;
 103:.\Generated_Source\PSoC5/Timer_Line_Begin_PM.c ****             /* Exit Critical Region*/
 104:.\Generated_Source\PSoC5/Timer_Line_Begin_PM.c ****             CyExitCriticalSection(Timer_Line_Begin_interruptState);
 105:.\Generated_Source\PSoC5/Timer_Line_Begin_PM.c ****             Timer_Line_Begin_STATUS_MASK =Timer_Line_Begin_backup.InterruptMaskValue;
 106:.\Generated_Source\PSoC5/Timer_Line_Begin_PM.c ****             #if (Timer_Line_Begin_UsingHWCaptureCounter)
 107:.\Generated_Source\PSoC5/Timer_Line_Begin_PM.c ****                 Timer_Line_Begin_SetCaptureCount(Timer_Line_Begin_backup.TimerCaptureCounter);
 108:.\Generated_Source\PSoC5/Timer_Line_Begin_PM.c ****             #endif /* Restore the UDB non-rentention register capture counter for PSoC5A */
 109:.\Generated_Source\PSoC5/Timer_Line_Begin_PM.c ****         #endif /* Restore the UDB non-rentention registers for PSoC5A */
 110:.\Generated_Source\PSoC5/Timer_Line_Begin_PM.c **** 
 111:.\Generated_Source\PSoC5/Timer_Line_Begin_PM.c ****         #if (CY_PSOC3 || CY_PSOC5LP)
 112:.\Generated_Source\PSoC5/Timer_Line_Begin_PM.c ****             Timer_Line_Begin_WriteCounter(Timer_Line_Begin_backup.TimerUdb);
  95              		.loc 1 112 0
  96 0004 40F20003 		movw	r3, #:lower16:Timer_Line_Begin_backup
  97 0008 C0F20003 		movt	r3, #:upper16:Timer_Line_Begin_backup
  98 000c 5B88     		ldrh	r3, [r3, #2]
  99 000e 1846     		mov	r0, r3
 100 0010 FFF7FEFF 		bl	Timer_Line_Begin_WriteCounter
 113:.\Generated_Source\PSoC5/Timer_Line_Begin_PM.c ****             Timer_Line_Begin_STATUS_MASK =Timer_Line_Begin_backup.InterruptMaskValue;
 101              		.loc 1 113 0
 102 0014 46F28343 		movw	r3, #:lower16:1073767555
 103 0018 C4F20003 		movt	r3, #:upper16:1073767555
 104 001c 40F20002 		movw	r2, #:lower16:Timer_Line_Begin_backup
 105 0020 C0F20002 		movt	r2, #:upper16:Timer_Line_Begin_backup
 106 0024 1279     		ldrb	r2, [r2, #4]	@ zero_extendqisi2
 107 0026 1A70     		strb	r2, [r3, #0]
 114:.\Generated_Source\PSoC5/Timer_Line_Begin_PM.c ****             #if (Timer_Line_Begin_UsingHWCaptureCounter)
 115:.\Generated_Source\PSoC5/Timer_Line_Begin_PM.c ****                 Timer_Line_Begin_SetCaptureCount(Timer_Line_Begin_backup.TimerCaptureCounter);
 116:.\Generated_Source\PSoC5/Timer_Line_Begin_PM.c ****             #endif /* Restore Capture counter register*/
ARM GAS  C:\Users\bccho\AppData\Local\Temp\ccPz96Gb.s 			page 5


 117:.\Generated_Source\PSoC5/Timer_Line_Begin_PM.c ****         #endif /* Restore up non retention registers, interrupt mask and capture counter for PSoC3 
 118:.\Generated_Source\PSoC5/Timer_Line_Begin_PM.c **** 
 119:.\Generated_Source\PSoC5/Timer_Line_Begin_PM.c ****         #if(!Timer_Line_Begin_ControlRegRemoved)
 120:.\Generated_Source\PSoC5/Timer_Line_Begin_PM.c ****             Timer_Line_Begin_WriteControlRegister(Timer_Line_Begin_backup.TimerControlRegister);
 108              		.loc 1 120 0
 109 0028 40F20003 		movw	r3, #:lower16:Timer_Line_Begin_backup
 110 002c C0F20003 		movt	r3, #:upper16:Timer_Line_Begin_backup
 111 0030 5B79     		ldrb	r3, [r3, #5]	@ zero_extendqisi2
 112 0032 1846     		mov	r0, r3
 113 0034 FFF7FEFF 		bl	Timer_Line_Begin_WriteControlRegister
 121:.\Generated_Source\PSoC5/Timer_Line_Begin_PM.c ****         #endif /* Restore the enable state of the Timer component */
 122:.\Generated_Source\PSoC5/Timer_Line_Begin_PM.c ****     #endif /* Restore non retention registers in the UDB implementation only */
 123:.\Generated_Source\PSoC5/Timer_Line_Begin_PM.c **** }
 114              		.loc 1 123 0
 115 0038 80BD     		pop	{r7, pc}
 116              		.cfi_endproc
 117              	.LFE1:
 118              		.size	Timer_Line_Begin_RestoreConfig, .-Timer_Line_Begin_RestoreConfig
 119 003a 00BF     		.section	.text.Timer_Line_Begin_Sleep,"ax",%progbits
 120              		.align	2
 121              		.global	Timer_Line_Begin_Sleep
 122              		.thumb
 123              		.thumb_func
 124              		.type	Timer_Line_Begin_Sleep, %function
 125              	Timer_Line_Begin_Sleep:
 126              	.LFB2:
 124:.\Generated_Source\PSoC5/Timer_Line_Begin_PM.c **** 
 125:.\Generated_Source\PSoC5/Timer_Line_Begin_PM.c **** 
 126:.\Generated_Source\PSoC5/Timer_Line_Begin_PM.c **** /*******************************************************************************
 127:.\Generated_Source\PSoC5/Timer_Line_Begin_PM.c **** * Function Name: Timer_Line_Begin_Sleep
 128:.\Generated_Source\PSoC5/Timer_Line_Begin_PM.c **** ********************************************************************************
 129:.\Generated_Source\PSoC5/Timer_Line_Begin_PM.c **** *
 130:.\Generated_Source\PSoC5/Timer_Line_Begin_PM.c **** * Summary:
 131:.\Generated_Source\PSoC5/Timer_Line_Begin_PM.c **** *     Stop and Save the user configuration
 132:.\Generated_Source\PSoC5/Timer_Line_Begin_PM.c **** *
 133:.\Generated_Source\PSoC5/Timer_Line_Begin_PM.c **** * Parameters:
 134:.\Generated_Source\PSoC5/Timer_Line_Begin_PM.c **** *  void
 135:.\Generated_Source\PSoC5/Timer_Line_Begin_PM.c **** *
 136:.\Generated_Source\PSoC5/Timer_Line_Begin_PM.c **** * Return:
 137:.\Generated_Source\PSoC5/Timer_Line_Begin_PM.c **** *  void
 138:.\Generated_Source\PSoC5/Timer_Line_Begin_PM.c **** *
 139:.\Generated_Source\PSoC5/Timer_Line_Begin_PM.c **** * Global variables:
 140:.\Generated_Source\PSoC5/Timer_Line_Begin_PM.c **** *  Timer_Line_Begin_backup.TimerEnableState:  Is modified depending on the
 141:.\Generated_Source\PSoC5/Timer_Line_Begin_PM.c **** *  enable state of the block before entering sleep mode.
 142:.\Generated_Source\PSoC5/Timer_Line_Begin_PM.c **** *
 143:.\Generated_Source\PSoC5/Timer_Line_Begin_PM.c **** *******************************************************************************/
 144:.\Generated_Source\PSoC5/Timer_Line_Begin_PM.c **** void Timer_Line_Begin_Sleep(void) 
 145:.\Generated_Source\PSoC5/Timer_Line_Begin_PM.c **** {
 127              		.loc 1 145 0
 128              		.cfi_startproc
 129              		@ args = 0, pretend = 0, frame = 0
 130              		@ frame_needed = 1, uses_anonymous_args = 0
 131 0000 80B5     		push	{r7, lr}
 132              	.LCFI4:
 133              		.cfi_def_cfa_offset 8
 134 0002 00AF     		add	r7, sp, #0
 135              		.cfi_offset 14, -4
ARM GAS  C:\Users\bccho\AppData\Local\Temp\ccPz96Gb.s 			page 6


 136              		.cfi_offset 7, -8
 137              	.LCFI5:
 138              		.cfi_def_cfa_register 7
 146:.\Generated_Source\PSoC5/Timer_Line_Begin_PM.c ****     #if(!Timer_Line_Begin_ControlRegRemoved)
 147:.\Generated_Source\PSoC5/Timer_Line_Begin_PM.c ****         /* Save Counter's enable state */
 148:.\Generated_Source\PSoC5/Timer_Line_Begin_PM.c ****         if(Timer_Line_Begin_CTRL_ENABLE == (Timer_Line_Begin_CONTROL & Timer_Line_Begin_CTRL_ENABLE
 139              		.loc 1 148 0
 140 0004 46F27343 		movw	r3, #:lower16:1073767539
 141 0008 C4F20003 		movt	r3, #:upper16:1073767539
 142 000c 1B78     		ldrb	r3, [r3, #0]
 143 000e DBB2     		uxtb	r3, r3
 144 0010 5BB2     		sxtb	r3, r3
 145 0012 002B     		cmp	r3, #0
 146 0014 07DA     		bge	.L6
 149:.\Generated_Source\PSoC5/Timer_Line_Begin_PM.c ****         {
 150:.\Generated_Source\PSoC5/Timer_Line_Begin_PM.c ****             /* Timer is enabled */
 151:.\Generated_Source\PSoC5/Timer_Line_Begin_PM.c ****             Timer_Line_Begin_backup.TimerEnableState = 1u;
 147              		.loc 1 151 0
 148 0016 40F20003 		movw	r3, #:lower16:Timer_Line_Begin_backup
 149 001a C0F20003 		movt	r3, #:upper16:Timer_Line_Begin_backup
 150 001e 4FF00102 		mov	r2, #1
 151 0022 1A70     		strb	r2, [r3, #0]
 152 0024 06E0     		b	.L7
 153              	.L6:
 152:.\Generated_Source\PSoC5/Timer_Line_Begin_PM.c ****         }
 153:.\Generated_Source\PSoC5/Timer_Line_Begin_PM.c ****         else
 154:.\Generated_Source\PSoC5/Timer_Line_Begin_PM.c ****         {
 155:.\Generated_Source\PSoC5/Timer_Line_Begin_PM.c ****             /* Timer is disabled */
 156:.\Generated_Source\PSoC5/Timer_Line_Begin_PM.c ****             Timer_Line_Begin_backup.TimerEnableState = 0u;
 154              		.loc 1 156 0
 155 0026 40F20003 		movw	r3, #:lower16:Timer_Line_Begin_backup
 156 002a C0F20003 		movt	r3, #:upper16:Timer_Line_Begin_backup
 157 002e 4FF00002 		mov	r2, #0
 158 0032 1A70     		strb	r2, [r3, #0]
 159              	.L7:
 157:.\Generated_Source\PSoC5/Timer_Line_Begin_PM.c ****         }
 158:.\Generated_Source\PSoC5/Timer_Line_Begin_PM.c ****     #endif /* Back up enable state from the Timer control register */
 159:.\Generated_Source\PSoC5/Timer_Line_Begin_PM.c ****     Timer_Line_Begin_Stop();
 160              		.loc 1 159 0
 161 0034 FFF7FEFF 		bl	Timer_Line_Begin_Stop
 160:.\Generated_Source\PSoC5/Timer_Line_Begin_PM.c ****     Timer_Line_Begin_SaveConfig();
 162              		.loc 1 160 0
 163 0038 FFF7FEFF 		bl	Timer_Line_Begin_SaveConfig
 161:.\Generated_Source\PSoC5/Timer_Line_Begin_PM.c **** }
 164              		.loc 1 161 0
 165 003c 80BD     		pop	{r7, pc}
 166              		.cfi_endproc
 167              	.LFE2:
 168              		.size	Timer_Line_Begin_Sleep, .-Timer_Line_Begin_Sleep
 169 003e 00BF     		.section	.text.Timer_Line_Begin_Wakeup,"ax",%progbits
 170              		.align	2
 171              		.global	Timer_Line_Begin_Wakeup
 172              		.thumb
 173              		.thumb_func
 174              		.type	Timer_Line_Begin_Wakeup, %function
 175              	Timer_Line_Begin_Wakeup:
 176              	.LFB3:
ARM GAS  C:\Users\bccho\AppData\Local\Temp\ccPz96Gb.s 			page 7


 162:.\Generated_Source\PSoC5/Timer_Line_Begin_PM.c **** 
 163:.\Generated_Source\PSoC5/Timer_Line_Begin_PM.c **** 
 164:.\Generated_Source\PSoC5/Timer_Line_Begin_PM.c **** /*******************************************************************************
 165:.\Generated_Source\PSoC5/Timer_Line_Begin_PM.c **** * Function Name: Timer_Line_Begin_Wakeup
 166:.\Generated_Source\PSoC5/Timer_Line_Begin_PM.c **** ********************************************************************************
 167:.\Generated_Source\PSoC5/Timer_Line_Begin_PM.c **** *
 168:.\Generated_Source\PSoC5/Timer_Line_Begin_PM.c **** * Summary:
 169:.\Generated_Source\PSoC5/Timer_Line_Begin_PM.c **** *  Restores and enables the user configuration
 170:.\Generated_Source\PSoC5/Timer_Line_Begin_PM.c **** *
 171:.\Generated_Source\PSoC5/Timer_Line_Begin_PM.c **** * Parameters:
 172:.\Generated_Source\PSoC5/Timer_Line_Begin_PM.c **** *  void
 173:.\Generated_Source\PSoC5/Timer_Line_Begin_PM.c **** *
 174:.\Generated_Source\PSoC5/Timer_Line_Begin_PM.c **** * Return:
 175:.\Generated_Source\PSoC5/Timer_Line_Begin_PM.c **** *  void
 176:.\Generated_Source\PSoC5/Timer_Line_Begin_PM.c **** *
 177:.\Generated_Source\PSoC5/Timer_Line_Begin_PM.c **** * Global variables:
 178:.\Generated_Source\PSoC5/Timer_Line_Begin_PM.c **** *  Timer_Line_Begin_backup.enableState:  Is used to restore the enable state of
 179:.\Generated_Source\PSoC5/Timer_Line_Begin_PM.c **** *  block on wakeup from sleep mode.
 180:.\Generated_Source\PSoC5/Timer_Line_Begin_PM.c **** *
 181:.\Generated_Source\PSoC5/Timer_Line_Begin_PM.c **** *******************************************************************************/
 182:.\Generated_Source\PSoC5/Timer_Line_Begin_PM.c **** void Timer_Line_Begin_Wakeup(void) 
 183:.\Generated_Source\PSoC5/Timer_Line_Begin_PM.c **** {
 177              		.loc 1 183 0
 178              		.cfi_startproc
 179              		@ args = 0, pretend = 0, frame = 0
 180              		@ frame_needed = 1, uses_anonymous_args = 0
 181 0000 80B5     		push	{r7, lr}
 182              	.LCFI6:
 183              		.cfi_def_cfa_offset 8
 184 0002 00AF     		add	r7, sp, #0
 185              		.cfi_offset 14, -4
 186              		.cfi_offset 7, -8
 187              	.LCFI7:
 188              		.cfi_def_cfa_register 7
 184:.\Generated_Source\PSoC5/Timer_Line_Begin_PM.c ****     Timer_Line_Begin_RestoreConfig();
 189              		.loc 1 184 0
 190 0004 FFF7FEFF 		bl	Timer_Line_Begin_RestoreConfig
 185:.\Generated_Source\PSoC5/Timer_Line_Begin_PM.c ****     #if(!Timer_Line_Begin_ControlRegRemoved)
 186:.\Generated_Source\PSoC5/Timer_Line_Begin_PM.c ****         if(Timer_Line_Begin_backup.TimerEnableState == 1u)
 191              		.loc 1 186 0
 192 0008 40F20003 		movw	r3, #:lower16:Timer_Line_Begin_backup
 193 000c C0F20003 		movt	r3, #:upper16:Timer_Line_Begin_backup
 194 0010 1B78     		ldrb	r3, [r3, #0]	@ zero_extendqisi2
 195 0012 012B     		cmp	r3, #1
 196 0014 01D1     		bne	.L11
 187:.\Generated_Source\PSoC5/Timer_Line_Begin_PM.c ****         {     /* Enable Timer's operation */
 188:.\Generated_Source\PSoC5/Timer_Line_Begin_PM.c ****                 Timer_Line_Begin_Enable();
 197              		.loc 1 188 0
 198 0016 FFF7FEFF 		bl	Timer_Line_Begin_Enable
 199              	.L11:
 189:.\Generated_Source\PSoC5/Timer_Line_Begin_PM.c ****         } /* Do nothing if Timer was disabled before */
 190:.\Generated_Source\PSoC5/Timer_Line_Begin_PM.c ****     #endif /* Remove this code section if Control register is removed */
 191:.\Generated_Source\PSoC5/Timer_Line_Begin_PM.c **** }
 200              		.loc 1 191 0
 201 001a 80BD     		pop	{r7, pc}
 202              		.cfi_endproc
 203              	.LFE3:
ARM GAS  C:\Users\bccho\AppData\Local\Temp\ccPz96Gb.s 			page 8


 204              		.size	Timer_Line_Begin_Wakeup, .-Timer_Line_Begin_Wakeup
 205              		.text
 206              	.Letext0:
 207              		.section	.debug_loc,"",%progbits
 208              	.Ldebug_loc0:
 209              	.LLST0:
 210 0000 00000000 		.4byte	.LFB0
 211 0004 02000000 		.4byte	.LCFI0
 212 0008 0100     		.2byte	0x1
 213 000a 5D       		.byte	0x5d
 214 000b 02000000 		.4byte	.LCFI0
 215 000f 04000000 		.4byte	.LCFI1
 216 0013 0200     		.2byte	0x2
 217 0015 7D       		.byte	0x7d
 218 0016 08       		.sleb128 8
 219 0017 04000000 		.4byte	.LCFI1
 220 001b 40000000 		.4byte	.LFE0
 221 001f 0200     		.2byte	0x2
 222 0021 77       		.byte	0x77
 223 0022 08       		.sleb128 8
 224 0023 00000000 		.4byte	0x0
 225 0027 00000000 		.4byte	0x0
 226              	.LLST1:
 227 002b 00000000 		.4byte	.LFB1
 228 002f 02000000 		.4byte	.LCFI2
 229 0033 0100     		.2byte	0x1
 230 0035 5D       		.byte	0x5d
 231 0036 02000000 		.4byte	.LCFI2
 232 003a 04000000 		.4byte	.LCFI3
 233 003e 0200     		.2byte	0x2
 234 0040 7D       		.byte	0x7d
 235 0041 08       		.sleb128 8
 236 0042 04000000 		.4byte	.LCFI3
 237 0046 3A000000 		.4byte	.LFE1
 238 004a 0200     		.2byte	0x2
 239 004c 77       		.byte	0x77
 240 004d 08       		.sleb128 8
 241 004e 00000000 		.4byte	0x0
 242 0052 00000000 		.4byte	0x0
 243              	.LLST2:
 244 0056 00000000 		.4byte	.LFB2
 245 005a 02000000 		.4byte	.LCFI4
 246 005e 0100     		.2byte	0x1
 247 0060 5D       		.byte	0x5d
 248 0061 02000000 		.4byte	.LCFI4
 249 0065 04000000 		.4byte	.LCFI5
 250 0069 0200     		.2byte	0x2
 251 006b 7D       		.byte	0x7d
 252 006c 08       		.sleb128 8
 253 006d 04000000 		.4byte	.LCFI5
 254 0071 3E000000 		.4byte	.LFE2
 255 0075 0200     		.2byte	0x2
 256 0077 77       		.byte	0x77
 257 0078 08       		.sleb128 8
 258 0079 00000000 		.4byte	0x0
 259 007d 00000000 		.4byte	0x0
 260              	.LLST3:
ARM GAS  C:\Users\bccho\AppData\Local\Temp\ccPz96Gb.s 			page 9


 261 0081 00000000 		.4byte	.LFB3
 262 0085 02000000 		.4byte	.LCFI6
 263 0089 0100     		.2byte	0x1
 264 008b 5D       		.byte	0x5d
 265 008c 02000000 		.4byte	.LCFI6
 266 0090 04000000 		.4byte	.LCFI7
 267 0094 0200     		.2byte	0x2
 268 0096 7D       		.byte	0x7d
 269 0097 08       		.sleb128 8
 270 0098 04000000 		.4byte	.LCFI7
 271 009c 1C000000 		.4byte	.LFE3
 272 00a0 0200     		.2byte	0x2
 273 00a2 77       		.byte	0x77
 274 00a3 08       		.sleb128 8
 275 00a4 00000000 		.4byte	0x0
 276 00a8 00000000 		.4byte	0x0
 277              		.file 2 ".\\Generated_Source\\PSoC5\\/cytypes.h"
 278              		.file 3 ".\\Generated_Source\\PSoC5\\/Timer_Line_Begin.h"
 279              		.section	.debug_info
 280 0000 41010000 		.4byte	0x141
 281 0004 0200     		.2byte	0x2
 282 0006 00000000 		.4byte	.Ldebug_abbrev0
 283 000a 04       		.byte	0x4
 284 000b 01       		.uleb128 0x1
 285 000c 9F000000 		.4byte	.LASF21
 286 0010 01       		.byte	0x1
 287 0011 1B000000 		.4byte	.LASF22
 288 0015 55010000 		.4byte	.LASF23
 289 0019 00000000 		.4byte	0x0
 290 001d 00000000 		.4byte	0x0
 291 0021 00000000 		.4byte	.Ldebug_ranges0+0x0
 292 0025 00000000 		.4byte	.Ldebug_line0
 293 0029 02       		.uleb128 0x2
 294 002a 01       		.byte	0x1
 295 002b 06       		.byte	0x6
 296 002c 2D010000 		.4byte	.LASF0
 297 0030 02       		.uleb128 0x2
 298 0031 01       		.byte	0x1
 299 0032 08       		.byte	0x8
 300 0033 AB000000 		.4byte	.LASF1
 301 0037 02       		.uleb128 0x2
 302 0038 02       		.byte	0x2
 303 0039 05       		.byte	0x5
 304 003a F9000000 		.4byte	.LASF2
 305 003e 02       		.uleb128 0x2
 306 003f 02       		.byte	0x2
 307 0040 07       		.byte	0x7
 308 0041 1A010000 		.4byte	.LASF3
 309 0045 02       		.uleb128 0x2
 310 0046 04       		.byte	0x4
 311 0047 05       		.byte	0x5
 312 0048 F0000000 		.4byte	.LASF4
 313 004c 02       		.uleb128 0x2
 314 004d 04       		.byte	0x4
 315 004e 07       		.byte	0x7
 316 004f 50000000 		.4byte	.LASF5
 317 0053 02       		.uleb128 0x2
ARM GAS  C:\Users\bccho\AppData\Local\Temp\ccPz96Gb.s 			page 10


 318 0054 08       		.byte	0x8
 319 0055 05       		.byte	0x5
 320 0056 00000000 		.4byte	.LASF6
 321 005a 02       		.uleb128 0x2
 322 005b 08       		.byte	0x8
 323 005c 07       		.byte	0x7
 324 005d 62000000 		.4byte	.LASF7
 325 0061 03       		.uleb128 0x3
 326 0062 04       		.byte	0x4
 327 0063 05       		.byte	0x5
 328 0064 696E7400 		.ascii	"int\000"
 329 0068 02       		.uleb128 0x2
 330 0069 04       		.byte	0x4
 331 006a 07       		.byte	0x7
 332 006b 0E000000 		.4byte	.LASF8
 333 006f 02       		.uleb128 0x2
 334 0070 01       		.byte	0x1
 335 0071 08       		.byte	0x8
 336 0072 03020000 		.4byte	.LASF9
 337 0076 04       		.uleb128 0x4
 338 0077 4A000000 		.4byte	.LASF10
 339 007b 02       		.byte	0x2
 340 007c 60       		.byte	0x60
 341 007d 30000000 		.4byte	0x30
 342 0081 04       		.uleb128 0x4
 343 0082 CB010000 		.4byte	.LASF11
 344 0086 02       		.byte	0x2
 345 0087 61       		.byte	0x61
 346 0088 3E000000 		.4byte	0x3e
 347 008c 05       		.uleb128 0x5
 348 008d 04       		.byte	0x4
 349 008e 07       		.byte	0x7
 350 008f 06       		.uleb128 0x6
 351 0090 E5010000 		.4byte	.LASF16
 352 0094 06       		.byte	0x6
 353 0095 03       		.byte	0x3
 354 0096 3B       		.byte	0x3b
 355 0097 D4000000 		.4byte	0xd4
 356 009b 07       		.uleb128 0x7
 357 009c 8E000000 		.4byte	.LASF12
 358 00a0 03       		.byte	0x3
 359 00a1 3C       		.byte	0x3c
 360 00a2 76000000 		.4byte	0x76
 361 00a6 02       		.byte	0x2
 362 00a7 23       		.byte	0x23
 363 00a8 00       		.uleb128 0x0
 364 00a9 07       		.uleb128 0x7
 365 00aa C2010000 		.4byte	.LASF13
 366 00ae 03       		.byte	0x3
 367 00af 48       		.byte	0x48
 368 00b0 81000000 		.4byte	0x81
 369 00b4 02       		.byte	0x2
 370 00b5 23       		.byte	0x23
 371 00b6 02       		.uleb128 0x2
 372 00b7 07       		.uleb128 0x7
 373 00b8 D2010000 		.4byte	.LASF14
 374 00bc 03       		.byte	0x3
ARM GAS  C:\Users\bccho\AppData\Local\Temp\ccPz96Gb.s 			page 11


 375 00bd 49       		.byte	0x49
 376 00be 76000000 		.4byte	0x76
 377 00c2 02       		.byte	0x2
 378 00c3 23       		.byte	0x23
 379 00c4 04       		.uleb128 0x4
 380 00c5 07       		.uleb128 0x7
 381 00c6 79000000 		.4byte	.LASF15
 382 00ca 03       		.byte	0x3
 383 00cb 50       		.byte	0x50
 384 00cc 76000000 		.4byte	0x76
 385 00d0 02       		.byte	0x2
 386 00d1 23       		.byte	0x23
 387 00d2 05       		.uleb128 0x5
 388 00d3 00       		.byte	0x0
 389 00d4 04       		.uleb128 0x4
 390 00d5 E5010000 		.4byte	.LASF16
 391 00d9 03       		.byte	0x3
 392 00da 53       		.byte	0x53
 393 00db 8F000000 		.4byte	0x8f
 394 00df 08       		.uleb128 0x8
 395 00e0 01       		.byte	0x1
 396 00e1 39010000 		.4byte	.LASF17
 397 00e5 01       		.byte	0x1
 398 00e6 2A       		.byte	0x2a
 399 00e7 01       		.byte	0x1
 400 00e8 00000000 		.4byte	.LFB0
 401 00ec 40000000 		.4byte	.LFE0
 402 00f0 00000000 		.4byte	.LLST0
 403 00f4 08       		.uleb128 0x8
 404 00f5 01       		.byte	0x1
 405 00f6 B9000000 		.4byte	.LASF18
 406 00fa 01       		.byte	0x1
 407 00fb 58       		.byte	0x58
 408 00fc 01       		.byte	0x1
 409 00fd 00000000 		.4byte	.LFB1
 410 0101 3A000000 		.4byte	.LFE1
 411 0105 2B000000 		.4byte	.LLST1
 412 0109 08       		.uleb128 0x8
 413 010a 01       		.byte	0x1
 414 010b 03010000 		.4byte	.LASF19
 415 010f 01       		.byte	0x1
 416 0110 90       		.byte	0x90
 417 0111 01       		.byte	0x1
 418 0112 00000000 		.4byte	.LFB2
 419 0116 3E000000 		.4byte	.LFE2
 420 011a 56000000 		.4byte	.LLST2
 421 011e 08       		.uleb128 0x8
 422 011f 01       		.byte	0x1
 423 0120 AA010000 		.4byte	.LASF20
 424 0124 01       		.byte	0x1
 425 0125 B6       		.byte	0xb6
 426 0126 01       		.byte	0x1
 427 0127 00000000 		.4byte	.LFB3
 428 012b 1C000000 		.4byte	.LFE3
 429 012f 81000000 		.4byte	.LLST3
 430 0133 09       		.uleb128 0x9
 431 0134 D8000000 		.4byte	.LASF24
ARM GAS  C:\Users\bccho\AppData\Local\Temp\ccPz96Gb.s 			page 12


 432 0138 01       		.byte	0x1
 433 0139 14       		.byte	0x14
 434 013a D4000000 		.4byte	0xd4
 435 013e 05       		.byte	0x5
 436 013f 03       		.byte	0x3
 437 0140 00000000 		.4byte	Timer_Line_Begin_backup
 438 0144 00       		.byte	0x0
 439              		.section	.debug_abbrev
 440 0000 01       		.uleb128 0x1
 441 0001 11       		.uleb128 0x11
 442 0002 01       		.byte	0x1
 443 0003 25       		.uleb128 0x25
 444 0004 0E       		.uleb128 0xe
 445 0005 13       		.uleb128 0x13
 446 0006 0B       		.uleb128 0xb
 447 0007 03       		.uleb128 0x3
 448 0008 0E       		.uleb128 0xe
 449 0009 1B       		.uleb128 0x1b
 450 000a 0E       		.uleb128 0xe
 451 000b 11       		.uleb128 0x11
 452 000c 01       		.uleb128 0x1
 453 000d 52       		.uleb128 0x52
 454 000e 01       		.uleb128 0x1
 455 000f 55       		.uleb128 0x55
 456 0010 06       		.uleb128 0x6
 457 0011 10       		.uleb128 0x10
 458 0012 06       		.uleb128 0x6
 459 0013 00       		.byte	0x0
 460 0014 00       		.byte	0x0
 461 0015 02       		.uleb128 0x2
 462 0016 24       		.uleb128 0x24
 463 0017 00       		.byte	0x0
 464 0018 0B       		.uleb128 0xb
 465 0019 0B       		.uleb128 0xb
 466 001a 3E       		.uleb128 0x3e
 467 001b 0B       		.uleb128 0xb
 468 001c 03       		.uleb128 0x3
 469 001d 0E       		.uleb128 0xe
 470 001e 00       		.byte	0x0
 471 001f 00       		.byte	0x0
 472 0020 03       		.uleb128 0x3
 473 0021 24       		.uleb128 0x24
 474 0022 00       		.byte	0x0
 475 0023 0B       		.uleb128 0xb
 476 0024 0B       		.uleb128 0xb
 477 0025 3E       		.uleb128 0x3e
 478 0026 0B       		.uleb128 0xb
 479 0027 03       		.uleb128 0x3
 480 0028 08       		.uleb128 0x8
 481 0029 00       		.byte	0x0
 482 002a 00       		.byte	0x0
 483 002b 04       		.uleb128 0x4
 484 002c 16       		.uleb128 0x16
 485 002d 00       		.byte	0x0
 486 002e 03       		.uleb128 0x3
 487 002f 0E       		.uleb128 0xe
 488 0030 3A       		.uleb128 0x3a
ARM GAS  C:\Users\bccho\AppData\Local\Temp\ccPz96Gb.s 			page 13


 489 0031 0B       		.uleb128 0xb
 490 0032 3B       		.uleb128 0x3b
 491 0033 0B       		.uleb128 0xb
 492 0034 49       		.uleb128 0x49
 493 0035 13       		.uleb128 0x13
 494 0036 00       		.byte	0x0
 495 0037 00       		.byte	0x0
 496 0038 05       		.uleb128 0x5
 497 0039 24       		.uleb128 0x24
 498 003a 00       		.byte	0x0
 499 003b 0B       		.uleb128 0xb
 500 003c 0B       		.uleb128 0xb
 501 003d 3E       		.uleb128 0x3e
 502 003e 0B       		.uleb128 0xb
 503 003f 00       		.byte	0x0
 504 0040 00       		.byte	0x0
 505 0041 06       		.uleb128 0x6
 506 0042 13       		.uleb128 0x13
 507 0043 01       		.byte	0x1
 508 0044 03       		.uleb128 0x3
 509 0045 0E       		.uleb128 0xe
 510 0046 0B       		.uleb128 0xb
 511 0047 0B       		.uleb128 0xb
 512 0048 3A       		.uleb128 0x3a
 513 0049 0B       		.uleb128 0xb
 514 004a 3B       		.uleb128 0x3b
 515 004b 0B       		.uleb128 0xb
 516 004c 01       		.uleb128 0x1
 517 004d 13       		.uleb128 0x13
 518 004e 00       		.byte	0x0
 519 004f 00       		.byte	0x0
 520 0050 07       		.uleb128 0x7
 521 0051 0D       		.uleb128 0xd
 522 0052 00       		.byte	0x0
 523 0053 03       		.uleb128 0x3
 524 0054 0E       		.uleb128 0xe
 525 0055 3A       		.uleb128 0x3a
 526 0056 0B       		.uleb128 0xb
 527 0057 3B       		.uleb128 0x3b
 528 0058 0B       		.uleb128 0xb
 529 0059 49       		.uleb128 0x49
 530 005a 13       		.uleb128 0x13
 531 005b 38       		.uleb128 0x38
 532 005c 0A       		.uleb128 0xa
 533 005d 00       		.byte	0x0
 534 005e 00       		.byte	0x0
 535 005f 08       		.uleb128 0x8
 536 0060 2E       		.uleb128 0x2e
 537 0061 00       		.byte	0x0
 538 0062 3F       		.uleb128 0x3f
 539 0063 0C       		.uleb128 0xc
 540 0064 03       		.uleb128 0x3
 541 0065 0E       		.uleb128 0xe
 542 0066 3A       		.uleb128 0x3a
 543 0067 0B       		.uleb128 0xb
 544 0068 3B       		.uleb128 0x3b
 545 0069 0B       		.uleb128 0xb
ARM GAS  C:\Users\bccho\AppData\Local\Temp\ccPz96Gb.s 			page 14


 546 006a 27       		.uleb128 0x27
 547 006b 0C       		.uleb128 0xc
 548 006c 11       		.uleb128 0x11
 549 006d 01       		.uleb128 0x1
 550 006e 12       		.uleb128 0x12
 551 006f 01       		.uleb128 0x1
 552 0070 40       		.uleb128 0x40
 553 0071 06       		.uleb128 0x6
 554 0072 00       		.byte	0x0
 555 0073 00       		.byte	0x0
 556 0074 09       		.uleb128 0x9
 557 0075 34       		.uleb128 0x34
 558 0076 00       		.byte	0x0
 559 0077 03       		.uleb128 0x3
 560 0078 0E       		.uleb128 0xe
 561 0079 3A       		.uleb128 0x3a
 562 007a 0B       		.uleb128 0xb
 563 007b 3B       		.uleb128 0x3b
 564 007c 0B       		.uleb128 0xb
 565 007d 49       		.uleb128 0x49
 566 007e 13       		.uleb128 0x13
 567 007f 02       		.uleb128 0x2
 568 0080 0A       		.uleb128 0xa
 569 0081 00       		.byte	0x0
 570 0082 00       		.byte	0x0
 571 0083 00       		.byte	0x0
 572              		.section	.debug_pubnames,"",%progbits
 573 0000 88000000 		.4byte	0x88
 574 0004 0200     		.2byte	0x2
 575 0006 00000000 		.4byte	.Ldebug_info0
 576 000a 45010000 		.4byte	0x145
 577 000e DF000000 		.4byte	0xdf
 578 0012 54696D65 		.ascii	"Timer_Line_Begin_SaveConfig\000"
 578      725F4C69 
 578      6E655F42 
 578      6567696E 
 578      5F536176 
 579 002e F4000000 		.4byte	0xf4
 580 0032 54696D65 		.ascii	"Timer_Line_Begin_RestoreConfig\000"
 580      725F4C69 
 580      6E655F42 
 580      6567696E 
 580      5F526573 
 581 0051 09010000 		.4byte	0x109
 582 0055 54696D65 		.ascii	"Timer_Line_Begin_Sleep\000"
 582      725F4C69 
 582      6E655F42 
 582      6567696E 
 582      5F536C65 
 583 006c 1E010000 		.4byte	0x11e
 584 0070 54696D65 		.ascii	"Timer_Line_Begin_Wakeup\000"
 584      725F4C69 
 584      6E655F42 
 584      6567696E 
 584      5F57616B 
 585 0088 00000000 		.4byte	0x0
 586              		.section	.debug_aranges,"",%progbits
ARM GAS  C:\Users\bccho\AppData\Local\Temp\ccPz96Gb.s 			page 15


 587 0000 34000000 		.4byte	0x34
 588 0004 0200     		.2byte	0x2
 589 0006 00000000 		.4byte	.Ldebug_info0
 590 000a 04       		.byte	0x4
 591 000b 00       		.byte	0x0
 592 000c 0000     		.2byte	0x0
 593 000e 0000     		.2byte	0x0
 594 0010 00000000 		.4byte	.LFB0
 595 0014 40000000 		.4byte	.LFE0-.LFB0
 596 0018 00000000 		.4byte	.LFB1
 597 001c 3A000000 		.4byte	.LFE1-.LFB1
 598 0020 00000000 		.4byte	.LFB2
 599 0024 3E000000 		.4byte	.LFE2-.LFB2
 600 0028 00000000 		.4byte	.LFB3
 601 002c 1C000000 		.4byte	.LFE3-.LFB3
 602 0030 00000000 		.4byte	0x0
 603 0034 00000000 		.4byte	0x0
 604              		.section	.debug_ranges,"",%progbits
 605              	.Ldebug_ranges0:
 606 0000 00000000 		.4byte	.Ltext0
 607 0004 00000000 		.4byte	.Letext0
 608 0008 00000000 		.4byte	.LFB0
 609 000c 40000000 		.4byte	.LFE0
 610 0010 00000000 		.4byte	.LFB1
 611 0014 3A000000 		.4byte	.LFE1
 612 0018 00000000 		.4byte	.LFB2
 613 001c 3E000000 		.4byte	.LFE2
 614 0020 00000000 		.4byte	.LFB3
 615 0024 1C000000 		.4byte	.LFE3
 616 0028 00000000 		.4byte	0x0
 617 002c 00000000 		.4byte	0x0
 618              		.section	.debug_str,"MS",%progbits,1
 619              	.LASF6:
 620 0000 6C6F6E67 		.ascii	"long long int\000"
 620      206C6F6E 
 620      6720696E 
 620      7400
 621              	.LASF8:
 622 000e 756E7369 		.ascii	"unsigned int\000"
 622      676E6564 
 622      20696E74 
 622      00
 623              	.LASF22:
 624 001b 2E5C4765 		.ascii	".\\Generated_Source\\PSoC5\\Timer_Line_Begin_PM.c\000"
 624      6E657261 
 624      7465645F 
 624      536F7572 
 624      63655C50 
 625              	.LASF10:
 626 004a 75696E74 		.ascii	"uint8\000"
 626      3800
 627              	.LASF5:
 628 0050 6C6F6E67 		.ascii	"long unsigned int\000"
 628      20756E73 
 628      69676E65 
 628      6420696E 
 628      7400
ARM GAS  C:\Users\bccho\AppData\Local\Temp\ccPz96Gb.s 			page 16


 629              	.LASF7:
 630 0062 6C6F6E67 		.ascii	"long long unsigned int\000"
 630      206C6F6E 
 630      6720756E 
 630      7369676E 
 630      65642069 
 631              	.LASF15:
 632 0079 54696D65 		.ascii	"TimerControlRegister\000"
 632      72436F6E 
 632      74726F6C 
 632      52656769 
 632      73746572 
 633              	.LASF12:
 634 008e 54696D65 		.ascii	"TimerEnableState\000"
 634      72456E61 
 634      626C6553 
 634      74617465 
 634      00
 635              	.LASF21:
 636 009f 474E5520 		.ascii	"GNU C 4.4.1\000"
 636      4320342E 
 636      342E3100 
 637              	.LASF1:
 638 00ab 756E7369 		.ascii	"unsigned char\000"
 638      676E6564 
 638      20636861 
 638      7200
 639              	.LASF18:
 640 00b9 54696D65 		.ascii	"Timer_Line_Begin_RestoreConfig\000"
 640      725F4C69 
 640      6E655F42 
 640      6567696E 
 640      5F526573 
 641              	.LASF24:
 642 00d8 54696D65 		.ascii	"Timer_Line_Begin_backup\000"
 642      725F4C69 
 642      6E655F42 
 642      6567696E 
 642      5F626163 
 643              	.LASF4:
 644 00f0 6C6F6E67 		.ascii	"long int\000"
 644      20696E74 
 644      00
 645              	.LASF2:
 646 00f9 73686F72 		.ascii	"short int\000"
 646      7420696E 
 646      7400
 647              	.LASF19:
 648 0103 54696D65 		.ascii	"Timer_Line_Begin_Sleep\000"
 648      725F4C69 
 648      6E655F42 
 648      6567696E 
 648      5F536C65 
 649              	.LASF3:
 650 011a 73686F72 		.ascii	"short unsigned int\000"
 650      7420756E 
 650      7369676E 
ARM GAS  C:\Users\bccho\AppData\Local\Temp\ccPz96Gb.s 			page 17


 650      65642069 
 650      6E7400
 651              	.LASF0:
 652 012d 7369676E 		.ascii	"signed char\000"
 652      65642063 
 652      68617200 
 653              	.LASF17:
 654 0139 54696D65 		.ascii	"Timer_Line_Begin_SaveConfig\000"
 654      725F4C69 
 654      6E655F42 
 654      6567696E 
 654      5F536176 
 655              	.LASF23:
 656 0155 433A5C55 		.ascii	"C:\\Users\\Public\\Documents\\Carlab\\BC and TJ\\Pr"
 656      73657273 
 656      5C507562 
 656      6C69635C 
 656      446F6375 
 657 0182 6F6A6563 		.ascii	"oject 4\\Navigation01\\Navigation01.cydsn\000"
 657      7420345C 
 657      4E617669 
 657      67617469 
 657      6F6E3031 
 658              	.LASF20:
 659 01aa 54696D65 		.ascii	"Timer_Line_Begin_Wakeup\000"
 659      725F4C69 
 659      6E655F42 
 659      6567696E 
 659      5F57616B 
 660              	.LASF13:
 661 01c2 54696D65 		.ascii	"TimerUdb\000"
 661      72556462 
 661      00
 662              	.LASF11:
 663 01cb 75696E74 		.ascii	"uint16\000"
 663      313600
 664              	.LASF14:
 665 01d2 496E7465 		.ascii	"InterruptMaskValue\000"
 665      72727570 
 665      744D6173 
 665      6B56616C 
 665      756500
 666              	.LASF16:
 667 01e5 54696D65 		.ascii	"Timer_Line_Begin_backupStruct\000"
 667      725F4C69 
 667      6E655F42 
 667      6567696E 
 667      5F626163 
 668              	.LASF9:
 669 0203 63686172 		.ascii	"char\000"
 669      00
 670              		.ident	"GCC: (Sourcery G++ Lite 2010q1-188) 4.4.1"
