Archive member included because of file (symbol)

.\CortexM3\ARM_GCC_441\Debug\Whatever You Want.a(LCD.o)
                              .\CortexM3\ARM_GCC_441\Debug\main.o (LCD_Start)
.\CortexM3\ARM_GCC_441\Debug\Whatever You Want.a(CyLib.o)
                              .\CortexM3\ARM_GCC_441\Debug\Cm3Start.o (CyResetStatus)
.\CortexM3\ARM_GCC_441\Debug\Whatever You Want.a(cyPm.o)
                              .\CortexM3\ARM_GCC_441\Debug\Whatever You Want.a(CyLib.o) (CyPmReadStatus)
.\CortexM3\ARM_GCC_441\Debug\Whatever You Want.a(PWM.o)
                              .\CortexM3\ARM_GCC_441\Debug\main.o (PWM_Start)
.\CortexM3\ARM_GCC_441\Debug\Whatever You Want.a(Counter.o)
                              .\CortexM3\ARM_GCC_441\Debug\main.o (Counter_Start)
.\CortexM3\ARM_GCC_441\Debug\Whatever You Want.a(inter_2.o)
                              .\CortexM3\ARM_GCC_441\Debug\main.o (inter_2_Start)
.\CortexM3\ARM_GCC_441\Debug\Whatever You Want.a(cyfitter_cfg.o)
                              .\CortexM3\ARM_GCC_441\Debug\Cm3Start.o (cyfitter_cfg)
.\CortexM3\ARM_GCC_441\Debug\Whatever You Want.a(CyBootAsmGnu.o)
                              .\CortexM3\ARM_GCC_441\Debug\Whatever You Want.a(CyLib.o) (CyDelayCycles)
.\CortexM3\ARM_GCC_441\Debug\Whatever You Want.a(CyFlash.o)
                              .\CortexM3\ARM_GCC_441\Debug\Whatever You Want.a(cyPm.o) (CyFlash_SetWaitCycles)
.\CortexM3\ARM_GCC_441\Debug\Whatever You Want.a(CySpc.o)
                              .\CortexM3\ARM_GCC_441\Debug\Whatever You Want.a(CyFlash.o) (CySpcStart)
.\CortexM3\ARM_GCC_441\Debug\Whatever You Want.a(cyutils.o)
                              .\CortexM3\ARM_GCC_441\Debug\Whatever You Want.a(cyfitter_cfg.o) (CySetReg24)
c:/program files (x86)/cypress/psoc creator/2.1/psoc creator/import/gnu_cs/arm/4.4.1/bin/../lib/gcc/arm-none-eabi/4.4.1/../../../../arm-none-eabi/lib/thumb2\libc.a(lib_a-memcpy.o)
                              .\CortexM3\ARM_GCC_441\Debug\Whatever You Want.a(cyfitter_cfg.o) (memcpy)
c:/program files (x86)/cypress/psoc creator/2.1/psoc creator/import/gnu_cs/arm/4.4.1/bin/../lib/gcc/arm-none-eabi/4.4.1/../../../../arm-none-eabi/lib/thumb2\libc.a(lib_a-memset.o)
                              .\CortexM3\ARM_GCC_441\Debug\Whatever You Want.a(cyfitter_cfg.o) (memset)
c:/program files (x86)/cypress/psoc creator/2.1/psoc creator/import/gnu_cs/arm/4.4.1/bin/../lib/gcc/arm-none-eabi/4.4.1/../../../../arm-none-eabi/lib/thumb2\libcs3.a(start_c.o)
                              (__cs3_start_c)
c:/program files (x86)/cypress/psoc creator/2.1/psoc creator/import/gnu_cs/arm/4.4.1/bin/../lib/gcc/arm-none-eabi/4.4.1/../../../../arm-none-eabi/lib/thumb2\libcs3micro.a(micro-vector.o)
                              (__cs3_interrupt_vector_micro)
c:/program files (x86)/cypress/psoc creator/2.1/psoc creator/import/gnu_cs/arm/4.4.1/bin/../lib/gcc/arm-none-eabi/4.4.1/../../../../arm-none-eabi/lib/thumb2\libcs3micro.a(micro_isr_interrupt.o)
                              (__cs3_isr_nmi)
c:/program files (x86)/cypress/psoc creator/2.1/psoc creator/import/gnu_cs/arm/4.4.1/bin/../lib/gcc/arm-none-eabi/4.4.1/../../../../arm-none-eabi/lib/thumb2\libc.a(lib_a-init.o)
                              c:/program files (x86)/cypress/psoc creator/2.1/psoc creator/import/gnu_cs/arm/4.4.1/bin/../lib/gcc/arm-none-eabi/4.4.1/../../../../arm-none-eabi/lib/thumb2\libcs3.a(start_c.o) (__libc_init_array)

Allocating common symbols
Common symbol       size              file

CyResetStatus       0x1               .\CortexM3\ARM_GCC_441\Debug\Whatever You Want.a(CyLib.o)
dieTemperature      0x2               .\CortexM3\ARM_GCC_441\Debug\Whatever You Want.a(CyFlash.o)

Discarded input sections

 .text          0x00000000        0x0 c:/program files (x86)/cypress/psoc creator/2.1/psoc creator/import/gnu_cs/arm/4.4.1/bin/../lib/gcc/arm-none-eabi/4.4.1/thumb2/crti.o
 .data          0x00000000        0x0 c:/program files (x86)/cypress/psoc creator/2.1/psoc creator/import/gnu_cs/arm/4.4.1/bin/../lib/gcc/arm-none-eabi/4.4.1/thumb2/crti.o
 .bss           0x00000000        0x0 c:/program files (x86)/cypress/psoc creator/2.1/psoc creator/import/gnu_cs/arm/4.4.1/bin/../lib/gcc/arm-none-eabi/4.4.1/thumb2/crti.o
 .data          0x00000000        0x4 c:/program files (x86)/cypress/psoc creator/2.1/psoc creator/import/gnu_cs/arm/4.4.1/bin/../lib/gcc/arm-none-eabi/4.4.1/thumb2/crtbegin.o
 .text          0x00000000        0x0 .\CortexM3\ARM_GCC_441\Debug\main.o
 .data          0x00000000        0x0 .\CortexM3\ARM_GCC_441\Debug\main.o
 .bss           0x00000000        0x0 .\CortexM3\ARM_GCC_441\Debug\main.o
 .text          0x00000000        0x0 .\CortexM3\ARM_GCC_441\Debug\Cm3Start.o
 .data          0x00000000        0x0 .\CortexM3\ARM_GCC_441\Debug\Cm3Start.o
 .bss           0x00000000        0x0 .\CortexM3\ARM_GCC_441\Debug\Cm3Start.o
 .text.IntDefaultHandler
                0x00000000        0x8 .\CortexM3\ARM_GCC_441\Debug\Cm3Start.o
 .text          0x00000000        0x0 .\CortexM3\ARM_GCC_441\Debug\Whatever You Want.a(LCD.o)
 .data          0x00000000        0x0 .\CortexM3\ARM_GCC_441\Debug\Whatever You Want.a(LCD.o)
 .rodata        0x00000000       0x10 .\CortexM3\ARM_GCC_441\Debug\Whatever You Want.a(LCD.o)
 .text.LCD_Stop
                0x00000000       0x1c .\CortexM3\ARM_GCC_441\Debug\Whatever You Want.a(LCD.o)
 .text.LCD_PutChar
                0x00000000       0x1c .\CortexM3\ARM_GCC_441\Debug\Whatever You Want.a(LCD.o)
 .text.LCD_PrintHexUint8
                0x00000000       0x44 .\CortexM3\ARM_GCC_441\Debug\Whatever You Want.a(LCD.o)
 .text.LCD_PrintHexUint16
                0x00000000       0x2c .\CortexM3\ARM_GCC_441\Debug\Whatever You Want.a(LCD.o)
 .text.LCD_PrintDecUint16
                0x00000000      0x108 .\CortexM3\ARM_GCC_441\Debug\Whatever You Want.a(LCD.o)
 .text          0x00000000        0x0 .\CortexM3\ARM_GCC_441\Debug\Whatever You Want.a(CyLib.o)
 .bss           0x00000000        0x0 .\CortexM3\ARM_GCC_441\Debug\Whatever You Want.a(CyLib.o)
 .text.CyPLL_OUT_Start
                0x00000000       0xdc .\CortexM3\ARM_GCC_441\Debug\Whatever You Want.a(CyLib.o)
 .text.CyPLL_OUT_Stop
                0x00000000       0x24 .\CortexM3\ARM_GCC_441\Debug\Whatever You Want.a(CyLib.o)
 .text.CyPLL_OUT_SetPQ
                0x00000000      0x104 .\CortexM3\ARM_GCC_441\Debug\Whatever You Want.a(CyLib.o)
 .text.CyPLL_OUT_SetSource
                0x00000000       0x7c .\CortexM3\ARM_GCC_441\Debug\Whatever You Want.a(CyLib.o)
 .text.CyIMO_Start
                0x00000000       0xd0 .\CortexM3\ARM_GCC_441\Debug\Whatever You Want.a(CyLib.o)
 .text.CyIMO_Stop
                0x00000000       0x24 .\CortexM3\ARM_GCC_441\Debug\Whatever You Want.a(CyLib.o)
 .text.CyUSB_PowerOnCheck
                0x00000000       0x74 .\CortexM3\ARM_GCC_441\Debug\Whatever You Want.a(CyLib.o)
 .text.CyIMO_SetTrimValue
                0x00000000      0x144 .\CortexM3\ARM_GCC_441\Debug\Whatever You Want.a(CyLib.o)
 .text.CyIMO_SetFreq
                0x00000000      0x1e4 .\CortexM3\ARM_GCC_441\Debug\Whatever You Want.a(CyLib.o)
 .text.CyIMO_SetSource
                0x00000000       0xb8 .\CortexM3\ARM_GCC_441\Debug\Whatever You Want.a(CyLib.o)
 .text.CyIMO_EnableDoubler
                0x00000000       0x28 .\CortexM3\ARM_GCC_441\Debug\Whatever You Want.a(CyLib.o)
 .text.CyIMO_DisableDoubler
                0x00000000       0x24 .\CortexM3\ARM_GCC_441\Debug\Whatever You Want.a(CyLib.o)
 .text.CyMasterClk_SetSource
                0x00000000       0x3c .\CortexM3\ARM_GCC_441\Debug\Whatever You Want.a(CyLib.o)
 .text.CyMasterClk_SetDivider
                0x00000000       0x20 .\CortexM3\ARM_GCC_441\Debug\Whatever You Want.a(CyLib.o)
 .text.CyBusClk_Internal_SetDivider
                0x00000000       0x84 .\CortexM3\ARM_GCC_441\Debug\Whatever You Want.a(CyLib.o)
 .text.CyBusClk_SetDivider
                0x00000000       0xa4 .\CortexM3\ARM_GCC_441\Debug\Whatever You Want.a(CyLib.o)
 .text.CyUsbClk_SetSource
                0x00000000       0x3c .\CortexM3\ARM_GCC_441\Debug\Whatever You Want.a(CyLib.o)
 .text.CyILO_Start1K
                0x00000000       0x28 .\CortexM3\ARM_GCC_441\Debug\Whatever You Want.a(CyLib.o)
 .text.CyILO_Stop1K
                0x00000000       0x24 .\CortexM3\ARM_GCC_441\Debug\Whatever You Want.a(CyLib.o)
 .text.CyILO_Start100K
                0x00000000       0x28 .\CortexM3\ARM_GCC_441\Debug\Whatever You Want.a(CyLib.o)
 .text.CyILO_Stop100K
                0x00000000       0x24 .\CortexM3\ARM_GCC_441\Debug\Whatever You Want.a(CyLib.o)
 .text.CyILO_Enable33K
                0x00000000       0x28 .\CortexM3\ARM_GCC_441\Debug\Whatever You Want.a(CyLib.o)
 .text.CyILO_Disable33K
                0x00000000       0x24 .\CortexM3\ARM_GCC_441\Debug\Whatever You Want.a(CyLib.o)
 .text.CyILO_SetSource
                0x00000000       0x44 .\CortexM3\ARM_GCC_441\Debug\Whatever You Want.a(CyLib.o)
 .text.CyILO_SetPowerMode
                0x00000000       0x58 .\CortexM3\ARM_GCC_441\Debug\Whatever You Want.a(CyLib.o)
 .text.CyXTAL_32KHZ_Start
                0x00000000       0x9c .\CortexM3\ARM_GCC_441\Debug\Whatever You Want.a(CyLib.o)
 .text.CyXTAL_32KHZ_Stop
                0x00000000       0x60 .\CortexM3\ARM_GCC_441\Debug\Whatever You Want.a(CyLib.o)
 .text.CyXTAL_32KHZ_ReadStatus
                0x00000000       0x1c .\CortexM3\ARM_GCC_441\Debug\Whatever You Want.a(CyLib.o)
 .text.CyXTAL_32KHZ_SetPowerMode
                0x00000000       0xf8 .\CortexM3\ARM_GCC_441\Debug\Whatever You Want.a(CyLib.o)
 .text.CyXTAL_Start
                0x00000000      0x100 .\CortexM3\ARM_GCC_441\Debug\Whatever You Want.a(CyLib.o)
 .text.CyXTAL_Stop
                0x00000000       0x24 .\CortexM3\ARM_GCC_441\Debug\Whatever You Want.a(CyLib.o)
 .text.CyXTAL_EnableErrStatus
                0x00000000       0x24 .\CortexM3\ARM_GCC_441\Debug\Whatever You Want.a(CyLib.o)
 .text.CyXTAL_DisableErrStatus
                0x00000000       0x28 .\CortexM3\ARM_GCC_441\Debug\Whatever You Want.a(CyLib.o)
 .text.CyXTAL_ReadStatus
                0x00000000       0x28 .\CortexM3\ARM_GCC_441\Debug\Whatever You Want.a(CyLib.o)
 .text.CyXTAL_EnableFaultRecovery
                0x00000000       0x28 .\CortexM3\ARM_GCC_441\Debug\Whatever You Want.a(CyLib.o)
 .text.CyXTAL_DisableFaultRecovery
                0x00000000       0x24 .\CortexM3\ARM_GCC_441\Debug\Whatever You Want.a(CyLib.o)
 .text.CyXTAL_SetStartup
                0x00000000       0x3c .\CortexM3\ARM_GCC_441\Debug\Whatever You Want.a(CyLib.o)
 .text.CyXTAL_SetFbVoltage
                0x00000000       0x3c .\CortexM3\ARM_GCC_441\Debug\Whatever You Want.a(CyLib.o)
 .text.CyXTAL_SetWdVoltage
                0x00000000       0x44 .\CortexM3\ARM_GCC_441\Debug\Whatever You Want.a(CyLib.o)
 .text.CySoftwareReset
                0x00000000       0x18 .\CortexM3\ARM_GCC_441\Debug\Whatever You Want.a(CyLib.o)
 .text.CyDelayFreq
                0x00000000       0xac .\CortexM3\ARM_GCC_441\Debug\Whatever You Want.a(CyLib.o)
 .text.CyWdtStart
                0x00000000       0xc4 .\CortexM3\ARM_GCC_441\Debug\Whatever You Want.a(CyLib.o)
 .text.CyWdtClear
                0x00000000       0x18 .\CortexM3\ARM_GCC_441\Debug\Whatever You Want.a(CyLib.o)
 .text.CyVdLvDigitEnable
                0x00000000       0xec .\CortexM3\ARM_GCC_441\Debug\Whatever You Want.a(CyLib.o)
 .text.CyVdLvAnalogEnable
                0x00000000       0xf8 .\CortexM3\ARM_GCC_441\Debug\Whatever You Want.a(CyLib.o)
 .text.CyVdLvDigitDisable
                0x00000000       0x54 .\CortexM3\ARM_GCC_441\Debug\Whatever You Want.a(CyLib.o)
 .text.CyVdLvAnalogDisable
                0x00000000       0x54 .\CortexM3\ARM_GCC_441\Debug\Whatever You Want.a(CyLib.o)
 .text.CyVdHvAnalogEnable
                0x00000000       0x78 .\CortexM3\ARM_GCC_441\Debug\Whatever You Want.a(CyLib.o)
 .text.CyVdHvAnalogDisable
                0x00000000       0x24 .\CortexM3\ARM_GCC_441\Debug\Whatever You Want.a(CyLib.o)
 .text.CyVdStickyStatus
                0x00000000       0x4c .\CortexM3\ARM_GCC_441\Debug\Whatever You Want.a(CyLib.o)
 .text.CyVdRealTimeStatus
                0x00000000       0x30 .\CortexM3\ARM_GCC_441\Debug\Whatever You Want.a(CyLib.o)
 .text.CyDisableInts
                0x00000000       0x30 .\CortexM3\ARM_GCC_441\Debug\Whatever You Want.a(CyLib.o)
 .text.CyEnableInts
                0x00000000       0x20 .\CortexM3\ARM_GCC_441\Debug\Whatever You Want.a(CyLib.o)
 .text.CyFlushCache
                0x00000000       0x7c .\CortexM3\ARM_GCC_441\Debug\Whatever You Want.a(CyLib.o)
 .text.CyIntSetSysVector
                0x00000000       0x60 .\CortexM3\ARM_GCC_441\Debug\Whatever You Want.a(CyLib.o)
 .text.CyIntGetSysVector
                0x00000000       0x48 .\CortexM3\ARM_GCC_441\Debug\Whatever You Want.a(CyLib.o)
 .text.CyIntSetVector
                0x00000000       0x68 .\CortexM3\ARM_GCC_441\Debug\Whatever You Want.a(CyLib.o)
 .text.CyIntGetVector
                0x00000000       0x4c .\CortexM3\ARM_GCC_441\Debug\Whatever You Want.a(CyLib.o)
 .text.CyIntSetPriority
                0x00000000       0x5c .\CortexM3\ARM_GCC_441\Debug\Whatever You Want.a(CyLib.o)
 .text.CyIntGetPriority
                0x00000000       0x44 .\CortexM3\ARM_GCC_441\Debug\Whatever You Want.a(CyLib.o)
 .text.CyIntEnable
                0x00000000       0x48 .\CortexM3\ARM_GCC_441\Debug\Whatever You Want.a(CyLib.o)
 .text.CyIntGetState
                0x00000000       0x54 .\CortexM3\ARM_GCC_441\Debug\Whatever You Want.a(CyLib.o)
 .text.CyIntDisable
                0x00000000       0x48 .\CortexM3\ARM_GCC_441\Debug\Whatever You Want.a(CyLib.o)
 .text.CyIntSetPending
                0x00000000       0x48 .\CortexM3\ARM_GCC_441\Debug\Whatever You Want.a(CyLib.o)
 .text.CyIntClearPending
                0x00000000       0x48 .\CortexM3\ARM_GCC_441\Debug\Whatever You Want.a(CyLib.o)
 .text          0x00000000        0x0 .\CortexM3\ARM_GCC_441\Debug\Whatever You Want.a(cyPm.o)
 .data          0x00000000        0x0 .\CortexM3\ARM_GCC_441\Debug\Whatever You Want.a(cyPm.o)
 .bss           0x00000000       0x28 .\CortexM3\ARM_GCC_441\Debug\Whatever You Want.a(cyPm.o)
 .rodata        0x00000000       0x10 .\CortexM3\ARM_GCC_441\Debug\Whatever You Want.a(cyPm.o)
 .text.CyPmSaveClocks
                0x00000000      0x320 .\CortexM3\ARM_GCC_441\Debug\Whatever You Want.a(cyPm.o)
 .text.CyPmRestoreClocks
                0x00000000      0x384 .\CortexM3\ARM_GCC_441\Debug\Whatever You Want.a(cyPm.o)
 .text.CyPmAltAct
                0x00000000      0x118 .\CortexM3\ARM_GCC_441\Debug\Whatever You Want.a(cyPm.o)
 .text.CyPmSleep
                0x00000000      0x20c .\CortexM3\ARM_GCC_441\Debug\Whatever You Want.a(cyPm.o)
 .text.CyPmHibernate
                0x00000000      0x1d8 .\CortexM3\ARM_GCC_441\Debug\Whatever You Want.a(cyPm.o)
 .text.CyPmReadStatus
                0x00000000       0x7c .\CortexM3\ARM_GCC_441\Debug\Whatever You Want.a(cyPm.o)
 .text.CyPmHibSaveSet
                0x00000000       0xe4 .\CortexM3\ARM_GCC_441\Debug\Whatever You Want.a(cyPm.o)
 .text.CyPmHibRestore
                0x00000000       0x6c .\CortexM3\ARM_GCC_441\Debug\Whatever You Want.a(cyPm.o)
 .text.CyPmCtwSetInterval
                0x00000000       0xd8 .\CortexM3\ARM_GCC_441\Debug\Whatever You Want.a(cyPm.o)
 .text.CyPmOppsSet
                0x00000000       0x54 .\CortexM3\ARM_GCC_441\Debug\Whatever You Want.a(cyPm.o)
 .text.CyPmFtwSetInterval
                0x00000000       0xdc .\CortexM3\ARM_GCC_441\Debug\Whatever You Want.a(cyPm.o)
 .text.CyPmSlpSaveSet
                0x00000000        0xc .\CortexM3\ARM_GCC_441\Debug\Whatever You Want.a(cyPm.o)
 .text.CyPmSlpRestore
                0x00000000        0xc .\CortexM3\ARM_GCC_441\Debug\Whatever You Want.a(cyPm.o)
 .text.CyPmHibSlpSaveSet
                0x00000000       0x88 .\CortexM3\ARM_GCC_441\Debug\Whatever You Want.a(cyPm.o)
 .text.CyPmHibSlpRestore
                0x00000000       0x8c .\CortexM3\ARM_GCC_441\Debug\Whatever You Want.a(cyPm.o)
 .text.CyPmHviLviSaveDisable
                0x00000000      0x120 .\CortexM3\ARM_GCC_441\Debug\Whatever You Want.a(cyPm.o)
 .text.CyPmHviLviRestore
                0x00000000       0x6c .\CortexM3\ARM_GCC_441\Debug\Whatever You Want.a(cyPm.o)
 .text          0x00000000        0x0 .\CortexM3\ARM_GCC_441\Debug\Whatever You Want.a(PWM.o)
 .data          0x00000000        0x0 .\CortexM3\ARM_GCC_441\Debug\Whatever You Want.a(PWM.o)
 .text.PWM_Stop
                0x00000000       0x24 .\CortexM3\ARM_GCC_441\Debug\Whatever You Want.a(PWM.o)
 .text.PWM_ReadCounter
                0x00000000       0x24 .\CortexM3\ARM_GCC_441\Debug\Whatever You Want.a(PWM.o)
 .text          0x00000000        0x0 .\CortexM3\ARM_GCC_441\Debug\Whatever You Want.a(Counter.o)
 .data          0x00000000        0x0 .\CortexM3\ARM_GCC_441\Debug\Whatever You Want.a(Counter.o)
 .text.Counter_Stop
                0x00000000       0x58 .\CortexM3\ARM_GCC_441\Debug\Whatever You Want.a(Counter.o)
 .text.Counter_ReadStatusRegister
                0x00000000       0x18 .\CortexM3\ARM_GCC_441\Debug\Whatever You Want.a(Counter.o)
 .text.Counter_ReadControlRegister
                0x00000000       0x18 .\CortexM3\ARM_GCC_441\Debug\Whatever You Want.a(Counter.o)
 .text.Counter_WriteControlRegister
                0x00000000       0x20 .\CortexM3\ARM_GCC_441\Debug\Whatever You Want.a(Counter.o)
 .text.Counter_ReadCounter
                0x00000000       0x24 .\CortexM3\ARM_GCC_441\Debug\Whatever You Want.a(Counter.o)
 .text.Counter_ReadCapture
                0x00000000       0x18 .\CortexM3\ARM_GCC_441\Debug\Whatever You Want.a(Counter.o)
 .text.Counter_ReadPeriod
                0x00000000       0x18 .\CortexM3\ARM_GCC_441\Debug\Whatever You Want.a(Counter.o)
 .text          0x00000000        0x0 .\CortexM3\ARM_GCC_441\Debug\Whatever You Want.a(inter_2.o)
 .data          0x00000000        0x0 .\CortexM3\ARM_GCC_441\Debug\Whatever You Want.a(inter_2.o)
 .bss           0x00000000        0x0 .\CortexM3\ARM_GCC_441\Debug\Whatever You Want.a(inter_2.o)
 .text.inter_2_StartEx
                0x00000000       0x28 .\CortexM3\ARM_GCC_441\Debug\Whatever You Want.a(inter_2.o)
 .text.inter_2_Stop
                0x00000000       0x18 .\CortexM3\ARM_GCC_441\Debug\Whatever You Want.a(inter_2.o)
 .text.inter_2_GetVector
                0x00000000       0x28 .\CortexM3\ARM_GCC_441\Debug\Whatever You Want.a(inter_2.o)
 .text.inter_2_GetPriority
                0x00000000       0x28 .\CortexM3\ARM_GCC_441\Debug\Whatever You Want.a(inter_2.o)
 .text.inter_2_GetState
                0x00000000       0x24 .\CortexM3\ARM_GCC_441\Debug\Whatever You Want.a(inter_2.o)
 .text.inter_2_SetPending
                0x00000000       0x18 .\CortexM3\ARM_GCC_441\Debug\Whatever You Want.a(inter_2.o)
 .text.inter_2_ClearPending
                0x00000000       0x18 .\CortexM3\ARM_GCC_441\Debug\Whatever You Want.a(inter_2.o)
 .text          0x00000000        0x0 .\CortexM3\ARM_GCC_441\Debug\Whatever You Want.a(cyfitter_cfg.o)
 .data          0x00000000        0x0 .\CortexM3\ARM_GCC_441\Debug\Whatever You Want.a(cyfitter_cfg.o)
 .bss           0x00000000        0x0 .\CortexM3\ARM_GCC_441\Debug\Whatever You Want.a(cyfitter_cfg.o)
 .text.CyClockStartupError
                0x00000000        0xc .\CortexM3\ARM_GCC_441\Debug\Whatever You Want.a(cyfitter_cfg.o)
 .text.SetAnalogRoutingPumps
                0x00000000       0x30 .\CortexM3\ARM_GCC_441\Debug\Whatever You Want.a(cyfitter_cfg.o)
 .data          0x00000000        0x0 .\CortexM3\ARM_GCC_441\Debug\Whatever You Want.a(CyBootAsmGnu.o)
 .bss           0x00000000        0x0 .\CortexM3\ARM_GCC_441\Debug\Whatever You Want.a(CyBootAsmGnu.o)
 .text          0x00000000        0x0 .\CortexM3\ARM_GCC_441\Debug\Whatever You Want.a(CyFlash.o)
 .data          0x00000000        0x0 .\CortexM3\ARM_GCC_441\Debug\Whatever You Want.a(CyFlash.o)
 .bss           0x00000000        0x4 .\CortexM3\ARM_GCC_441\Debug\Whatever You Want.a(CyFlash.o)
 .text.CyFlash_Start
                0x00000000       0x48 .\CortexM3\ARM_GCC_441\Debug\Whatever You Want.a(CyFlash.o)
 .text.CyFlash_Stop
                0x00000000       0x40 .\CortexM3\ARM_GCC_441\Debug\Whatever You Want.a(CyFlash.o)
 .text.CySetTempInt
                0x00000000       0x90 .\CortexM3\ARM_GCC_441\Debug\Whatever You Want.a(CyFlash.o)
 .text.CySetTemp
                0x00000000       0x28 .\CortexM3\ARM_GCC_441\Debug\Whatever You Want.a(CyFlash.o)
 .text.CySetFlashEEBuffer
                0x00000000       0x50 .\CortexM3\ARM_GCC_441\Debug\Whatever You Want.a(CyFlash.o)
 .text.CyWriteRowData
                0x00000000       0xac .\CortexM3\ARM_GCC_441\Debug\Whatever You Want.a(CyFlash.o)
 .text.CyWriteRowFull
                0x00000000      0x124 .\CortexM3\ARM_GCC_441\Debug\Whatever You Want.a(CyFlash.o)
 .text.CyFlash_SetWaitCycles
                0x00000000       0xac .\CortexM3\ARM_GCC_441\Debug\Whatever You Want.a(CyFlash.o)
 .text.CyEEPROM_Start
                0x00000000       0x44 .\CortexM3\ARM_GCC_441\Debug\Whatever You Want.a(CyFlash.o)
 .text.CyEEPROM_Stop
                0x00000000       0x40 .\CortexM3\ARM_GCC_441\Debug\Whatever You Want.a(CyFlash.o)
 .text.CyEEPROM_ReadReserve
                0x00000000       0x3c .\CortexM3\ARM_GCC_441\Debug\Whatever You Want.a(CyFlash.o)
 .text.CyEEPROM_ReadRelease
                0x00000000       0x20 .\CortexM3\ARM_GCC_441\Debug\Whatever You Want.a(CyFlash.o)
 COMMON         0x00000000        0x2 .\CortexM3\ARM_GCC_441\Debug\Whatever You Want.a(CyFlash.o)
 .text          0x00000000        0x0 .\CortexM3\ARM_GCC_441\Debug\Whatever You Want.a(CySpc.o)
 .data          0x00000000        0x0 .\CortexM3\ARM_GCC_441\Debug\Whatever You Want.a(CySpc.o)
 .bss           0x00000000        0x2 .\CortexM3\ARM_GCC_441\Debug\Whatever You Want.a(CySpc.o)
 .text.CySpcStart
                0x00000000       0x58 .\CortexM3\ARM_GCC_441\Debug\Whatever You Want.a(CySpc.o)
 .text.CySpcStop
                0x00000000       0x54 .\CortexM3\ARM_GCC_441\Debug\Whatever You Want.a(CySpc.o)
 .text.CySpcReadData
                0x00000000       0x64 .\CortexM3\ARM_GCC_441\Debug\Whatever You Want.a(CySpc.o)
 .text.CySpcLoadMultiByte
                0x00000000      0x118 .\CortexM3\ARM_GCC_441\Debug\Whatever You Want.a(CySpc.o)
 .text.CySpcLoadRow
                0x00000000       0xbc .\CortexM3\ARM_GCC_441\Debug\Whatever You Want.a(CySpc.o)
 .text.CySpcReadMultiByte
                0x00000000       0xd0 .\CortexM3\ARM_GCC_441\Debug\Whatever You Want.a(CySpc.o)
 .text.CySpcWriteRow
                0x00000000       0xcc .\CortexM3\ARM_GCC_441\Debug\Whatever You Want.a(CySpc.o)
 .text.CySpcProgramRow
                0x00000000       0xcc .\CortexM3\ARM_GCC_441\Debug\Whatever You Want.a(CySpc.o)
 .text.CySpcEraseSector
                0x00000000       0xb8 .\CortexM3\ARM_GCC_441\Debug\Whatever You Want.a(CySpc.o)
 .text.CySpcGetTemp
                0x00000000       0x8c .\CortexM3\ARM_GCC_441\Debug\Whatever You Want.a(CySpc.o)
 .text.CySpcSetupTs
                0x00000000       0xb4 .\CortexM3\ARM_GCC_441\Debug\Whatever You Want.a(CySpc.o)
 .text.CySpcDisableTs
                0x00000000       0x60 .\CortexM3\ARM_GCC_441\Debug\Whatever You Want.a(CySpc.o)
 .text.CySpcEraseRow
                0x00000000       0xcc .\CortexM3\ARM_GCC_441\Debug\Whatever You Want.a(CySpc.o)
 .text.CySpcLock
                0x00000000       0x8c .\CortexM3\ARM_GCC_441\Debug\Whatever You Want.a(CySpc.o)
 .text.CySpcUnlock
                0x00000000       0x68 .\CortexM3\ARM_GCC_441\Debug\Whatever You Want.a(CySpc.o)
 .text          0x00000000        0x0 .\CortexM3\ARM_GCC_441\Debug\Whatever You Want.a(cyutils.o)
 .data          0x00000000        0x0 .\CortexM3\ARM_GCC_441\Debug\Whatever You Want.a(cyutils.o)
 .bss           0x00000000        0x0 .\CortexM3\ARM_GCC_441\Debug\Whatever You Want.a(cyutils.o)
 .data          0x00000000        0x0 c:/program files (x86)/cypress/psoc creator/2.1/psoc creator/import/gnu_cs/arm/4.4.1/bin/../lib/gcc/arm-none-eabi/4.4.1/../../../../arm-none-eabi/lib/thumb2\libc.a(lib_a-memcpy.o)
 .bss           0x00000000        0x0 c:/program files (x86)/cypress/psoc creator/2.1/psoc creator/import/gnu_cs/arm/4.4.1/bin/../lib/gcc/arm-none-eabi/4.4.1/../../../../arm-none-eabi/lib/thumb2\libc.a(lib_a-memcpy.o)
 .data          0x00000000        0x0 c:/program files (x86)/cypress/psoc creator/2.1/psoc creator/import/gnu_cs/arm/4.4.1/bin/../lib/gcc/arm-none-eabi/4.4.1/../../../../arm-none-eabi/lib/thumb2\libc.a(lib_a-memset.o)
 .bss           0x00000000        0x0 c:/program files (x86)/cypress/psoc creator/2.1/psoc creator/import/gnu_cs/arm/4.4.1/bin/../lib/gcc/arm-none-eabi/4.4.1/../../../../arm-none-eabi/lib/thumb2\libc.a(lib_a-memset.o)
 .text          0x00000000        0x0 c:/program files (x86)/cypress/psoc creator/2.1/psoc creator/import/gnu_cs/arm/4.4.1/bin/../lib/gcc/arm-none-eabi/4.4.1/thumb2/crtend.o
 .data          0x00000000        0x0 c:/program files (x86)/cypress/psoc creator/2.1/psoc creator/import/gnu_cs/arm/4.4.1/bin/../lib/gcc/arm-none-eabi/4.4.1/thumb2/crtend.o
 .bss           0x00000000        0x0 c:/program files (x86)/cypress/psoc creator/2.1/psoc creator/import/gnu_cs/arm/4.4.1/bin/../lib/gcc/arm-none-eabi/4.4.1/thumb2/crtend.o
 .text          0x00000000        0x0 c:/program files (x86)/cypress/psoc creator/2.1/psoc creator/import/gnu_cs/arm/4.4.1/bin/../lib/gcc/arm-none-eabi/4.4.1/thumb2/crtn.o
 .data          0x00000000        0x0 c:/program files (x86)/cypress/psoc creator/2.1/psoc creator/import/gnu_cs/arm/4.4.1/bin/../lib/gcc/arm-none-eabi/4.4.1/thumb2/crtn.o
 .bss           0x00000000        0x0 c:/program files (x86)/cypress/psoc creator/2.1/psoc creator/import/gnu_cs/arm/4.4.1/bin/../lib/gcc/arm-none-eabi/4.4.1/thumb2/crtn.o
 .data          0x00000000        0x0 c:/program files (x86)/cypress/psoc creator/2.1/psoc creator/import/gnu_cs/arm/4.4.1/bin/../lib/gcc/arm-none-eabi/4.4.1/../../../../arm-none-eabi/lib/thumb2\libcs3.a(start_c.o)
 .bss           0x00000000        0x0 c:/program files (x86)/cypress/psoc creator/2.1/psoc creator/import/gnu_cs/arm/4.4.1/bin/../lib/gcc/arm-none-eabi/4.4.1/../../../../arm-none-eabi/lib/thumb2\libcs3.a(start_c.o)
 .text          0x00000000        0x0 c:/program files (x86)/cypress/psoc creator/2.1/psoc creator/import/gnu_cs/arm/4.4.1/bin/../lib/gcc/arm-none-eabi/4.4.1/../../../../arm-none-eabi/lib/thumb2\libcs3micro.a(micro-vector.o)
 .data          0x00000000        0x0 c:/program files (x86)/cypress/psoc creator/2.1/psoc creator/import/gnu_cs/arm/4.4.1/bin/../lib/gcc/arm-none-eabi/4.4.1/../../../../arm-none-eabi/lib/thumb2\libcs3micro.a(micro-vector.o)
 .bss           0x00000000        0x0 c:/program files (x86)/cypress/psoc creator/2.1/psoc creator/import/gnu_cs/arm/4.4.1/bin/../lib/gcc/arm-none-eabi/4.4.1/../../../../arm-none-eabi/lib/thumb2\libcs3micro.a(micro-vector.o)
 .data          0x00000000        0x0 c:/program files (x86)/cypress/psoc creator/2.1/psoc creator/import/gnu_cs/arm/4.4.1/bin/../lib/gcc/arm-none-eabi/4.4.1/../../../../arm-none-eabi/lib/thumb2\libcs3micro.a(micro_isr_interrupt.o)
 .bss           0x00000000        0x0 c:/program files (x86)/cypress/psoc creator/2.1/psoc creator/import/gnu_cs/arm/4.4.1/bin/../lib/gcc/arm-none-eabi/4.4.1/../../../../arm-none-eabi/lib/thumb2\libcs3micro.a(micro_isr_interrupt.o)
 .data          0x00000000        0x0 c:/program files (x86)/cypress/psoc creator/2.1/psoc creator/import/gnu_cs/arm/4.4.1/bin/../lib/gcc/arm-none-eabi/4.4.1/../../../../arm-none-eabi/lib/thumb2\libc.a(lib_a-init.o)
 .bss           0x00000000        0x0 c:/program files (x86)/cypress/psoc creator/2.1/psoc creator/import/gnu_cs/arm/4.4.1/bin/../lib/gcc/arm-none-eabi/4.4.1/../../../../arm-none-eabi/lib/thumb2\libc.a(lib_a-init.o)

Memory Configuration

Name             Origin             Length             Attributes
rom              0x00000000         0x00040000         xr
ram              0x1fff8000         0x0000b000         xrw
*default*        0x00000000         0xffffffff

Linker script and memory map

LOAD c:/program files (x86)/cypress/psoc creator/2.1/psoc creator/import/gnu_cs/arm/4.4.1/bin/../lib/gcc/arm-none-eabi/4.4.1/thumb2/crti.o
LOAD c:/program files (x86)/cypress/psoc creator/2.1/psoc creator/import/gnu_cs/arm/4.4.1/bin/../lib/gcc/arm-none-eabi/4.4.1/thumb2/crtbegin.o
START GROUP
LOAD .\CortexM3\ARM_GCC_441\Debug\main.o
LOAD .\CortexM3\ARM_GCC_441\Debug\Cm3Start.o
LOAD .\CortexM3\ARM_GCC_441\Debug\Whatever You Want.a
LOAD C:\Program Files (x86)\Cypress\PSoC Creator\2.1\PSoC Creator\psoc\content\cycomponentlibrary\CyComponentLibrary.cylib\CortexM3\ARM_GCC_441\Debug\CyComponentLibrary.a
END GROUP
START GROUP
LOAD c:/program files (x86)/cypress/psoc creator/2.1/psoc creator/import/gnu_cs/arm/4.4.1/bin/../lib/gcc/arm-none-eabi/4.4.1/thumb2\libgcc.a
LOAD c:/program files (x86)/cypress/psoc creator/2.1/psoc creator/import/gnu_cs/arm/4.4.1/bin/../lib/gcc/arm-none-eabi/4.4.1/../../../../arm-none-eabi/lib/thumb2\libc.a
END GROUP
LOAD c:/program files (x86)/cypress/psoc creator/2.1/psoc creator/import/gnu_cs/arm/4.4.1/bin/../lib/gcc/arm-none-eabi/4.4.1/thumb2/crtend.o
LOAD c:/program files (x86)/cypress/psoc creator/2.1/psoc creator/import/gnu_cs/arm/4.4.1/bin/../lib/gcc/arm-none-eabi/4.4.1/thumb2/crtn.o
START GROUP
LOAD c:/program files (x86)/cypress/psoc creator/2.1/psoc creator/import/gnu_cs/arm/4.4.1/bin/../lib/gcc/arm-none-eabi/4.4.1/thumb2\libgcc.a
LOAD c:/program files (x86)/cypress/psoc creator/2.1/psoc creator/import/gnu_cs/arm/4.4.1/bin/../lib/gcc/arm-none-eabi/4.4.1/../../../../arm-none-eabi/lib/thumb2\libc.a
LOAD c:/program files (x86)/cypress/psoc creator/2.1/psoc creator/import/gnu_cs/arm/4.4.1/bin/../lib/gcc/arm-none-eabi/4.4.1/../../../../arm-none-eabi/lib/thumb2\libcs3.a
LOAD c:/program files (x86)/cypress/psoc creator/2.1/psoc creator/import/gnu_cs/arm/4.4.1/bin/../lib/gcc/arm-none-eabi/4.4.1/../../../../arm-none-eabi/lib/thumb2\libcs3unhosted.a
LOAD c:/program files (x86)/cypress/psoc creator/2.1/psoc creator/import/gnu_cs/arm/4.4.1/bin/../lib/gcc/arm-none-eabi/4.4.1/../../../../arm-none-eabi/lib/thumb2\libcs3micro.a
END GROUP
                0x1fff8120                PROVIDE (__cs3_heap_start, _end)
                0x00000001                PROVIDE (__cs3_region_num, ((__cs3_regions_end - __cs3_regions) / 0x14))
                0x20008000                PROVIDE (__cs3_stack, 0x20008000)
                0x20004000                PROVIDE (__cs3_heap_end, (__cs3_stack - 0x4000))

.text           0x00000000     0x13f4
 CREATE_OBJECT_SYMBOLS
                0x00000000                __cs3_interrupt_vector = __cs3_interrupt_vector_micro
 *(.cs3.interrupt_vector)
 .cs3.interrupt_vector
                0x00000000       0xc0 c:/program files (x86)/cypress/psoc creator/2.1/psoc creator/import/gnu_cs/arm/4.4.1/bin/../lib/gcc/arm-none-eabi/4.4.1/../../../../arm-none-eabi/lib/thumb2\libcs3micro.a(micro-vector.o)
                0x00000000                __cs3_interrupt_vector_micro
                0x00000001                ASSERT ((. != __cs3_interrupt_vector_micro), No interrupt vector)
                0x000001e0                PROVIDE (__cs3_reset, Reset)
 *(.cs3.reset)
                0x00000001                ASSERT ((. != __cs3_reset), No reset code)
 *(.dma_init)
                0x00000001                ASSERT ((((0x0 + .) <= 0x10000) || 0x1), DMA Init must be within the first 64k of flash)
 *(.text.cs3.init)
 .text.cs3.init
                0x000000c0       0x5c c:/program files (x86)/cypress/psoc creator/2.1/psoc creator/import/gnu_cs/arm/4.4.1/bin/../lib/gcc/arm-none-eabi/4.4.1/../../../../arm-none-eabi/lib/thumb2\libcs3.a(start_c.o)
                0x000000c0                __cs3_start_c
 *(.text .text.* .gnu.linkonce.t.*)
 .text          0x0000011c       0x30 c:/program files (x86)/cypress/psoc creator/2.1/psoc creator/import/gnu_cs/arm/4.4.1/bin/../lib/gcc/arm-none-eabi/4.4.1/thumb2/crtbegin.o
 .text.inter    0x0000014c       0x58 .\CortexM3\ARM_GCC_441\Debug\main.o
                0x0000014c                inter
 .text.main     0x000001a4       0x3c .\CortexM3\ARM_GCC_441\Debug\main.o
                0x000001a4                main
 .text.Reset    0x000001e0       0x24 .\CortexM3\ARM_GCC_441\Debug\Cm3Start.o
                0x000001e0                Reset
 .text.initialize_psoc
                0x00000204       0x9c .\CortexM3\ARM_GCC_441\Debug\Cm3Start.o
                0x00000204                initialize_psoc
 .text.LCD_Init
                0x000002a0       0x90 .\CortexM3\ARM_GCC_441\Debug\Whatever You Want.a(LCD.o)
                0x000002a0                LCD_Init
 .text.LCD_Enable
                0x00000330       0x1c .\CortexM3\ARM_GCC_441\Debug\Whatever You Want.a(LCD.o)
                0x00000330                LCD_Enable
 .text.LCD_Start
                0x0000034c       0x2c .\CortexM3\ARM_GCC_441\Debug\Whatever You Want.a(LCD.o)
                0x0000034c                LCD_Start
 .text.LCD_Position
                0x00000378       0x74 .\CortexM3\ARM_GCC_441\Debug\Whatever You Want.a(LCD.o)
                0x00000378                LCD_Position
 .text.LCD_PrintString
                0x000003ec       0x40 .\CortexM3\ARM_GCC_441\Debug\Whatever You Want.a(LCD.o)
                0x000003ec                LCD_PrintString
 .text.LCD_WriteData
                0x0000042c       0x38 .\CortexM3\ARM_GCC_441\Debug\Whatever You Want.a(LCD.o)
                0x0000042c                LCD_WriteData
 .text.LCD_WriteControl
                0x00000464       0x40 .\CortexM3\ARM_GCC_441\Debug\Whatever You Want.a(LCD.o)
                0x00000464                LCD_WriteControl
 .text.LCD_IsReady
                0x000004a4      0x204 .\CortexM3\ARM_GCC_441\Debug\Whatever You Want.a(LCD.o)
                0x000004a4                LCD_IsReady
 .text.LCD_WrDatNib
                0x000006a8       0xac .\CortexM3\ARM_GCC_441\Debug\Whatever You Want.a(LCD.o)
                0x000006a8                LCD_WrDatNib
 .text.LCD_WrCntrlNib
                0x00000754       0x8c .\CortexM3\ARM_GCC_441\Debug\Whatever You Want.a(LCD.o)
                0x00000754                LCD_WrCntrlNib
 .text.CyHalt   0x000007e0       0x18 .\CortexM3\ARM_GCC_441\Debug\Whatever You Want.a(CyLib.o)
                0x000007e0                CyHalt
 .text.CyDelay  0x000007f8       0x48 .\CortexM3\ARM_GCC_441\Debug\Whatever You Want.a(CyLib.o)
                0x000007f8                CyDelay
 .text.CyDelayUs
                0x00000840       0x28 .\CortexM3\ARM_GCC_441\Debug\Whatever You Want.a(CyLib.o)
                0x00000840                CyDelayUs
 .text.PWM_Start
                0x00000868       0x2c .\CortexM3\ARM_GCC_441\Debug\Whatever You Want.a(PWM.o)
                0x00000868                PWM_Start
 .text.PWM_Init
                0x00000894       0xa4 .\CortexM3\ARM_GCC_441\Debug\Whatever You Want.a(PWM.o)
                0x00000894                PWM_Init
 .text.PWM_Enable
                0x00000938       0x2c .\CortexM3\ARM_GCC_441\Debug\Whatever You Want.a(PWM.o)
                0x00000938                PWM_Enable
 .text.PWM_WriteCounter
                0x00000964       0x20 .\CortexM3\ARM_GCC_441\Debug\Whatever You Want.a(PWM.o)
                0x00000964                PWM_WriteCounter
 .text.PWM_ClearFIFO
                0x00000984       0x2c .\CortexM3\ARM_GCC_441\Debug\Whatever You Want.a(PWM.o)
                0x00000984                PWM_ClearFIFO
 .text.PWM_WritePeriod
                0x000009b0       0x20 .\CortexM3\ARM_GCC_441\Debug\Whatever You Want.a(PWM.o)
                0x000009b0                PWM_WritePeriod
 .text.PWM_WriteCompare
                0x000009d0       0x20 .\CortexM3\ARM_GCC_441\Debug\Whatever You Want.a(PWM.o)
                0x000009d0                PWM_WriteCompare
 .text.Counter_Init
                0x000009f0       0xdc .\CortexM3\ARM_GCC_441\Debug\Whatever You Want.a(Counter.o)
                0x000009f0                Counter_Init
 .text.Counter_Enable
                0x00000acc       0x60 .\CortexM3\ARM_GCC_441\Debug\Whatever You Want.a(Counter.o)
                0x00000acc                Counter_Enable
 .text.Counter_Start
                0x00000b2c       0x2c .\CortexM3\ARM_GCC_441\Debug\Whatever You Want.a(Counter.o)
                0x00000b2c                Counter_Start
 .text.Counter_SetInterruptMode
                0x00000b58       0x20 .\CortexM3\ARM_GCC_441\Debug\Whatever You Want.a(Counter.o)
                0x00000b58                Counter_SetInterruptMode
 .text.Counter_WriteCounter
                0x00000b78       0x88 .\CortexM3\ARM_GCC_441\Debug\Whatever You Want.a(Counter.o)
                0x00000b78                Counter_WriteCounter
 .text.Counter_WritePeriod
                0x00000c00       0x20 .\CortexM3\ARM_GCC_441\Debug\Whatever You Want.a(Counter.o)
                0x00000c00                Counter_WritePeriod
 .text.inter_2_Start
                0x00000c20       0x24 .\CortexM3\ARM_GCC_441\Debug\Whatever You Want.a(inter_2.o)
                0x00000c20                inter_2_Start
 .text.inter_2_Interrupt
                0x00000c44        0xc .\CortexM3\ARM_GCC_441\Debug\Whatever You Want.a(inter_2.o)
                0x00000c44                inter_2_Interrupt
 .text.inter_2_SetVector
                0x00000c50       0x28 .\CortexM3\ARM_GCC_441\Debug\Whatever You Want.a(inter_2.o)
                0x00000c50                inter_2_SetVector
 .text.inter_2_SetPriority
                0x00000c78       0x28 .\CortexM3\ARM_GCC_441\Debug\Whatever You Want.a(inter_2.o)
                0x00000c78                inter_2_SetPriority
 .text.inter_2_Enable
                0x00000ca0       0x18 .\CortexM3\ARM_GCC_441\Debug\Whatever You Want.a(inter_2.o)
                0x00000ca0                inter_2_Enable
 .text.inter_2_Disable
                0x00000cb8       0x18 .\CortexM3\ARM_GCC_441\Debug\Whatever You Want.a(inter_2.o)
                0x00000cb8                inter_2_Disable
 .text.cfg_write_bytes32
                0x00000cd0       0x94 .\CortexM3\ARM_GCC_441\Debug\Whatever You Want.a(cyfitter_cfg.o)
 .text.ClockSetup
                0x00000d64      0x148 .\CortexM3\ARM_GCC_441\Debug\Whatever You Want.a(cyfitter_cfg.o)
 .text.AnalogSetDefault
                0x00000eac       0x4c .\CortexM3\ARM_GCC_441\Debug\Whatever You Want.a(cyfitter_cfg.o)
                0x00000eac                AnalogSetDefault
 .text.cyfitter_cfg
                0x00000ef8      0x1a8 .\CortexM3\ARM_GCC_441\Debug\Whatever You Want.a(cyfitter_cfg.o)
                0x00000ef8                cyfitter_cfg
 .text          0x000010a0       0x20 .\CortexM3\ARM_GCC_441\Debug\Whatever You Want.a(CyBootAsmGnu.o)
                0x000010a0                CyDelayCycles
                0x000010b0                CyEnterCriticalSection
                0x000010b8                CyExitCriticalSection
 .text.CySetReg24
                0x000010c0       0x4c .\CortexM3\ARM_GCC_441\Debug\Whatever You Want.a(cyutils.o)
                0x000010c0                CySetReg24
 .text          0x0000110c      0x190 c:/program files (x86)/cypress/psoc creator/2.1/psoc creator/import/gnu_cs/arm/4.4.1/bin/../lib/gcc/arm-none-eabi/4.4.1/../../../../arm-none-eabi/lib/thumb2\libc.a(lib_a-memcpy.o)
                0x0000110c                memcpy
 .text          0x0000129c       0xd4 c:/program files (x86)/cypress/psoc creator/2.1/psoc creator/import/gnu_cs/arm/4.4.1/bin/../lib/gcc/arm-none-eabi/4.4.1/../../../../arm-none-eabi/lib/thumb2\libc.a(lib_a-memset.o)
                0x0000129c                memset
 .text          0x00001370       0x30 c:/program files (x86)/cypress/psoc creator/2.1/psoc creator/import/gnu_cs/arm/4.4.1/bin/../lib/gcc/arm-none-eabi/4.4.1/../../../../arm-none-eabi/lib/thumb2\libcs3.a(start_c.o)
                0x00001370                __cs3_premain
 .text          0x000013a0        0x2 c:/program files (x86)/cypress/psoc creator/2.1/psoc creator/import/gnu_cs/arm/4.4.1/bin/../lib/gcc/arm-none-eabi/4.4.1/../../../../arm-none-eabi/lib/thumb2\libcs3micro.a(micro_isr_interrupt.o)
                0x000013a0                __cs3_isr_external_24
                0x000013a0                __cs3_isr_external_9
                0x000013a0                __cs3_isr_external_14
                0x000013a0                __cs3_isr_reserved_9
                0x000013a0                __cs3_isr_external_4
                0x000013a0                __cs3_isr_external_21
                0x000013a0                __cs3_isr_external_0
                0x000013a0                __cs3_isr_external_27
                0x000013a0                __cs3_isr_external_11
                0x000013a0                __cs3_isr_usage_fault
                0x000013a0                __cs3_isr_svcall
                0x000013a0                __cs3_isr_external_3
                0x000013a0                __cs3_isr_mpu_fault
                0x000013a0                __cs3_isr_external_16
                0x000013a0                __cs3_isr_pendsv
                0x000013a0                __cs3_isr_external_31
                0x000013a0                __cs3_isr_nmi
                0x000013a0                __cs3_isr_external_5
                0x000013a0                __cs3_isr_external_6
                0x000013a0                __cs3_isr_external_12
                0x000013a0                __cs3_isr_hard_fault
                0x000013a0                __cs3_isr_bus_fault
                0x000013a0                __cs3_isr_external_1
                0x000013a0                __cs3_isr_external_13
                0x000013a0                __cs3_isr_external_30
                0x000013a0                __cs3_isr_external_23
                0x000013a0                __cs3_isr_external_20
                0x000013a0                __cs3_isr_debug
                0x000013a0                __cs3_isr_reserved_13
                0x000013a0                __cs3_isr_external_8
                0x000013a0                __cs3_isr_external_26
                0x000013a0                __cs3_isr_reserved_8
                0x000013a0                __cs3_isr_reserved_7
                0x000013a0                __cs3_isr_external_7
                0x000013a0                __cs3_isr_external_28
                0x000013a0                __cs3_isr_systick
                0x000013a0                __cs3_isr_external_22
                0x000013a0                __cs3_isr_external_10
                0x000013a0                __cs3_isr_external_15
                0x000013a0                __cs3_isr_interrupt
                0x000013a0                __cs3_isr_external_18
                0x000013a0                __cs3_isr_external_29
                0x000013a0                __cs3_isr_external_25
                0x000013a0                __cs3_isr_reserved_10
                0x000013a0                __cs3_isr_external_2
                0x000013a0                __cs3_isr_external_17
                0x000013a0                __cs3_isr_external_19
 *fill*         0x000013a2        0x2 00
 .text          0x000013a4       0x50 c:/program files (x86)/cypress/psoc creator/2.1/psoc creator/import/gnu_cs/arm/4.4.1/bin/../lib/gcc/arm-none-eabi/4.4.1/../../../../arm-none-eabi/lib/thumb2\libc.a(lib_a-init.o)
                0x000013a4                __libc_init_array
 *(.plt)
 *(.gnu.warning)
 *(.glue_7t)
 .glue_7t       0x00000000        0x0 linker stubs
 *(.glue_7)
 .glue_7        0x00000000        0x0 linker stubs
 *(.vfp11_veneer)
 .vfp11_veneer  0x00000000        0x0 linker stubs
 *(.bootloader)
 *(.ARM.extab* .gnu.linkonce.armextab.*)
 *(.gcc_except_table)

.v4_bx          0x000013f4        0x0
 .v4_bx         0x00000000        0x0 linker stubs

.eh_frame_hdr
 *(.eh_frame_hdr)

.eh_frame
 *(.eh_frame)
                0x000013f4                PROVIDE (__exidx_start, .)

.ARM.exidx
 *(.ARM.exidx* .gnu.linkonce.armexidx.*)
                0x000013f4                __exidx_end = .

.rodata         0x000013f4       0x8c
 *(.rodata .rodata.* .gnu.linkonce.r.*)
 .rodata        0x000013f4       0x14 .\CortexM3\ARM_GCC_441\Debug\main.o
 .rodata        0x00001408       0x3c .\CortexM3\ARM_GCC_441\Debug\Whatever You Want.a(cyfitter_cfg.o)
                0x00001444                . = ALIGN (0x4)
 *(.init)
 .init          0x00001444        0x4 c:/program files (x86)/cypress/psoc creator/2.1/psoc creator/import/gnu_cs/arm/4.4.1/bin/../lib/gcc/arm-none-eabi/4.4.1/thumb2/crti.o
                0x00001444                _init
 .init          0x00001448        0x8 c:/program files (x86)/cypress/psoc creator/2.1/psoc creator/import/gnu_cs/arm/4.4.1/bin/../lib/gcc/arm-none-eabi/4.4.1/thumb2/crtn.o
                0x00001450                . = ALIGN (0x4)
                0x00001450                __preinit_array_start = .
 *(.preinit_array)
                0x00001450                __preinit_array_end = .
                0x00001450                . = ALIGN (0x4)
                0x00001450                __init_array_start = .
 *(SORT(.init_array.*))
 *(.init_array)
 .init_array    0x00001450        0x4 c:/program files (x86)/cypress/psoc creator/2.1/psoc creator/import/gnu_cs/arm/4.4.1/bin/../lib/gcc/arm-none-eabi/4.4.1/thumb2/crtbegin.o
 .init_array    0x00001454        0x4 .\CortexM3\ARM_GCC_441\Debug\Cm3Start.o
                0x00001458                __init_array_end = .
                0x00001458                . = ALIGN (0x4)
 *(.fini)
 .fini          0x00001458        0x4 c:/program files (x86)/cypress/psoc creator/2.1/psoc creator/import/gnu_cs/arm/4.4.1/bin/../lib/gcc/arm-none-eabi/4.4.1/thumb2/crti.o
                0x00001458                _fini
 .fini          0x0000145c        0x8 c:/program files (x86)/cypress/psoc creator/2.1/psoc creator/import/gnu_cs/arm/4.4.1/bin/../lib/gcc/arm-none-eabi/4.4.1/thumb2/crtn.o
                0x00001464                . = ALIGN (0x4)
                0x00001464                __fini_array_start = .
 *(.fini_array)
 .fini_array    0x00001464        0x4 c:/program files (x86)/cypress/psoc creator/2.1/psoc creator/import/gnu_cs/arm/4.4.1/bin/../lib/gcc/arm-none-eabi/4.4.1/thumb2/crtbegin.o
 *(SORT(.fini_array.*))
                0x00001468                __fini_array_end = .
                0x00001468                . = ALIGN (0x4)
 *crtbegin.o(.ctors)
 *(EXCLUDE_FILE(*crtend.o) .ctors)
 *(SORT(.ctors.*))
 *crtend.o(.ctors)
                0x00001468                . = ALIGN (0x4)
 *crtbegin.o(.dtors)
 *(EXCLUDE_FILE(*crtend.o) .dtors)
 *(SORT(.dtors.*))
 *crtend.o(.dtors)
                0x00001468                . = ALIGN (0x4)
                0x00001468                __cs3_regions = .
                0x00001468        0x4 LONG 0x0
                0x0000146c        0x4 LONG 0x1480 __cs3_region_init_ram
                0x00001470        0x4 LONG 0x1fff8000 __cs3_region_start_ram
                0x00001474        0x4 LONG 0x118 __cs3_region_init_size_ram
                0x00001478        0x4 LONG 0x8 __cs3_region_zero_size_ram
                0x0000147c                __cs3_regions_end = .
                0x00001480                . = ALIGN (0x8)
 *fill*         0x0000147c        0x4 00
                0x00001480                _etext = .

.data           0x1fff8000      0x118 load address 0x00001480
                0x1fff8000                __cs3_region_start_ram = .
 *(.cs3.region-head.ram)
                0x1fff8001                ASSERT ((. == __cs3_region_start_ram), .cs3.region-head.ram not permitted)
 *(.ramvectors)
 .ramvectors    0x1fff8000      0x100 .\CortexM3\ARM_GCC_441\Debug\Cm3Start.o
                0x1fff8000                CyRamVectors
 *(.jcr)
 .jcr           0x1fff8100        0x0 c:/program files (x86)/cypress/psoc creator/2.1/psoc creator/import/gnu_cs/arm/4.4.1/bin/../lib/gcc/arm-none-eabi/4.4.1/thumb2/crtbegin.o
 .jcr           0x1fff8100        0x4 c:/program files (x86)/cypress/psoc creator/2.1/psoc creator/import/gnu_cs/arm/4.4.1/bin/../lib/gcc/arm-none-eabi/4.4.1/thumb2/crtend.o
 *(.got.plt)
 *(.got)
 *(.shdata)
 *(.data .data.* .gnu.linkonce.d.*)
 .data          0x1fff8104       0x10 .\CortexM3\ARM_GCC_441\Debug\Whatever You Want.a(CyLib.o)
                0x1fff8104                cydelay_freq_hz
                0x1fff8108                cydelay_freq_khz
                0x1fff810c                cydelay_freq_mhz
                0x1fff8110                cydelay_32k_ms
                0x1fff8118                . = ALIGN (0x8)
 *fill*         0x1fff8114        0x4 00
 *(.ram)
                0x1fff8118                _edata = .

.bss            0x1fff8118        0x8 load address 0x00001598
 *(.shbss)
 *(.bss .bss.* .gnu.linkonce.b.*)
 .bss           0x1fff8118        0x1 c:/program files (x86)/cypress/psoc creator/2.1/psoc creator/import/gnu_cs/arm/4.4.1/bin/../lib/gcc/arm-none-eabi/4.4.1/thumb2/crtbegin.o
 .bss           0x1fff8119        0x2 .\CortexM3\ARM_GCC_441\Debug\Whatever You Want.a(LCD.o)
                0x1fff8119                LCD_enableState
                0x1fff811a                LCD_initVar
 .bss           0x1fff811b        0x1 .\CortexM3\ARM_GCC_441\Debug\Whatever You Want.a(PWM.o)
                0x1fff811b                PWM_initVar
 .bss           0x1fff811c        0x1 .\CortexM3\ARM_GCC_441\Debug\Whatever You Want.a(Counter.o)
                0x1fff811c                Counter_initVar
 *(COMMON)
 COMMON         0x1fff811d        0x1 .\CortexM3\ARM_GCC_441\Debug\Whatever You Want.a(CyLib.o)
                0x1fff811d                CyResetStatus
                0x1fff8120                . = ALIGN (0x8)
 *fill*         0x1fff811e        0x2 00
 *(.ram.b)
                0x1fff8120                _end = .
                0x1fff8120                __end = .
                0x20003000                __cs3_region_end_ram = (__cs3_region_start_ram + 0xb000)
                0x0000b000                __cs3_region_size_ram = 0xb000
                0x00001480                __cs3_region_init_ram = LOADADDR (.data)
                0x00000118                __cs3_region_init_size_ram = (_edata - ADDR (.data))
                0x00000008                __cs3_region_zero_size_ram = (_end - _edata)

.stab
 *(.stab)

.stabstr
 *(.stabstr)

.debug
 *(.debug)

.line
 *(.line)

.debug_srcinfo
 *(.debug_srcinfo)

.debug_sfnames
 *(.debug_sfnames)

.comment        0x00000000      0x204
 .comment       0x00000000       0x2b .\CortexM3\ARM_GCC_441\Debug\main.o
 .comment       0x0000002b       0x2b .\CortexM3\ARM_GCC_441\Debug\Cm3Start.o
 .comment       0x00000056       0x2b .\CortexM3\ARM_GCC_441\Debug\Whatever You Want.a(LCD.o)
 .comment       0x00000081       0x2b .\CortexM3\ARM_GCC_441\Debug\Whatever You Want.a(CyLib.o)
 .comment       0x000000ac       0x2b .\CortexM3\ARM_GCC_441\Debug\Whatever You Want.a(cyPm.o)
 .comment       0x000000d7       0x2b .\CortexM3\ARM_GCC_441\Debug\Whatever You Want.a(PWM.o)
 .comment       0x00000102       0x2b .\CortexM3\ARM_GCC_441\Debug\Whatever You Want.a(Counter.o)
 .comment       0x0000012d       0x2b .\CortexM3\ARM_GCC_441\Debug\Whatever You Want.a(inter_2.o)
 .comment       0x00000158       0x2b .\CortexM3\ARM_GCC_441\Debug\Whatever You Want.a(cyfitter_cfg.o)
 .comment       0x00000183       0x2b .\CortexM3\ARM_GCC_441\Debug\Whatever You Want.a(CyFlash.o)
 .comment       0x000001ae       0x2b .\CortexM3\ARM_GCC_441\Debug\Whatever You Want.a(CySpc.o)
 .comment       0x000001d9       0x2b .\CortexM3\ARM_GCC_441\Debug\Whatever You Want.a(cyutils.o)

.debug_aranges  0x00000000      0x6b0
 *(.debug_aranges)
 .debug_aranges
                0x00000000       0x28 .\CortexM3\ARM_GCC_441\Debug\main.o
 .debug_aranges
                0x00000028       0x30 .\CortexM3\ARM_GCC_441\Debug\Cm3Start.o
 .debug_aranges
                0x00000058       0x90 .\CortexM3\ARM_GCC_441\Debug\Whatever You Want.a(LCD.o)
 .debug_aranges
                0x000000e8      0x238 .\CortexM3\ARM_GCC_441\Debug\Whatever You Want.a(CyLib.o)
 .debug_aranges
                0x00000320       0xa0 .\CortexM3\ARM_GCC_441\Debug\Whatever You Want.a(cyPm.o)
 .debug_aranges
                0x000003c0       0x60 .\CortexM3\ARM_GCC_441\Debug\Whatever You Want.a(PWM.o)
 .debug_aranges
                0x00000420       0x80 .\CortexM3\ARM_GCC_441\Debug\Whatever You Want.a(Counter.o)
 .debug_aranges
                0x000004a0       0x80 .\CortexM3\ARM_GCC_441\Debug\Whatever You Want.a(inter_2.o)
 .debug_aranges
                0x00000520       0x48 .\CortexM3\ARM_GCC_441\Debug\Whatever You Want.a(cyfitter_cfg.o)
 .debug_aranges
                0x00000568       0x20 .\CortexM3\ARM_GCC_441\Debug\Whatever You Want.a(CyBootAsmGnu.o)
 .debug_aranges
                0x00000588       0x78 .\CortexM3\ARM_GCC_441\Debug\Whatever You Want.a(CyFlash.o)
 .debug_aranges
                0x00000600       0x90 .\CortexM3\ARM_GCC_441\Debug\Whatever You Want.a(CySpc.o)
 .debug_aranges
                0x00000690       0x20 .\CortexM3\ARM_GCC_441\Debug\Whatever You Want.a(cyutils.o)

.debug_pubnames
                0x00000000      0xead
 *(.debug_pubnames)
 .debug_pubnames
                0x00000000       0x25 .\CortexM3\ARM_GCC_441\Debug\main.o
 .debug_pubnames
                0x00000025       0x57 .\CortexM3\ARM_GCC_441\Debug\Cm3Start.o
 .debug_pubnames
                0x0000007c      0x14d .\CortexM3\ARM_GCC_441\Debug\Whatever You Want.a(LCD.o)
 .debug_pubnames
                0x000001c9      0x614 .\CortexM3\ARM_GCC_441\Debug\Whatever You Want.a(CyLib.o)
 .debug_pubnames
                0x000007dd       0xbb .\CortexM3\ARM_GCC_441\Debug\Whatever You Want.a(cyPm.o)
 .debug_pubnames
                0x00000898       0xbd .\CortexM3\ARM_GCC_441\Debug\Whatever You Want.a(PWM.o)
 .debug_pubnames
                0x00000955      0x162 .\CortexM3\ARM_GCC_441\Debug\Whatever You Want.a(Counter.o)
 .debug_pubnames
                0x00000ab7      0x127 .\CortexM3\ARM_GCC_441\Debug\Whatever You Want.a(inter_2.o)
 .debug_pubnames
                0x00000bde       0x52 .\CortexM3\ARM_GCC_441\Debug\Whatever You Want.a(cyfitter_cfg.o)
 .debug_pubnames
                0x00000c30      0x115 .\CortexM3\ARM_GCC_441\Debug\Whatever You Want.a(CyFlash.o)
 .debug_pubnames
                0x00000d45      0x147 .\CortexM3\ARM_GCC_441\Debug\Whatever You Want.a(CySpc.o)
 .debug_pubnames
                0x00000e8c       0x21 .\CortexM3\ARM_GCC_441\Debug\Whatever You Want.a(cyutils.o)

.debug_info     0x00000000     0x2aa0
 *(.debug_info .gnu.linkonce.wi.*)
 .debug_info    0x00000000       0xb6 .\CortexM3\ARM_GCC_441\Debug\main.o
 .debug_info    0x000000b6      0x127 .\CortexM3\ARM_GCC_441\Debug\Cm3Start.o
 .debug_info    0x000001dd      0x39e .\CortexM3\ARM_GCC_441\Debug\Whatever You Want.a(LCD.o)
 .debug_info    0x0000057b      0xd2a .\CortexM3\ARM_GCC_441\Debug\Whatever You Want.a(CyLib.o)
 .debug_info    0x000012a5      0x580 .\CortexM3\ARM_GCC_441\Debug\Whatever You Want.a(cyPm.o)
 .debug_info    0x00001825      0x1ba .\CortexM3\ARM_GCC_441\Debug\Whatever You Want.a(PWM.o)
 .debug_info    0x000019df      0x21d .\CortexM3\ARM_GCC_441\Debug\Whatever You Want.a(Counter.o)
 .debug_info    0x00001bfc      0x22e .\CortexM3\ARM_GCC_441\Debug\Whatever You Want.a(inter_2.o)
 .debug_info    0x00001e2a      0x29f .\CortexM3\ARM_GCC_441\Debug\Whatever You Want.a(cyfitter_cfg.o)
 .debug_info    0x000020c9       0x8e .\CortexM3\ARM_GCC_441\Debug\Whatever You Want.a(CyBootAsmGnu.o)
 .debug_info    0x00002157      0x310 .\CortexM3\ARM_GCC_441\Debug\Whatever You Want.a(CyFlash.o)
 .debug_info    0x00002467      0x56b .\CortexM3\ARM_GCC_441\Debug\Whatever You Want.a(CySpc.o)
 .debug_info    0x000029d2       0xce .\CortexM3\ARM_GCC_441\Debug\Whatever You Want.a(cyutils.o)

.debug_abbrev   0x00000000      0xbdd
 *(.debug_abbrev)
 .debug_abbrev  0x00000000       0x75 .\CortexM3\ARM_GCC_441\Debug\main.o
 .debug_abbrev  0x00000075       0xe3 .\CortexM3\ARM_GCC_441\Debug\Cm3Start.o
 .debug_abbrev  0x00000158      0x103 .\CortexM3\ARM_GCC_441\Debug\Whatever You Want.a(LCD.o)
 .debug_abbrev  0x0000025b      0x172 .\CortexM3\ARM_GCC_441\Debug\Whatever You Want.a(CyLib.o)
 .debug_abbrev  0x000003cd      0x146 .\CortexM3\ARM_GCC_441\Debug\Whatever You Want.a(cyPm.o)
 .debug_abbrev  0x00000513       0xe0 .\CortexM3\ARM_GCC_441\Debug\Whatever You Want.a(PWM.o)
 .debug_abbrev  0x000005f3       0xe2 .\CortexM3\ARM_GCC_441\Debug\Whatever You Want.a(Counter.o)
 .debug_abbrev  0x000006d5       0xee .\CortexM3\ARM_GCC_441\Debug\Whatever You Want.a(inter_2.o)
 .debug_abbrev  0x000007c3      0x134 .\CortexM3\ARM_GCC_441\Debug\Whatever You Want.a(cyfitter_cfg.o)
 .debug_abbrev  0x000008f7       0x14 .\CortexM3\ARM_GCC_441\Debug\Whatever You Want.a(CyBootAsmGnu.o)
 .debug_abbrev  0x0000090b      0x12a .\CortexM3\ARM_GCC_441\Debug\Whatever You Want.a(CyFlash.o)
 .debug_abbrev  0x00000a35      0x139 .\CortexM3\ARM_GCC_441\Debug\Whatever You Want.a(CySpc.o)
 .debug_abbrev  0x00000b6e       0x6f .\CortexM3\ARM_GCC_441\Debug\Whatever You Want.a(cyutils.o)

.debug_line     0x00000000     0x1636
 *(.debug_line)
 .debug_line    0x00000000       0x7f .\CortexM3\ARM_GCC_441\Debug\main.o
 .debug_line    0x0000007f       0xcd .\CortexM3\ARM_GCC_441\Debug\Cm3Start.o
 .debug_line    0x0000014c      0x1d8 .\CortexM3\ARM_GCC_441\Debug\Whatever You Want.a(LCD.o)
 .debug_line    0x00000324      0x691 .\CortexM3\ARM_GCC_441\Debug\Whatever You Want.a(CyLib.o)
 .debug_line    0x000009b5      0x2e8 .\CortexM3\ARM_GCC_441\Debug\Whatever You Want.a(cyPm.o)
 .debug_line    0x00000c9d      0x11f .\CortexM3\ARM_GCC_441\Debug\Whatever You Want.a(PWM.o)
 .debug_line    0x00000dbc      0x170 .\CortexM3\ARM_GCC_441\Debug\Whatever You Want.a(Counter.o)
 .debug_line    0x00000f2c      0x15b .\CortexM3\ARM_GCC_441\Debug\Whatever You Want.a(inter_2.o)
 .debug_line    0x00001087      0x113 .\CortexM3\ARM_GCC_441\Debug\Whatever You Want.a(cyfitter_cfg.o)
 .debug_line    0x0000119a       0x67 .\CortexM3\ARM_GCC_441\Debug\Whatever You Want.a(CyBootAsmGnu.o)
 .debug_line    0x00001201      0x18f .\CortexM3\ARM_GCC_441\Debug\Whatever You Want.a(CyFlash.o)
 .debug_line    0x00001390      0x225 .\CortexM3\ARM_GCC_441\Debug\Whatever You Want.a(CySpc.o)
 .debug_line    0x000015b5       0x81 .\CortexM3\ARM_GCC_441\Debug\Whatever You Want.a(cyutils.o)

.debug_frame    0x00000000     0x157c
 *(.debug_frame)
 .debug_frame   0x00000000       0x48 .\CortexM3\ARM_GCC_441\Debug\main.o
 .debug_frame   0x00000048       0x5c .\CortexM3\ARM_GCC_441\Debug\Cm3Start.o
 .debug_frame   0x000000a4      0x1e0 .\CortexM3\ARM_GCC_441\Debug\Whatever You Want.a(LCD.o)
 .debug_frame   0x00000284      0x7f0 .\CortexM3\ARM_GCC_441\Debug\Whatever You Want.a(CyLib.o)
 .debug_frame   0x00000a74      0x208 .\CortexM3\ARM_GCC_441\Debug\Whatever You Want.a(cyPm.o)
 .debug_frame   0x00000c7c      0x110 .\CortexM3\ARM_GCC_441\Debug\Whatever You Want.a(PWM.o)
 .debug_frame   0x00000d8c      0x180 .\CortexM3\ARM_GCC_441\Debug\Whatever You Want.a(Counter.o)
 .debug_frame   0x00000f0c      0x180 .\CortexM3\ARM_GCC_441\Debug\Whatever You Want.a(inter_2.o)
 .debug_frame   0x0000108c       0xc0 .\CortexM3\ARM_GCC_441\Debug\Whatever You Want.a(cyfitter_cfg.o)
 .debug_frame   0x0000114c      0x174 .\CortexM3\ARM_GCC_441\Debug\Whatever You Want.a(CyFlash.o)
 .debug_frame   0x000012c0      0x1c8 .\CortexM3\ARM_GCC_441\Debug\Whatever You Want.a(CySpc.o)
 .debug_frame   0x00001488       0x2c .\CortexM3\ARM_GCC_441\Debug\Whatever You Want.a(cyutils.o)
 .debug_frame   0x000014b4       0x34 c:/program files (x86)/cypress/psoc creator/2.1/psoc creator/import/gnu_cs/arm/4.4.1/bin/../lib/gcc/arm-none-eabi/4.4.1/../../../../arm-none-eabi/lib/thumb2\libc.a(lib_a-memcpy.o)
 .debug_frame   0x000014e8       0x28 c:/program files (x86)/cypress/psoc creator/2.1/psoc creator/import/gnu_cs/arm/4.4.1/bin/../lib/gcc/arm-none-eabi/4.4.1/../../../../arm-none-eabi/lib/thumb2\libc.a(lib_a-memset.o)
 .debug_frame   0x00001510       0x40 c:/program files (x86)/cypress/psoc creator/2.1/psoc creator/import/gnu_cs/arm/4.4.1/bin/../lib/gcc/arm-none-eabi/4.4.1/../../../../arm-none-eabi/lib/thumb2\libcs3.a(start_c.o)
 .debug_frame   0x00001550       0x2c c:/program files (x86)/cypress/psoc creator/2.1/psoc creator/import/gnu_cs/arm/4.4.1/bin/../lib/gcc/arm-none-eabi/4.4.1/../../../../arm-none-eabi/lib/thumb2\libc.a(lib_a-init.o)

.debug_str      0x00000000     0x13a1
 *(.debug_str)
 .debug_str     0x00000000       0xba .\CortexM3\ARM_GCC_441\Debug\main.o
                                 0xf3 (size before relaxing)
 .debug_str     0x000000ba       0x91 .\CortexM3\ARM_GCC_441\Debug\Cm3Start.o
                                0x169 (size before relaxing)
 .debug_str     0x0000014b      0x176 .\CortexM3\ARM_GCC_441\Debug\Whatever You Want.a(LCD.o)
                                0x254 (size before relaxing)
 .debug_str     0x000002c1      0x684 .\CortexM3\ARM_GCC_441\Debug\Whatever You Want.a(CyLib.o)
                                0x7be (size before relaxing)
 .debug_str     0x00000945      0x369 .\CortexM3\ARM_GCC_441\Debug\Whatever You Want.a(cyPm.o)
                                0x46c (size before relaxing)
 .debug_str     0x00000cae       0xd1 .\CortexM3\ARM_GCC_441\Debug\Whatever You Want.a(PWM.o)
                                0x1a9 (size before relaxing)
 .debug_str     0x00000d7f      0x152 .\CortexM3\ARM_GCC_441\Debug\Whatever You Want.a(Counter.o)
                                0x240 (size before relaxing)
 .debug_str     0x00000ed1      0x104 .\CortexM3\ARM_GCC_441\Debug\Whatever You Want.a(inter_2.o)
                                0x209 (size before relaxing)
 .debug_str     0x00000fd5       0xfe .\CortexM3\ARM_GCC_441\Debug\Whatever You Want.a(cyfitter_cfg.o)
                                0x200 (size before relaxing)
 .debug_str     0x000010d3      0x130 .\CortexM3\ARM_GCC_441\Debug\Whatever You Want.a(CyFlash.o)
                                0x238 (size before relaxing)
 .debug_str     0x00001203      0x16b .\CortexM3\ARM_GCC_441\Debug\Whatever You Want.a(CySpc.o)
                                0x27d (size before relaxing)
 .debug_str     0x0000136e       0x33 .\CortexM3\ARM_GCC_441\Debug\Whatever You Want.a(cyutils.o)
                                0x118 (size before relaxing)

.debug_loc      0x00000000     0x21ef
 *(.debug_loc)
 .debug_loc     0x00000000       0x56 .\CortexM3\ARM_GCC_441\Debug\main.o
 .debug_loc     0x00000056       0x62 .\CortexM3\ARM_GCC_441\Debug\Cm3Start.o
 .debug_loc     0x000000b8      0x309 .\CortexM3\ARM_GCC_441\Debug\Whatever You Want.a(LCD.o)
 .debug_loc     0x000003c1      0xd7c .\CortexM3\ARM_GCC_441\Debug\Whatever You Want.a(CyLib.o)
 .debug_loc     0x0000113d      0x32f .\CortexM3\ARM_GCC_441\Debug\Whatever You Want.a(cyPm.o)
 .debug_loc     0x0000146c      0x1b3 .\CortexM3\ARM_GCC_441\Debug\Whatever You Want.a(PWM.o)
 .debug_loc     0x0000161f      0x25f .\CortexM3\ARM_GCC_441\Debug\Whatever You Want.a(Counter.o)
 .debug_loc     0x0000187e      0x26b .\CortexM3\ARM_GCC_441\Debug\Whatever You Want.a(inter_2.o)
 .debug_loc     0x00001ae9      0x14a .\CortexM3\ARM_GCC_441\Debug\Whatever You Want.a(cyfitter_cfg.o)
 .debug_loc     0x00001c33      0x24c .\CortexM3\ARM_GCC_441\Debug\Whatever You Want.a(CyFlash.o)
 .debug_loc     0x00001e7f      0x339 .\CortexM3\ARM_GCC_441\Debug\Whatever You Want.a(CySpc.o)
 .debug_loc     0x000021b8       0x37 .\CortexM3\ARM_GCC_441\Debug\Whatever You Want.a(cyutils.o)

.debug_macinfo
 *(.debug_macinfo)

.debug_ranges   0x00000000      0x630
 *(.debug_ranges)
 .debug_ranges  0x00000000       0x20 .\CortexM3\ARM_GCC_441\Debug\main.o
 .debug_ranges  0x00000020       0x28 .\CortexM3\ARM_GCC_441\Debug\Cm3Start.o
 .debug_ranges  0x00000048       0x88 .\CortexM3\ARM_GCC_441\Debug\Whatever You Want.a(LCD.o)
 .debug_ranges  0x000000d0      0x230 .\CortexM3\ARM_GCC_441\Debug\Whatever You Want.a(CyLib.o)
 .debug_ranges  0x00000300       0x98 .\CortexM3\ARM_GCC_441\Debug\Whatever You Want.a(cyPm.o)
 .debug_ranges  0x00000398       0x58 .\CortexM3\ARM_GCC_441\Debug\Whatever You Want.a(PWM.o)
 .debug_ranges  0x000003f0       0x78 .\CortexM3\ARM_GCC_441\Debug\Whatever You Want.a(Counter.o)
 .debug_ranges  0x00000468       0x78 .\CortexM3\ARM_GCC_441\Debug\Whatever You Want.a(inter_2.o)
 .debug_ranges  0x000004e0       0x40 .\CortexM3\ARM_GCC_441\Debug\Whatever You Want.a(cyfitter_cfg.o)
 .debug_ranges  0x00000520       0x70 .\CortexM3\ARM_GCC_441\Debug\Whatever You Want.a(CyFlash.o)
 .debug_ranges  0x00000590       0x88 .\CortexM3\ARM_GCC_441\Debug\Whatever You Want.a(CySpc.o)
 .debug_ranges  0x00000618       0x18 .\CortexM3\ARM_GCC_441\Debug\Whatever You Want.a(cyutils.o)

.debug_weaknames
 *(.debug_weaknames)

.debug_funcnames
 *(.debug_funcnames)

.debug_typenames
 *(.debug_typenames)

.debug_varnames
 *(.debug_varnames)

.note.gnu.arm.ident
 *(.note.gnu.arm.ident)

.ARM.attributes
                0x00000000       0x25
 *(.ARM.attributes)
 .ARM.attributes
                0x00000000       0x19 c:/program files (x86)/cypress/psoc creator/2.1/psoc creator/import/gnu_cs/arm/4.4.1/bin/../lib/gcc/arm-none-eabi/4.4.1/thumb2/crti.o
 .ARM.attributes
                0x00000019       0x29 c:/program files (x86)/cypress/psoc creator/2.1/psoc creator/import/gnu_cs/arm/4.4.1/bin/../lib/gcc/arm-none-eabi/4.4.1/thumb2/crtbegin.o
 .ARM.attributes
                0x00000042       0x31 .\CortexM3\ARM_GCC_441\Debug\main.o
 .ARM.attributes
                0x00000073       0x31 .\CortexM3\ARM_GCC_441\Debug\Cm3Start.o
 .ARM.attributes
                0x000000a4       0x31 .\CortexM3\ARM_GCC_441\Debug\Whatever You Want.a(LCD.o)
 .ARM.attributes
                0x000000d5       0x31 .\CortexM3\ARM_GCC_441\Debug\Whatever You Want.a(CyLib.o)
 .ARM.attributes
                0x00000106       0x31 .\CortexM3\ARM_GCC_441\Debug\Whatever You Want.a(cyPm.o)
 .ARM.attributes
                0x00000137       0x31 .\CortexM3\ARM_GCC_441\Debug\Whatever You Want.a(PWM.o)
 .ARM.attributes
                0x00000168       0x31 .\CortexM3\ARM_GCC_441\Debug\Whatever You Want.a(Counter.o)
 .ARM.attributes
                0x00000199       0x31 .\CortexM3\ARM_GCC_441\Debug\Whatever You Want.a(inter_2.o)
 .ARM.attributes
                0x000001ca       0x31 .\CortexM3\ARM_GCC_441\Debug\Whatever You Want.a(cyfitter_cfg.o)
 .ARM.attributes
                0x000001fb       0x21 .\CortexM3\ARM_GCC_441\Debug\Whatever You Want.a(CyBootAsmGnu.o)
 .ARM.attributes
                0x0000021c       0x31 .\CortexM3\ARM_GCC_441\Debug\Whatever You Want.a(CyFlash.o)
 .ARM.attributes
                0x0000024d       0x31 .\CortexM3\ARM_GCC_441\Debug\Whatever You Want.a(CySpc.o)
 .ARM.attributes
                0x0000027e       0x31 .\CortexM3\ARM_GCC_441\Debug\Whatever You Want.a(cyutils.o)
 .ARM.attributes
                0x000002af       0x29 c:/program files (x86)/cypress/psoc creator/2.1/psoc creator/import/gnu_cs/arm/4.4.1/bin/../lib/gcc/arm-none-eabi/4.4.1/../../../../arm-none-eabi/lib/thumb2\libc.a(lib_a-memcpy.o)
 .ARM.attributes
                0x000002d8       0x29 c:/program files (x86)/cypress/psoc creator/2.1/psoc creator/import/gnu_cs/arm/4.4.1/bin/../lib/gcc/arm-none-eabi/4.4.1/../../../../arm-none-eabi/lib/thumb2\libc.a(lib_a-memset.o)
 .ARM.attributes
                0x00000301       0x29 c:/program files (x86)/cypress/psoc creator/2.1/psoc creator/import/gnu_cs/arm/4.4.1/bin/../lib/gcc/arm-none-eabi/4.4.1/thumb2/crtend.o
 .ARM.attributes
                0x0000032a       0x19 c:/program files (x86)/cypress/psoc creator/2.1/psoc creator/import/gnu_cs/arm/4.4.1/bin/../lib/gcc/arm-none-eabi/4.4.1/thumb2/crtn.o
 .ARM.attributes
                0x00000343       0x29 c:/program files (x86)/cypress/psoc creator/2.1/psoc creator/import/gnu_cs/arm/4.4.1/bin/../lib/gcc/arm-none-eabi/4.4.1/../../../../arm-none-eabi/lib/thumb2\libcs3.a(start_c.o)
 .ARM.attributes
                0x0000036c       0x19 c:/program files (x86)/cypress/psoc creator/2.1/psoc creator/import/gnu_cs/arm/4.4.1/bin/../lib/gcc/arm-none-eabi/4.4.1/../../../../arm-none-eabi/lib/thumb2\libcs3micro.a(micro-vector.o)
 .ARM.attributes
                0x00000385       0x19 c:/program files (x86)/cypress/psoc creator/2.1/psoc creator/import/gnu_cs/arm/4.4.1/bin/../lib/gcc/arm-none-eabi/4.4.1/../../../../arm-none-eabi/lib/thumb2\libcs3micro.a(micro_isr_interrupt.o)
 .ARM.attributes
                0x0000039e       0x29 c:/program files (x86)/cypress/psoc creator/2.1/psoc creator/import/gnu_cs/arm/4.4.1/bin/../lib/gcc/arm-none-eabi/4.4.1/../../../../arm-none-eabi/lib/thumb2\libc.a(lib_a-init.o)

/DISCARD/
 *(.note.GNU-stack)
OUTPUT(.\CortexM3\ARM_GCC_441\Debug\Whatever You Want.elf elf32-littlearm)
