Archive member included because of file (symbol)

.\CortexM3\ARM_GCC_441\Debug\SpeedControl01.a(LCD.o)
                              .\CortexM3\ARM_GCC_441\Debug\main.o (LCD_Start)
.\CortexM3\ARM_GCC_441\Debug\SpeedControl01.a(inter_button.o)
                              .\CortexM3\ARM_GCC_441\Debug\main.o (inter_button_Start)
.\CortexM3\ARM_GCC_441\Debug\SpeedControl01.a(CyLib.o)
                              .\CortexM3\ARM_GCC_441\Debug\Cm3Start.o (CyResetStatus)
.\CortexM3\ARM_GCC_441\Debug\SpeedControl01.a(cyPm.o)
                              .\CortexM3\ARM_GCC_441\Debug\SpeedControl01.a(CyLib.o) (CyPmReadStatus)
.\CortexM3\ARM_GCC_441\Debug\SpeedControl01.a(rx_rcvd.o)
                              .\CortexM3\ARM_GCC_441\Debug\main.o (rx_rcvd_Start)
.\CortexM3\ARM_GCC_441\Debug\SpeedControl01.a(wheel_tick.o)
                              .\CortexM3\ARM_GCC_441\Debug\main.o (wheel_tick_Start)
.\CortexM3\ARM_GCC_441\Debug\SpeedControl01.a(tick_timeout.o)
                              .\CortexM3\ARM_GCC_441\Debug\main.o (tick_timeout_Start)
.\CortexM3\ARM_GCC_441\Debug\SpeedControl01.a(throttle_update.o)
                              .\CortexM3\ARM_GCC_441\Debug\main.o (throttle_update_Start)
.\CortexM3\ARM_GCC_441\Debug\SpeedControl01.a(PWM_Motor.o)
                              .\CortexM3\ARM_GCC_441\Debug\main.o (PWM_Motor_Start)
.\CortexM3\ARM_GCC_441\Debug\SpeedControl01.a(UART.o)
                              .\CortexM3\ARM_GCC_441\Debug\main.o (UART_Start)
.\CortexM3\ARM_GCC_441\Debug\SpeedControl01.a(Counter_PID.o)
                              .\CortexM3\ARM_GCC_441\Debug\main.o (Counter_PID_Start)
.\CortexM3\ARM_GCC_441\Debug\SpeedControl01.a(Timer_Wheel_Tick.o)
                              .\CortexM3\ARM_GCC_441\Debug\main.o (Timer_Wheel_Tick_Start)
.\CortexM3\ARM_GCC_441\Debug\SpeedControl01.a(Counter_Tick_Timeout.o)
                              .\CortexM3\ARM_GCC_441\Debug\main.o (Counter_Tick_Timeout_Start)
.\CortexM3\ARM_GCC_441\Debug\SpeedControl01.a(PWM_Servo.o)
                              .\CortexM3\ARM_GCC_441\Debug\main.o (PWM_Servo_Start)
.\CortexM3\ARM_GCC_441\Debug\SpeedControl01.a(camera_frame_start.o)
                              .\CortexM3\ARM_GCC_441\Debug\main.o (camera_frame_start_Start)
.\CortexM3\ARM_GCC_441\Debug\SpeedControl01.a(Timer_Row.o)
                              .\CortexM3\ARM_GCC_441\Debug\main.o (Timer_Row_Start)
.\CortexM3\ARM_GCC_441\Debug\SpeedControl01.a(Timer_Line_Begin.o)
                              .\CortexM3\ARM_GCC_441\Debug\main.o (Timer_Line_Begin_Start)
.\CortexM3\ARM_GCC_441\Debug\SpeedControl01.a(camera_row_start.o)
                              .\CortexM3\ARM_GCC_441\Debug\main.o (camera_row_start_Start)
.\CortexM3\ARM_GCC_441\Debug\SpeedControl01.a(camera_comp_rise.o)
                              .\CortexM3\ARM_GCC_441\Debug\main.o (camera_comp_rise_Start)
.\CortexM3\ARM_GCC_441\Debug\SpeedControl01.a(Timer_Line_End.o)
                              .\CortexM3\ARM_GCC_441\Debug\main.o (Timer_Line_End_Start)
.\CortexM3\ARM_GCC_441\Debug\SpeedControl01.a(camera_comp_fall.o)
                              .\CortexM3\ARM_GCC_441\Debug\main.o (camera_comp_fall_Start)
.\CortexM3\ARM_GCC_441\Debug\SpeedControl01.a(cyfitter_cfg.o)
                              .\CortexM3\ARM_GCC_441\Debug\Cm3Start.o (cyfitter_cfg)
.\CortexM3\ARM_GCC_441\Debug\SpeedControl01.a(CyBootAsmGnu.o)
                              .\CortexM3\ARM_GCC_441\Debug\SpeedControl01.a(CyLib.o) (CyDelayCycles)
.\CortexM3\ARM_GCC_441\Debug\SpeedControl01.a(CyFlash.o)
                              .\CortexM3\ARM_GCC_441\Debug\SpeedControl01.a(cyPm.o) (CyFlash_SetWaitCycles)
.\CortexM3\ARM_GCC_441\Debug\SpeedControl01.a(CySpc.o)
                              .\CortexM3\ARM_GCC_441\Debug\SpeedControl01.a(CyFlash.o) (CySpcStart)
.\CortexM3\ARM_GCC_441\Debug\SpeedControl01.a(cyutils.o)
                              .\CortexM3\ARM_GCC_441\Debug\SpeedControl01.a(cyfitter_cfg.o) (CySetReg24)
c:/program files (x86)/cypress/psoc creator/2.1/psoc creator/import/gnu_cs/arm/4.4.1/bin/../lib/gcc/arm-none-eabi/4.4.1/thumb2\libgcc.a(_arm_addsubdf3.o)
                              .\CortexM3\ARM_GCC_441\Debug\main.o (__aeabi_dsub)
c:/program files (x86)/cypress/psoc creator/2.1/psoc creator/import/gnu_cs/arm/4.4.1/bin/../lib/gcc/arm-none-eabi/4.4.1/thumb2\libgcc.a(_arm_muldivdf3.o)
                              .\CortexM3\ARM_GCC_441\Debug\main.o (__aeabi_dmul)
c:/program files (x86)/cypress/psoc creator/2.1/psoc creator/import/gnu_cs/arm/4.4.1/bin/../lib/gcc/arm-none-eabi/4.4.1/thumb2\libgcc.a(_arm_cmpdf2.o)
                              .\CortexM3\ARM_GCC_441\Debug\main.o (__aeabi_dcmplt)
c:/program files (x86)/cypress/psoc creator/2.1/psoc creator/import/gnu_cs/arm/4.4.1/bin/../lib/gcc/arm-none-eabi/4.4.1/thumb2\libgcc.a(_arm_fixdfsi.o)
                              .\CortexM3\ARM_GCC_441\Debug\main.o (__aeabi_d2iz)
[...]
Memory Configuration

Name             Origin             Length             Attributes
rom              0x00000000         0x00040000         xr
ram              0x1fff8000         0x0000b000         xrw
*default*        0x00000000         0xffffffff

Linker script and memory map

LOAD c:/program files (x86)/cypress/psoc creator/2.1/psoc creator/import/gnu_cs/arm/4.4.1/bin/../lib/gcc/arm-none-eabi/4.4.1/thumb2/crti.o
LOAD c:/program files (x86)/cypress/psoc creator/2.1/psoc creator/import/gnu_cs/arm/4.4.1/bin/../lib/gcc/arm-none-eabi/4.4.1/thumb2/crtbegin.o
START GROUP
LOAD .\CortexM3\ARM_GCC_441\Debug\main.o
LOAD .\CortexM3\ARM_GCC_441\Debug\serial.o
LOAD .\CortexM3\ARM_GCC_441\Debug\speedcontrol.o
LOAD .\CortexM3\ARM_GCC_441\Debug\Cm3Start.o
LOAD .\CortexM3\ARM_GCC_441\Debug\SpeedControl01.a
LOAD C:\Program Files (x86)\Cypress\PSoC Creator\2.1\PSoC Creator\psoc\content\cycomponentlibrary\CyComponentLibrary.cylib\CortexM3\ARM_GCC_441\Debug\CyComponentLibrary.a
END GROUP
START GROUP
LOAD c:/program files (x86)/cypress/psoc creator/2.1/psoc creator/import/gnu_cs/arm/4.4.1/bin/../lib/gcc/arm-none-eabi/4.4.1/thumb2\libgcc.a
LOAD c:/program files (x86)/cypress/psoc creator/2.1/psoc creator/import/gnu_cs/arm/4.4.1/bin/../lib/gcc/arm-none-eabi/4.4.1/../../../../arm-none-eabi/lib/thumb2\libc.a
END GROUP
LOAD c:/program files (x86)/cypress/psoc creator/2.1/psoc creator/import/gnu_cs/arm/4.4.1/bin/../lib/gcc/arm-none-eabi/4.4.1/thumb2/crtend.o
LOAD c:/program files (x86)/cypress/psoc creator/2.1/psoc creator/import/gnu_cs/arm/4.4.1/bin/../lib/gcc/arm-none-eabi/4.4.1/thumb2/crtn.o
START GROUP
LOAD c:/program files (x86)/cypress/psoc creator/2.1/psoc creator/import/gnu_cs/arm/4.4.1/bin/../lib/gcc/arm-none-eabi/4.4.1/thumb2\libgcc.a
LOAD c:/program files (x86)/cypress/psoc creator/2.1/psoc creator/import/gnu_cs/arm/4.4.1/bin/../lib/gcc/arm-none-eabi/4.4.1/../../../../arm-none-eabi/lib/thumb2\libc.a
LOAD c:/program files (x86)/cypress/psoc creator/2.1/psoc creator/import/gnu_cs/arm/4.4.1/bin/../lib/gcc/arm-none-eabi/4.4.1/../../../../arm-none-eabi/lib/thumb2\libcs3.a
LOAD c:/program files (x86)/cypress/psoc creator/2.1/psoc creator/import/gnu_cs/arm/4.4.1/bin/../lib/gcc/arm-none-eabi/4.4.1/../../../../arm-none-eabi/lib/thumb2\libcs3unhosted.a
LOAD c:/program files (x86)/cypress/psoc creator/2.1/psoc creator/import/gnu_cs/arm/4.4.1/bin/../lib/gcc/arm-none-eabi/4.4.1/../../../../arm-none-eabi/lib/thumb2\libcs3micro.a
END GROUP
                0x1fff8a18                PROVIDE (__cs3_heap_start, _end)
                0x00000001                PROVIDE (__cs3_region_num, ((__cs3_regions_end - __cs3_regions) / 0x14))
                0x20008000                PROVIDE (__cs3_stack, 0x20008000)
                0x20004000                PROVIDE (__cs3_heap_end, (__cs3_stack - 0x4000))

.text           0x00000000     0xd054
 CREATE_OBJECT_SYMBOLS
                0x00000000                __cs3_interrupt_vector = __cs3_interrupt_vector_micro
 *(.cs3.interrupt_vector)
 .cs3.interrupt_vector
                0x00000000       0xc0 c:/program files (x86)/cypress/psoc creator/2.1/psoc creator/import/gnu_cs/arm/4.4.1/bin/../lib/gcc/arm-none-eabi/4.4.1/../../../../arm-none-eabi/lib/thumb2\libcs3micro.a(micro-vector.o)
                0x00000000                __cs3_interrupt_vector_micro
                0x00000001                ASSERT ((. != __cs3_interrupt_vector_micro), No interrupt vector)
                0x00001e0c                PROVIDE (__cs3_reset, Reset)
 *(.cs3.reset)
                0x00000001                ASSERT ((. != __cs3_reset), No reset code)
 *(.dma_init)
                0x00000001                ASSERT ((((0x0 + .) <= 0x10000) || 0x1), DMA Init must be within the first 64k of flash)
 *(.text.cs3.init)
 .text.cs3.init
                0x000000c0       0x5c c:/program files (x86)/cypress/psoc creator/2.1/psoc creator/import/gnu_cs/arm/4.4.1/bin/../lib/gcc/arm-none-eabi/4.4.1/../../../../arm-none-eabi/lib/thumb2\libcs3.a(start_c.o)
                0x000000c0                __cs3_start_c
 *(.text .text.* .gnu.linkonce.t.*)
 .text          0x0000011c       0x30 c:/program files (x86)/cypress/psoc creator/2.1/psoc creator/import/gnu_cs/arm/4.4.1/bin/../lib/gcc/arm-none-eabi/4.4.1/thumb2/crtbegin.o
 .text.floor    0x0000014c       0x2c .\CortexM3\ARM_GCC_441\Debug\main.o
                0x0000014c                floor
 .text.ceil     0x00000178       0x3c .\CortexM3\ARM_GCC_441\Debug\main.o
                0x00000178                ceil
 *fill*         0x000001b4        0x4 00
 .text.parseMessage
                0x000001b8      0x980 .\CortexM3\ARM_GCC_441\Debug\main.o
                0x000001b8                parseMessage
 .text.button_inter
                0x00000b38       0x30 .\CortexM3\ARM_GCC_441\Debug\main.o
                0x00000b38                button_inter
 .text.rx_inter
                0x00000b68       0x30 .\CortexM3\ARM_GCC_441\Debug\main.o
                0x00000b68                rx_inter
 .text.wheel_inter
                0x00000b98       0x30 .\CortexM3\ARM_GCC_441\Debug\main.o
                0x00000b98                wheel_inter
 .text.timeout_inter
                0x00000bc8       0x30 .\CortexM3\ARM_GCC_441\Debug\main.o
                0x00000bc8                timeout_inter
 .text.pid_inter
                0x00000bf8       0x30 .\CortexM3\ARM_GCC_441\Debug\main.o
                0x00000bf8                pid_inter
 .text.cam_comp_rise_inter
                0x00000c28       0x30 .\CortexM3\ARM_GCC_441\Debug\main.o
                0x00000c28                cam_comp_rise_inter
 .text.cam_comp_fall_inter
                0x00000c58       0x30 .\CortexM3\ARM_GCC_441\Debug\main.o
                0x00000c58                cam_comp_fall_inter
 .text.cam_row_inter
                0x00000c88       0x30 .\CortexM3\ARM_GCC_441\Debug\main.o
                0x00000c88                cam_row_inter
 .text.cam_frame_inter
                0x00000cb8       0x30 .\CortexM3\ARM_GCC_441\Debug\main.o
                0x00000cb8                cam_frame_inter
 .text.main     0x00000ce8      0x2d4 .\CortexM3\ARM_GCC_441\Debug\main.o
                0x00000ce8                main
 .text.Serial_init
                0x00000fbc        0xc .\CortexM3\ARM_GCC_441\Debug\serial.o
                0x00000fbc                Serial_init
 .text.Serial_handleData
                0x00000fc8       0xf0 .\CortexM3\ARM_GCC_441\Debug\serial.o
                0x00000fc8                Serial_handleData
 .text.resetRx  0x000010b8       0x50 .\CortexM3\ARM_GCC_441\Debug\serial.o
 .text.SpeedControl_init
                0x00001108       0x18 .\CortexM3\ARM_GCC_441\Debug\speedcontrol.o
                0x00001108                SpeedControl_init
 .text.SpeedControl_enable
                0x00001120       0x44 .\CortexM3\ARM_GCC_441\Debug\speedcontrol.o
                0x00001120                SpeedControl_enable
 .text.SpeedControl_disable
                0x00001164       0x1c .\CortexM3\ARM_GCC_441\Debug\speedcontrol.o
                0x00001164                SpeedControl_disable
 .text.SpeedControl_enableDistanceControl
                0x00001180       0x18 .\CortexM3\ARM_GCC_441\Debug\speedcontrol.o
                0x00001180                SpeedControl_enableDistanceControl
 .text.SpeedControl_disableDistanceControl
                0x00001198       0x28 .\CortexM3\ARM_GCC_441\Debug\speedcontrol.o
                0x00001198                SpeedControl_disableDistanceControl
 .text.SpeedControl_enableDynamicTargetUpdate
                0x000011c0       0x40 .\CortexM3\ARM_GCC_441\Debug\speedcontrol.o
                0x000011c0                SpeedControl_enableDynamicTargetUpdate
 .text.SpeedControl_disableDynamicTargetUpdate
                0x00001200       0x18 .\CortexM3\ARM_GCC_441\Debug\speedcontrol.o
                0x00001200                SpeedControl_disableDynamicTargetUpdate
 .text.SpeedControl_isEnabled
                0x00001218       0x18 .\CortexM3\ARM_GCC_441\Debug\speedcontrol.o
                0x00001218                SpeedControl_isEnabled
 .text.SpeedControl_isDistanceControlEnabled
                0x00001230       0x18 .\CortexM3\ARM_GCC_441\Debug\speedcontrol.o
                0x00001230                SpeedControl_isDistanceControlEnabled
 .text.SpeedControl_isDynamicTargetUpdateEnabled
                0x00001248       0x18 .\CortexM3\ARM_GCC_441\Debug\speedcontrol.o
                0x00001248                SpeedControl_isDynamicTargetUpdateEnabled
 .text.SpeedControl_enableVerbosePrintout
                0x00001260       0x18 .\CortexM3\ARM_GCC_441\Debug\speedcontrol.o
                0x00001260                SpeedControl_enableVerbosePrintout
 .text.SpeedControl_disableVerbosePrintout
                0x00001278       0x18 .\CortexM3\ARM_GCC_441\Debug\speedcontrol.o
                0x00001278                SpeedControl_disableVerbosePrintout
 .text.SpeedControl_isVerbosePrintoutEnabled
                0x00001290       0x18 .\CortexM3\ARM_GCC_441\Debug\speedcontrol.o
                0x00001290                SpeedControl_isVerbosePrintoutEnabled
 .text.SpeedControl_setTargetSpeed
                0x000012a8       0x70 .\CortexM3\ARM_GCC_441\Debug\speedcontrol.o
                0x000012a8                SpeedControl_setTargetSpeed
 .text.SpeedControl_setTargetDistance
                0x00001318       0x70 .\CortexM3\ARM_GCC_441\Debug\speedcontrol.o
                0x00001318                SpeedControl_setTargetDistance
 .text.SpeedControl_setSteadyStateThrottle
                0x00001388       0x20 .\CortexM3\ARM_GCC_441\Debug\speedcontrol.o
                0x00001388                SpeedControl_setSteadyStateThrottle
 .text.SpeedControl_setP
                0x000013a8       0x24 .\CortexM3\ARM_GCC_441\Debug\speedcontrol.o
                0x000013a8                SpeedControl_setP
 .text.SpeedControl_setI
                0x000013cc       0x24 .\CortexM3\ARM_GCC_441\Debug\speedcontrol.o
                0x000013cc                SpeedControl_setI
 .text.SpeedControl_setD
                0x000013f0       0x24 .\CortexM3\ARM_GCC_441\Debug\speedcontrol.o
                0x000013f0                SpeedControl_setD
 .text.SpeedControl_getTargetSpeed
                0x00001414       0x1c .\CortexM3\ARM_GCC_441\Debug\speedcontrol.o
                0x00001414                SpeedControl_getTargetSpeed
 .text.SpeedControl_getTargetDistance
                0x00001430       0x1c .\CortexM3\ARM_GCC_441\Debug\speedcontrol.o
                0x00001430                SpeedControl_getTargetDistance
 .text.SpeedControl_getP
                0x0000144c       0x1c .\CortexM3\ARM_GCC_441\Debug\speedcontrol.o
                0x0000144c                SpeedControl_getP
 .text.SpeedControl_getI
                0x00001468       0x1c .\CortexM3\ARM_GCC_441\Debug\speedcontrol.o
                0x00001468                SpeedControl_getI
 .text.SpeedControl_getD
                0x00001484       0x1c .\CortexM3\ARM_GCC_441\Debug\speedcontrol.o
                0x00001484                SpeedControl_getD
 .text.SpeedControl_getSpeed
                0x000014a0       0x14 .\CortexM3\ARM_GCC_441\Debug\speedcontrol.o
                0x000014a0                SpeedControl_getSpeed
 .text.SpeedControl_getSteadyStateThrottle
                0x000014b4       0x18 .\CortexM3\ARM_GCC_441\Debug\speedcontrol.o
                0x000014b4                SpeedControl_getSteadyStateThrottle
 .text.SpeedControl_setThrottle
                0x000014cc       0x34 .\CortexM3\ARM_GCC_441\Debug\speedcontrol.o
                0x000014cc                SpeedControl_setThrottle
 .text.SpeedControl_getThrottle
                0x00001500       0x18 .\CortexM3\ARM_GCC_441\Debug\speedcontrol.o
                0x00001500                SpeedControl_getThrottle
 .text.SpeedControl_kill
                0x00001518        0xc .\CortexM3\ARM_GCC_441\Debug\speedcontrol.o
                0x00001518                SpeedControl_kill
 *fill*         0x00001524        0x4 00
 .text.SpeedControl_handleWheelTick
                0x00001528      0x148 .\CortexM3\ARM_GCC_441\Debug\speedcontrol.o
                0x00001528                SpeedControl_handleWheelTick
 .text.SpeedControl_handleWheelTickTimeout
                0x00001670       0x1c .\CortexM3\ARM_GCC_441\Debug\speedcontrol.o
                0x00001670                SpeedControl_handleWheelTickTimeout
 .text.SpeedControl_handleTimer
                0x0000168c       0x88 .\CortexM3\ARM_GCC_441\Debug\speedcontrol.o
                0x0000168c                SpeedControl_handleTimer
 .text.controlThrottle
                0x00001714      0x43c .\CortexM3\ARM_GCC_441\Debug\speedcontrol.o
 .text.killAll  0x00001b50       0x28 .\CortexM3\ARM_GCC_441\Debug\speedcontrol.o
 .text.setThrottle
                0x00001b78       0x8c .\CortexM3\ARM_GCC_441\Debug\speedcontrol.o
 *fill*         0x00001c04        0x4 00
 .text.getSpeed
                0x00001c08      0x130 .\CortexM3\ARM_GCC_441\Debug\speedcontrol.o
 .text.resetSpeedTracking
                0x00001d38       0x54 .\CortexM3\ARM_GCC_441\Debug\speedcontrol.o
 .text.resetDerivativeTracking
                0x00001d8c       0x60 .\CortexM3\ARM_GCC_441\Debug\speedcontrol.o
 .text.resetIntegralTracking
                0x00001dec       0x20 .\CortexM3\ARM_GCC_441\Debug\speedcontrol.o
 .text.Reset    0x00001e0c       0x24 .\CortexM3\ARM_GCC_441\Debug\Cm3Start.o
                0x00001e0c                Reset
 .text.initialize_psoc
                0x00001e30       0x9c .\CortexM3\ARM_GCC_441\Debug\Cm3Start.o
                0x00001e30                initialize_psoc
 .text.LCD_Init
                0x00001ecc       0x90 .\CortexM3\ARM_GCC_441\Debug\SpeedControl01.a(LCD.o)
                0x00001ecc                LCD_Init
 .text.LCD_Enable
                0x00001f5c       0x1c .\CortexM3\ARM_GCC_441\Debug\SpeedControl01.a(LCD.o)
                0x00001f5c                LCD_Enable
 .text.LCD_Start
                0x00001f78       0x2c .\CortexM3\ARM_GCC_441\Debug\SpeedControl01.a(LCD.o)
                0x00001f78                LCD_Start
 .text.LCD_Position
                0x00001fa4       0x74 .\CortexM3\ARM_GCC_441\Debug\SpeedControl01.a(LCD.o)
                0x00001fa4                LCD_Position
 .text.LCD_PrintString
                0x00002018       0x40 .\CortexM3\ARM_GCC_441\Debug\SpeedControl01.a(LCD.o)
                0x00002018                LCD_PrintString
 .text.LCD_WriteData
                0x00002058       0x38 .\CortexM3\ARM_GCC_441\Debug\SpeedControl01.a(LCD.o)
                0x00002058                LCD_WriteData
 .text.LCD_WriteControl
                0x00002090       0x40 .\CortexM3\ARM_GCC_441\Debug\SpeedControl01.a(LCD.o)
                0x00002090                LCD_WriteControl
 .text.LCD_IsReady
                0x000020d0      0x204 .\CortexM3\ARM_GCC_441\Debug\SpeedControl01.a(LCD.o)
                0x000020d0                LCD_IsReady
 .text.LCD_WrDatNib
                0x000022d4       0xac .\CortexM3\ARM_GCC_441\Debug\SpeedControl01.a(LCD.o)
                0x000022d4                LCD_WrDatNib
 .text.LCD_WrCntrlNib
                0x00002380       0x8c .\CortexM3\ARM_GCC_441\Debug\SpeedControl01.a(LCD.o)
                0x00002380                LCD_WrCntrlNib
 .text.inter_button_Start
                0x0000240c       0x24 .\CortexM3\ARM_GCC_441\Debug\SpeedControl01.a(inter_button.o)
                0x0000240c                inter_button_Start
 .text.inter_button_Interrupt
                0x00002430        0xc .\CortexM3\ARM_GCC_441\Debug\SpeedControl01.a(inter_button.o)
                0x00002430                inter_button_Interrupt
 .text.inter_button_SetVector
                0x0000243c       0x28 .\CortexM3\ARM_GCC_441\Debug\SpeedControl01.a(inter_button.o)
                0x0000243c                inter_button_SetVector
 .text.inter_button_SetPriority
                0x00002464       0x28 .\CortexM3\ARM_GCC_441\Debug\SpeedControl01.a(inter_button.o)
                0x00002464                inter_button_SetPriority
 .text.inter_button_Enable
                0x0000248c       0x18 .\CortexM3\ARM_GCC_441\Debug\SpeedControl01.a(inter_button.o)
                0x0000248c                inter_button_Enable
 .text.inter_button_Disable
                0x000024a4       0x18 .\CortexM3\ARM_GCC_441\Debug\SpeedControl01.a(inter_button.o)
                0x000024a4                inter_button_Disable
 .text.CyHalt   0x000024bc       0x18 .\CortexM3\ARM_GCC_441\Debug\SpeedControl01.a(CyLib.o)
                0x000024bc                CyHalt
 .text.CyDelay  0x000024d4       0x48 .\CortexM3\ARM_GCC_441\Debug\SpeedControl01.a(CyLib.o)
                0x000024d4                CyDelay
 .text.CyDelayUs
                0x0000251c       0x28 .\CortexM3\ARM_GCC_441\Debug\SpeedControl01.a(CyLib.o)
                0x0000251c                CyDelayUs
 .text.rx_rcvd_Start
                0x00002544       0x24 .\CortexM3\ARM_GCC_441\Debug\SpeedControl01.a(rx_rcvd.o)
                0x00002544                rx_rcvd_Start
 .text.rx_rcvd_Interrupt
                0x00002568        0xc .\CortexM3\ARM_GCC_441\Debug\SpeedControl01.a(rx_rcvd.o)
                0x00002568                rx_rcvd_Interrupt
 .text.rx_rcvd_SetVector
                0x00002574       0x28 .\CortexM3\ARM_GCC_441\Debug\SpeedControl01.a(rx_rcvd.o)
                0x00002574                rx_rcvd_SetVector
 .text.rx_rcvd_SetPriority
                0x0000259c       0x28 .\CortexM3\ARM_GCC_441\Debug\SpeedControl01.a(rx_rcvd.o)
                0x0000259c                rx_rcvd_SetPriority
 .text.rx_rcvd_Enable
                0x000025c4       0x18 .\CortexM3\ARM_GCC_441\Debug\SpeedControl01.a(rx_rcvd.o)
                0x000025c4                rx_rcvd_Enable
 .text.rx_rcvd_Disable
                0x000025dc       0x18 .\CortexM3\ARM_GCC_441\Debug\SpeedControl01.a(rx_rcvd.o)
                0x000025dc                rx_rcvd_Disable
 .text.wheel_tick_Start
                0x000025f4       0x24 .\CortexM3\ARM_GCC_441\Debug\SpeedControl01.a(wheel_tick.o)
                0x000025f4                wheel_tick_Start
 .text.wheel_tick_Interrupt
                0x00002618        0xc .\CortexM3\ARM_GCC_441\Debug\SpeedControl01.a(wheel_tick.o)
                0x00002618                wheel_tick_Interrupt
 .text.wheel_tick_SetVector
                0x00002624       0x28 .\CortexM3\ARM_GCC_441\Debug\SpeedControl01.a(wheel_tick.o)
                0x00002624                wheel_tick_SetVector
 .text.wheel_tick_SetPriority
                0x0000264c       0x28 .\CortexM3\ARM_GCC_441\Debug\SpeedControl01.a(wheel_tick.o)
                0x0000264c                wheel_tick_SetPriority
 .text.wheel_tick_Enable
                0x00002674       0x18 .\CortexM3\ARM_GCC_441\Debug\SpeedControl01.a(wheel_tick.o)
                0x00002674                wheel_tick_Enable
 .text.wheel_tick_Disable
                0x0000268c       0x18 .\CortexM3\ARM_GCC_441\Debug\SpeedControl01.a(wheel_tick.o)
                0x0000268c                wheel_tick_Disable
 .text.tick_timeout_Start
                0x000026a4       0x24 .\CortexM3\ARM_GCC_441\Debug\SpeedControl01.a(tick_timeout.o)
                0x000026a4                tick_timeout_Start
 .text.tick_timeout_Interrupt
                0x000026c8        0xc .\CortexM3\ARM_GCC_441\Debug\SpeedControl01.a(tick_timeout.o)
                0x000026c8                tick_timeout_Interrupt
 .text.tick_timeout_SetVector
                0x000026d4       0x28 .\CortexM3\ARM_GCC_441\Debug\SpeedControl01.a(tick_timeout.o)
                0x000026d4                tick_timeout_SetVector
 .text.tick_timeout_SetPriority
                0x000026fc       0x28 .\CortexM3\ARM_GCC_441\Debug\SpeedControl01.a(tick_timeout.o)
                0x000026fc                tick_timeout_SetPriority
 .text.tick_timeout_Enable
                0x00002724       0x18 .\CortexM3\ARM_GCC_441\Debug\SpeedControl01.a(tick_timeout.o)
                0x00002724                tick_timeout_Enable
 .text.tick_timeout_Disable
                0x0000273c       0x18 .\CortexM3\ARM_GCC_441\Debug\SpeedControl01.a(tick_timeout.o)
                0x0000273c                tick_timeout_Disable
 .text.throttle_update_Start
                0x00002754       0x24 .\CortexM3\ARM_GCC_441\Debug\SpeedControl01.a(throttle_update.o)
                0x00002754                throttle_update_Start
 .text.throttle_update_Interrupt
                0x00002778        0xc .\CortexM3\ARM_GCC_441\Debug\SpeedControl01.a(throttle_update.o)
                0x00002778                throttle_update_Interrupt
 .text.throttle_update_SetVector
                0x00002784       0x28 .\CortexM3\ARM_GCC_441\Debug\SpeedControl01.a(throttle_update.o)
                0x00002784                throttle_update_SetVector
 .text.throttle_update_SetPriority
                0x000027ac       0x28 .\CortexM3\ARM_GCC_441\Debug\SpeedControl01.a(throttle_update.o)
                0x000027ac                throttle_update_SetPriority
 .text.throttle_update_Enable
                0x000027d4       0x18 .\CortexM3\ARM_GCC_441\Debug\SpeedControl01.a(throttle_update.o)
                0x000027d4                throttle_update_Enable
 .text.throttle_update_Disable
                0x000027ec       0x18 .\CortexM3\ARM_GCC_441\Debug\SpeedControl01.a(throttle_update.o)
                0x000027ec                throttle_update_Disable
 .text.PWM_Motor_Start
                0x00002804       0x2c .\CortexM3\ARM_GCC_441\Debug\SpeedControl01.a(PWM_Motor.o)
                0x00002804                PWM_Motor_Start
 .text.PWM_Motor_Init
                0x00002830       0xc0 .\CortexM3\ARM_GCC_441\Debug\SpeedControl01.a(PWM_Motor.o)
                0x00002830                PWM_Motor_Init
 .text.PWM_Motor_Enable
                0x000028f0       0x2c .\CortexM3\ARM_GCC_441\Debug\SpeedControl01.a(PWM_Motor.o)
                0x000028f0                PWM_Motor_Enable
 .text.PWM_Motor_WriteCounter
                0x0000291c       0x20 .\CortexM3\ARM_GCC_441\Debug\SpeedControl01.a(PWM_Motor.o)
                0x0000291c                PWM_Motor_WriteCounter
 .text.PWM_Motor_ClearFIFO
                0x0000293c       0x2c .\CortexM3\ARM_GCC_441\Debug\SpeedControl01.a(PWM_Motor.o)
                0x0000293c                PWM_Motor_ClearFIFO
 .text.PWM_Motor_WritePeriod
                0x00002968       0x20 .\CortexM3\ARM_GCC_441\Debug\SpeedControl01.a(PWM_Motor.o)
                0x00002968                PWM_Motor_WritePeriod
 .text.PWM_Motor_WriteCompare
                0x00002988       0x20 .\CortexM3\ARM_GCC_441\Debug\SpeedControl01.a(PWM_Motor.o)
                0x00002988                PWM_Motor_WriteCompare
 .text.UART_Start
                0x000029a8       0x2c .\CortexM3\ARM_GCC_441\Debug\SpeedControl01.a(UART.o)
                0x000029a8                UART_Start
 .text.UART_Init
                0x000029d4       0x44 .\CortexM3\ARM_GCC_441\Debug\SpeedControl01.a(UART.o)
                0x000029d4                UART_Init
 .text.UART_Enable
                0x00002a18       0x90 .\CortexM3\ARM_GCC_441\Debug\SpeedControl01.a(UART.o)
                0x00002a18                UART_Enable
 .text.UART_GetChar
                0x00002aa8       0x4c .\CortexM3\ARM_GCC_441\Debug\SpeedControl01.a(UART.o)
                0x00002aa8                UART_GetChar
 .text.UART_PutChar
                0x00002af4       0x34 .\CortexM3\ARM_GCC_441\Debug\SpeedControl01.a(UART.o)
                0x00002af4                UART_PutChar
 .text.UART_PutString
                0x00002b28       0x3c .\CortexM3\ARM_GCC_441\Debug\SpeedControl01.a(UART.o)
                0x00002b28                UART_PutString
 .text.Counter_PID_Init
                0x00002b64       0xdc .\CortexM3\ARM_GCC_441\Debug\SpeedControl01.a(Counter_PID.o)
                0x00002b64                Counter_PID_Init
 .text.Counter_PID_Enable
                0x00002c40       0x60 .\CortexM3\ARM_GCC_441\Debug\SpeedControl01.a(Counter_PID.o)
                0x00002c40                Counter_PID_Enable
 .text.Counter_PID_Start
                0x00002ca0       0x2c .\CortexM3\ARM_GCC_441\Debug\SpeedControl01.a(Counter_PID.o)
                0x00002ca0                Counter_PID_Start
 .text.Counter_PID_SetInterruptMode
                0x00002ccc       0x20 .\CortexM3\ARM_GCC_441\Debug\SpeedControl01.a(Counter_PID.o)
                0x00002ccc                Counter_PID_SetInterruptMode
 .text.Counter_PID_WriteCounter
                0x00002cec       0x88 .\CortexM3\ARM_GCC_441\Debug\SpeedControl01.a(Counter_PID.o)
                0x00002cec                Counter_PID_WriteCounter
 .text.Counter_PID_WritePeriod
                0x00002d74       0x20 .\CortexM3\ARM_GCC_441\Debug\SpeedControl01.a(Counter_PID.o)
                0x00002d74                Counter_PID_WritePeriod
 .text.Timer_Wheel_Tick_Init
                0x00002d94       0xdc .\CortexM3\ARM_GCC_441\Debug\SpeedControl01.a(Timer_Wheel_Tick.o)
                0x00002d94                Timer_Wheel_Tick_Init
 .text.Timer_Wheel_Tick_Enable
                0x00002e70       0x60 .\CortexM3\ARM_GCC_441\Debug\SpeedControl01.a(Timer_Wheel_Tick.o)
                0x00002e70                Timer_Wheel_Tick_Enable
 .text.Timer_Wheel_Tick_Start
                0x00002ed0       0x2c .\CortexM3\ARM_GCC_441\Debug\SpeedControl01.a(Timer_Wheel_Tick.o)
                0x00002ed0                Timer_Wheel_Tick_Start
 .text.Timer_Wheel_Tick_SetInterruptMode
                0x00002efc       0x20 .\CortexM3\ARM_GCC_441\Debug\SpeedControl01.a(Timer_Wheel_Tick.o)
                0x00002efc                Timer_Wheel_Tick_SetInterruptMode
 .text.Timer_Wheel_Tick_WritePeriod
                0x00002f1c       0x24 .\CortexM3\ARM_GCC_441\Debug\SpeedControl01.a(Timer_Wheel_Tick.o)
                0x00002f1c                Timer_Wheel_Tick_WritePeriod
 .text.Timer_Wheel_Tick_ReadCapture
                0x00002f40       0x18 .\CortexM3\ARM_GCC_441\Debug\SpeedControl01.a(Timer_Wheel_Tick.o)
                0x00002f40                Timer_Wheel_Tick_ReadCapture
 .text.Timer_Wheel_Tick_WriteCounter
                0x00002f58       0x14 .\CortexM3\ARM_GCC_441\Debug\SpeedControl01.a(Timer_Wheel_Tick.o)
                0x00002f58                Timer_Wheel_Tick_WriteCounter
 .text.Counter_Tick_Timeout_Init
                0x00002f6c       0xdc .\CortexM3\ARM_GCC_441\Debug\SpeedControl01.a(Counter_Tick_Timeout.o)
                0x00002f6c                Counter_Tick_Timeout_Init
 .text.Counter_Tick_Timeout_Enable
                0x00003048       0x60 .\CortexM3\ARM_GCC_441\Debug\SpeedControl01.a(Counter_Tick_Timeout.o)
                0x00003048                Counter_Tick_Timeout_Enable
 .text.Counter_Tick_Timeout_Start
                0x000030a8       0x2c .\CortexM3\ARM_GCC_441\Debug\SpeedControl01.a(Counter_Tick_Timeout.o)
                0x000030a8                Counter_Tick_Timeout_Start
 .text.Counter_Tick_Timeout_SetInterruptMode
                0x000030d4       0x20 .\CortexM3\ARM_GCC_441\Debug\SpeedControl01.a(Counter_Tick_Timeout.o)
                0x000030d4                Counter_Tick_Timeout_SetInterruptMode
 .text.Counter_Tick_Timeout_WriteCounter
                0x000030f4       0x88 .\CortexM3\ARM_GCC_441\Debug\SpeedControl01.a(Counter_Tick_Timeout.o)
                0x000030f4                Counter_Tick_Timeout_WriteCounter
 .text.Counter_Tick_Timeout_WritePeriod
                0x0000317c       0x20 .\CortexM3\ARM_GCC_441\Debug\SpeedControl01.a(Counter_Tick_Timeout.o)
                0x0000317c                Counter_Tick_Timeout_WritePeriod
 .text.PWM_Servo_Start
                0x0000319c       0x2c .\CortexM3\ARM_GCC_441\Debug\SpeedControl01.a(PWM_Servo.o)
                0x0000319c                PWM_Servo_Start
 .text.PWM_Servo_Init
                0x000031c8       0xc0 .\CortexM3\ARM_GCC_441\Debug\SpeedControl01.a(PWM_Servo.o)
                0x000031c8                PWM_Servo_Init
 .text.PWM_Servo_Enable
                0x00003288       0x2c .\CortexM3\ARM_GCC_441\Debug\SpeedControl01.a(PWM_Servo.o)
                0x00003288                PWM_Servo_Enable
 .text.PWM_Servo_WriteCounter
                0x000032b4       0x20 .\CortexM3\ARM_GCC_441\Debug\SpeedControl01.a(PWM_Servo.o)
                0x000032b4                PWM_Servo_WriteCounter
 .text.PWM_Servo_ClearFIFO
                0x000032d4       0x2c .\CortexM3\ARM_GCC_441\Debug\SpeedControl01.a(PWM_Servo.o)
                0x000032d4                PWM_Servo_ClearFIFO
 .text.PWM_Servo_WritePeriod
                0x00003300       0x20 .\CortexM3\ARM_GCC_441\Debug\SpeedControl01.a(PWM_Servo.o)
                0x00003300                PWM_Servo_WritePeriod
 .text.PWM_Servo_WriteCompare
                0x00003320       0x20 .\CortexM3\ARM_GCC_441\Debug\SpeedControl01.a(PWM_Servo.o)
                0x00003320                PWM_Servo_WriteCompare
 .text.camera_frame_start_Start
                0x00003340       0x24 .\CortexM3\ARM_GCC_441\Debug\SpeedControl01.a(camera_frame_start.o)
                0x00003340                camera_frame_start_Start
 .text.camera_frame_start_Interrupt
                0x00003364        0xc .\CortexM3\ARM_GCC_441\Debug\SpeedControl01.a(camera_frame_start.o)
                0x00003364                camera_frame_start_Interrupt
 .text.camera_frame_start_SetVector
                0x00003370       0x28 .\CortexM3\ARM_GCC_441\Debug\SpeedControl01.a(camera_frame_start.o)
                0x00003370                camera_frame_start_SetVector
 .text.camera_frame_start_SetPriority
                0x00003398       0x28 .\CortexM3\ARM_GCC_441\Debug\SpeedControl01.a(camera_frame_start.o)
                0x00003398                camera_frame_start_SetPriority
 .text.camera_frame_start_Enable
                0x000033c0       0x18 .\CortexM3\ARM_GCC_441\Debug\SpeedControl01.a(camera_frame_start.o)
                0x000033c0                camera_frame_start_Enable
 .text.camera_frame_start_Disable
                0x000033d8       0x18 .\CortexM3\ARM_GCC_441\Debug\SpeedControl01.a(camera_frame_start.o)
                0x000033d8                camera_frame_start_Disable
 .text.Timer_Row_Init
                0x000033f0       0xdc .\CortexM3\ARM_GCC_441\Debug\SpeedControl01.a(Timer_Row.o)
                0x000033f0                Timer_Row_Init
 .text.Timer_Row_Enable
                0x000034cc       0x60 .\CortexM3\ARM_GCC_441\Debug\SpeedControl01.a(Timer_Row.o)
                0x000034cc                Timer_Row_Enable
 .text.Timer_Row_Start
                0x0000352c       0x2c .\CortexM3\ARM_GCC_441\Debug\SpeedControl01.a(Timer_Row.o)
                0x0000352c                Timer_Row_Start
 .text.Timer_Row_SetInterruptMode
                0x00003558       0x20 .\CortexM3\ARM_GCC_441\Debug\SpeedControl01.a(Timer_Row.o)
                0x00003558                Timer_Row_SetInterruptMode
 .text.Timer_Row_WritePeriod
                0x00003578       0x24 .\CortexM3\ARM_GCC_441\Debug\SpeedControl01.a(Timer_Row.o)
                0x00003578                Timer_Row_WritePeriod
 .text.Timer_Row_WriteCounter
                0x0000359c       0x14 .\CortexM3\ARM_GCC_441\Debug\SpeedControl01.a(Timer_Row.o)
                0x0000359c                Timer_Row_WriteCounter
 .text.Timer_Line_Begin_Init
                0x000035b0       0x58 .\CortexM3\ARM_GCC_441\Debug\SpeedControl01.a(Timer_Line_Begin.o)
                0x000035b0                Timer_Line_Begin_Init
 .text.Timer_Line_Begin_Enable
                0x00003608       0x2c .\CortexM3\ARM_GCC_441\Debug\SpeedControl01.a(Timer_Line_Begin.o)
                0x00003608                Timer_Line_Begin_Enable
 .text.Timer_Line_Begin_Start
                0x00003634       0x2c .\CortexM3\ARM_GCC_441\Debug\SpeedControl01.a(Timer_Line_Begin.o)
                0x00003634                Timer_Line_Begin_Start
 .text.Timer_Line_Begin_SetInterruptMode
                0x00003660       0x20 .\CortexM3\ARM_GCC_441\Debug\SpeedControl01.a(Timer_Line_Begin.o)
                0x00003660                Timer_Line_Begin_SetInterruptMode
 .text.Timer_Line_Begin_ReadStatusRegister
                0x00003680       0x18 .\CortexM3\ARM_GCC_441\Debug\SpeedControl01.a(Timer_Line_Begin.o)
                0x00003680                Timer_Line_Begin_ReadStatusRegister
 .text.Timer_Line_Begin_WritePeriod
                0x00003698       0x20 .\CortexM3\ARM_GCC_441\Debug\SpeedControl01.a(Timer_Line_Begin.o)
                0x00003698                Timer_Line_Begin_WritePeriod
 .text.Timer_Line_Begin_ReadCapture
                0x000036b8       0x18 .\CortexM3\ARM_GCC_441\Debug\SpeedControl01.a(Timer_Line_Begin.o)
                0x000036b8                Timer_Line_Begin_ReadCapture
 .text.Timer_Line_Begin_WriteCounter
                0x000036d0       0x20 .\CortexM3\ARM_GCC_441\Debug\SpeedControl01.a(Timer_Line_Begin.o)
                0x000036d0                Timer_Line_Begin_WriteCounter
 .text.Timer_Line_Begin_ClearFIFO
                0x000036f0       0x1c .\CortexM3\ARM_GCC_441\Debug\SpeedControl01.a(Timer_Line_Begin.o)
                0x000036f0                Timer_Line_Begin_ClearFIFO
 .text.camera_row_start_Start
                0x0000370c       0x24 .\CortexM3\ARM_GCC_441\Debug\SpeedControl01.a(camera_row_start.o)
                0x0000370c                camera_row_start_Start
 .text.camera_row_start_Interrupt
                0x00003730        0xc .\CortexM3\ARM_GCC_441\Debug\SpeedControl01.a(camera_row_start.o)
                0x00003730                camera_row_start_Interrupt
 .text.camera_row_start_SetVector
                0x0000373c       0x28 .\CortexM3\ARM_GCC_441\Debug\SpeedControl01.a(camera_row_start.o)
                0x0000373c                camera_row_start_SetVector
 .text.camera_row_start_SetPriority
                0x00003764       0x28 .\CortexM3\ARM_GCC_441\Debug\SpeedControl01.a(camera_row_start.o)
                0x00003764                camera_row_start_SetPriority
 .text.camera_row_start_Enable
                0x0000378c       0x18 .\CortexM3\ARM_GCC_441\Debug\SpeedControl01.a(camera_row_start.o)
                0x0000378c                camera_row_start_Enable
 .text.camera_row_start_Disable
                0x000037a4       0x18 .\CortexM3\ARM_GCC_441\Debug\SpeedControl01.a(camera_row_start.o)
                0x000037a4                camera_row_start_Disable
 .text.camera_comp_rise_Start
                0x000037bc       0x24 .\CortexM3\ARM_GCC_441\Debug\SpeedControl01.a(camera_comp_rise.o)
                0x000037bc                camera_comp_rise_Start
 .text.camera_comp_rise_Interrupt
                0x000037e0        0xc .\CortexM3\ARM_GCC_441\Debug\SpeedControl01.a(camera_comp_rise.o)
                0x000037e0                camera_comp_rise_Interrupt
 .text.camera_comp_rise_SetVector
                0x000037ec       0x28 .\CortexM3\ARM_GCC_441\Debug\SpeedControl01.a(camera_comp_rise.o)
                0x000037ec                camera_comp_rise_SetVector
 .text.camera_comp_rise_SetPriority
                0x00003814       0x28 .\CortexM3\ARM_GCC_441\Debug\SpeedControl01.a(camera_comp_rise.o)
                0x00003814                camera_comp_rise_SetPriority
 .text.camera_comp_rise_Enable
                0x0000383c       0x18 .\CortexM3\ARM_GCC_441\Debug\SpeedControl01.a(camera_comp_rise.o)
                0x0000383c                camera_comp_rise_Enable
 .text.camera_comp_rise_Disable
                0x00003854       0x18 .\CortexM3\ARM_GCC_441\Debug\SpeedControl01.a(camera_comp_rise.o)
                0x00003854                camera_comp_rise_Disable
 .text.Timer_Line_End_Init
                0x0000386c       0x60 .\CortexM3\ARM_GCC_441\Debug\SpeedControl01.a(Timer_Line_End.o)
                0x0000386c                Timer_Line_End_Init
 .text.Timer_Line_End_Enable
                0x000038cc       0x2c .\CortexM3\ARM_GCC_441\Debug\SpeedControl01.a(Timer_Line_End.o)
                0x000038cc                Timer_Line_End_Enable
 .text.Timer_Line_End_Start
                0x000038f8       0x2c .\CortexM3\ARM_GCC_441\Debug\SpeedControl01.a(Timer_Line_End.o)
                0x000038f8                Timer_Line_End_Start
 .text.Timer_Line_End_SetInterruptMode
                0x00003924       0x20 .\CortexM3\ARM_GCC_441\Debug\SpeedControl01.a(Timer_Line_End.o)
                0x00003924                Timer_Line_End_SetInterruptMode
 .text.Timer_Line_End_ReadStatusRegister
                0x00003944       0x18 .\CortexM3\ARM_GCC_441\Debug\SpeedControl01.a(Timer_Line_End.o)
                0x00003944                Timer_Line_End_ReadStatusRegister
 .text.Timer_Line_End_WritePeriod
                0x0000395c       0x20 .\CortexM3\ARM_GCC_441\Debug\SpeedControl01.a(Timer_Line_End.o)
                0x0000395c                Timer_Line_End_WritePeriod
 .text.Timer_Line_End_ReadCapture
                0x0000397c       0x18 .\CortexM3\ARM_GCC_441\Debug\SpeedControl01.a(Timer_Line_End.o)
                0x0000397c                Timer_Line_End_ReadCapture
 .text.Timer_Line_End_WriteCounter
                0x00003994       0x20 .\CortexM3\ARM_GCC_441\Debug\SpeedControl01.a(Timer_Line_End.o)
                0x00003994                Timer_Line_End_WriteCounter
 .text.Timer_Line_End_SetInterruptCount
                0x000039b4       0x54 .\CortexM3\ARM_GCC_441\Debug\SpeedControl01.a(Timer_Line_End.o)
                0x000039b4                Timer_Line_End_SetInterruptCount
 .text.Timer_Line_End_ClearFIFO
                0x00003a08       0x1c .\CortexM3\ARM_GCC_441\Debug\SpeedControl01.a(Timer_Line_End.o)
                0x00003a08                Timer_Line_End_ClearFIFO
 .text.camera_comp_fall_Start
                0x00003a24       0x24 .\CortexM3\ARM_GCC_441\Debug\SpeedControl01.a(camera_comp_fall.o)
                0x00003a24                camera_comp_fall_Start
 .text.camera_comp_fall_Interrupt
                0x00003a48        0xc .\CortexM3\ARM_GCC_441\Debug\SpeedControl01.a(camera_comp_fall.o)
                0x00003a48                camera_comp_fall_Interrupt
 .text.camera_comp_fall_SetVector
                0x00003a54       0x28 .\CortexM3\ARM_GCC_441\Debug\SpeedControl01.a(camera_comp_fall.o)
                0x00003a54                camera_comp_fall_SetVector
 .text.camera_comp_fall_SetPriority
                0x00003a7c       0x28 .\CortexM3\ARM_GCC_441\Debug\SpeedControl01.a(camera_comp_fall.o)
                0x00003a7c                camera_comp_fall_SetPriority
 .text.camera_comp_fall_Enable
                0x00003aa4       0x18 .\CortexM3\ARM_GCC_441\Debug\SpeedControl01.a(camera_comp_fall.o)
                0x00003aa4                camera_comp_fall_Enable
 .text.camera_comp_fall_Disable
                0x00003abc       0x18 .\CortexM3\ARM_GCC_441\Debug\SpeedControl01.a(camera_comp_fall.o)
                0x00003abc                camera_comp_fall_Disable
 .text.cfg_write_bytes32
                0x00003ad4       0x94 .\CortexM3\ARM_GCC_441\Debug\SpeedControl01.a(cyfitter_cfg.o)
 .text.ClockSetup
                0x00003b68      0x184 .\CortexM3\ARM_GCC_441\Debug\SpeedControl01.a(cyfitter_cfg.o)
 .text.AnalogSetDefault
                0x00003cec       0x4c .\CortexM3\ARM_GCC_441\Debug\SpeedControl01.a(cyfitter_cfg.o)
                0x00003cec                AnalogSetDefault
 .text.cyfitter_cfg
                0x00003d38      0x2bc .\CortexM3\ARM_GCC_441\Debug\SpeedControl01.a(cyfitter_cfg.o)
                0x00003d38                cyfitter_cfg
 *fill*         0x00003ff4        0x4 00
 .text          0x00003ff8       0x20 .\CortexM3\ARM_GCC_441\Debug\SpeedControl01.a(CyBootAsmGnu.o)
                0x00003ff8                CyDelayCycles
                0x00004008                CyEnterCriticalSection
                0x00004010                CyExitCriticalSection
 .text.CySetReg24
                0x00004018       0x4c .\CortexM3\ARM_GCC_441\Debug\SpeedControl01.a(cyutils.o)
                0x00004018                CySetReg24
 .text          0x00004064      0x370 c:/program files (x86)/cypress/psoc creator/2.1/psoc creator/import/gnu_cs/arm/4.4.1/bin/../lib/gcc/arm-none-eabi/4.4.1/thumb2\libgcc.a(_arm_addsubdf3.o)
                0x00004064                __aeabi_drsub
                0x0000406c                __aeabi_dsub
                0x0000406c                __subdf3
                0x00004070                __aeabi_dadd
                0x00004070                __adddf3
                0x000042e8                __floatunsidf
                0x000042e8                __aeabi_ui2d
                0x00004308                __floatsidf
                0x00004308                __aeabi_i2d
                0x0000432c                __aeabi_f2d
                0x0000432c                __extendsfdf2
                0x00004368                __floatundidf
                0x00004368                __aeabi_ul2d
                0x00004378                __floatdidf
                0x00004378                __aeabi_l2d
 .text          0x000043d4      0x424 c:/program files (x86)/cypress/psoc creator/2.1/psoc creator/import/gnu_cs/arm/4.4.1/bin/../lib/gcc/arm-none-eabi/4.4.1/thumb2\libgcc.a(_arm_muldivdf3.o)
                0x000043d4                __aeabi_dmul
                0x000043d4                __muldf3
                0x00004628                __divdf3
                0x00004628                __aeabi_ddiv
 .text          0x000047f8      0x110 c:/program files (x86)/cypress/psoc creator/2.1/psoc creator/import/gnu_cs/arm/4.4.1/bin/../lib/gcc/arm-none-eabi/4.4.1/thumb2\libgcc.a(_arm_cmpdf2.o)
                0x000047f8                __gtdf2
                0x000047f8                __gedf2
                0x00004800                __ltdf2
                0x00004800                __ledf2
                0x00004808                __nedf2
                0x00004808                __eqdf2
                0x00004808                __cmpdf2
                0x00004884                __aeabi_cdrcmple
                0x00004894                __aeabi_cdcmpeq
                0x00004894                __aeabi_cdcmple
                0x000048a4                __aeabi_dcmpeq
                0x000048b8                __aeabi_dcmplt
                0x000048cc                __aeabi_dcmple
                0x000048e0                __aeabi_dcmpge
                0x000048f4                __aeabi_dcmpgt
 .text          0x00004908       0x50 c:/program files (x86)/cypress/psoc creator/2.1/psoc creator/import/gnu_cs/arm/4.4.1/bin/../lib/gcc/arm-none-eabi/4.4.1/thumb2\libgcc.a(_arm_fixdfsi.o)
                0x00004908                __aeabi_d2iz
                0x00004908                __fixdfsi
 .text          0x00004958       0x40 c:/program files (x86)/cypress/psoc creator/2.1/psoc creator/import/gnu_cs/arm/4.4.1/bin/../lib/gcc/arm-none-eabi/4.4.1/thumb2\libgcc.a(_arm_fixunsdfsi.o)
                0x00004958                __aeabi_d2uiz
                0x00004958                __fixunsdfsi
 .text          0x00004998      0x190 c:/program files (x86)/cypress/psoc creator/2.1/psoc creator/import/gnu_cs/arm/4.4.1/bin/../lib/gcc/arm-none-eabi/4.4.1/../../../../arm-none-eabi/lib/thumb2\libc.a(lib_a-memcpy.o)
                0x00004998                memcpy
 .text          0x00004b28       0xd4 c:/program files (x86)/cypress/psoc creator/2.1/psoc creator/import/gnu_cs/arm/4.4.1/bin/../lib/gcc/arm-none-eabi/4.4.1/../../../../arm-none-eabi/lib/thumb2\libc.a(lib_a-memset.o)
                0x00004b28                memset
 .text          0x00004bfc       0x94 c:/program files (x86)/cypress/psoc creator/2.1/psoc creator/import/gnu_cs/arm/4.4.1/bin/../lib/gcc/arm-none-eabi/4.4.1/../../../../arm-none-eabi/lib/thumb2\libc.a(lib_a-sprintf.o)
                0x00004bfc                sprintf
                0x00004c4c                _sprintf_r
 .text          0x00004c90       0xb8 c:/program files (x86)/cypress/psoc creator/2.1/psoc creator/import/gnu_cs/arm/4.4.1/bin/../lib/gcc/arm-none-eabi/4.4.1/../../../../arm-none-eabi/lib/thumb2\libc.a(lib_a-sscanf.o)
                0x00004c94                _sscanf_r
                0x00004cec                sscanf
 .text          0x00004d48      0x1dc c:/program files (x86)/cypress/psoc creator/2.1/psoc creator/import/gnu_cs/arm/4.4.1/bin/../lib/gcc/arm-none-eabi/4.4.1/../../../../arm-none-eabi/lib/thumb2\libc.a(lib_a-strcmp.o)
                0x00004d48                strcmp
 .text          0x00004f24       0x60 c:/program files (x86)/cypress/psoc creator/2.1/psoc creator/import/gnu_cs/arm/4.4.1/bin/../lib/gcc/arm-none-eabi/4.4.1/../../../../arm-none-eabi/lib/thumb2\libc.a(lib_a-strlen.o)
                0x00004f24                strlen
 .text          0x00004f84     0x15a8 c:/program files (x86)/cypress/psoc creator/2.1/psoc creator/import/gnu_cs/arm/4.4.1/bin/../lib/gcc/arm-none-eabi/4.4.1/../../../../arm-none-eabi/lib/thumb2\libc.a(lib_a-svfprintf.o)
                0x000050a0                _svfprintf_r
 .text          0x0000652c     0x10f8 c:/program files (x86)/cypress/psoc creator/2.1/psoc creator/import/gnu_cs/arm/4.4.1/bin/../lib/gcc/arm-none-eabi/4.4.1/../../../../arm-none-eabi/lib/thumb2\libc.a(lib_a-svfscanf.o)
                0x000065f8                __ssvfscanf_r
 .text          0x00007624      0x1bc c:/program files (x86)/cypress/psoc creator/2.1/psoc creator/import/gnu_cs/arm/4.4.1/bin/../lib/gcc/arm-none-eabi/4.4.1/../../../../arm-none-eabi/lib/thumb2\libc.a(lib_a-ungetc.o)
                0x00007624                __submore
                0x000076a0                _ungetc_r
                0x000077d0                ungetc
 .text          0x000077e0      0xfb8 c:/program files (x86)/cypress/psoc creator/2.1/psoc creator/import/gnu_cs/arm/4.4.1/bin/../lib/gcc/arm-none-eabi/4.4.1/../../../../arm-none-eabi/lib/thumb2\libc.a(lib_a-dtoa.o)
                0x00007900                _dtoa_r
 .text          0x00008798      0x178 c:/program files (x86)/cypress/psoc creator/2.1/psoc creator/import/gnu_cs/arm/4.4.1/bin/../lib/gcc/arm-none-eabi/4.4.1/../../../../arm-none-eabi/lib/thumb2\libc.a(lib_a-fflush.o)
                0x00008798                _fflush_r
                0x000088e8                fflush
 .text          0x00008910      0x1c8 c:/program files (x86)/cypress/psoc creator/2.1/psoc creator/import/gnu_cs/arm/4.4.1/bin/../lib/gcc/arm-none-eabi/4.4.1/../../../../arm-none-eabi/lib/thumb2\libc.a(lib_a-findfp.o)
                0x00008910                __sfp_lock_acquire
                0x00008914                __sfp_lock_release
                0x00008918                __sinit_lock_acquire
                0x0000891c                __sinit_lock_release
                0x00008928                __fp_unlock_all
                0x00008940                __fp_lock_all
                0x00008958                _cleanup_r
                0x00008964                _cleanup
                0x000089c0                __sfmoreglue
                0x000089f0                __sfp
                0x00008a78                __sinit
 .text          0x00008ad8      0x268 c:/program files (x86)/cypress/psoc creator/2.1/psoc creator/import/gnu_cs/arm/4.4.1/bin/../lib/gcc/arm-none-eabi/4.4.1/../../../../arm-none-eabi/lib/thumb2\libc.a(lib_a-freer.o)
                0x00008ad8                _malloc_trim_r
                0x00008b80                _free_r
 .text          0x00008d40       0xa0 c:/program files (x86)/cypress/psoc creator/2.1/psoc creator/import/gnu_cs/arm/4.4.1/bin/../lib/gcc/arm-none-eabi/4.4.1/../../../../arm-none-eabi/lib/thumb2\libc.a(lib_a-fwalk.o)
                0x00008d40                _fwalk_reent
                0x00008d94                _fwalk
 .text          0x00008de0       0x1c c:/program files (x86)/cypress/psoc creator/2.1/psoc creator/import/gnu_cs/arm/4.4.1/bin/../lib/gcc/arm-none-eabi/4.4.1/../../../../arm-none-eabi/lib/thumb2\libc.a(lib_a-iswspace.o)
                0x00008de0                iswspace
 .text          0x00008dfc       0x74 c:/program files (x86)/cypress/psoc creator/2.1/psoc creator/import/gnu_cs/arm/4.4.1/bin/../lib/gcc/arm-none-eabi/4.4.1/../../../../arm-none-eabi/lib/thumb2\libc.a(lib_a-locale.o)
                0x00008dfc                __locale_charset
                0x00008e08                _localeconv_r
                0x00008e10                localeconv
                0x00008e18                _setlocale_r
                0x00008e60                setlocale
 .text          0x00008e70       0x20 c:/program files (x86)/cypress/psoc creator/2.1/psoc creator/import/gnu_cs/arm/4.4.1/bin/../lib/gcc/arm-none-eabi/4.4.1/../../../../arm-none-eabi/lib/thumb2\libc.a(lib_a-malloc.o)
                0x00008e70                free
                0x00008e80                malloc
 .text          0x00008e90      0x5a4 c:/program files (x86)/cypress/psoc creator/2.1/psoc creator/import/gnu_cs/arm/4.4.1/bin/../lib/gcc/arm-none-eabi/4.4.1/../../../../arm-none-eabi/lib/thumb2\libc.a(lib_a-mallocr.o)
                0x00008e90                _malloc_r
 .text          0x00009434       0x5c c:/program files (x86)/cypress/psoc creator/2.1/psoc creator/import/gnu_cs/arm/4.4.1/bin/../lib/gcc/arm-none-eabi/4.4.1/../../../../arm-none-eabi/lib/thumb2\libc.a(lib_a-mbrtowc.o)
                0x00009434                _mbrtowc_r
                0x0000946c                mbrtowc
 .text          0x00009490       0x38 c:/program files (x86)/cypress/psoc creator/2.1/psoc creator/import/gnu_cs/arm/4.4.1/bin/../lib/gcc/arm-none-eabi/4.4.1/../../../../arm-none-eabi/lib/thumb2\libc.a(lib_a-mbtowc_r.o)
                0x00009490                _mbtowc_r
 .text          0x000094c8       0x74 c:/program files (x86)/cypress/psoc creator/2.1/psoc creator/import/gnu_cs/arm/4.4.1/bin/../lib/gcc/arm-none-eabi/4.4.1/../../../../arm-none-eabi/lib/thumb2\libc.a(lib_a-memchr.o)
                0x000094c8                memchr
 .text          0x0000953c       0xb8 c:/program files (x86)/cypress/psoc creator/2.1/psoc creator/import/gnu_cs/arm/4.4.1/bin/../lib/gcc/arm-none-eabi/4.4.1/../../../../arm-none-eabi/lib/thumb2\libc.a(lib_a-memmove.o)
                0x0000953c                memmove
 .text          0x000095f4        0x8 c:/program files (x86)/cypress/psoc creator/2.1/psoc creator/import/gnu_cs/arm/4.4.1/bin/../lib/gcc/arm-none-eabi/4.4.1/../../../../arm-none-eabi/lib/thumb2\libc.a(lib_a-mlock.o)
                0x000095f4                __malloc_lock
                0x000095f8                __malloc_unlock
 .text          0x000095fc      0x958 c:/program files (x86)/cypress/psoc creator/2.1/psoc creator/import/gnu_cs/arm/4.4.1/bin/../lib/gcc/arm-none-eabi/4.4.1/../../../../arm-none-eabi/lib/thumb2\libc.a(lib_a-mprec.o)
                0x000095fc                __hi0bits
                0x0000963c                __lo0bits
                0x000096a0                __mcmp
                0x000096e0                __ulp
                0x0000972c                __b2d
                0x000097d4                __ratio
                0x00009834                _mprec_log10
                0x0000986c                __copybits
                0x000098bc                __any_on
                0x00009914                _Bfree
                0x0000994c                _Balloc
                0x000099b8                __d2b
                0x00009a88                __mdiff
                0x00009b80                __lshift
                0x00009c3c                __multiply
                0x00009d70                __i2b
                0x00009d84                __multadd
                0x00009e0c                __pow5mult
                0x00009eb8                __s2b
 .text          0x00009f54      0x3b4 c:/program files (x86)/cypress/psoc creator/2.1/psoc creator/import/gnu_cs/arm/4.4.1/bin/../lib/gcc/arm-none-eabi/4.4.1/../../../../arm-none-eabi/lib/thumb2\libc.a(lib_a-reallocr.o)
                0x00009f54                _realloc_r
 .text          0x0000a308       0x24 c:/program files (x86)/cypress/psoc creator/2.1/psoc creator/import/gnu_cs/arm/4.4.1/bin/../lib/gcc/arm-none-eabi/4.4.1/../../../../arm-none-eabi/lib/thumb2\libc.a(lib_a-s_isinfd.o)
                0x0000a308                __isinfd
 .text          0x0000a32c       0x1c c:/program files (x86)/cypress/psoc creator/2.1/psoc creator/import/gnu_cs/arm/4.4.1/bin/../lib/gcc/arm-none-eabi/4.4.1/../../../../arm-none-eabi/lib/thumb2\libc.a(lib_a-s_isnand.o)
                0x0000a32c                __isnand
 .text          0x0000a348       0x28 c:/program files (x86)/cypress/psoc creator/2.1/psoc creator/import/gnu_cs/arm/4.4.1/bin/../lib/gcc/arm-none-eabi/4.4.1/../../../../arm-none-eabi/lib/thumb2\libc.a(lib_a-sbrkr.o)
                0x0000a348                _sbrk_r
 .text          0x0000a370       0x74 c:/program files (x86)/cypress/psoc creator/2.1/psoc creator/import/gnu_cs/arm/4.4.1/bin/../lib/gcc/arm-none-eabi/4.4.1/../../../../arm-none-eabi/lib/thumb2\libc.a(lib_a-sccl.o)
                0x0000a370                __sccl
 .text          0x0000a3e4        0xc c:/program files (x86)/cypress/psoc creator/2.1/psoc creator/import/gnu_cs/arm/4.4.1/bin/../lib/gcc/arm-none-eabi/4.4.1/../../../../arm-none-eabi/lib/thumb2\libc.a(lib_a-sf_nan.o)
                0x0000a3e4                nanf
 .text          0x0000a3f0       0x90 c:/program files (x86)/cypress/psoc creator/2.1/psoc creator/import/gnu_cs/arm/4.4.1/bin/../lib/gcc/arm-none-eabi/4.4.1/../../../../arm-none-eabi/lib/thumb2\libc.a(lib_a-stdio.o)
                0x0000a3f0                __sclose
                0x0000a3f8                __sseek
                0x0000a420                __swrite
                0x0000a45c                __sread
 .text          0x0000a480     0x1010 c:/program files (x86)/cypress/psoc creator/2.1/psoc creator/import/gnu_cs/arm/4.4.1/bin/../lib/gcc/arm-none-eabi/4.4.1/../../../../arm-none-eabi/lib/thumb2\libc.a(lib_a-strtod.o)
                0x0000a480                _strtod_r
                0x0000b3f0                strtof
                0x0000b47c                strtod
 .text          0x0000b490      0x158 c:/program files (x86)/cypress/psoc creator/2.1/psoc creator/import/gnu_cs/arm/4.4.1/bin/../lib/gcc/arm-none-eabi/4.4.1/../../../../arm-none-eabi/lib/thumb2\libc.a(lib_a-strtol.o)
                0x0000b490                _strtol_r
                0x0000b5d0                strtol
 .text          0x0000b5e8      0x1f0 c:/program files (x86)/cypress/psoc creator/2.1/psoc creator/import/gnu_cs/arm/4.4.1/bin/../lib/gcc/arm-none-eabi/4.4.1/../../../../arm-none-eabi/lib/thumb2\libc.a(lib_a-strtoll_r.o)
                0x0000b5e8                _strtoll_r
 .text          0x0000b7d8      0x154 c:/program files (x86)/cypress/psoc creator/2.1/psoc creator/import/gnu_cs/arm/4.4.1/bin/../lib/gcc/arm-none-eabi/4.4.1/../../../../arm-none-eabi/lib/thumb2\libc.a(lib_a-strtoul.o)
                0x0000b7d8                _strtoul_r
                0x0000b914                strtoul
 .text          0x0000b92c      0x1ec c:/program files (x86)/cypress/psoc creator/2.1/psoc creator/import/gnu_cs/arm/4.4.1/bin/../lib/gcc/arm-none-eabi/4.4.1/../../../../arm-none-eabi/lib/thumb2\libc.a(lib_a-strtoull_r.o)
                0x0000b92c                _strtoull_r
 .text          0x0000bb18       0x2c c:/program files (x86)/cypress/psoc creator/2.1/psoc creator/import/gnu_cs/arm/4.4.1/bin/../lib/gcc/arm-none-eabi/4.4.1/../../../../arm-none-eabi/lib/thumb2\libc.a(lib_a-writer.o)
                0x0000bb18                _write_r
 .text          0x0000bb44       0x5c c:/program files (x86)/cypress/psoc creator/2.1/psoc creator/import/gnu_cs/arm/4.4.1/bin/../lib/gcc/arm-none-eabi/4.4.1/../../../../arm-none-eabi/lib/thumb2\libc.a(lib_a-callocr.o)
                0x0000bb44                _calloc_r
 .text          0x0000bba0       0x28 c:/program files (x86)/cypress/psoc creator/2.1/psoc creator/import/gnu_cs/arm/4.4.1/bin/../lib/gcc/arm-none-eabi/4.4.1/../../../../arm-none-eabi/lib/thumb2\libc.a(lib_a-closer.o)
                0x0000bba0                _close_r
 .text          0x0000bbc8       0xcc c:/program files (x86)/cypress/psoc creator/2.1/psoc creator/import/gnu_cs/arm/4.4.1/bin/../lib/gcc/arm-none-eabi/4.4.1/../../../../arm-none-eabi/lib/thumb2\libc.a(lib_a-fclose.o)
                0x0000bbc8                _fclose_r
                0x0000bc84                fclose
 .text          0x0000bc94      0x5a8 c:/program files (x86)/cypress/psoc creator/2.1/psoc creator/import/gnu_cs/arm/4.4.1/bin/../lib/gcc/arm-none-eabi/4.4.1/../../../../arm-none-eabi/lib/thumb2\libc.a(lib_a-gdtoa-gethex.o)
                0x0000bc94                __hexdig_init
                0x0000bd80                __gethex
 .text          0x0000c23c      0x1bc c:/program files (x86)/cypress/psoc creator/2.1/psoc creator/import/gnu_cs/arm/4.4.1/bin/../lib/gcc/arm-none-eabi/4.4.1/../../../../arm-none-eabi/lib/thumb2\libc.a(lib_a-gdtoa-hexnan.o)
                0x0000c23c                __hexnan
 .text          0x0000c3f8       0x2c c:/program files (x86)/cypress/psoc creator/2.1/psoc creator/import/gnu_cs/arm/4.4.1/bin/../lib/gcc/arm-none-eabi/4.4.1/../../../../arm-none-eabi/lib/thumb2\libc.a(lib_a-lseekr.o)
                0x0000c3f8                _lseek_r
 .text          0x0000c424       0x2c c:/program files (x86)/cypress/psoc creator/2.1/psoc creator/import/gnu_cs/arm/4.4.1/bin/../lib/gcc/arm-none-eabi/4.4.1/../../../../arm-none-eabi/lib/thumb2\libc.a(lib_a-readr.o)
                0x0000c424                _read_r
 .text          0x0000c450      0x278 c:/program files (x86)/cypress/psoc creator/2.1/psoc creator/import/gnu_cs/arm/4.4.1/bin/../lib/gcc/arm-none-eabi/4.4.1/thumb2\libgcc.a(_udivsi3.o)
                0x0000c450                __aeabi_uidiv
                0x0000c450                __udivsi3
                0x0000c6ac                __aeabi_uidivmod
 .text          0x0000c6c8        0x4 c:/program files (x86)/cypress/psoc creator/2.1/psoc creator/import/gnu_cs/arm/4.4.1/bin/../lib/gcc/arm-none-eabi/4.4.1/thumb2\libgcc.a(_dvmd_tls.o)
                0x0000c6c8                __aeabi_idiv0
                0x0000c6c8                __aeabi_ldiv0
 .text          0x0000c6cc       0xa0 c:/program files (x86)/cypress/psoc creator/2.1/psoc creator/import/gnu_cs/arm/4.4.1/bin/../lib/gcc/arm-none-eabi/4.4.1/thumb2\libgcc.a(_arm_truncdfsf2.o)
                0x0000c6cc                __truncdfsf2
                0x0000c6cc                __aeabi_d2f
 .text          0x0000c76c       0xec c:/program files (x86)/cypress/psoc creator/2.1/psoc creator/import/gnu_cs/arm/4.4.1/bin/../lib/gcc/arm-none-eabi/4.4.1/thumb2\libgcc.a(_arm_cmpsf2.o)
                0x0000c76c                __gesf2
                0x0000c76c                __gtsf2
                0x0000c774                __lesf2
                0x0000c774                __ltsf2
                0x0000c77c                __nesf2
                0x0000c77c                __eqsf2
                0x0000c77c                __cmpsf2
                0x0000c7dc                __aeabi_cfrcmple
                0x0000c7e4                __aeabi_cfcmpeq
                0x0000c7e4                __aeabi_cfcmple
                0x0000c7f4                __aeabi_fcmpeq
                0x0000c808                __aeabi_fcmplt
                0x0000c81c                __aeabi_fcmple
                0x0000c830                __aeabi_fcmpge
                0x0000c844                __aeabi_fcmpgt
 .text          0x0000c858       0x2c c:/program files (x86)/cypress/psoc creator/2.1/psoc creator/import/gnu_cs/arm/4.4.1/bin/../lib/gcc/arm-none-eabi/4.4.1/thumb2\libgcc.a(_aeabi_uldivmod.o)
                0x0000c858                __aeabi_uldivmod
 .text          0x0000c884       0x58 c:/program files (x86)/cypress/psoc creator/2.1/psoc creator/import/gnu_cs/arm/4.4.1/bin/../lib/gcc/arm-none-eabi/4.4.1/thumb2\libgcc.a(bpabi.o)
                0x0000c884                __gnu_uldivmod_helper
                0x0000c8b0                __gnu_ldivmod_helper
 .text          0x0000c8dc      0x364 c:/program files (x86)/cypress/psoc creator/2.1/psoc creator/import/gnu_cs/arm/4.4.1/bin/../lib/gcc/arm-none-eabi/4.4.1/thumb2\libgcc.a(_divdi3.o)
                0x0000c8dc                __divdi3
 .text          0x0000cc40      0x300 c:/program files (x86)/cypress/psoc creator/2.1/psoc creator/import/gnu_cs/arm/4.4.1/bin/../lib/gcc/arm-none-eabi/4.4.1/thumb2\libgcc.a(_udivdi3.o)
                0x0000cc40                __udivdi3
 .text          0x0000cf40       0x30 c:/program files (x86)/cypress/psoc creator/2.1/psoc creator/import/gnu_cs/arm/4.4.1/bin/../lib/gcc/arm-none-eabi/4.4.1/../../../../arm-none-eabi/lib/thumb2\libcs3.a(start_c.o)
                0x0000cf40                __cs3_premain
 .text          0x0000cf70       0x10 c:/program files (x86)/cypress/psoc creator/2.1/psoc creator/import/gnu_cs/arm/4.4.1/bin/../lib/gcc/arm-none-eabi/4.4.1/../../../../arm-none-eabi/lib/thumb2\libcs3unhosted.a(unhosted-_close.o)
                0x0000cf70                _close
 .text          0x0000cf80       0x10 c:/program files (x86)/cypress/psoc creator/2.1/psoc creator/import/gnu_cs/arm/4.4.1/bin/../lib/gcc/arm-none-eabi/4.4.1/../../../../arm-none-eabi/lib/thumb2\libcs3unhosted.a(unhosted-_lseek.o)
                0x0000cf80                _lseek
 .text          0x0000cf90       0x10 c:/program files (x86)/cypress/psoc creator/2.1/psoc creator/import/gnu_cs/arm/4.4.1/bin/../lib/gcc/arm-none-eabi/4.4.1/../../../../arm-none-eabi/lib/thumb2\libcs3unhosted.a(unhosted-_read.o)
                0x0000cf90                _read
 .text          0x0000cfa0       0x10 c:/program files (x86)/cypress/psoc creator/2.1/psoc creator/import/gnu_cs/arm/4.4.1/bin/../lib/gcc/arm-none-eabi/4.4.1/../../../../arm-none-eabi/lib/thumb2\libcs3unhosted.a(unhosted-_write.o)
                0x0000cfa0                _write
 .text          0x0000cfb0       0x44 c:/program files (x86)/cypress/psoc creator/2.1/psoc creator/import/gnu_cs/arm/4.4.1/bin/../lib/gcc/arm-none-eabi/4.4.1/../../../../arm-none-eabi/lib/thumb2\libcs3unhosted.a(unhosted-sbrk.o)
                0x0000cfb0                _sbrk
 .text          0x0000cff4        0x2 c:/program files (x86)/cypress/psoc creator/2.1/psoc creator/import/gnu_cs/arm/4.4.1/bin/../lib/gcc/arm-none-eabi/4.4.1/../../../../arm-none-eabi/lib/thumb2\libcs3micro.a(micro_isr_interrupt.o)
                0x0000cff4                __cs3_isr_external_24
                0x0000cff4                __cs3_isr_external_9
                0x0000cff4                __cs3_isr_external_14
                0x0000cff4                __cs3_isr_reserved_9
                0x0000cff4                __cs3_isr_external_4
                0x0000cff4                __cs3_isr_external_21
                0x0000cff4                __cs3_isr_external_0
                0x0000cff4                __cs3_isr_external_27
                0x0000cff4                __cs3_isr_external_11
                0x0000cff4                __cs3_isr_usage_fault
                0x0000cff4                __cs3_isr_svcall
                0x0000cff4                __cs3_isr_external_3
                0x0000cff4                __cs3_isr_mpu_fault
                0x0000cff4                __cs3_isr_external_16
                0x0000cff4                __cs3_isr_pendsv
                0x0000cff4                __cs3_isr_external_31
                0x0000cff4                __cs3_isr_nmi
                0x0000cff4                __cs3_isr_external_5
                0x0000cff4                __cs3_isr_external_6
                0x0000cff4                __cs3_isr_external_12
                0x0000cff4                __cs3_isr_hard_fault
                0x0000cff4                __cs3_isr_bus_fault
                0x0000cff4                __cs3_isr_external_1
                0x0000cff4                __cs3_isr_external_13
                0x0000cff4                __cs3_isr_external_30
                0x0000cff4                __cs3_isr_external_23
                0x0000cff4                __cs3_isr_external_20
                0x0000cff4                __cs3_isr_debug
                0x0000cff4                __cs3_isr_reserved_13
                0x0000cff4                __cs3_isr_external_8
                0x0000cff4                __cs3_isr_external_26
                0x0000cff4                __cs3_isr_reserved_8
                0x0000cff4                __cs3_isr_reserved_7
                0x0000cff4                __cs3_isr_external_7
                0x0000cff4                __cs3_isr_external_28
                0x0000cff4                __cs3_isr_systick
                0x0000cff4                __cs3_isr_external_22
                0x0000cff4                __cs3_isr_external_10
                0x0000cff4                __cs3_isr_external_15
                0x0000cff4                __cs3_isr_interrupt
                0x0000cff4                __cs3_isr_external_18
                0x0000cff4                __cs3_isr_external_29
                0x0000cff4                __cs3_isr_external_25
                0x0000cff4                __cs3_isr_reserved_10
                0x0000cff4                __cs3_isr_external_2
                0x0000cff4                __cs3_isr_external_17
                0x0000cff4                __cs3_isr_external_19
 *fill*         0x0000cff6        0x2 00
 .text          0x0000cff8        0xc c:/program files (x86)/cypress/psoc creator/2.1/psoc creator/import/gnu_cs/arm/4.4.1/bin/../lib/gcc/arm-none-eabi/4.4.1/../../../../arm-none-eabi/lib/thumb2\libc.a(lib_a-errno.o)
                0x0000cff8                __errno
 .text          0x0000d004       0x50 c:/program files (x86)/cypress/psoc creator/2.1/psoc creator/import/gnu_cs/arm/4.4.1/bin/../lib/gcc/arm-none-eabi/4.4.1/../../../../arm-none-eabi/lib/thumb2\libc.a(lib_a-init.o)
                0x0000d004                __libc_init_array
 *(.plt)
 *(.gnu.warning)
 *(.glue_7t)
 .glue_7t       0x00000000        0x0 linker stubs
 *(.glue_7)
 .glue_7        0x00000000        0x0 linker stubs
 *(.vfp11_veneer)
 .vfp11_veneer  0x00000000        0x0 linker stubs
 *(.bootloader)
 *(.ARM.extab* .gnu.linkonce.armextab.*)
 *(.gcc_except_table)

.v4_bx          0x0000d054        0x0
 .v4_bx         0x00000000        0x0 linker stubs

.eh_frame_hdr
 *(.eh_frame_hdr)

.eh_frame
 *(.eh_frame)
                0x0000d054                PROVIDE (__exidx_start, .)

.ARM.exidx      0x0000d054        0x8
 *(.ARM.exidx* .gnu.linkonce.armexidx.*)
 .ARM.exidx     0x0000d054        0x8 c:/program files (x86)/cypress/psoc creator/2.1/psoc creator/import/gnu_cs/arm/4.4.1/bin/../lib/gcc/arm-none-eabi/4.4.1/thumb2\libgcc.a(_divdi3.o)
 .ARM.exidx     0x0000d05c        0x0 c:/program files (x86)/cypress/psoc creator/2.1/psoc creator/import/gnu_cs/arm/4.4.1/bin/../lib/gcc/arm-none-eabi/4.4.1/thumb2\libgcc.a(_udivdi3.o)
                                  0x8 (size before relaxing)
                0x0000d05c                __exidx_end = .

.rodata         0x0000d060      0x9a8
 *(.rodata .rodata.* .gnu.linkonce.r.*)
 .rodata        0x0000d060      0x390 .\CortexM3\ARM_GCC_441\Debug\main.o
                0x0000d060                MAIN_CLK_FREQ
                0x0000d068                MIN_TIME_SERVO
                0x0000d070                MAX_TIME_SERVO
                0x0000d078                CAMERA_TIMER_PERIOD
                0x0000d080                EXPECTED_ROW_CYCLES
 .rodata        0x0000d3f0       0x14 .\CortexM3\ARM_GCC_441\Debug\serial.o
 *fill*         0x0000d404        0x4 00
 .rodata        0x0000d408      0x1b0 .\CortexM3\ARM_GCC_441\Debug\speedcontrol.o
 .rodata        0x0000d5b8       0x48 .\CortexM3\ARM_GCC_441\Debug\SpeedControl01.a(cyfitter_cfg.o)
 .rodata        0x0000d600       0x20 c:/program files (x86)/cypress/psoc creator/2.1/psoc creator/import/gnu_cs/arm/4.4.1/bin/../lib/gcc/arm-none-eabi/4.4.1/../../../../arm-none-eabi/lib/thumb2\libc.a(lib_a-svfprintf.o)
 .rodata.str1.4
                0x0000d620       0x42 c:/program files (x86)/cypress/psoc creator/2.1/psoc creator/import/gnu_cs/arm/4.4.1/bin/../lib/gcc/arm-none-eabi/4.4.1/../../../../arm-none-eabi/lib/thumb2\libc.a(lib_a-svfprintf.o)
                                 0x44 (size before relaxing)
 *fill*         0x0000d662        0x2 00
 .rodata        0x0000d664       0x24 c:/program files (x86)/cypress/psoc creator/2.1/psoc creator/import/gnu_cs/arm/4.4.1/bin/../lib/gcc/arm-none-eabi/4.4.1/../../../../arm-none-eabi/lib/thumb2\libc.a(lib_a-svfscanf.o)
 .rodata.str1.4
                0x0000d688        0x5 c:/program files (x86)/cypress/psoc creator/2.1/psoc creator/import/gnu_cs/arm/4.4.1/bin/../lib/gcc/arm-none-eabi/4.4.1/../../../../arm-none-eabi/lib/thumb2\libc.a(lib_a-svfscanf.o)
                                  0x8 (size before relaxing)
 *fill*         0x0000d68d        0x3 00
 .rodata        0x0000d690      0x104 c:/program files (x86)/cypress/psoc creator/2.1/psoc creator/import/gnu_cs/arm/4.4.1/bin/../lib/gcc/arm-none-eabi/4.4.1/../../../../arm-none-eabi/lib/thumb2\libc.a(lib_a-ctype_.o)
                0x0000d690                _ctype_
 .rodata.str1.4
                0x0000d794       0x10 c:/program files (x86)/cypress/psoc creator/2.1/psoc creator/import/gnu_cs/arm/4.4.1/bin/../lib/gcc/arm-none-eabi/4.4.1/../../../../arm-none-eabi/lib/thumb2\libc.a(lib_a-dtoa.o)
                                 0x14 (size before relaxing)
 .rodata        0x0000d7a4       0x60 c:/program files (x86)/cypress/psoc creator/2.1/psoc creator/import/gnu_cs/arm/4.4.1/bin/../lib/gcc/arm-none-eabi/4.4.1/../../../../arm-none-eabi/lib/thumb2\libc.a(lib_a-findfp.o)
                0x0000d7a4                __sf_fake_stdin
                0x0000d7c4                __sf_fake_stdout
                0x0000d7e4                __sf_fake_stderr
 .rodata        0x0000d804        0x4 c:/program files (x86)/cypress/psoc creator/2.1/psoc creator/import/gnu_cs/arm/4.4.1/bin/../lib/gcc/arm-none-eabi/4.4.1/../../../../arm-none-eabi/lib/thumb2\libc.a(lib_a-impure.o)
                0x0000d804                _global_impure_ptr
 .rodata.str1.4
                0x0000d808        0x2 c:/program files (x86)/cypress/psoc creator/2.1/psoc creator/import/gnu_cs/arm/4.4.1/bin/../lib/gcc/arm-none-eabi/4.4.1/../../../../arm-none-eabi/lib/thumb2\libc.a(lib_a-impure.o)
                                  0x4 (size before relaxing)
 *fill*         0x0000d80a        0x2 00
 .rodata        0x0000d80c       0x34 c:/program files (x86)/cypress/psoc creator/2.1/psoc creator/import/gnu_cs/arm/4.4.1/bin/../lib/gcc/arm-none-eabi/4.4.1/../../../../arm-none-eabi/lib/thumb2\libc.a(lib_a-locale.o)
 .rodata.str1.4
                0x0000d840        0xf c:/program files (x86)/cypress/psoc creator/2.1/psoc creator/import/gnu_cs/arm/4.4.1/bin/../lib/gcc/arm-none-eabi/4.4.1/../../../../arm-none-eabi/lib/thumb2\libc.a(lib_a-locale.o)
                                 0x18 (size before relaxing)
 .rodata.str1.4
                0x00000000        0x4 c:/program files (x86)/cypress/psoc creator/2.1/psoc creator/import/gnu_cs/arm/4.4.1/bin/../lib/gcc/arm-none-eabi/4.4.1/../../../../arm-none-eabi/lib/thumb2\libc.a(lib_a-mbrtowc.o)
 *fill*         0x0000d84f        0x1 00
 .rodata        0x0000d850      0x128 c:/program files (x86)/cypress/psoc creator/2.1/psoc creator/import/gnu_cs/arm/4.4.1/bin/../lib/gcc/arm-none-eabi/4.4.1/../../../../arm-none-eabi/lib/thumb2\libc.a(lib_a-mprec.o)
                0x0000d850                __mprec_tens
                0x0000d928                __mprec_bigtens
                0x0000d950                __mprec_tinytens
 .rodata        0x0000d978       0x28 c:/program files (x86)/cypress/psoc creator/2.1/psoc creator/import/gnu_cs/arm/4.4.1/bin/../lib/gcc/arm-none-eabi/4.4.1/../../../../arm-none-eabi/lib/thumb2\libc.a(lib_a-strtod.o)
 .rodata.str1.4
                0x0000d9a0        0xf c:/program files (x86)/cypress/psoc creator/2.1/psoc creator/import/gnu_cs/arm/4.4.1/bin/../lib/gcc/arm-none-eabi/4.4.1/../../../../arm-none-eabi/lib/thumb2\libc.a(lib_a-strtod.o)
                                 0x10 (size before relaxing)
 *fill*         0x0000d9af        0x1 00
 .rodata.str1.4
                0x0000d9b0       0x1c c:/program files (x86)/cypress/psoc creator/2.1/psoc creator/import/gnu_cs/arm/4.4.1/bin/../lib/gcc/arm-none-eabi/4.4.1/../../../../arm-none-eabi/lib/thumb2\libc.a(lib_a-gdtoa-gethex.o)
                0x0000d9cc                . = ALIGN (0x4)
 *(.init)
 .init          0x0000d9cc        0x4 c:/program files (x86)/cypress/psoc creator/2.1/psoc creator/import/gnu_cs/arm/4.4.1/bin/../lib/gcc/arm-none-eabi/4.4.1/thumb2/crti.o
                0x0000d9cc                _init
 .init          0x0000d9d0        0x8 c:/program files (x86)/cypress/psoc creator/2.1/psoc creator/import/gnu_cs/arm/4.4.1/bin/../lib/gcc/arm-none-eabi/4.4.1/thumb2/crtn.o
                0x0000d9d8                . = ALIGN (0x4)
                0x0000d9d8                __preinit_array_start = .
 *(.preinit_array)
                0x0000d9d8                __preinit_array_end = .
                0x0000d9d8                . = ALIGN (0x4)
                0x0000d9d8                __init_array_start = .
 *(SORT(.init_array.*))
 *(.init_array)
 .init_array    0x0000d9d8        0x4 c:/program files (x86)/cypress/psoc creator/2.1/psoc creator/import/gnu_cs/arm/4.4.1/bin/../lib/gcc/arm-none-eabi/4.4.1/thumb2/crtbegin.o
 .init_array    0x0000d9dc        0x4 .\CortexM3\ARM_GCC_441\Debug\Cm3Start.o
                0x0000d9e0                __init_array_end = .
                0x0000d9e0                . = ALIGN (0x4)
 *(.fini)
 .fini          0x0000d9e0        0x4 c:/program files (x86)/cypress/psoc creator/2.1/psoc creator/import/gnu_cs/arm/4.4.1/bin/../lib/gcc/arm-none-eabi/4.4.1/thumb2/crti.o
                0x0000d9e0                _fini
 .fini          0x0000d9e4        0x8 c:/program files (x86)/cypress/psoc creator/2.1/psoc creator/import/gnu_cs/arm/4.4.1/bin/../lib/gcc/arm-none-eabi/4.4.1/thumb2/crtn.o
                0x0000d9ec                . = ALIGN (0x4)
                0x0000d9ec                __fini_array_start = .
 *(.fini_array)
 .fini_array    0x0000d9ec        0x4 c:/program files (x86)/cypress/psoc creator/2.1/psoc creator/import/gnu_cs/arm/4.4.1/bin/../lib/gcc/arm-none-eabi/4.4.1/thumb2/crtbegin.o
 *(SORT(.fini_array.*))
                0x0000d9f0                __fini_array_end = .
                0x0000d9f0                . = ALIGN (0x4)
 *crtbegin.o(.ctors)
 *(EXCLUDE_FILE(*crtend.o) .ctors)
 *(SORT(.ctors.*))
 *crtend.o(.ctors)
                0x0000d9f0                . = ALIGN (0x4)
 *crtbegin.o(.dtors)
 *(EXCLUDE_FILE(*crtend.o) .dtors)
 *(SORT(.dtors.*))
 *crtend.o(.dtors)
                0x0000d9f0                . = ALIGN (0x4)
                0x0000d9f0                __cs3_regions = .
                0x0000d9f0        0x4 LONG 0x0
                0x0000d9f4        0x4 LONG 0xda08 __cs3_region_init_ram
                0x0000d9f8        0x4 LONG 0x1fff8000 __cs3_region_start_ram
                0x0000d9fc        0x4 LONG 0x6a8 __cs3_region_init_size_ram
                0x0000da00        0x4 LONG 0x370 __cs3_region_zero_size_ram
                0x0000da04                __cs3_regions_end = .
                0x0000da08                . = ALIGN (0x8)
 *fill*         0x0000da04        0x4 00
                0x0000da08                _etext = .

.data           0x1fff8000      0x6a8 load address 0x0000da08
                0x1fff8000                __cs3_region_start_ram = .
 *(.cs3.region-head.ram)
                0x1fff8001                ASSERT ((. == __cs3_region_start_ram), .cs3.region-head.ram not permitted)
 *(.ramvectors)
 .ramvectors    0x1fff8000      0x100 .\CortexM3\ARM_GCC_441\Debug\Cm3Start.o
                0x1fff8000                CyRamVectors
 *(.jcr)
 .jcr           0x1fff8100        0x0 c:/program files (x86)/cypress/psoc creator/2.1/psoc creator/import/gnu_cs/arm/4.4.1/bin/../lib/gcc/arm-none-eabi/4.4.1/thumb2/crtbegin.o
 .jcr           0x1fff8100        0x4 c:/program files (x86)/cypress/psoc creator/2.1/psoc creator/import/gnu_cs/arm/4.4.1/bin/../lib/gcc/arm-none-eabi/4.4.1/thumb2/crtend.o
 *(.got.plt)
 *(.got)
 *(.shdata)
 *(.data .data.* .gnu.linkonce.d.*)
 .data          0x1fff8104        0xc .\CortexM3\ARM_GCC_441\Debug\main.o
                0x1fff8104                buildVersion
 .data          0x1fff8110       0x38 .\CortexM3\ARM_GCC_441\Debug\speedcontrol.o
 .data          0x1fff8148       0x10 .\CortexM3\ARM_GCC_441\Debug\SpeedControl01.a(CyLib.o)
                0x1fff8148                cydelay_freq_hz
                0x1fff814c                cydelay_freq_khz
                0x1fff8150                cydelay_freq_mhz
                0x1fff8154                cydelay_32k_ms
 .data          0x1fff8158        0x8 c:/program files (x86)/cypress/psoc creator/2.1/psoc creator/import/gnu_cs/arm/4.4.1/bin/../lib/gcc/arm-none-eabi/4.4.1/../../../../arm-none-eabi/lib/thumb2\libc.a(lib_a-ctype_.o)
                0x1fff8158                __ctype_ptr
                0x1fff815c                __ctype_ptr__
 .data          0x1fff8160       0xf4 c:/program files (x86)/cypress/psoc creator/2.1/psoc creator/import/gnu_cs/arm/4.4.1/bin/../lib/gcc/arm-none-eabi/4.4.1/../../../../arm-none-eabi/lib/thumb2\libc.a(lib_a-impure.o)
                0x1fff8160                _impure_ptr
 .data          0x1fff8254       0x10 c:/program files (x86)/cypress/psoc creator/2.1/psoc creator/import/gnu_cs/arm/4.4.1/bin/../lib/gcc/arm-none-eabi/4.4.1/../../../../arm-none-eabi/lib/thumb2\libc.a(lib_a-locale.o)
                0x1fff8254                __mb_cur_max
                0x1fff8258                __lc_ctype
 .data          0x1fff8264      0x410 c:/program files (x86)/cypress/psoc creator/2.1/psoc creator/import/gnu_cs/arm/4.4.1/bin/../lib/gcc/arm-none-eabi/4.4.1/../../../../arm-none-eabi/lib/thumb2\libc.a(lib_a-mallocr.o)
                0x1fff8264                __malloc_av_
                0x1fff866c                __malloc_sbrk_base
                0x1fff8670                __malloc_trim_threshold
 .data          0x1fff8674       0x28 c:/program files (x86)/cypress/psoc creator/2.1/psoc creator/import/gnu_cs/arm/4.4.1/bin/../lib/gcc/arm-none-eabi/4.4.1/../../../../arm-none-eabi/lib/thumb2\libc.a(lib_a-strtod.o)
 .data          0x1fff869c        0x4 c:/program files (x86)/cypress/psoc creator/2.1/psoc creator/import/gnu_cs/arm/4.4.1/bin/../lib/gcc/arm-none-eabi/4.4.1/../../../../arm-none-eabi/lib/thumb2\libcs3unhosted.a(unhosted-sbrk.o)
 .data          0x1fff86a0        0x4 c:/program files (x86)/cypress/psoc creator/2.1/psoc creator/import/gnu_cs/arm/4.4.1/bin/../lib/gcc/arm-none-eabi/4.4.1/../../../../arm-none-eabi/lib/thumb2\libcs3.a(heap.o)
                0x1fff86a0                __cs3_heap_limit
                0x1fff86a8                . = ALIGN (0x8)
 *fill*         0x1fff86a4        0x4 00
 *(.ram)
                0x1fff86a8                _edata = .

.bss            0x1fff86a8      0x370 load address 0x0000e0b0
 *(.shbss)
 *(.bss .bss.* .gnu.linkonce.b.*)
 .bss           0x1fff86a8        0x1 c:/program files (x86)/cypress/psoc creator/2.1/psoc creator/import/gnu_cs/arm/4.4.1/bin/../lib/gcc/arm-none-eabi/4.4.1/thumb2/crtbegin.o
 *fill*         0x1fff86a9        0x3 00
 .bss           0x1fff86ac       0x50 .\CortexM3\ARM_GCC_441\Debug\main.o
                0x1fff86ac                buttonInterrupted
                0x1fff86b0                rxInterrupted
                0x1fff86b4                wheelTickInterrupted
                0x1fff86b8                tickTimeoutInterrupted
                0x1fff86bc                pidTimerInterrupted
                0x1fff86c0                camCompRiseInterrupted
                0x1fff86c4                camCompFallInterrupted
                0x1fff86c8                camRowInterrupted
                0x1fff86cc                camFrameInterrupted
                0x1fff86d0                numFrames
                0x1fff86d4                numRows
                0x1fff86d8                numCompBegin
                0x1fff86dc                numCompEnd
                0x1fff86e0                rowCycles
                0x1fff86e4                lineBeginCycles
                0x1fff86e8                lineEndCycles
                0x1fff86ec                test6
                0x1fff86f0                test7
                0x1fff86f4                test8
                0x1fff86f8                test9
 .bss           0x1fff86fc       0x6c .\CortexM3\ARM_GCC_441\Debug\serial.o
 .bss           0x1fff8768       0xf8 .\CortexM3\ARM_GCC_441\Debug\speedcontrol.o
                0x1fff87cc                throttle
                0x1fff87d0                bufWheelTickPos
                0x1fff87d4                bufWheelTickCurSize
                0x1fff87d8                oldTickCount
 .bss           0x1fff8860        0x2 .\CortexM3\ARM_GCC_441\Debug\SpeedControl01.a(LCD.o)
                0x1fff8860                LCD_enableState
                0x1fff8861                LCD_initVar
 .bss           0x1fff8862        0x1 .\CortexM3\ARM_GCC_441\Debug\SpeedControl01.a(PWM_Motor.o)
                0x1fff8862                PWM_Motor_initVar
 .bss           0x1fff8863        0x2 .\CortexM3\ARM_GCC_441\Debug\SpeedControl01.a(UART.o)
                0x1fff8863                UART_initVar
 .bss           0x1fff8865        0x1 .\CortexM3\ARM_GCC_441\Debug\SpeedControl01.a(Counter_PID.o)
                0x1fff8865                Counter_PID_initVar
 .bss           0x1fff8866        0x1 .\CortexM3\ARM_GCC_441\Debug\SpeedControl01.a(Timer_Wheel_Tick.o)
                0x1fff8866                Timer_Wheel_Tick_initVar
 .bss           0x1fff8867        0x1 .\CortexM3\ARM_GCC_441\Debug\SpeedControl01.a(Counter_Tick_Timeout.o)
                0x1fff8867                Counter_Tick_Timeout_initVar
 .bss           0x1fff8868        0x1 .\CortexM3\ARM_GCC_441\Debug\SpeedControl01.a(PWM_Servo.o)
                0x1fff8868                PWM_Servo_initVar
 .bss           0x1fff8869        0x1 .\CortexM3\ARM_GCC_441\Debug\SpeedControl01.a(Timer_Row.o)
                0x1fff8869                Timer_Row_initVar
 .bss           0x1fff886a        0x1 .\CortexM3\ARM_GCC_441\Debug\SpeedControl01.a(Timer_Line_Begin.o)
                0x1fff886a                Timer_Line_Begin_initVar
 .bss           0x1fff886b        0x1 .\CortexM3\ARM_GCC_441\Debug\SpeedControl01.a(Timer_Line_End.o)
                0x1fff886b                Timer_Line_End_initVar
 .bss           0x1fff886c       0x34 c:/program files (x86)/cypress/psoc creator/2.1/psoc creator/import/gnu_cs/arm/4.4.1/bin/../lib/gcc/arm-none-eabi/4.4.1/../../../../arm-none-eabi/lib/thumb2\libc.a(lib_a-mallocr.o)
                0x1fff886c                __malloc_top_pad
                0x1fff8870                __malloc_current_mallinfo
                0x1fff8898                __malloc_max_sbrked_mem
                0x1fff889c                __malloc_max_total_mem
 *(COMMON)
 COMMON         0x1fff88a0       0x64 .\CortexM3\ARM_GCC_441\Debug\main.o
                0x1fff88a0                strbuffer
 COMMON         0x1fff8904        0xc .\CortexM3\ARM_GCC_441\Debug\speedcontrol.o
                0x1fff8904                bufWheelTick
 COMMON         0x1fff8910        0x1 .\CortexM3\ARM_GCC_441\Debug\SpeedControl01.a(CyLib.o)
                0x1fff8910                CyResetStatus
 *fill*         0x1fff8911        0x3 00
 COMMON         0x1fff8914      0x100 c:/program files (x86)/cypress/psoc creator/2.1/psoc creator/import/gnu_cs/arm/4.4.1/bin/../lib/gcc/arm-none-eabi/4.4.1/../../../../arm-none-eabi/lib/thumb2\libc.a(lib_a-gdtoa-gethex.o)
                0x1fff8914                __hexdig
 COMMON         0x1fff8a14        0x4 c:/program files (x86)/cypress/psoc creator/2.1/psoc creator/import/gnu_cs/arm/4.4.1/bin/../lib/gcc/arm-none-eabi/4.4.1/../../../../arm-none-eabi/lib/thumb2\libc.a(lib_a-reent.o)
                0x1fff8a14                errno
                0x1fff8a18                . = ALIGN (0x8)
 *(.ram.b)
                0x1fff8a18                _end = .
                0x1fff8a18                __end = .
                0x20003000                __cs3_region_end_ram = (__cs3_region_start_ram + 0xb000)
                0x0000b000                __cs3_region_size_ram = 0xb000
                0x0000da08                __cs3_region_init_ram = LOADADDR (.data)
                0x000006a8                __cs3_region_init_size_ram = (_edata - ADDR (.data))
                0x00000370                __cs3_region_zero_size_ram = (_end - _edata)

.stab
 *(.stab)

.stabstr
 *(.stabstr)

.debug
 *(.debug)

.line
 *(.line)

.debug_srcinfo
 *(.debug_srcinfo)

.debug_sfnames
 *(.debug_sfnames)

.comment        0x00000000      0x4df
 .comment       0x00000000       0x2b .\CortexM3\ARM_GCC_441\Debug\main.o
 .comment       0x0000002b       0x2b .\CortexM3\ARM_GCC_441\Debug\serial.o
 .comment       0x00000056       0x2b .\CortexM3\ARM_GCC_441\Debug\speedcontrol.o
 .comment       0x00000081       0x2b .\CortexM3\ARM_GCC_441\Debug\Cm3Start.o
 .comment       0x000000ac       0x2b .\CortexM3\ARM_GCC_441\Debug\SpeedControl01.a(LCD.o)
 .comment       0x000000d7       0x2b .\CortexM3\ARM_GCC_441\Debug\SpeedControl01.a(inter_button.o)
 .comment       0x00000102       0x2b .\CortexM3\ARM_GCC_441\Debug\SpeedControl01.a(CyLib.o)
 .comment       0x0000012d       0x2b .\CortexM3\ARM_GCC_441\Debug\SpeedControl01.a(cyPm.o)
 .comment       0x00000158       0x2b .\CortexM3\ARM_GCC_441\Debug\SpeedControl01.a(rx_rcvd.o)
 .comment       0x00000183       0x2b .\CortexM3\ARM_GCC_441\Debug\SpeedControl01.a(wheel_tick.o)
 .comment       0x000001ae       0x2b .\CortexM3\ARM_GCC_441\Debug\SpeedControl01.a(tick_timeout.o)
 .comment       0x000001d9       0x2b .\CortexM3\ARM_GCC_441\Debug\SpeedControl01.a(throttle_update.o)
 .comment       0x00000204       0x2b .\CortexM3\ARM_GCC_441\Debug\SpeedControl01.a(PWM_Motor.o)
 .comment       0x0000022f       0x2b .\CortexM3\ARM_GCC_441\Debug\SpeedControl01.a(UART.o)
 .comment       0x0000025a       0x2b .\CortexM3\ARM_GCC_441\Debug\SpeedControl01.a(Counter_PID.o)
 .comment       0x00000285       0x2b .\CortexM3\ARM_GCC_441\Debug\SpeedControl01.a(Timer_Wheel_Tick.o)
 .comment       0x000002b0       0x2b .\CortexM3\ARM_GCC_441\Debug\SpeedControl01.a(Counter_Tick_Timeout.o)
 .comment       0x000002db       0x2b .\CortexM3\ARM_GCC_441\Debug\SpeedControl01.a(PWM_Servo.o)
 .comment       0x00000306       0x2b .\CortexM3\ARM_GCC_441\Debug\SpeedControl01.a(camera_frame_start.o)
 .comment       0x00000331       0x2b .\CortexM3\ARM_GCC_441\Debug\SpeedControl01.a(Timer_Row.o)
 .comment       0x0000035c       0x2b .\CortexM3\ARM_GCC_441\Debug\SpeedControl01.a(Timer_Line_Begin.o)
 .comment       0x00000387       0x2b .\CortexM3\ARM_GCC_441\Debug\SpeedControl01.a(camera_row_start.o)
 .comment       0x000003b2       0x2b .\CortexM3\ARM_GCC_441\Debug\SpeedControl01.a(camera_comp_rise.o)
 .comment       0x000003dd       0x2b .\CortexM3\ARM_GCC_441\Debug\SpeedControl01.a(Timer_Line_End.o)
 .comment       0x00000408       0x2b .\CortexM3\ARM_GCC_441\Debug\SpeedControl01.a(camera_comp_fall.o)
 .comment       0x00000433       0x2b .\CortexM3\ARM_GCC_441\Debug\SpeedControl01.a(cyfitter_cfg.o)
 .comment       0x0000045e       0x2b .\CortexM3\ARM_GCC_441\Debug\SpeedControl01.a(CyFlash.o)
 .comment       0x00000489       0x2b .\CortexM3\ARM_GCC_441\Debug\SpeedControl01.a(CySpc.o)
 .comment       0x000004b4       0x2b .\CortexM3\ARM_GCC_441\Debug\SpeedControl01.a(cyutils.o)

.debug_aranges  0x00000000     0x1098
 *(.debug_aranges)
 .debug_aranges
                0x00000000       0x80 .\CortexM3\ARM_GCC_441\Debug\main.o
 .debug_aranges
                0x00000080       0x30 .\CortexM3\ARM_GCC_441\Debug\serial.o
 .debug_aranges
                0x000000b0      0x158 .\CortexM3\ARM_GCC_441\Debug\speedcontrol.o
 .debug_aranges
                0x00000208       0x30 .\CortexM3\ARM_GCC_441\Debug\Cm3Start.o
 .debug_aranges
                0x00000238       0x90 .\CortexM3\ARM_GCC_441\Debug\SpeedControl01.a(LCD.o)
 .debug_aranges
                0x000002c8       0x80 .\CortexM3\ARM_GCC_441\Debug\SpeedControl01.a(inter_button.o)
 .debug_aranges
                0x00000348      0x238 .\CortexM3\ARM_GCC_441\Debug\SpeedControl01.a(CyLib.o)
 .debug_aranges
                0x00000580       0xa0 .\CortexM3\ARM_GCC_441\Debug\SpeedControl01.a(cyPm.o)
 .debug_aranges
                0x00000620       0x80 .\CortexM3\ARM_GCC_441\Debug\SpeedControl01.a(rx_rcvd.o)
 .debug_aranges
                0x000006a0       0x80 .\CortexM3\ARM_GCC_441\Debug\SpeedControl01.a(wheel_tick.o)
 .debug_aranges
                0x00000720       0x80 .\CortexM3\ARM_GCC_441\Debug\SpeedControl01.a(tick_timeout.o)
 .debug_aranges
                0x000007a0       0x80 .\CortexM3\ARM_GCC_441\Debug\SpeedControl01.a(throttle_update.o)
 .debug_aranges
                0x00000820       0x60 .\CortexM3\ARM_GCC_441\Debug\SpeedControl01.a(PWM_Motor.o)
 .debug_aranges
                0x00000880       0xf0 .\CortexM3\ARM_GCC_441\Debug\SpeedControl01.a(UART.o)
 .debug_aranges
                0x00000970       0x80 .\CortexM3\ARM_GCC_441\Debug\SpeedControl01.a(Counter_PID.o)
 .debug_aranges
                0x000009f0       0x88 .\CortexM3\ARM_GCC_441\Debug\SpeedControl01.a(Timer_Wheel_Tick.o)
 .debug_aranges
                0x00000a78       0x80 .\CortexM3\ARM_GCC_441\Debug\SpeedControl01.a(Counter_Tick_Timeout.o)
 .debug_aranges
                0x00000af8       0x60 .\CortexM3\ARM_GCC_441\Debug\SpeedControl01.a(PWM_Servo.o)
 .debug_aranges
                0x00000b58       0x80 .\CortexM3\ARM_GCC_441\Debug\SpeedControl01.a(camera_frame_start.o)
 .debug_aranges
                0x00000bd8       0x88 .\CortexM3\ARM_GCC_441\Debug\SpeedControl01.a(Timer_Row.o)
 .debug_aranges
                0x00000c60       0x90 .\CortexM3\ARM_GCC_441\Debug\SpeedControl01.a(Timer_Line_Begin.o)
 .debug_aranges
                0x00000cf0       0x80 .\CortexM3\ARM_GCC_441\Debug\SpeedControl01.a(camera_row_start.o)
 .debug_aranges
                0x00000d70       0x80 .\CortexM3\ARM_GCC_441\Debug\SpeedControl01.a(camera_comp_rise.o)
 .debug_aranges
                0x00000df0       0x98 .\CortexM3\ARM_GCC_441\Debug\SpeedControl01.a(Timer_Line_End.o)
 .debug_aranges
                0x00000e88       0x80 .\CortexM3\ARM_GCC_441\Debug\SpeedControl01.a(camera_comp_fall.o)
 .debug_aranges
                0x00000f08       0x48 .\CortexM3\ARM_GCC_441\Debug\SpeedControl01.a(cyfitter_cfg.o)
 .debug_aranges
                0x00000f50       0x20 .\CortexM3\ARM_GCC_441\Debug\SpeedControl01.a(CyBootAsmGnu.o)
 .debug_aranges
                0x00000f70       0x78 .\CortexM3\ARM_GCC_441\Debug\SpeedControl01.a(CyFlash.o)
 .debug_aranges
                0x00000fe8       0x90 .\CortexM3\ARM_GCC_441\Debug\SpeedControl01.a(CySpc.o)
 .debug_aranges
                0x00001078       0x20 .\CortexM3\ARM_GCC_441\Debug\SpeedControl01.a(cyutils.o)

.debug_pubnames
                0x00000000     0x3033
 *(.debug_pubnames)
 .debug_pubnames
                0x00000000      0x2d8 .\CortexM3\ARM_GCC_441\Debug\main.o
 .debug_pubnames
                0x000002d8       0x38 .\CortexM3\ARM_GCC_441\Debug\serial.o
 .debug_pubnames
                0x00000310      0x48d .\CortexM3\ARM_GCC_441\Debug\speedcontrol.o
 .debug_pubnames
                0x0000079d       0x57 .\CortexM3\ARM_GCC_441\Debug\Cm3Start.o
 .debug_pubnames
                0x000007f4      0x14d .\CortexM3\ARM_GCC_441\Debug\SpeedControl01.a(LCD.o)
 .debug_pubnames
                0x00000941      0x168 .\CortexM3\ARM_GCC_441\Debug\SpeedControl01.a(inter_button.o)
 .debug_pubnames
                0x00000aa9      0x614 .\CortexM3\ARM_GCC_441\Debug\SpeedControl01.a(CyLib.o)
 .debug_pubnames
                0x000010bd       0xbb .\CortexM3\ARM_GCC_441\Debug\SpeedControl01.a(cyPm.o)
 .debug_pubnames
                0x00001178      0x127 .\CortexM3\ARM_GCC_441\Debug\SpeedControl01.a(rx_rcvd.o)
 .debug_pubnames
                0x0000129f      0x14e .\CortexM3\ARM_GCC_441\Debug\SpeedControl01.a(wheel_tick.o)
 .debug_pubnames
                0x000013ed      0x168 .\CortexM3\ARM_GCC_441\Debug\SpeedControl01.a(tick_timeout.o)
 .debug_pubnames
                0x00001555      0x18f .\CortexM3\ARM_GCC_441\Debug\SpeedControl01.a(throttle_update.o)
 .debug_pubnames
                0x000016e4       0xf9 .\CortexM3\ARM_GCC_441\Debug\SpeedControl01.a(PWM_Motor.o)
 .debug_pubnames
                0x000017dd      0x264 .\CortexM3\ARM_GCC_441\Debug\SpeedControl01.a(UART.o)
 .debug_pubnames
                0x00001a41      0x19a .\CortexM3\ARM_GCC_441\Debug\SpeedControl01.a(Counter_PID.o)
 .debug_pubnames
                0x00001bdb      0x205 .\CortexM3\ARM_GCC_441\Debug\SpeedControl01.a(Timer_Wheel_Tick.o)
 .debug_pubnames
                0x00001de0      0x218 .\CortexM3\ARM_GCC_441\Debug\SpeedControl01.a(Counter_Tick_Timeout.o)
 .debug_pubnames
                0x00001ff8       0xf9 .\CortexM3\ARM_GCC_441\Debug\SpeedControl01.a(PWM_Servo.o)
 .debug_pubnames
                0x000020f1      0x1b6 .\CortexM3\ARM_GCC_441\Debug\SpeedControl01.a(camera_frame_start.o)
 .debug_pubnames
                0x000022a7      0x19c .\CortexM3\ARM_GCC_441\Debug\SpeedControl01.a(Timer_Row.o)
 .debug_pubnames
                0x00002443      0x224 .\CortexM3\ARM_GCC_441\Debug\SpeedControl01.a(Timer_Line_Begin.o)
 .debug_pubnames
                0x00002667      0x19c .\CortexM3\ARM_GCC_441\Debug\SpeedControl01.a(camera_row_start.o)
 .debug_pubnames
                0x00002803      0x19c .\CortexM3\ARM_GCC_441\Debug\SpeedControl01.a(camera_comp_rise.o)
 .debug_pubnames
                0x0000299f      0x229 .\CortexM3\ARM_GCC_441\Debug\SpeedControl01.a(Timer_Line_End.o)
 .debug_pubnames
                0x00002bc8      0x19c .\CortexM3\ARM_GCC_441\Debug\SpeedControl01.a(camera_comp_fall.o)
 .debug_pubnames
                0x00002d64       0x52 .\CortexM3\ARM_GCC_441\Debug\SpeedControl01.a(cyfitter_cfg.o)
 .debug_pubnames
                0x00002db6      0x115 .\CortexM3\ARM_GCC_441\Debug\SpeedControl01.a(CyFlash.o)
 .debug_pubnames
                0x00002ecb      0x147 .\CortexM3\ARM_GCC_441\Debug\SpeedControl01.a(CySpc.o)
 .debug_pubnames
                0x00003012       0x21 .\CortexM3\ARM_GCC_441\Debug\SpeedControl01.a(cyutils.o)

.debug_info     0x00000000     0x5d6f
 *(.debug_info .gnu.linkonce.wi.*)
 .debug_info    0x00000000      0x593 .\CortexM3\ARM_GCC_441\Debug\main.o
 .debug_info    0x00000593      0x139 .\CortexM3\ARM_GCC_441\Debug\serial.o
 .debug_info    0x000006cc      0x7f2 .\CortexM3\ARM_GCC_441\Debug\speedcontrol.o
 .debug_info    0x00000ebe      0x127 .\CortexM3\ARM_GCC_441\Debug\Cm3Start.o