Archive member included because of file (symbol)

.\CortexM3\ARM_GCC_441\Debug\SpeedControl01.a(LCD.o)
                              .\CortexM3\ARM_GCC_441\Debug\main.o (LCD_Start)
.\CortexM3\ARM_GCC_441\Debug\SpeedControl01.a(inter_button.o)
                              .\CortexM3\ARM_GCC_441\Debug\main.o (inter_button_Start)
.\CortexM3\ARM_GCC_441\Debug\SpeedControl01.a(PWM.o)
                              .\CortexM3\ARM_GCC_441\Debug\main.o (PWM_Start)
.\CortexM3\ARM_GCC_441\Debug\SpeedControl01.a(CyBootAsmGnu.o)
                              .\CortexM3\ARM_GCC_441\Debug\SpeedControl01.a(PWM.o) (CyEnterCriticalSection)
.\CortexM3\ARM_GCC_441\Debug\SpeedControl01.a(CyLib.o)
                              .\CortexM3\ARM_GCC_441\Debug\Cm3Start.o (CyResetStatus)
.\CortexM3\ARM_GCC_441\Debug\SpeedControl01.a(cyPm.o)
                              .\CortexM3\ARM_GCC_441\Debug\SpeedControl01.a(CyLib.o) (CyPmReadStatus)
.\CortexM3\ARM_GCC_441\Debug\SpeedControl01.a(UART_1.o)
                              .\CortexM3\ARM_GCC_441\Debug\main.o (UART_1_Start)
.\CortexM3\ARM_GCC_441\Debug\SpeedControl01.a(rx_rcvd.o)
                              .\CortexM3\ARM_GCC_441\Debug\main.o (rx_rcvd_Start)
.\CortexM3\ARM_GCC_441\Debug\SpeedControl01.a(wheel_tick.o)
                              .\CortexM3\ARM_GCC_441\Debug\main.o (wheel_tick_Start)
.\CortexM3\ARM_GCC_441\Debug\SpeedControl01.a(Counter_1.o)
                              .\CortexM3\ARM_GCC_441\Debug\main.o (Counter_1_Start)
.\CortexM3\ARM_GCC_441\Debug\SpeedControl01.a(Timer_1.o)
                              .\CortexM3\ARM_GCC_441\Debug\main.o (Timer_1_Start)
.\CortexM3\ARM_GCC_441\Debug\SpeedControl01.a(tick_timeout.o)
                              .\CortexM3\ARM_GCC_441\Debug\main.o (tick_timeout_Start)
.\CortexM3\ARM_GCC_441\Debug\SpeedControl01.a(ShiftReg_1.o)
                              .\CortexM3\ARM_GCC_441\Debug\main.o (ShiftReg_1_Start)
.\CortexM3\ARM_GCC_441\Debug\SpeedControl01.a(Counter_2.o)
                              .\CortexM3\ARM_GCC_441\Debug\main.o (Counter_2_Start)
.\CortexM3\ARM_GCC_441\Debug\SpeedControl01.a(throttle_update.o)
                              .\CortexM3\ARM_GCC_441\Debug\main.o (throttle_update_Start)
.\CortexM3\ARM_GCC_441\Debug\SpeedControl01.a(cyfitter_cfg.o)
                              .\CortexM3\ARM_GCC_441\Debug\Cm3Start.o (cyfitter_cfg)
.\CortexM3\ARM_GCC_441\Debug\SpeedControl01.a(CyFlash.o)
                              .\CortexM3\ARM_GCC_441\Debug\SpeedControl01.a(cyPm.o) (CyFlash_SetWaitCycles)
.\CortexM3\ARM_GCC_441\Debug\SpeedControl01.a(CySpc.o)
                              .\CortexM3\ARM_GCC_441\Debug\SpeedControl01.a(CyFlash.o) (CySpcStart)
.\CortexM3\ARM_GCC_441\Debug\SpeedControl01.a(cyutils.o)
                              .\CortexM3\ARM_GCC_441\Debug\SpeedControl01.a(cyfitter_cfg.o) (CySetReg24)
c:/program files (x86)/cypress/psoc creator/2.1/psoc creator/import/gnu_cs/arm/4.4.1/bin/../lib/gcc/arm-none-eabi/4.4.1/thumb2\libgcc.a(_arm_addsubdf3.o)
                              .\CortexM3\ARM_GCC_441\Debug\main.o (__aeabi_dsub)
c:/program files (x86)/cypress/psoc creator/2.1/psoc creator/import/gnu_cs/arm/4.4.1/bin/../lib/gcc/arm-none-eabi/4.4.1/thumb2\libgcc.a(_arm_muldivdf3.o)
                              .\CortexM3\ARM_GCC_441\Debug\main.o (__aeabi_dmul)
c:/program files (x86)/cypress/psoc creator/2.1/psoc creator/import/gnu_cs/arm/4.4.1/bin/../lib/gcc/arm-none-eabi/4.4.1/thumb2\libgcc.a(_arm_cmpdf2.o)
                              .\CortexM3\ARM_GCC_441\Debug\main.o (__aeabi_dcmple)
c:/program files (x86)/cypress/psoc creator/2.1/psoc creator/import/gnu_cs/arm/4.4.1/bin/../lib/gcc/arm-none-eabi/4.4.1/thumb2\libgcc.a(_arm_fixdfsi.o)
                              .\CortexM3\ARM_GCC_441\Debug\main.o (__aeabi_d2iz)
c:/program files (x86)/cypress/psoc creator/2.1/psoc creator/import/gnu_cs/arm/4.4.1/bin/../lib/gcc/arm-none-eabi/4.4.1/../../../../arm-none-eabi/lib/thumb2\libc.a(lib_a-memcpy.o)
                              .\CortexM3\ARM_GCC_441\Debug\SpeedControl01.a(cyfitter_cfg.o) (memcpy)
c:/program files (x86)/cypress/psoc creator/2.1/psoc creator/import/gnu_cs/arm/4.4.1/bin/../lib/gcc/arm-none-eabi/4.4.1/../../../../arm-none-eabi/lib/thumb2\libc.a(lib_a-memset.o)
                              .\CortexM3\ARM_GCC_441\Debug\SpeedControl01.a(cyfitter_cfg.o) (memset)
c:/program files (x86)/cypress/psoc creator/2.1/psoc creator/import/gnu_cs/arm/4.4.1/bin/../lib/gcc/arm-none-eabi/4.4.1/../../../../arm-none-eabi/lib/thumb2\libc.a(lib_a-sprintf.o)
                              .\CortexM3\ARM_GCC_441\Debug\main.o (sprintf)
c:/program files (x86)/cypress/psoc creator/2.1/psoc creator/import/gnu_cs/arm/4.4.1/bin/../lib/gcc/arm-none-eabi/4.4.1/../../../../arm-none-eabi/lib/thumb2\libc.a(lib_a-sscanf.o)
                              .\CortexM3\ARM_GCC_441\Debug\main.o (sscanf)
[...]
Memory Configuration

Name             Origin             Length             Attributes
rom              0x00000000         0x00040000         xr
ram              0x1fff8000         0x0000b000         xrw
*default*        0x00000000         0xffffffff

Linker script and memory map

LOAD c:/program files (x86)/cypress/psoc creator/2.1/psoc creator/import/gnu_cs/arm/4.4.1/bin/../lib/gcc/arm-none-eabi/4.4.1/thumb2/crti.o
LOAD c:/program files (x86)/cypress/psoc creator/2.1/psoc creator/import/gnu_cs/arm/4.4.1/bin/../lib/gcc/arm-none-eabi/4.4.1/thumb2/crtbegin.o
START GROUP
LOAD .\CortexM3\ARM_GCC_441\Debug\main.o
LOAD .\CortexM3\ARM_GCC_441\Debug\Cm3Start.o
LOAD .\CortexM3\ARM_GCC_441\Debug\SpeedControl01.a
LOAD C:\Program Files (x86)\Cypress\PSoC Creator\2.1\PSoC Creator\psoc\content\cycomponentlibrary\CyComponentLibrary.cylib\CortexM3\ARM_GCC_441\Debug\CyComponentLibrary.a
END GROUP
START GROUP
LOAD c:/program files (x86)/cypress/psoc creator/2.1/psoc creator/import/gnu_cs/arm/4.4.1/bin/../lib/gcc/arm-none-eabi/4.4.1/thumb2\libgcc.a
LOAD c:/program files (x86)/cypress/psoc creator/2.1/psoc creator/import/gnu_cs/arm/4.4.1/bin/../lib/gcc/arm-none-eabi/4.4.1/../../../../arm-none-eabi/lib/thumb2\libc.a
END GROUP
LOAD c:/program files (x86)/cypress/psoc creator/2.1/psoc creator/import/gnu_cs/arm/4.4.1/bin/../lib/gcc/arm-none-eabi/4.4.1/thumb2/crtend.o
LOAD c:/program files (x86)/cypress/psoc creator/2.1/psoc creator/import/gnu_cs/arm/4.4.1/bin/../lib/gcc/arm-none-eabi/4.4.1/thumb2/crtn.o
START GROUP
LOAD c:/program files (x86)/cypress/psoc creator/2.1/psoc creator/import/gnu_cs/arm/4.4.1/bin/../lib/gcc/arm-none-eabi/4.4.1/thumb2\libgcc.a
LOAD c:/program files (x86)/cypress/psoc creator/2.1/psoc creator/import/gnu_cs/arm/4.4.1/bin/../lib/gcc/arm-none-eabi/4.4.1/../../../../arm-none-eabi/lib/thumb2\libc.a
LOAD c:/program files (x86)/cypress/psoc creator/2.1/psoc creator/import/gnu_cs/arm/4.4.1/bin/../lib/gcc/arm-none-eabi/4.4.1/../../../../arm-none-eabi/lib/thumb2\libcs3.a
LOAD c:/program files (x86)/cypress/psoc creator/2.1/psoc creator/import/gnu_cs/arm/4.4.1/bin/../lib/gcc/arm-none-eabi/4.4.1/../../../../arm-none-eabi/lib/thumb2\libcs3unhosted.a
LOAD c:/program files (x86)/cypress/psoc creator/2.1/psoc creator/import/gnu_cs/arm/4.4.1/bin/../lib/gcc/arm-none-eabi/4.4.1/../../../../arm-none-eabi/lib/thumb2\libcs3micro.a
END GROUP
                0x1fff8988                PROVIDE (__cs3_heap_start, _end)
                0x00000001                PROVIDE (__cs3_region_num, ((__cs3_regions_end - __cs3_regions) / 0x14))
                0x20008000                PROVIDE (__cs3_stack, 0x20008000)
                0x20004000                PROVIDE (__cs3_heap_end, (__cs3_stack - 0x4000))

.text           0x00000000     0xbde4
 CREATE_OBJECT_SYMBOLS
                0x00000000                __cs3_interrupt_vector = __cs3_interrupt_vector_micro
 *(.cs3.interrupt_vector)
 .cs3.interrupt_vector
                0x00000000       0xc0 c:/program files (x86)/cypress/psoc creator/2.1/psoc creator/import/gnu_cs/arm/4.4.1/bin/../lib/gcc/arm-none-eabi/4.4.1/../../../../arm-none-eabi/lib/thumb2\libcs3micro.a(micro-vector.o)
                0x00000000                __cs3_interrupt_vector_micro
                0x00000001                ASSERT ((. != __cs3_interrupt_vector_micro), No interrupt vector)
                0x00001440                PROVIDE (__cs3_reset, Reset)
 *(.cs3.reset)
                0x00000001                ASSERT ((. != __cs3_reset), No reset code)
 *(.dma_init)
                0x00000001                ASSERT ((((0x0 + .) <= 0x10000) || 0x1), DMA Init must be within the first 64k of flash)
 *(.text.cs3.init)
 .text.cs3.init
                0x000000c0       0x5c c:/program files (x86)/cypress/psoc creator/2.1/psoc creator/import/gnu_cs/arm/4.4.1/bin/../lib/gcc/arm-none-eabi/4.4.1/../../../../arm-none-eabi/lib/thumb2\libcs3.a(start_c.o)
                0x000000c0                __cs3_start_c
 *(.text .text.* .gnu.linkonce.t.*)
 .text          0x0000011c       0x30 c:/program files (x86)/cypress/psoc creator/2.1/psoc creator/import/gnu_cs/arm/4.4.1/bin/../lib/gcc/arm-none-eabi/4.4.1/thumb2/crtbegin.o
 .text.setThrottle
                0x0000014c       0x8c .\CortexM3\ARM_GCC_441\Debug\main.o
                0x0000014c                setThrottle
 .text.getSpeed
                0x000001d8      0x130 .\CortexM3\ARM_GCC_441\Debug\main.o
                0x000001d8                getSpeed
 .text.controlThrottle
                0x00000308      0x3c0 .\CortexM3\ARM_GCC_441\Debug\main.o
                0x00000308                controlThrottle
 .text.handleSerialData
                0x000006c8      0x110 .\CortexM3\ARM_GCC_441\Debug\main.o
                0x000006c8                handleSerialData
 .text.enablePIDwithTimeout
                0x000007d8       0x6c .\CortexM3\ARM_GCC_441\Debug\main.o
                0x000007d8                enablePIDwithTimeout
 .text.killAll  0x00000844       0x28 .\CortexM3\ARM_GCC_441\Debug\main.o
                0x00000844                killAll
 .text.parseMessage
                0x0000086c      0x654 .\CortexM3\ARM_GCC_441\Debug\main.o
                0x0000086c                parseMessage
 .text.initRx   0x00000ec0       0x50 .\CortexM3\ARM_GCC_441\Debug\main.o
                0x00000ec0                initRx
 .text.initSpeedTracking
                0x00000f10       0x54 .\CortexM3\ARM_GCC_441\Debug\main.o
                0x00000f10                initSpeedTracking
 .text.initDerivativeTracking
                0x00000f64       0x60 .\CortexM3\ARM_GCC_441\Debug\main.o
                0x00000f64                initDerivativeTracking
 .text.initIntegralTracking
                0x00000fc4       0x20 .\CortexM3\ARM_GCC_441\Debug\main.o
                0x00000fc4                initIntegralTracking
 .text.button_inter
                0x00000fe4       0x18 .\CortexM3\ARM_GCC_441\Debug\main.o
                0x00000fe4                button_inter
 .text.rx_inter
                0x00000ffc       0x18 .\CortexM3\ARM_GCC_441\Debug\main.o
                0x00000ffc                rx_inter
 .text.wheel_inter
                0x00001014       0x18 .\CortexM3\ARM_GCC_441\Debug\main.o
                0x00001014                wheel_inter
 .text.timeout_inter
                0x0000102c       0x18 .\CortexM3\ARM_GCC_441\Debug\main.o
                0x0000102c                timeout_inter
 .text.throttle_inter
                0x00001044       0x18 .\CortexM3\ARM_GCC_441\Debug\main.o
                0x00001044                throttle_inter
 *fill*         0x0000105c        0x4 00
 .text.main     0x00001060      0x3e0 .\CortexM3\ARM_GCC_441\Debug\main.o
                0x00001060                main
 .text.Reset    0x00001440       0x24 .\CortexM3\ARM_GCC_441\Debug\Cm3Start.o
                0x00001440                Reset
 .text.initialize_psoc
                0x00001464       0x9c .\CortexM3\ARM_GCC_441\Debug\Cm3Start.o
                0x00001464                initialize_psoc
 .text.LCD_Init
                0x00001500       0x90 .\CortexM3\ARM_GCC_441\Debug\SpeedControl01.a(LCD.o)
                0x00001500                LCD_Init
 .text.LCD_Enable
                0x00001590       0x1c .\CortexM3\ARM_GCC_441\Debug\SpeedControl01.a(LCD.o)
                0x00001590                LCD_Enable
 .text.LCD_Start
                0x000015ac       0x2c .\CortexM3\ARM_GCC_441\Debug\SpeedControl01.a(LCD.o)
                0x000015ac                LCD_Start
 .text.LCD_Position
                0x000015d8       0x74 .\CortexM3\ARM_GCC_441\Debug\SpeedControl01.a(LCD.o)
                0x000015d8                LCD_Position
 .text.LCD_PrintString
                0x0000164c       0x40 .\CortexM3\ARM_GCC_441\Debug\SpeedControl01.a(LCD.o)
                0x0000164c                LCD_PrintString
 .text.LCD_WriteData
                0x0000168c       0x38 .\CortexM3\ARM_GCC_441\Debug\SpeedControl01.a(LCD.o)
                0x0000168c                LCD_WriteData
 .text.LCD_WriteControl
                0x000016c4       0x40 .\CortexM3\ARM_GCC_441\Debug\SpeedControl01.a(LCD.o)
                0x000016c4                LCD_WriteControl
 .text.LCD_IsReady
                0x00001704      0x204 .\CortexM3\ARM_GCC_441\Debug\SpeedControl01.a(LCD.o)
                0x00001704                LCD_IsReady
 .text.LCD_WrDatNib
                0x00001908       0xac .\CortexM3\ARM_GCC_441\Debug\SpeedControl01.a(LCD.o)
                0x00001908                LCD_WrDatNib
 .text.LCD_WrCntrlNib
                0x000019b4       0x8c .\CortexM3\ARM_GCC_441\Debug\SpeedControl01.a(LCD.o)
                0x000019b4                LCD_WrCntrlNib
 .text.inter_button_Start
                0x00001a40       0x24 .\CortexM3\ARM_GCC_441\Debug\SpeedControl01.a(inter_button.o)
                0x00001a40                inter_button_Start
 .text.inter_button_Interrupt
                0x00001a64        0xc .\CortexM3\ARM_GCC_441\Debug\SpeedControl01.a(inter_button.o)
                0x00001a64                inter_button_Interrupt
 .text.inter_button_SetVector
                0x00001a70       0x28 .\CortexM3\ARM_GCC_441\Debug\SpeedControl01.a(inter_button.o)
                0x00001a70                inter_button_SetVector
 .text.inter_button_SetPriority
                0x00001a98       0x28 .\CortexM3\ARM_GCC_441\Debug\SpeedControl01.a(inter_button.o)
                0x00001a98                inter_button_SetPriority
 .text.inter_button_Enable
                0x00001ac0       0x18 .\CortexM3\ARM_GCC_441\Debug\SpeedControl01.a(inter_button.o)
                0x00001ac0                inter_button_Enable
 .text.inter_button_Disable
                0x00001ad8       0x18 .\CortexM3\ARM_GCC_441\Debug\SpeedControl01.a(inter_button.o)
                0x00001ad8                inter_button_Disable
 .text.PWM_Start
                0x00001af0       0x2c .\CortexM3\ARM_GCC_441\Debug\SpeedControl01.a(PWM.o)
                0x00001af0                PWM_Start
 .text.PWM_Init
                0x00001b1c       0xc0 .\CortexM3\ARM_GCC_441\Debug\SpeedControl01.a(PWM.o)
                0x00001b1c                PWM_Init
 .text.PWM_Enable
                0x00001bdc       0x2c .\CortexM3\ARM_GCC_441\Debug\SpeedControl01.a(PWM.o)
                0x00001bdc                PWM_Enable
 .text.PWM_WriteCounter
                0x00001c08       0x20 .\CortexM3\ARM_GCC_441\Debug\SpeedControl01.a(PWM.o)
                0x00001c08                PWM_WriteCounter
 .text.PWM_ClearFIFO
                0x00001c28       0x2c .\CortexM3\ARM_GCC_441\Debug\SpeedControl01.a(PWM.o)
                0x00001c28                PWM_ClearFIFO
 .text.PWM_WritePeriod
                0x00001c54       0x20 .\CortexM3\ARM_GCC_441\Debug\SpeedControl01.a(PWM.o)
                0x00001c54                PWM_WritePeriod
 .text.PWM_WriteCompare
                0x00001c74       0x20 .\CortexM3\ARM_GCC_441\Debug\SpeedControl01.a(PWM.o)
                0x00001c74                PWM_WriteCompare
 *fill*         0x00001c94        0x4 00
 .text          0x00001c98       0x20 .\CortexM3\ARM_GCC_441\Debug\SpeedControl01.a(CyBootAsmGnu.o)
                0x00001c98                CyDelayCycles
                0x00001ca8                CyEnterCriticalSection
                0x00001cb0                CyExitCriticalSection
 .text.CyHalt   0x00001cb8       0x18 .\CortexM3\ARM_GCC_441\Debug\SpeedControl01.a(CyLib.o)
                0x00001cb8                CyHalt
 .text.CyDelay  0x00001cd0       0x48 .\CortexM3\ARM_GCC_441\Debug\SpeedControl01.a(CyLib.o)
                0x00001cd0                CyDelay
 .text.CyDelayUs
                0x00001d18       0x28 .\CortexM3\ARM_GCC_441\Debug\SpeedControl01.a(CyLib.o)
                0x00001d18                CyDelayUs
 .text.UART_1_Start
                0x00001d40       0x2c .\CortexM3\ARM_GCC_441\Debug\SpeedControl01.a(UART_1.o)
                0x00001d40                UART_1_Start
 .text.UART_1_Init
                0x00001d6c       0x44 .\CortexM3\ARM_GCC_441\Debug\SpeedControl01.a(UART_1.o)
                0x00001d6c                UART_1_Init
 .text.UART_1_Enable
                0x00001db0       0x90 .\CortexM3\ARM_GCC_441\Debug\SpeedControl01.a(UART_1.o)
                0x00001db0                UART_1_Enable
 .text.UART_1_GetChar
                0x00001e40       0x4c .\CortexM3\ARM_GCC_441\Debug\SpeedControl01.a(UART_1.o)
                0x00001e40                UART_1_GetChar
 .text.UART_1_PutChar
                0x00001e8c       0x34 .\CortexM3\ARM_GCC_441\Debug\SpeedControl01.a(UART_1.o)
                0x00001e8c                UART_1_PutChar
 .text.UART_1_PutString
                0x00001ec0       0x3c .\CortexM3\ARM_GCC_441\Debug\SpeedControl01.a(UART_1.o)
                0x00001ec0                UART_1_PutString
 .text.rx_rcvd_Start
                0x00001efc       0x24 .\CortexM3\ARM_GCC_441\Debug\SpeedControl01.a(rx_rcvd.o)
                0x00001efc                rx_rcvd_Start
 .text.rx_rcvd_Interrupt
                0x00001f20        0xc .\CortexM3\ARM_GCC_441\Debug\SpeedControl01.a(rx_rcvd.o)
                0x00001f20                rx_rcvd_Interrupt
 .text.rx_rcvd_SetVector
                0x00001f2c       0x28 .\CortexM3\ARM_GCC_441\Debug\SpeedControl01.a(rx_rcvd.o)
                0x00001f2c                rx_rcvd_SetVector
 .text.rx_rcvd_SetPriority
                0x00001f54       0x28 .\CortexM3\ARM_GCC_441\Debug\SpeedControl01.a(rx_rcvd.o)
                0x00001f54                rx_rcvd_SetPriority
 .text.rx_rcvd_Enable
                0x00001f7c       0x18 .\CortexM3\ARM_GCC_441\Debug\SpeedControl01.a(rx_rcvd.o)
                0x00001f7c                rx_rcvd_Enable
 .text.rx_rcvd_Disable
                0x00001f94       0x18 .\CortexM3\ARM_GCC_441\Debug\SpeedControl01.a(rx_rcvd.o)
                0x00001f94                rx_rcvd_Disable
 .text.wheel_tick_Start
                0x00001fac       0x24 .\CortexM3\ARM_GCC_441\Debug\SpeedControl01.a(wheel_tick.o)
                0x00001fac                wheel_tick_Start
 .text.wheel_tick_Interrupt
                0x00001fd0        0xc .\CortexM3\ARM_GCC_441\Debug\SpeedControl01.a(wheel_tick.o)
                0x00001fd0                wheel_tick_Interrupt
 .text.wheel_tick_SetVector
                0x00001fdc       0x28 .\CortexM3\ARM_GCC_441\Debug\SpeedControl01.a(wheel_tick.o)
                0x00001fdc                wheel_tick_SetVector
 .text.wheel_tick_SetPriority
                0x00002004       0x28 .\CortexM3\ARM_GCC_441\Debug\SpeedControl01.a(wheel_tick.o)
                0x00002004                wheel_tick_SetPriority
 .text.wheel_tick_Enable
                0x0000202c       0x18 .\CortexM3\ARM_GCC_441\Debug\SpeedControl01.a(wheel_tick.o)
                0x0000202c                wheel_tick_Enable
 .text.wheel_tick_Disable
                0x00002044       0x18 .\CortexM3\ARM_GCC_441\Debug\SpeedControl01.a(wheel_tick.o)
                0x00002044                wheel_tick_Disable
 .text.Counter_1_Init
                0x0000205c       0xdc .\CortexM3\ARM_GCC_441\Debug\SpeedControl01.a(Counter_1.o)
                0x0000205c                Counter_1_Init
 .text.Counter_1_Enable
                0x00002138       0x60 .\CortexM3\ARM_GCC_441\Debug\SpeedControl01.a(Counter_1.o)
                0x00002138                Counter_1_Enable
 .text.Counter_1_Start
                0x00002198       0x2c .\CortexM3\ARM_GCC_441\Debug\SpeedControl01.a(Counter_1.o)
                0x00002198                Counter_1_Start
 .text.Counter_1_SetInterruptMode
                0x000021c4       0x20 .\CortexM3\ARM_GCC_441\Debug\SpeedControl01.a(Counter_1.o)
                0x000021c4                Counter_1_SetInterruptMode
 .text.Counter_1_WriteCounter
                0x000021e4       0x88 .\CortexM3\ARM_GCC_441\Debug\SpeedControl01.a(Counter_1.o)
                0x000021e4                Counter_1_WriteCounter
 .text.Counter_1_WritePeriod
                0x0000226c       0x20 .\CortexM3\ARM_GCC_441\Debug\SpeedControl01.a(Counter_1.o)
                0x0000226c                Counter_1_WritePeriod
 .text.Timer_1_Init
                0x0000228c       0xdc .\CortexM3\ARM_GCC_441\Debug\SpeedControl01.a(Timer_1.o)
                0x0000228c                Timer_1_Init
 .text.Timer_1_Enable
                0x00002368       0x60 .\CortexM3\ARM_GCC_441\Debug\SpeedControl01.a(Timer_1.o)
                0x00002368                Timer_1_Enable
 .text.Timer_1_Start
                0x000023c8       0x2c .\CortexM3\ARM_GCC_441\Debug\SpeedControl01.a(Timer_1.o)
                0x000023c8                Timer_1_Start
 .text.Timer_1_SetInterruptMode
                0x000023f4       0x20 .\CortexM3\ARM_GCC_441\Debug\SpeedControl01.a(Timer_1.o)
                0x000023f4                Timer_1_SetInterruptMode
 .text.Timer_1_WritePeriod
                0x00002414       0x24 .\CortexM3\ARM_GCC_441\Debug\SpeedControl01.a(Timer_1.o)
                0x00002414                Timer_1_WritePeriod
 .text.Timer_1_ReadCapture
                0x00002438       0x18 .\CortexM3\ARM_GCC_441\Debug\SpeedControl01.a(Timer_1.o)
                0x00002438                Timer_1_ReadCapture
 .text.Timer_1_WriteCounter
                0x00002450       0x14 .\CortexM3\ARM_GCC_441\Debug\SpeedControl01.a(Timer_1.o)
                0x00002450                Timer_1_WriteCounter
 .text.tick_timeout_Start
                0x00002464       0x24 .\CortexM3\ARM_GCC_441\Debug\SpeedControl01.a(tick_timeout.o)
                0x00002464                tick_timeout_Start
 .text.tick_timeout_Interrupt
                0x00002488        0xc .\CortexM3\ARM_GCC_441\Debug\SpeedControl01.a(tick_timeout.o)
                0x00002488                tick_timeout_Interrupt
 .text.tick_timeout_SetVector
                0x00002494       0x28 .\CortexM3\ARM_GCC_441\Debug\SpeedControl01.a(tick_timeout.o)
                0x00002494                tick_timeout_SetVector
 .text.tick_timeout_SetPriority
                0x000024bc       0x28 .\CortexM3\ARM_GCC_441\Debug\SpeedControl01.a(tick_timeout.o)
                0x000024bc                tick_timeout_SetPriority
 .text.tick_timeout_Enable
                0x000024e4       0x18 .\CortexM3\ARM_GCC_441\Debug\SpeedControl01.a(tick_timeout.o)
                0x000024e4                tick_timeout_Enable
 .text.tick_timeout_Disable
                0x000024fc       0x18 .\CortexM3\ARM_GCC_441\Debug\SpeedControl01.a(tick_timeout.o)
                0x000024fc                tick_timeout_Disable
 .text.ShiftReg_1_Start
                0x00002514       0x2c .\CortexM3\ARM_GCC_441\Debug\SpeedControl01.a(ShiftReg_1.o)
                0x00002514                ShiftReg_1_Start
 .text.ShiftReg_1_Enable
                0x00002540       0x28 .\CortexM3\ARM_GCC_441\Debug\SpeedControl01.a(ShiftReg_1.o)
                0x00002540                ShiftReg_1_Enable
 .text.ShiftReg_1_Init
                0x00002568       0x10 .\CortexM3\ARM_GCC_441\Debug\SpeedControl01.a(ShiftReg_1.o)
                0x00002568                ShiftReg_1_Init
 .text.ShiftReg_1_EnableInt
                0x00002578       0x3c .\CortexM3\ARM_GCC_441\Debug\SpeedControl01.a(ShiftReg_1.o)
                0x00002578                ShiftReg_1_EnableInt
 .text.ShiftReg_1_SetIntMode
                0x000025b4       0x3c .\CortexM3\ARM_GCC_441\Debug\SpeedControl01.a(ShiftReg_1.o)
                0x000025b4                ShiftReg_1_SetIntMode
 .text.Counter_2_Init
                0x000025f0       0xdc .\CortexM3\ARM_GCC_441\Debug\SpeedControl01.a(Counter_2.o)
                0x000025f0                Counter_2_Init
 .text.Counter_2_Enable
                0x000026cc       0x60 .\CortexM3\ARM_GCC_441\Debug\SpeedControl01.a(Counter_2.o)
                0x000026cc                Counter_2_Enable
 .text.Counter_2_Start
                0x0000272c       0x2c .\CortexM3\ARM_GCC_441\Debug\SpeedControl01.a(Counter_2.o)
                0x0000272c                Counter_2_Start
 .text.Counter_2_SetInterruptMode
                0x00002758       0x20 .\CortexM3\ARM_GCC_441\Debug\SpeedControl01.a(Counter_2.o)
                0x00002758                Counter_2_SetInterruptMode
 .text.Counter_2_WriteCounter
                0x00002778       0x88 .\CortexM3\ARM_GCC_441\Debug\SpeedControl01.a(Counter_2.o)
                0x00002778                Counter_2_WriteCounter
 .text.Counter_2_WritePeriod
                0x00002800       0x20 .\CortexM3\ARM_GCC_441\Debug\SpeedControl01.a(Counter_2.o)
                0x00002800                Counter_2_WritePeriod
 .text.throttle_update_Start
                0x00002820       0x24 .\CortexM3\ARM_GCC_441\Debug\SpeedControl01.a(throttle_update.o)
                0x00002820                throttle_update_Start
 .text.throttle_update_Interrupt
                0x00002844        0xc .\CortexM3\ARM_GCC_441\Debug\SpeedControl01.a(throttle_update.o)
                0x00002844                throttle_update_Interrupt
 .text.throttle_update_SetVector
                0x00002850       0x28 .\CortexM3\ARM_GCC_441\Debug\SpeedControl01.a(throttle_update.o)
                0x00002850                throttle_update_SetVector
 .text.throttle_update_SetPriority
                0x00002878       0x28 .\CortexM3\ARM_GCC_441\Debug\SpeedControl01.a(throttle_update.o)
                0x00002878                throttle_update_SetPriority
 .text.throttle_update_Enable
                0x000028a0       0x18 .\CortexM3\ARM_GCC_441\Debug\SpeedControl01.a(throttle_update.o)
                0x000028a0                throttle_update_Enable
 .text.throttle_update_Disable
                0x000028b8       0x18 .\CortexM3\ARM_GCC_441\Debug\SpeedControl01.a(throttle_update.o)
                0x000028b8                throttle_update_Disable
 .text.cfg_write_bytes32
                0x000028d0       0x94 .\CortexM3\ARM_GCC_441\Debug\SpeedControl01.a(cyfitter_cfg.o)
 .text.ClockSetup
                0x00002964      0x170 .\CortexM3\ARM_GCC_441\Debug\SpeedControl01.a(cyfitter_cfg.o)
 .text.AnalogSetDefault
                0x00002ad4       0x4c .\CortexM3\ARM_GCC_441\Debug\SpeedControl01.a(cyfitter_cfg.o)
                0x00002ad4                AnalogSetDefault
 .text.cyfitter_cfg
                0x00002b20      0x288 .\CortexM3\ARM_GCC_441\Debug\SpeedControl01.a(cyfitter_cfg.o)
                0x00002b20                cyfitter_cfg
 .text.CySetReg24
                0x00002da8       0x4c .\CortexM3\ARM_GCC_441\Debug\SpeedControl01.a(cyutils.o)
                0x00002da8                CySetReg24
 .text          0x00002df4      0x370 c:/program files (x86)/cypress/psoc creator/2.1/psoc creator/import/gnu_cs/arm/4.4.1/bin/../lib/gcc/arm-none-eabi/4.4.1/thumb2\libgcc.a(_arm_addsubdf3.o)
                0x00002df4                __aeabi_drsub
                0x00002dfc                __aeabi_dsub
                0x00002dfc                __subdf3
                0x00002e00                __aeabi_dadd
                0x00002e00                __adddf3
                0x00003078                __floatunsidf
                0x00003078                __aeabi_ui2d
                0x00003098                __floatsidf
                0x00003098                __aeabi_i2d
                0x000030bc                __aeabi_f2d
                0x000030bc                __extendsfdf2
                0x000030f8                __floatundidf
                0x000030f8                __aeabi_ul2d
                0x00003108                __floatdidf
                0x00003108                __aeabi_l2d
 .text          0x00003164      0x424 c:/program files (x86)/cypress/psoc creator/2.1/psoc creator/import/gnu_cs/arm/4.4.1/bin/../lib/gcc/arm-none-eabi/4.4.1/thumb2\libgcc.a(_arm_muldivdf3.o)
                0x00003164                __aeabi_dmul
                0x00003164                __muldf3
                0x000033b8                __divdf3
                0x000033b8                __aeabi_ddiv
 .text          0x00003588      0x110 c:/program files (x86)/cypress/psoc creator/2.1/psoc creator/import/gnu_cs/arm/4.4.1/bin/../lib/gcc/arm-none-eabi/4.4.1/thumb2\libgcc.a(_arm_cmpdf2.o)
                0x00003588                __gtdf2
                0x00003588                __gedf2
                0x00003590                __ltdf2
                0x00003590                __ledf2
                0x00003598                __nedf2
                0x00003598                __eqdf2
                0x00003598                __cmpdf2
                0x00003614                __aeabi_cdrcmple
                0x00003624                __aeabi_cdcmpeq
                0x00003624                __aeabi_cdcmple
                0x00003634                __aeabi_dcmpeq
                0x00003648                __aeabi_dcmplt
                0x0000365c                __aeabi_dcmple
                0x00003670                __aeabi_dcmpge
                0x00003684                __aeabi_dcmpgt
 .text          0x00003698       0x50 c:/program files (x86)/cypress/psoc creator/2.1/psoc creator/import/gnu_cs/arm/4.4.1/bin/../lib/gcc/arm-none-eabi/4.4.1/thumb2\libgcc.a(_arm_fixdfsi.o)
                0x00003698                __aeabi_d2iz
                0x00003698                __fixdfsi
 .text          0x000036e8      0x190 c:/program files (x86)/cypress/psoc creator/2.1/psoc creator/import/gnu_cs/arm/4.4.1/bin/../lib/gcc/arm-none-eabi/4.4.1/../../../../arm-none-eabi/lib/thumb2\libc.a(lib_a-memcpy.o)
                0x000036e8                memcpy
 .text          0x00003878       0xd4 c:/program files (x86)/cypress/psoc creator/2.1/psoc creator/import/gnu_cs/arm/4.4.1/bin/../lib/gcc/arm-none-eabi/4.4.1/../../../../arm-none-eabi/lib/thumb2\libc.a(lib_a-memset.o)
                0x00003878                memset
 .text          0x0000394c       0x94 c:/program files (x86)/cypress/psoc creator/2.1/psoc creator/import/gnu_cs/arm/4.4.1/bin/../lib/gcc/arm-none-eabi/4.4.1/../../../../arm-none-eabi/lib/thumb2\libc.a(lib_a-sprintf.o)
                0x0000394c                sprintf
                0x0000399c                _sprintf_r
 .text          0x000039e0       0xb8 c:/program files (x86)/cypress/psoc creator/2.1/psoc creator/import/gnu_cs/arm/4.4.1/bin/../lib/gcc/arm-none-eabi/4.4.1/../../../../arm-none-eabi/lib/thumb2\libc.a(lib_a-sscanf.o)
                0x000039e4                _sscanf_r
                0x00003a3c                sscanf
 .text          0x00003a98      0x1dc c:/program files (x86)/cypress/psoc creator/2.1/psoc creator/import/gnu_cs/arm/4.4.1/bin/../lib/gcc/arm-none-eabi/4.4.1/../../../../arm-none-eabi/lib/thumb2\libc.a(lib_a-strcmp.o)
                0x00003a98                strcmp
 .text          0x00003c74       0x60 c:/program files (x86)/cypress/psoc creator/2.1/psoc creator/import/gnu_cs/arm/4.4.1/bin/../lib/gcc/arm-none-eabi/4.4.1/../../../../arm-none-eabi/lib/thumb2\libc.a(lib_a-strlen.o)
                0x00003c74                strlen
 .text          0x00003cd4     0x15a8 c:/program files (x86)/cypress/psoc creator/2.1/psoc creator/import/gnu_cs/arm/4.4.1/bin/../lib/gcc/arm-none-eabi/4.4.1/../../../../arm-none-eabi/lib/thumb2\libc.a(lib_a-svfprintf.o)
                0x00003df0                _svfprintf_r
 .text          0x0000527c     0x10f8 c:/program files (x86)/cypress/psoc creator/2.1/psoc creator/import/gnu_cs/arm/4.4.1/bin/../lib/gcc/arm-none-eabi/4.4.1/../../../../arm-none-eabi/lib/thumb2\libc.a(lib_a-svfscanf.o)
                0x00005348                __ssvfscanf_r
 .text          0x00006374      0x1bc c:/program files (x86)/cypress/psoc creator/2.1/psoc creator/import/gnu_cs/arm/4.4.1/bin/../lib/gcc/arm-none-eabi/4.4.1/../../../../arm-none-eabi/lib/thumb2\libc.a(lib_a-ungetc.o)
                0x00006374                __submore
                0x000063f0                _ungetc_r
                0x00006520                ungetc
 .text          0x00006530      0xfb8 c:/program files (x86)/cypress/psoc creator/2.1/psoc creator/import/gnu_cs/arm/4.4.1/bin/../lib/gcc/arm-none-eabi/4.4.1/../../../../arm-none-eabi/lib/thumb2\libc.a(lib_a-dtoa.o)
                0x00006650                _dtoa_r
 .text          0x000074e8      0x178 c:/program files (x86)/cypress/psoc creator/2.1/psoc creator/import/gnu_cs/arm/4.4.1/bin/../lib/gcc/arm-none-eabi/4.4.1/../../../../arm-none-eabi/lib/thumb2\libc.a(lib_a-fflush.o)
                0x000074e8                _fflush_r
                0x00007638                fflush
 .text          0x00007660      0x1c8 c:/program files (x86)/cypress/psoc creator/2.1/psoc creator/import/gnu_cs/arm/4.4.1/bin/../lib/gcc/arm-none-eabi/4.4.1/../../../../arm-none-eabi/lib/thumb2\libc.a(lib_a-findfp.o)
                0x00007660                __sfp_lock_acquire
                0x00007664                __sfp_lock_release
                0x00007668                __sinit_lock_acquire
                0x0000766c                __sinit_lock_release
                0x00007678                __fp_unlock_all
                0x00007690                __fp_lock_all
                0x000076a8                _cleanup_r
                0x000076b4                _cleanup
                0x00007710                __sfmoreglue
                0x00007740                __sfp
                0x000077c8                __sinit
 .text          0x00007828      0x268 c:/program files (x86)/cypress/psoc creator/2.1/psoc creator/import/gnu_cs/arm/4.4.1/bin/../lib/gcc/arm-none-eabi/4.4.1/../../../../arm-none-eabi/lib/thumb2\libc.a(lib_a-freer.o)
                0x00007828                _malloc_trim_r
                0x000078d0                _free_r
 .text          0x00007a90       0xa0 c:/program files (x86)/cypress/psoc creator/2.1/psoc creator/import/gnu_cs/arm/4.4.1/bin/../lib/gcc/arm-none-eabi/4.4.1/../../../../arm-none-eabi/lib/thumb2\libc.a(lib_a-fwalk.o)
                0x00007a90                _fwalk_reent
                0x00007ae4                _fwalk
 .text          0x00007b30       0x1c c:/program files (x86)/cypress/psoc creator/2.1/psoc creator/import/gnu_cs/arm/4.4.1/bin/../lib/gcc/arm-none-eabi/4.4.1/../../../../arm-none-eabi/lib/thumb2\libc.a(lib_a-iswspace.o)
                0x00007b30                iswspace
 .text          0x00007b4c       0x74 c:/program files (x86)/cypress/psoc creator/2.1/psoc creator/import/gnu_cs/arm/4.4.1/bin/../lib/gcc/arm-none-eabi/4.4.1/../../../../arm-none-eabi/lib/thumb2\libc.a(lib_a-locale.o)
                0x00007b4c                __locale_charset
                0x00007b58                _localeconv_r
                0x00007b60                localeconv
                0x00007b68                _setlocale_r
                0x00007bb0                setlocale
 .text          0x00007bc0       0x20 c:/program files (x86)/cypress/psoc creator/2.1/psoc creator/import/gnu_cs/arm/4.4.1/bin/../lib/gcc/arm-none-eabi/4.4.1/../../../../arm-none-eabi/lib/thumb2\libc.a(lib_a-malloc.o)
                0x00007bc0                free
                0x00007bd0                malloc
 .text          0x00007be0      0x5a4 c:/program files (x86)/cypress/psoc creator/2.1/psoc creator/import/gnu_cs/arm/4.4.1/bin/../lib/gcc/arm-none-eabi/4.4.1/../../../../arm-none-eabi/lib/thumb2\libc.a(lib_a-mallocr.o)
                0x00007be0                _malloc_r
 .text          0x00008184       0x5c c:/program files (x86)/cypress/psoc creator/2.1/psoc creator/import/gnu_cs/arm/4.4.1/bin/../lib/gcc/arm-none-eabi/4.4.1/../../../../arm-none-eabi/lib/thumb2\libc.a(lib_a-mbrtowc.o)
                0x00008184                _mbrtowc_r
                0x000081bc                mbrtowc
 .text          0x000081e0       0x38 c:/program files (x86)/cypress/psoc creator/2.1/psoc creator/import/gnu_cs/arm/4.4.1/bin/../lib/gcc/arm-none-eabi/4.4.1/../../../../arm-none-eabi/lib/thumb2\libc.a(lib_a-mbtowc_r.o)
                0x000081e0                _mbtowc_r
 .text          0x00008218       0x74 c:/program files (x86)/cypress/psoc creator/2.1/psoc creator/import/gnu_cs/arm/4.4.1/bin/../lib/gcc/arm-none-eabi/4.4.1/../../../../arm-none-eabi/lib/thumb2\libc.a(lib_a-memchr.o)
                0x00008218                memchr
 .text          0x0000828c       0xb8 c:/program files (x86)/cypress/psoc creator/2.1/psoc creator/import/gnu_cs/arm/4.4.1/bin/../lib/gcc/arm-none-eabi/4.4.1/../../../../arm-none-eabi/lib/thumb2\libc.a(lib_a-memmove.o)
                0x0000828c                memmove
 .text          0x00008344        0x8 c:/program files (x86)/cypress/psoc creator/2.1/psoc creator/import/gnu_cs/arm/4.4.1/bin/../lib/gcc/arm-none-eabi/4.4.1/../../../../arm-none-eabi/lib/thumb2\libc.a(lib_a-mlock.o)
                0x00008344                __malloc_lock
                0x00008348                __malloc_unlock
 .text          0x0000834c      0x958 c:/program files (x86)/cypress/psoc creator/2.1/psoc creator/import/gnu_cs/arm/4.4.1/bin/../lib/gcc/arm-none-eabi/4.4.1/../../../../arm-none-eabi/lib/thumb2\libc.a(lib_a-mprec.o)
                0x0000834c                __hi0bits
                0x0000838c                __lo0bits
                0x000083f0                __mcmp
                0x00008430                __ulp
                0x0000847c                __b2d
                0x00008524                __ratio
                0x00008584                _mprec_log10
                0x000085bc                __copybits
                0x0000860c                __any_on
                0x00008664                _Bfree
                0x0000869c                _Balloc
                0x00008708                __d2b
                0x000087d8                __mdiff
                0x000088d0                __lshift
                0x0000898c                __multiply
                0x00008ac0                __i2b
                0x00008ad4                __multadd
                0x00008b5c                __pow5mult
                0x00008c08                __s2b
 .text          0x00008ca4      0x3b4 c:/program files (x86)/cypress/psoc creator/2.1/psoc creator/import/gnu_cs/arm/4.4.1/bin/../lib/gcc/arm-none-eabi/4.4.1/../../../../arm-none-eabi/lib/thumb2\libc.a(lib_a-reallocr.o)
                0x00008ca4                _realloc_r
 .text          0x00009058       0x24 c:/program files (x86)/cypress/psoc creator/2.1/psoc creator/import/gnu_cs/arm/4.4.1/bin/../lib/gcc/arm-none-eabi/4.4.1/../../../../arm-none-eabi/lib/thumb2\libc.a(lib_a-s_isinfd.o)
                0x00009058                __isinfd
 .text          0x0000907c       0x1c c:/program files (x86)/cypress/psoc creator/2.1/psoc creator/import/gnu_cs/arm/4.4.1/bin/../lib/gcc/arm-none-eabi/4.4.1/../../../../arm-none-eabi/lib/thumb2\libc.a(lib_a-s_isnand.o)
                0x0000907c                __isnand
 .text          0x00009098       0x28 c:/program files (x86)/cypress/psoc creator/2.1/psoc creator/import/gnu_cs/arm/4.4.1/bin/../lib/gcc/arm-none-eabi/4.4.1/../../../../arm-none-eabi/lib/thumb2\libc.a(lib_a-sbrkr.o)
                0x00009098                _sbrk_r
 .text          0x000090c0       0x74 c:/program files (x86)/cypress/psoc creator/2.1/psoc creator/import/gnu_cs/arm/4.4.1/bin/../lib/gcc/arm-none-eabi/4.4.1/../../../../arm-none-eabi/lib/thumb2\libc.a(lib_a-sccl.o)
                0x000090c0                __sccl
 .text          0x00009134        0xc c:/program files (x86)/cypress/psoc creator/2.1/psoc creator/import/gnu_cs/arm/4.4.1/bin/../lib/gcc/arm-none-eabi/4.4.1/../../../../arm-none-eabi/lib/thumb2\libc.a(lib_a-sf_nan.o)
                0x00009134                nanf
 .text          0x00009140       0x90 c:/program files (x86)/cypress/psoc creator/2.1/psoc creator/import/gnu_cs/arm/4.4.1/bin/../lib/gcc/arm-none-eabi/4.4.1/../../../../arm-none-eabi/lib/thumb2\libc.a(lib_a-stdio.o)
                0x00009140                __sclose
                0x00009148                __sseek
                0x00009170                __swrite
                0x000091ac                __sread
 .text          0x000091d0     0x1010 c:/program files (x86)/cypress/psoc creator/2.1/psoc creator/import/gnu_cs/arm/4.4.1/bin/../lib/gcc/arm-none-eabi/4.4.1/../../../../arm-none-eabi/lib/thumb2\libc.a(lib_a-strtod.o)
                0x000091d0                _strtod_r
                0x0000a140                strtof
                0x0000a1cc                strtod
 .text          0x0000a1e0      0x158 c:/program files (x86)/cypress/psoc creator/2.1/psoc creator/import/gnu_cs/arm/4.4.1/bin/../lib/gcc/arm-none-eabi/4.4.1/../../../../arm-none-eabi/lib/thumb2\libc.a(lib_a-strtol.o)
                0x0000a1e0                _strtol_r
                0x0000a320                strtol
 .text          0x0000a338      0x1f0 c:/program files (x86)/cypress/psoc creator/2.1/psoc creator/import/gnu_cs/arm/4.4.1/bin/../lib/gcc/arm-none-eabi/4.4.1/../../../../arm-none-eabi/lib/thumb2\libc.a(lib_a-strtoll_r.o)
                0x0000a338                _strtoll_r
 .text          0x0000a528      0x154 c:/program files (x86)/cypress/psoc creator/2.1/psoc creator/import/gnu_cs/arm/4.4.1/bin/../lib/gcc/arm-none-eabi/4.4.1/../../../../arm-none-eabi/lib/thumb2\libc.a(lib_a-strtoul.o)
                0x0000a528                _strtoul_r
                0x0000a664                strtoul
 .text          0x0000a67c      0x1ec c:/program files (x86)/cypress/psoc creator/2.1/psoc creator/import/gnu_cs/arm/4.4.1/bin/../lib/gcc/arm-none-eabi/4.4.1/../../../../arm-none-eabi/lib/thumb2\libc.a(lib_a-strtoull_r.o)
                0x0000a67c                _strtoull_r
 .text          0x0000a868       0x2c c:/program files (x86)/cypress/psoc creator/2.1/psoc creator/import/gnu_cs/arm/4.4.1/bin/../lib/gcc/arm-none-eabi/4.4.1/../../../../arm-none-eabi/lib/thumb2\libc.a(lib_a-writer.o)
                0x0000a868                _write_r
 .text          0x0000a894       0x5c c:/program files (x86)/cypress/psoc creator/2.1/psoc creator/import/gnu_cs/arm/4.4.1/bin/../lib/gcc/arm-none-eabi/4.4.1/../../../../arm-none-eabi/lib/thumb2\libc.a(lib_a-callocr.o)
                0x0000a894                _calloc_r
 .text          0x0000a8f0       0x28 c:/program files (x86)/cypress/psoc creator/2.1/psoc creator/import/gnu_cs/arm/4.4.1/bin/../lib/gcc/arm-none-eabi/4.4.1/../../../../arm-none-eabi/lib/thumb2\libc.a(lib_a-closer.o)
                0x0000a8f0                _close_r
 .text          0x0000a918       0xcc c:/program files (x86)/cypress/psoc creator/2.1/psoc creator/import/gnu_cs/arm/4.4.1/bin/../lib/gcc/arm-none-eabi/4.4.1/../../../../arm-none-eabi/lib/thumb2\libc.a(lib_a-fclose.o)
                0x0000a918                _fclose_r
                0x0000a9d4                fclose
 .text          0x0000a9e4      0x5a8 c:/program files (x86)/cypress/psoc creator/2.1/psoc creator/import/gnu_cs/arm/4.4.1/bin/../lib/gcc/arm-none-eabi/4.4.1/../../../../arm-none-eabi/lib/thumb2\libc.a(lib_a-gdtoa-gethex.o)
                0x0000a9e4                __hexdig_init
                0x0000aad0                __gethex
 .text          0x0000af8c      0x1bc c:/program files (x86)/cypress/psoc creator/2.1/psoc creator/import/gnu_cs/arm/4.4.1/bin/../lib/gcc/arm-none-eabi/4.4.1/../../../../arm-none-eabi/lib/thumb2\libc.a(lib_a-gdtoa-hexnan.o)
                0x0000af8c                __hexnan
 .text          0x0000b148       0x2c c:/program files (x86)/cypress/psoc creator/2.1/psoc creator/import/gnu_cs/arm/4.4.1/bin/../lib/gcc/arm-none-eabi/4.4.1/../../../../arm-none-eabi/lib/thumb2\libc.a(lib_a-lseekr.o)
                0x0000b148                _lseek_r
 .text          0x0000b174       0x2c c:/program files (x86)/cypress/psoc creator/2.1/psoc creator/import/gnu_cs/arm/4.4.1/bin/../lib/gcc/arm-none-eabi/4.4.1/../../../../arm-none-eabi/lib/thumb2\libc.a(lib_a-readr.o)
                0x0000b174                _read_r
 .text          0x0000b1a0      0x278 c:/program files (x86)/cypress/psoc creator/2.1/psoc creator/import/gnu_cs/arm/4.4.1/bin/../lib/gcc/arm-none-eabi/4.4.1/thumb2\libgcc.a(_udivsi3.o)
                0x0000b1a0                __aeabi_uidiv
                0x0000b1a0                __udivsi3
                0x0000b3fc                __aeabi_uidivmod
 .text          0x0000b418        0x4 c:/program files (x86)/cypress/psoc creator/2.1/psoc creator/import/gnu_cs/arm/4.4.1/bin/../lib/gcc/arm-none-eabi/4.4.1/thumb2\libgcc.a(_dvmd_tls.o)
                0x0000b418                __aeabi_idiv0
                0x0000b418                __aeabi_ldiv0
 .text          0x0000b41c       0x40 c:/program files (x86)/cypress/psoc creator/2.1/psoc creator/import/gnu_cs/arm/4.4.1/bin/../lib/gcc/arm-none-eabi/4.4.1/thumb2\libgcc.a(_arm_fixunsdfsi.o)
                0x0000b41c                __aeabi_d2uiz
                0x0000b41c                __fixunsdfsi
 .text          0x0000b45c       0xa0 c:/program files (x86)/cypress/psoc creator/2.1/psoc creator/import/gnu_cs/arm/4.4.1/bin/../lib/gcc/arm-none-eabi/4.4.1/thumb2\libgcc.a(_arm_truncdfsf2.o)
                0x0000b45c                __truncdfsf2
                0x0000b45c                __aeabi_d2f
 .text          0x0000b4fc       0xec c:/program files (x86)/cypress/psoc creator/2.1/psoc creator/import/gnu_cs/arm/4.4.1/bin/../lib/gcc/arm-none-eabi/4.4.1/thumb2\libgcc.a(_arm_cmpsf2.o)
                0x0000b4fc                __gesf2
                0x0000b4fc                __gtsf2
                0x0000b504                __lesf2
                0x0000b504                __ltsf2
                0x0000b50c                __nesf2
                0x0000b50c                __eqsf2
                0x0000b50c                __cmpsf2
                0x0000b56c                __aeabi_cfrcmple
                0x0000b574                __aeabi_cfcmpeq
                0x0000b574                __aeabi_cfcmple
                0x0000b584                __aeabi_fcmpeq
                0x0000b598                __aeabi_fcmplt
                0x0000b5ac                __aeabi_fcmple
                0x0000b5c0                __aeabi_fcmpge
                0x0000b5d4                __aeabi_fcmpgt
 .text          0x0000b5e8       0x2c c:/program files (x86)/cypress/psoc creator/2.1/psoc creator/import/gnu_cs/arm/4.4.1/bin/../lib/gcc/arm-none-eabi/4.4.1/thumb2\libgcc.a(_aeabi_uldivmod.o)
                0x0000b5e8                __aeabi_uldivmod
 .text          0x0000b614       0x58 c:/program files (x86)/cypress/psoc creator/2.1/psoc creator/import/gnu_cs/arm/4.4.1/bin/../lib/gcc/arm-none-eabi/4.4.1/thumb2\libgcc.a(bpabi.o)
                0x0000b614                __gnu_uldivmod_helper
                0x0000b640                __gnu_ldivmod_helper
 .text          0x0000b66c      0x364 c:/program files (x86)/cypress/psoc creator/2.1/psoc creator/import/gnu_cs/arm/4.4.1/bin/../lib/gcc/arm-none-eabi/4.4.1/thumb2\libgcc.a(_divdi3.o)
                0x0000b66c                __divdi3
 .text          0x0000b9d0      0x300 c:/program files (x86)/cypress/psoc creator/2.1/psoc creator/import/gnu_cs/arm/4.4.1/bin/../lib/gcc/arm-none-eabi/4.4.1/thumb2\libgcc.a(_udivdi3.o)
                0x0000b9d0                __udivdi3
 .text          0x0000bcd0       0x30 c:/program files (x86)/cypress/psoc creator/2.1/psoc creator/import/gnu_cs/arm/4.4.1/bin/../lib/gcc/arm-none-eabi/4.4.1/../../../../arm-none-eabi/lib/thumb2\libcs3.a(start_c.o)
                0x0000bcd0                __cs3_premain
 .text          0x0000bd00       0x10 c:/program files (x86)/cypress/psoc creator/2.1/psoc creator/import/gnu_cs/arm/4.4.1/bin/../lib/gcc/arm-none-eabi/4.4.1/../../../../arm-none-eabi/lib/thumb2\libcs3unhosted.a(unhosted-_close.o)
                0x0000bd00                _close
 .text          0x0000bd10       0x10 c:/program files (x86)/cypress/psoc creator/2.1/psoc creator/import/gnu_cs/arm/4.4.1/bin/../lib/gcc/arm-none-eabi/4.4.1/../../../../arm-none-eabi/lib/thumb2\libcs3unhosted.a(unhosted-_lseek.o)
                0x0000bd10                _lseek
 .text          0x0000bd20       0x10 c:/program files (x86)/cypress/psoc creator/2.1/psoc creator/import/gnu_cs/arm/4.4.1/bin/../lib/gcc/arm-none-eabi/4.4.1/../../../../arm-none-eabi/lib/thumb2\libcs3unhosted.a(unhosted-_read.o)
                0x0000bd20                _read
 .text          0x0000bd30       0x10 c:/program files (x86)/cypress/psoc creator/2.1/psoc creator/import/gnu_cs/arm/4.4.1/bin/../lib/gcc/arm-none-eabi/4.4.1/../../../../arm-none-eabi/lib/thumb2\libcs3unhosted.a(unhosted-_write.o)
                0x0000bd30                _write
 .text          0x0000bd40       0x44 c:/program files (x86)/cypress/psoc creator/2.1/psoc creator/import/gnu_cs/arm/4.4.1/bin/../lib/gcc/arm-none-eabi/4.4.1/../../../../arm-none-eabi/lib/thumb2\libcs3unhosted.a(unhosted-sbrk.o)
                0x0000bd40                _sbrk
 .text          0x0000bd84        0x2 c:/program files (x86)/cypress/psoc creator/2.1/psoc creator/import/gnu_cs/arm/4.4.1/bin/../lib/gcc/arm-none-eabi/4.4.1/../../../../arm-none-eabi/lib/thumb2\libcs3micro.a(micro_isr_interrupt.o)
                0x0000bd84                __cs3_isr_external_24
                0x0000bd84                __cs3_isr_external_9
                0x0000bd84                __cs3_isr_external_14
                0x0000bd84                __cs3_isr_reserved_9
                0x0000bd84                __cs3_isr_external_4
                0x0000bd84                __cs3_isr_external_21
                0x0000bd84                __cs3_isr_external_0
                0x0000bd84                __cs3_isr_external_27
                0x0000bd84                __cs3_isr_external_11
                0x0000bd84                __cs3_isr_usage_fault
                0x0000bd84                __cs3_isr_svcall
                0x0000bd84                __cs3_isr_external_3
                0x0000bd84                __cs3_isr_mpu_fault
                0x0000bd84                __cs3_isr_external_16
                0x0000bd84                __cs3_isr_pendsv
                0x0000bd84                __cs3_isr_external_31
                0x0000bd84                __cs3_isr_nmi
                0x0000bd84                __cs3_isr_external_5
                0x0000bd84                __cs3_isr_external_6
                0x0000bd84                __cs3_isr_external_12
                0x0000bd84                __cs3_isr_hard_fault
                0x0000bd84                __cs3_isr_bus_fault
                0x0000bd84                __cs3_isr_external_1
                0x0000bd84                __cs3_isr_external_13
                0x0000bd84                __cs3_isr_external_30
                0x0000bd84                __cs3_isr_external_23
                0x0000bd84                __cs3_isr_external_20
                0x0000bd84                __cs3_isr_debug
                0x0000bd84                __cs3_isr_reserved_13
                0x0000bd84                __cs3_isr_external_8
                0x0000bd84                __cs3_isr_external_26
                0x0000bd84                __cs3_isr_reserved_8
                0x0000bd84                __cs3_isr_reserved_7
                0x0000bd84                __cs3_isr_external_7
                0x0000bd84                __cs3_isr_external_28
                0x0000bd84                __cs3_isr_systick
                0x0000bd84                __cs3_isr_external_22
                0x0000bd84                __cs3_isr_external_10
                0x0000bd84                __cs3_isr_external_15
                0x0000bd84                __cs3_isr_interrupt
                0x0000bd84                __cs3_isr_external_18
                0x0000bd84                __cs3_isr_external_29
                0x0000bd84                __cs3_isr_external_25
                0x0000bd84                __cs3_isr_reserved_10
                0x0000bd84                __cs3_isr_external_2
                0x0000bd84                __cs3_isr_external_17
                0x0000bd84                __cs3_isr_external_19
 *fill*         0x0000bd86        0x2 00
 .text          0x0000bd88        0xc c:/program files (x86)/cypress/psoc creator/2.1/psoc creator/import/gnu_cs/arm/4.4.1/bin/../lib/gcc/arm-none-eabi/4.4.1/../../../../arm-none-eabi/lib/thumb2\libc.a(lib_a-errno.o)
                0x0000bd88                __errno
 .text          0x0000bd94       0x50 c:/program files (x86)/cypress/psoc creator/2.1/psoc creator/import/gnu_cs/arm/4.4.1/bin/../lib/gcc/arm-none-eabi/4.4.1/../../../../arm-none-eabi/lib/thumb2\libc.a(lib_a-init.o)
                0x0000bd94                __libc_init_array
 *(.plt)
 *(.gnu.warning)
 *(.glue_7t)
 .glue_7t       0x00000000        0x0 linker stubs
 *(.glue_7)
 .glue_7        0x00000000        0x0 linker stubs
 *(.vfp11_veneer)
 .vfp11_veneer  0x00000000        0x0 linker stubs
 *(.bootloader)
 *(.ARM.extab* .gnu.linkonce.armextab.*)
 *(.gcc_except_table)

.v4_bx          0x0000bde4        0x0
 .v4_bx         0x00000000        0x0 linker stubs

.eh_frame_hdr
 *(.eh_frame_hdr)

.eh_frame
 *(.eh_frame)
                0x0000bde4                PROVIDE (__exidx_start, .)

.ARM.exidx      0x0000bde4        0x8
 *(.ARM.exidx* .gnu.linkonce.armexidx.*)
 .ARM.exidx     0x0000bde4        0x8 c:/program files (x86)/cypress/psoc creator/2.1/psoc creator/import/gnu_cs/arm/4.4.1/bin/../lib/gcc/arm-none-eabi/4.4.1/thumb2\libgcc.a(_divdi3.o)
 .ARM.exidx     0x0000bdec        0x0 c:/program files (x86)/cypress/psoc creator/2.1/psoc creator/import/gnu_cs/arm/4.4.1/bin/../lib/gcc/arm-none-eabi/4.4.1/thumb2\libgcc.a(_udivdi3.o)
                                  0x8 (size before relaxing)
                0x0000bdec                __exidx_end = .

.rodata         0x0000bdf0      0x760
 *(.rodata .rodata.* .gnu.linkonce.r.*)
 .rodata        0x0000bdf0      0x308 .\CortexM3\ARM_GCC_441\Debug\main.o
                0x0000bdf0                MAX_THROTTLE
                0x0000bdf4                CLK_FREQ
                0x0000bdf8                PID_TIMER_PERIOD
                0x0000bdfc                TIMER_PERIOD
                0x0000be00                WHEEL_DIAM
 .rodata        0x0000c0f8       0x50 .\CortexM3\ARM_GCC_441\Debug\SpeedControl01.a(cyfitter_cfg.o)
 .rodata        0x0000c148       0x20 c:/program files (x86)/cypress/psoc creator/2.1/psoc creator/import/gnu_cs/arm/4.4.1/bin/../lib/gcc/arm-none-eabi/4.4.1/../../../../arm-none-eabi/lib/thumb2\libc.a(lib_a-svfprintf.o)
 .rodata.str1.4
                0x0000c168       0x42 c:/program files (x86)/cypress/psoc creator/2.1/psoc creator/import/gnu_cs/arm/4.4.1/bin/../lib/gcc/arm-none-eabi/4.4.1/../../../../arm-none-eabi/lib/thumb2\libc.a(lib_a-svfprintf.o)
                                 0x44 (size before relaxing)
 *fill*         0x0000c1aa        0x2 00
 .rodata        0x0000c1ac       0x24 c:/program files (x86)/cypress/psoc creator/2.1/psoc creator/import/gnu_cs/arm/4.4.1/bin/../lib/gcc/arm-none-eabi/4.4.1/../../../../arm-none-eabi/lib/thumb2\libc.a(lib_a-svfscanf.o)
 .rodata.str1.4
                0x0000c1d0        0x5 c:/program files (x86)/cypress/psoc creator/2.1/psoc creator/import/gnu_cs/arm/4.4.1/bin/../lib/gcc/arm-none-eabi/4.4.1/../../../../arm-none-eabi/lib/thumb2\libc.a(lib_a-svfscanf.o)
                                  0x8 (size before relaxing)
 *fill*         0x0000c1d5        0x3 00
 .rodata        0x0000c1d8      0x104 c:/program files (x86)/cypress/psoc creator/2.1/psoc creator/import/gnu_cs/arm/4.4.1/bin/../lib/gcc/arm-none-eabi/4.4.1/../../../../arm-none-eabi/lib/thumb2\libc.a(lib_a-ctype_.o)
                0x0000c1d8                _ctype_
 .rodata.str1.4
                0x0000c2dc       0x10 c:/program files (x86)/cypress/psoc creator/2.1/psoc creator/import/gnu_cs/arm/4.4.1/bin/../lib/gcc/arm-none-eabi/4.4.1/../../../../arm-none-eabi/lib/thumb2\libc.a(lib_a-dtoa.o)
                                 0x14 (size before relaxing)
 .rodata        0x0000c2ec       0x60 c:/program files (x86)/cypress/psoc creator/2.1/psoc creator/import/gnu_cs/arm/4.4.1/bin/../lib/gcc/arm-none-eabi/4.4.1/../../../../arm-none-eabi/lib/thumb2\libc.a(lib_a-findfp.o)
                0x0000c2ec                __sf_fake_stdin
                0x0000c30c                __sf_fake_stdout
                0x0000c32c                __sf_fake_stderr
 .rodata        0x0000c34c        0x4 c:/program files (x86)/cypress/psoc creator/2.1/psoc creator/import/gnu_cs/arm/4.4.1/bin/../lib/gcc/arm-none-eabi/4.4.1/../../../../arm-none-eabi/lib/thumb2\libc.a(lib_a-impure.o)
                0x0000c34c                _global_impure_ptr
 .rodata.str1.4
                0x0000c350        0x2 c:/program files (x86)/cypress/psoc creator/2.1/psoc creator/import/gnu_cs/arm/4.4.1/bin/../lib/gcc/arm-none-eabi/4.4.1/../../../../arm-none-eabi/lib/thumb2\libc.a(lib_a-impure.o)
                                  0x4 (size before relaxing)
 *fill*         0x0000c352        0x2 00
 .rodata        0x0000c354       0x34 c:/program files (x86)/cypress/psoc creator/2.1/psoc creator/import/gnu_cs/arm/4.4.1/bin/../lib/gcc/arm-none-eabi/4.4.1/../../../../arm-none-eabi/lib/thumb2\libc.a(lib_a-locale.o)
 .rodata.str1.4
                0x0000c388        0xf c:/program files (x86)/cypress/psoc creator/2.1/psoc creator/import/gnu_cs/arm/4.4.1/bin/../lib/gcc/arm-none-eabi/4.4.1/../../../../arm-none-eabi/lib/thumb2\libc.a(lib_a-locale.o)
                                 0x18 (size before relaxing)
 .rodata.str1.4
                0x00000000        0x4 c:/program files (x86)/cypress/psoc creator/2.1/psoc creator/import/gnu_cs/arm/4.4.1/bin/../lib/gcc/arm-none-eabi/4.4.1/../../../../arm-none-eabi/lib/thumb2\libc.a(lib_a-mbrtowc.o)
 *fill*         0x0000c397        0x1 00
 .rodata        0x0000c398      0x128 c:/program files (x86)/cypress/psoc creator/2.1/psoc creator/import/gnu_cs/arm/4.4.1/bin/../lib/gcc/arm-none-eabi/4.4.1/../../../../arm-none-eabi/lib/thumb2\libc.a(lib_a-mprec.o)
                0x0000c398                __mprec_tens
                0x0000c470                __mprec_bigtens
                0x0000c498                __mprec_tinytens
 .rodata        0x0000c4c0       0x28 c:/program files (x86)/cypress/psoc creator/2.1/psoc creator/import/gnu_cs/arm/4.4.1/bin/../lib/gcc/arm-none-eabi/4.4.1/../../../../arm-none-eabi/lib/thumb2\libc.a(lib_a-strtod.o)
 .rodata.str1.4
                0x0000c4e8        0xf c:/program files (x86)/cypress/psoc creator/2.1/psoc creator/import/gnu_cs/arm/4.4.1/bin/../lib/gcc/arm-none-eabi/4.4.1/../../../../arm-none-eabi/lib/thumb2\libc.a(lib_a-strtod.o)
                                 0x10 (size before relaxing)
 *fill*         0x0000c4f7        0x1 00
 .rodata.str1.4
                0x0000c4f8       0x1c c:/program files (x86)/cypress/psoc creator/2.1/psoc creator/import/gnu_cs/arm/4.4.1/bin/../lib/gcc/arm-none-eabi/4.4.1/../../../../arm-none-eabi/lib/thumb2\libc.a(lib_a-gdtoa-gethex.o)
                0x0000c514                . = ALIGN (0x4)
 *(.init)
 .init          0x0000c514        0x4 c:/program files (x86)/cypress/psoc creator/2.1/psoc creator/import/gnu_cs/arm/4.4.1/bin/../lib/gcc/arm-none-eabi/4.4.1/thumb2/crti.o
                0x0000c514                _init
 .init          0x0000c518        0x8 c:/program files (x86)/cypress/psoc creator/2.1/psoc creator/import/gnu_cs/arm/4.4.1/bin/../lib/gcc/arm-none-eabi/4.4.1/thumb2/crtn.o
                0x0000c520                . = ALIGN (0x4)
                0x0000c520                __preinit_array_start = .
 *(.preinit_array)
                0x0000c520                __preinit_array_end = .
                0x0000c520                . = ALIGN (0x4)
                0x0000c520                __init_array_start = .
 *(SORT(.init_array.*))
 *(.init_array)
 .init_array    0x0000c520        0x4 c:/program files (x86)/cypress/psoc creator/2.1/psoc creator/import/gnu_cs/arm/4.4.1/bin/../lib/gcc/arm-none-eabi/4.4.1/thumb2/crtbegin.o
 .init_array    0x0000c524        0x4 .\CortexM3\ARM_GCC_441\Debug\Cm3Start.o
                0x0000c528                __init_array_end = .
                0x0000c528                . = ALIGN (0x4)
 *(.fini)
 .fini          0x0000c528        0x4 c:/program files (x86)/cypress/psoc creator/2.1/psoc creator/import/gnu_cs/arm/4.4.1/bin/../lib/gcc/arm-none-eabi/4.4.1/thumb2/crti.o
                0x0000c528                _fini
 .fini          0x0000c52c        0x8 c:/program files (x86)/cypress/psoc creator/2.1/psoc creator/import/gnu_cs/arm/4.4.1/bin/../lib/gcc/arm-none-eabi/4.4.1/thumb2/crtn.o
                0x0000c534                . = ALIGN (0x4)
                0x0000c534                __fini_array_start = .
 *(.fini_array)
 .fini_array    0x0000c534        0x4 c:/program files (x86)/cypress/psoc creator/2.1/psoc creator/import/gnu_cs/arm/4.4.1/bin/../lib/gcc/arm-none-eabi/4.4.1/thumb2/crtbegin.o
 *(SORT(.fini_array.*))
                0x0000c538                __fini_array_end = .
                0x0000c538                . = ALIGN (0x4)
 *crtbegin.o(.ctors)
 *(EXCLUDE_FILE(*crtend.o) .ctors)
 *(SORT(.ctors.*))
 *crtend.o(.ctors)
                0x0000c538                . = ALIGN (0x4)
 *crtbegin.o(.dtors)
 *(EXCLUDE_FILE(*crtend.o) .dtors)
 *(SORT(.dtors.*))
 *crtend.o(.dtors)
                0x0000c538                . = ALIGN (0x4)
                0x0000c538                __cs3_regions = .
                0x0000c538        0x4 LONG 0x0
                0x0000c53c        0x4 LONG 0xc550 __cs3_region_init_ram
                0x0000c540        0x4 LONG 0x1fff8000 __cs3_region_start_ram
                0x0000c544        0x4 LONG 0x6b0 __cs3_region_init_size_ram
                0x0000c548        0x4 LONG 0x2d8 __cs3_region_zero_size_ram
                0x0000c54c                __cs3_regions_end = .
                0x0000c550                . = ALIGN (0x8)
 *fill*         0x0000c54c        0x4 00
                0x0000c550                _etext = .

.data           0x1fff8000      0x6b0 load address 0x0000c550
                0x1fff8000                __cs3_region_start_ram = .
 *(.cs3.region-head.ram)
                0x1fff8001                ASSERT ((. == __cs3_region_start_ram), .cs3.region-head.ram not permitted)
 *(.ramvectors)
 .ramvectors    0x1fff8000      0x100 .\CortexM3\ARM_GCC_441\Debug\Cm3Start.o
                0x1fff8000                CyRamVectors
 *(.jcr)
 .jcr           0x1fff8100        0x0 c:/program files (x86)/cypress/psoc creator/2.1/psoc creator/import/gnu_cs/arm/4.4.1/bin/../lib/gcc/arm-none-eabi/4.4.1/thumb2/crtbegin.o
 .jcr           0x1fff8100        0x4 c:/program files (x86)/cypress/psoc creator/2.1/psoc creator/import/gnu_cs/arm/4.4.1/bin/../lib/gcc/arm-none-eabi/4.4.1/thumb2/crtend.o
 *(.got.plt)
 *(.got)
 *(.shdata)
 *(.data .data.* .gnu.linkonce.d.*)
 *fill*         0x1fff8104        0x4 00
 .data          0x1fff8108       0x48 .\CortexM3\ARM_GCC_441\Debug\main.o
                0x1fff8108                buildVersion
                0x1fff8118                targetSpeed
                0x1fff8120                throttleSS
                0x1fff8128                targetDistance
                0x1fff8130                targetTime
                0x1fff8138                coeffP
                0x1fff8140                coeffI
                0x1fff8148                coeffD
 .data          0x1fff8150       0x10 .\CortexM3\ARM_GCC_441\Debug\SpeedControl01.a(CyLib.o)
                0x1fff8150                cydelay_freq_hz
                0x1fff8154                cydelay_freq_khz
                0x1fff8158                cydelay_freq_mhz
                0x1fff815c                cydelay_32k_ms
 .data          0x1fff8160        0x8 c:/program files (x86)/cypress/psoc creator/2.1/psoc creator/import/gnu_cs/arm/4.4.1/bin/../lib/gcc/arm-none-eabi/4.4.1/../../../../arm-none-eabi/lib/thumb2\libc.a(lib_a-ctype_.o)
                0x1fff8160                __ctype_ptr
                0x1fff8164                __ctype_ptr__
 .data          0x1fff8168       0xf4 c:/program files (x86)/cypress/psoc creator/2.1/psoc creator/import/gnu_cs/arm/4.4.1/bin/../lib/gcc/arm-none-eabi/4.4.1/../../../../arm-none-eabi/lib/thumb2\libc.a(lib_a-impure.o)
                0x1fff8168                _impure_ptr
 .data          0x1fff825c       0x10 c:/program files (x86)/cypress/psoc creator/2.1/psoc creator/import/gnu_cs/arm/4.4.1/bin/../lib/gcc/arm-none-eabi/4.4.1/../../../../arm-none-eabi/lib/thumb2\libc.a(lib_a-locale.o)
                0x1fff825c                __mb_cur_max
                0x1fff8260                __lc_ctype
 .data          0x1fff826c      0x410 c:/program files (x86)/cypress/psoc creator/2.1/psoc creator/import/gnu_cs/arm/4.4.1/bin/../lib/gcc/arm-none-eabi/4.4.1/../../../../arm-none-eabi/lib/thumb2\libc.a(lib_a-mallocr.o)
                0x1fff826c                __malloc_av_
                0x1fff8674                __malloc_sbrk_base
                0x1fff8678                __malloc_trim_threshold
 .data          0x1fff867c       0x28 c:/program files (x86)/cypress/psoc creator/2.1/psoc creator/import/gnu_cs/arm/4.4.1/bin/../lib/gcc/arm-none-eabi/4.4.1/../../../../arm-none-eabi/lib/thumb2\libc.a(lib_a-strtod.o)
 .data          0x1fff86a4        0x4 c:/program files (x86)/cypress/psoc creator/2.1/psoc creator/import/gnu_cs/arm/4.4.1/bin/../lib/gcc/arm-none-eabi/4.4.1/../../../../arm-none-eabi/lib/thumb2\libcs3unhosted.a(unhosted-sbrk.o)
 .data          0x1fff86a8        0x4 c:/program files (x86)/cypress/psoc creator/2.1/psoc creator/import/gnu_cs/arm/4.4.1/bin/../lib/gcc/arm-none-eabi/4.4.1/../../../../arm-none-eabi/lib/thumb2\libcs3.a(heap.o)
                0x1fff86a8                __cs3_heap_limit
                0x1fff86b0                . = ALIGN (0x8)
 *fill*         0x1fff86ac        0x4 00
 *(.ram)
                0x1fff86b0                _edata = .

.bss            0x1fff86b0      0x2d8 load address 0x0000cc00
 *(.shbss)
 *(.bss .bss.* .gnu.linkonce.b.*)
 .bss           0x1fff86b0        0x1 c:/program files (x86)/cypress/psoc creator/2.1/psoc creator/import/gnu_cs/arm/4.4.1/bin/../lib/gcc/arm-none-eabi/4.4.1/thumb2/crtbegin.o
 *fill*         0x1fff86b1        0x7 00
 .bss           0x1fff86b8       0x58 .\CortexM3\ARM_GCC_441\Debug\main.o
                0x1fff86b8                errorIntegral
                0x1fff86c0                bufSpeedPos
                0x1fff86c4                bufSpeedLastPos
                0x1fff86c8                totalDistance
                0x1fff86d0                elapsedTime
                0x1fff86d8                dynamicTargetSpeedUpdate
                0x1fff86dc                throttlePIDon
                0x1fff86e0                distanceTimeoutOn
                0x1fff86e4                buttonInterrupted
                0x1fff86e8                rxInterrupted
                0x1fff86ec                wheelTickInterrupted
                0x1fff86f0                tickTimeoutInterrupted
                0x1fff86f4                throttleUpdateInterrupted
                0x1fff86f8                bufRxPos
                0x1fff86fc                msgReceived
                0x1fff8700                bufWheelTickPos
                0x1fff8704                bufWheelTickCurSize
                0x1fff8708                oldTickCount
 .bss           0x1fff8710        0x2 .\CortexM3\ARM_GCC_441\Debug\SpeedControl01.a(LCD.o)
                0x1fff8710                LCD_enableState
                0x1fff8711                LCD_initVar
 .bss           0x1fff8712        0x1 .\CortexM3\ARM_GCC_441\Debug\SpeedControl01.a(PWM.o)
                0x1fff8712                PWM_initVar
 .bss           0x1fff8713        0x2 .\CortexM3\ARM_GCC_441\Debug\SpeedControl01.a(UART_1.o)
                0x1fff8713                UART_1_initVar
 .bss           0x1fff8715        0x1 .\CortexM3\ARM_GCC_441\Debug\SpeedControl01.a(Counter_1.o)
                0x1fff8715                Counter_1_initVar
 .bss           0x1fff8716        0x1 .\CortexM3\ARM_GCC_441\Debug\SpeedControl01.a(Timer_1.o)
                0x1fff8716                Timer_1_initVar
 .bss           0x1fff8717        0x1 .\CortexM3\ARM_GCC_441\Debug\SpeedControl01.a(ShiftReg_1.o)
                0x1fff8717                ShiftReg_1_initVar
 .bss           0x1fff8718        0x1 .\CortexM3\ARM_GCC_441\Debug\SpeedControl01.a(Counter_2.o)
                0x1fff8718                Counter_2_initVar
 *fill*         0x1fff8719        0x3 00
 .bss           0x1fff871c       0x34 c:/program files (x86)/cypress/psoc creator/2.1/psoc creator/import/gnu_cs/arm/4.4.1/bin/../lib/gcc/arm-none-eabi/4.4.1/../../../../arm-none-eabi/lib/thumb2\libc.a(lib_a-mallocr.o)
                0x1fff871c                __malloc_top_pad
                0x1fff8720                __malloc_current_mallinfo
                0x1fff8748                __malloc_max_sbrked_mem
                0x1fff874c                __malloc_max_total_mem
 *(COMMON)
 COMMON         0x1fff8750      0x130 .\CortexM3\ARM_GCC_441\Debug\main.o
                0x1fff8750                recByte
                0x1fff8758                bufSpeed
                0x1fff87a8                throttle
                0x1fff87ac                strbuffer
                0x1fff8810                bufRx
                0x1fff8874                bufWheelTick
 COMMON         0x1fff8880        0x1 .\CortexM3\ARM_GCC_441\Debug\SpeedControl01.a(CyLib.o)
                0x1fff8880                CyResetStatus
 *fill*         0x1fff8881        0x3 00
 COMMON         0x1fff8884      0x100 c:/program files (x86)/cypress/psoc creator/2.1/psoc creator/import/gnu_cs/arm/4.4.1/bin/../lib/gcc/arm-none-eabi/4.4.1/../../../../arm-none-eabi/lib/thumb2\libc.a(lib_a-gdtoa-gethex.o)
                0x1fff8884                __hexdig
 COMMON         0x1fff8984        0x4 c:/program files (x86)/cypress/psoc creator/2.1/psoc creator/import/gnu_cs/arm/4.4.1/bin/../lib/gcc/arm-none-eabi/4.4.1/../../../../arm-none-eabi/lib/thumb2\libc.a(lib_a-reent.o)
                0x1fff8984                errno
                0x1fff8988                . = ALIGN (0x8)
 *(.ram.b)
                0x1fff8988                _end = .
                0x1fff8988                __end = .
                0x20003000                __cs3_region_end_ram = (__cs3_region_start_ram + 0xb000)
                0x0000b000                __cs3_region_size_ram = 0xb000
                0x0000c550                __cs3_region_init_ram = LOADADDR (.data)
                0x000006b0                __cs3_region_init_size_ram = (_edata - ADDR (.data))
                0x000002d8                __cs3_region_zero_size_ram = (_end - _edata)

.stab
 *(.stab)

.stabstr
 *(.stabstr)

.debug
 *(.debug)

.line
 *(.line)

.debug_srcinfo
 *(.debug_srcinfo)

.debug_sfnames
 *(.debug_sfnames)

.comment        0x00000000      0x35c
 .comment       0x00000000       0x2b .\CortexM3\ARM_GCC_441\Debug\main.o
 .comment       0x0000002b       0x2b .\CortexM3\ARM_GCC_441\Debug\Cm3Start.o
 .comment       0x00000056       0x2b .\CortexM3\ARM_GCC_441\Debug\SpeedControl01.a(LCD.o)
 .comment       0x00000081       0x2b .\CortexM3\ARM_GCC_441\Debug\SpeedControl01.a(inter_button.o)
 .comment       0x000000ac       0x2b .\CortexM3\ARM_GCC_441\Debug\SpeedControl01.a(PWM.o)
 .comment       0x000000d7       0x2b .\CortexM3\ARM_GCC_441\Debug\SpeedControl01.a(CyLib.o)
 .comment       0x00000102       0x2b .\CortexM3\ARM_GCC_441\Debug\SpeedControl01.a(cyPm.o)
 .comment       0x0000012d       0x2b .\CortexM3\ARM_GCC_441\Debug\SpeedControl01.a(UART_1.o)
 .comment       0x00000158       0x2b .\CortexM3\ARM_GCC_441\Debug\SpeedControl01.a(rx_rcvd.o)
 .comment       0x00000183       0x2b .\CortexM3\ARM_GCC_441\Debug\SpeedControl01.a(wheel_tick.o)
 .comment       0x000001ae       0x2b .\CortexM3\ARM_GCC_441\Debug\SpeedControl01.a(Counter_1.o)
 .comment       0x000001d9       0x2b .\CortexM3\ARM_GCC_441\Debug\SpeedControl01.a(Timer_1.o)
 .comment       0x00000204       0x2b .\CortexM3\ARM_GCC_441\Debug\SpeedControl01.a(tick_timeout.o)
 .comment       0x0000022f       0x2b .\CortexM3\ARM_GCC_441\Debug\SpeedControl01.a(ShiftReg_1.o)
 .comment       0x0000025a       0x2b .\CortexM3\ARM_GCC_441\Debug\SpeedControl01.a(Counter_2.o)
 .comment       0x00000285       0x2b .\CortexM3\ARM_GCC_441\Debug\SpeedControl01.a(throttle_update.o)
 .comment       0x000002b0       0x2b .\CortexM3\ARM_GCC_441\Debug\SpeedControl01.a(cyfitter_cfg.o)
 .comment       0x000002db       0x2b .\CortexM3\ARM_GCC_441\Debug\SpeedControl01.a(CyFlash.o)
 .comment       0x00000306       0x2b .\CortexM3\ARM_GCC_441\Debug\SpeedControl01.a(CySpc.o)
 .comment       0x00000331       0x2b .\CortexM3\ARM_GCC_441\Debug\SpeedControl01.a(cyutils.o)

.debug_aranges  0x00000000      0xb90
 *(.debug_aranges)
 .debug_aranges
                0x00000000       0xa0 .\CortexM3\ARM_GCC_441\Debug\main.o
 .debug_aranges
                0x000000a0       0x30 .\CortexM3\ARM_GCC_441\Debug\Cm3Start.o
 .debug_aranges
                0x000000d0       0x90 .\CortexM3\ARM_GCC_441\Debug\SpeedControl01.a(LCD.o)
 .debug_aranges
                0x00000160       0x80 .\CortexM3\ARM_GCC_441\Debug\SpeedControl01.a(inter_button.o)
 .debug_aranges
                0x000001e0       0x60 .\CortexM3\ARM_GCC_441\Debug\SpeedControl01.a(PWM.o)
 .debug_aranges
                0x00000240       0x20 .\CortexM3\ARM_GCC_441\Debug\SpeedControl01.a(CyBootAsmGnu.o)
 .debug_aranges
                0x00000260      0x238 .\CortexM3\ARM_GCC_441\Debug\SpeedControl01.a(CyLib.o)
 .debug_aranges
                0x00000498       0xa0 .\CortexM3\ARM_GCC_441\Debug\SpeedControl01.a(cyPm.o)
 .debug_aranges
                0x00000538       0xf0 .\CortexM3\ARM_GCC_441\Debug\SpeedControl01.a(UART_1.o)
 .debug_aranges
                0x00000628       0x80 .\CortexM3\ARM_GCC_441\Debug\SpeedControl01.a(rx_rcvd.o)
 .debug_aranges
                0x000006a8       0x80 .\CortexM3\ARM_GCC_441\Debug\SpeedControl01.a(wheel_tick.o)
 .debug_aranges
                0x00000728       0x80 .\CortexM3\ARM_GCC_441\Debug\SpeedControl01.a(Counter_1.o)
 .debug_aranges
                0x000007a8       0x88 .\CortexM3\ARM_GCC_441\Debug\SpeedControl01.a(Timer_1.o)
 .debug_aranges
                0x00000830       0x80 .\CortexM3\ARM_GCC_441\Debug\SpeedControl01.a(tick_timeout.o)
 .debug_aranges
                0x000008b0       0x70 .\CortexM3\ARM_GCC_441\Debug\SpeedControl01.a(ShiftReg_1.o)
 .debug_aranges
                0x00000920       0x80 .\CortexM3\ARM_GCC_441\Debug\SpeedControl01.a(Counter_2.o)
 .debug_aranges
                0x000009a0       0x80 .\CortexM3\ARM_GCC_441\Debug\SpeedControl01.a(throttle_update.o)
 .debug_aranges
                0x00000a20       0x48 .\CortexM3\ARM_GCC_441\Debug\SpeedControl01.a(cyfitter_cfg.o)
 .debug_aranges
                0x00000a68       0x78 .\CortexM3\ARM_GCC_441\Debug\SpeedControl01.a(CyFlash.o)
 .debug_aranges
                0x00000ae0       0x90 .\CortexM3\ARM_GCC_441\Debug\SpeedControl01.a(CySpc.o)
 .debug_aranges
                0x00000b70       0x20 .\CortexM3\ARM_GCC_441\Debug\SpeedControl01.a(cyutils.o)

.debug_pubnames
                0x00000000     0x1ee9
 *(.debug_pubnames)
 .debug_pubnames
                0x00000000      0x3c5 .\CortexM3\ARM_GCC_441\Debug\main.o
 .debug_pubnames
                0x000003c5       0x57 .\CortexM3\ARM_GCC_441\Debug\Cm3Start.o
 .debug_pubnames
                0x0000041c      0x14d .\CortexM3\ARM_GCC_441\Debug\SpeedControl01.a(LCD.o)
 .debug_pubnames
                0x00000569      0x168 .\CortexM3\ARM_GCC_441\Debug\SpeedControl01.a(inter_button.o)
 .debug_pubnames
                0x000006d1       0xbd .\CortexM3\ARM_GCC_441\Debug\SpeedControl01.a(PWM.o)
 .debug_pubnames
                0x0000078e      0x614 .\CortexM3\ARM_GCC_441\Debug\SpeedControl01.a(CyLib.o)
 .debug_pubnames
                0x00000da2       0xbb .\CortexM3\ARM_GCC_441\Debug\SpeedControl01.a(cyPm.o)
 .debug_pubnames
                0x00000e5d      0x29c .\CortexM3\ARM_GCC_441\Debug\SpeedControl01.a(UART_1.o)
 .debug_pubnames
                0x000010f9      0x127 .\CortexM3\ARM_GCC_441\Debug\SpeedControl01.a(rx_rcvd.o)
 .debug_pubnames
                0x00001220      0x14e .\CortexM3\ARM_GCC_441\Debug\SpeedControl01.a(wheel_tick.o)
 .debug_pubnames
                0x0000136e      0x17e .\CortexM3\ARM_GCC_441\Debug\SpeedControl01.a(Counter_1.o)
 .debug_pubnames
                0x000014ec      0x17e .\CortexM3\ARM_GCC_441\Debug\SpeedControl01.a(Timer_1.o)
 .debug_pubnames
                0x0000166a      0x168 .\CortexM3\ARM_GCC_441\Debug\SpeedControl01.a(tick_timeout.o)
 .debug_pubnames
                0x000017d2      0x13b .\CortexM3\ARM_GCC_441\Debug\SpeedControl01.a(ShiftReg_1.o)
 .debug_pubnames
                0x0000190d      0x17e .\CortexM3\ARM_GCC_441\Debug\SpeedControl01.a(Counter_2.o)
 .debug_pubnames
                0x00001a8b      0x18f .\CortexM3\ARM_GCC_441\Debug\SpeedControl01.a(throttle_update.o)
 .debug_pubnames
                0x00001c1a       0x52 .\CortexM3\ARM_GCC_441\Debug\SpeedControl01.a(cyfitter_cfg.o)
 .debug_pubnames
                0x00001c6c      0x115 .\CortexM3\ARM_GCC_441\Debug\SpeedControl01.a(CyFlash.o)
 .debug_pubnames
                0x00001d81      0x147 .\CortexM3\ARM_GCC_441\Debug\SpeedControl01.a(CySpc.o)
 .debug_pubnames
                0x00001ec8       0x21 .\CortexM3\ARM_GCC_441\Debug\SpeedControl01.a(cyutils.o)

.debug_info     0x00000000     0x4638
 *(.debug_info .gnu.linkonce.wi.*)
 .debug_info    0x00000000      0x731 .\CortexM3\ARM_GCC_441\Debug\main.o
 .debug_info    0x00000731      0x127 .\CortexM3\ARM_GCC_441\Debug\Cm3Start.o
 .debug_info    0x00000858      0x39e .\CortexM3\ARM_GCC_441\Debug\SpeedControl01.a(LCD.o)
 .debug_info    0x00000bf6      0x22e .\CortexM3\ARM_GCC_441\Debug\SpeedControl01.a(inter_button.o)
 .debug_info    0x00000e24      0x1c5 .\CortexM3\ARM_GCC_441\Debug\SpeedControl01.a(PWM.o)
 .debug_info    0x00000fe9       0x9b .\CortexM3\ARM_GCC_441\Debug\SpeedControl01.a(CyBootAsmGnu.o)
 .debug_info    0x00001084      0xd2a .\CortexM3\ARM_GCC_441\Debug\SpeedControl01.a(CyLib.o)
 .debug_info    0x00001dae      0x580 .\CortexM3\ARM_GCC_441\Debug\SpeedControl01.a(cyPm.o)
 .debug_info    0x0000232e      0x51b .\CortexM3\ARM_GCC_441\Debug\SpeedControl01.a(UART_1.o)
 .debug_info    0x00002849      0x22e .\CortexM3\ARM_GCC_441\Debug\SpeedControl01.a(rx_rcvd.o)
 .debug_info    0x00002a77      0x22e .\CortexM3\ARM_GCC_441\Debug\SpeedControl01.a(wheel_tick.o)
 .debug_info    0x00002ca5      0x21d .\CortexM3\ARM_GCC_441\Debug\SpeedControl01.a(Counter_1.o)
 .debug_info    0x00002ec2      0x245 .\CortexM3\ARM_GCC_441\Debug\SpeedControl01.a(Timer_1.o)
 .debug_info    0x00003107      0x22e .\CortexM3\ARM_GCC_441\Debug\SpeedControl01.a(tick_timeout.o)
 .debug_info    0x00003335      0x20f .\CortexM3\ARM_GCC_441\Debug\SpeedControl01.a(ShiftReg_1.o)
 .debug_info    0x00003544      0x21d .\CortexM3\ARM_GCC_441\Debug\SpeedControl01.a(Counter_2.o)
 .debug_info    0x00003761      0x22e .\CortexM3\ARM_GCC_441\Debug\SpeedControl01.a(throttle_update.o)
 .debug_info    0x0000398f      0x360 .\CortexM3\ARM_GCC_441\Debug\SpeedControl01.a(cyfitter_cfg.o)
 .debug_info    0x00003cef      0x310 .\CortexM3\ARM_GCC_441\Debug\SpeedControl01.a(CyFlash.o)
 .debug_info    0x00003fff      0x56b .\CortexM3\ARM_GCC_441\Debug\SpeedControl01.a(CySpc.o)
 .debug_info    0x0000456a       0xce .\CortexM3\ARM_GCC_441\Debug\SpeedControl01.a(cyutils.o)

.debug_abbrev   0x00000000     0x149b
 *(.debug_abbrev)
 .debug_abbrev  0x00000000      0x1a8 .\CortexM3\ARM_GCC_441\Debug\main.o
 .debug_abbrev  0x000001a8       0xe3 .\CortexM3\ARM_GCC_441\Debug\Cm3Start.o
 .debug_abbrev  0x0000028b      0x103 .\CortexM3\ARM_GCC_441\Debug\SpeedControl01.a(LCD.o)
 .debug_abbrev  0x0000038e       0xee .\CortexM3\ARM_GCC_441\Debug\SpeedControl01.a(inter_button.o)
 .debug_abbrev  0x0000047c       0xe0 .\CortexM3\ARM_GCC_441\Debug\SpeedControl01.a(PWM.o)
 .debug_abbrev  0x0000055c       0x14 .\CortexM3\ARM_GCC_441\Debug\SpeedControl01.a(CyBootAsmGnu.o)
 .debug_abbrev  0x00000570      0x172 .\CortexM3\ARM_GCC_441\Debug\SpeedControl01.a(CyLib.o)
 .debug_abbrev  0x000006e2      0x146 .\CortexM3\ARM_GCC_441\Debug\SpeedControl01.a(cyPm.o)
 .debug_abbrev  0x00000828      0x105 .\CortexM3\ARM_GCC_441\Debug\SpeedControl01.a(UART_1.o)
 .debug_abbrev  0x0000092d       0xee .\CortexM3\ARM_GCC_441\Debug\SpeedControl01.a(rx_rcvd.o)
 .debug_abbrev  0x00000a1b       0xee .\CortexM3\ARM_GCC_441\Debug\SpeedControl01.a(wheel_tick.o)
 .debug_abbrev  0x00000b09       0xe2 .\CortexM3\ARM_GCC_441\Debug\SpeedControl01.a(Counter_1.o)
 .debug_abbrev  0x00000beb       0xc9 .\CortexM3\ARM_GCC_441\Debug\SpeedControl01.a(Timer_1.o)
 .debug_abbrev  0x00000cb4       0xee .\CortexM3\ARM_GCC_441\Debug\SpeedControl01.a(tick_timeout.o)
 .debug_abbrev  0x00000da2      0x11b .\CortexM3\ARM_GCC_441\Debug\SpeedControl01.a(ShiftReg_1.o)
 .debug_abbrev  0x00000ebd       0xe2 .\CortexM3\ARM_GCC_441\Debug\SpeedControl01.a(Counter_2.o)
 .debug_abbrev  0x00000f9f       0xee .\CortexM3\ARM_GCC_441\Debug\SpeedControl01.a(throttle_update.o)
 .debug_abbrev  0x0000108d      0x13c .\CortexM3\ARM_GCC_441\Debug\SpeedControl01.a(cyfitter_cfg.o)
 .debug_abbrev  0x000011c9      0x12a .\CortexM3\ARM_GCC_441\Debug\SpeedControl01.a(CyFlash.o)
 .debug_abbrev  0x000012f3      0x139 .\CortexM3\ARM_GCC_441\Debug\SpeedControl01.a(CySpc.o)
 .debug_abbrev  0x0000142c       0x6f .\CortexM3\ARM_GCC_441\Debug\SpeedControl01.a(cyutils.o)

.debug_line     0x00000000     0x24b8
 *(.debug_line)
 .debug_line    0x00000000      0x278 .\CortexM3\ARM_GCC_441\Debug\main.o
 .debug_line    0x00000278       0xcd .\CortexM3\ARM_GCC_441\Debug\Cm3Start.o
 .debug_line    0x00000345      0x1d8 .\CortexM3\ARM_GCC_441\Debug\SpeedControl01.a(LCD.o)
 .debug_line    0x0000051d      0x160 .\CortexM3\ARM_GCC_441\Debug\SpeedControl01.a(inter_button.o)
 .debug_line    0x0000067d      0x122 .\CortexM3\ARM_GCC_441\Debug\SpeedControl01.a(PWM.o)
 .debug_line    0x0000079f       0x67 .\CortexM3\ARM_GCC_441\Debug\SpeedControl01.a(CyBootAsmGnu.o)
 .debug_line    0x00000806      0x691 .\CortexM3\ARM_GCC_441\Debug\SpeedControl01.a(CyLib.o)
 .debug_line    0x00000e97      0x2e8 .\CortexM3\ARM_GCC_441\Debug\SpeedControl01.a(cyPm.o)
 .debug_line    0x0000117f      0x2b4 .\CortexM3\ARM_GCC_441\Debug\SpeedControl01.a(UART_1.o)
 .debug_line    0x00001433      0x15b .\CortexM3\ARM_GCC_441\Debug\SpeedControl01.a(rx_rcvd.o)
 .debug_line    0x0000158e      0x15e .\CortexM3\ARM_GCC_441\Debug\SpeedControl01.a(wheel_tick.o)
 .debug_line    0x000016ec      0x172 .\CortexM3\ARM_GCC_441\Debug\SpeedControl01.a(Counter_1.o)
 .debug_line    0x0000185e      0x17c .\CortexM3\ARM_GCC_441\Debug\SpeedControl01.a(Timer_1.o)
 .debug_line    0x000019da      0x160 .\CortexM3\ARM_GCC_441\Debug\SpeedControl01.a(tick_timeout.o)
 .debug_line    0x00001b3a      0x14f .\CortexM3\ARM_GCC_441\Debug\SpeedControl01.a(ShiftReg_1.o)
 .debug_line    0x00001c89      0x172 .\CortexM3\ARM_GCC_441\Debug\SpeedControl01.a(Counter_2.o)
 .debug_line    0x00001dfb      0x163 .\CortexM3\ARM_GCC_441\Debug\SpeedControl01.a(throttle_update.o)
 .debug_line    0x00001f5e      0x125 .\CortexM3\ARM_GCC_441\Debug\SpeedControl01.a(cyfitter_cfg.o)
 .debug_line    0x00002083      0x18f .\CortexM3\ARM_GCC_441\Debug\SpeedControl01.a(CyFlash.o)
 .debug_line    0x00002212      0x225 .\CortexM3\ARM_GCC_441\Debug\SpeedControl01.a(CySpc.o)
 .debug_line    0x00002437       0x81 .\CortexM3\ARM_GCC_441\Debug\SpeedControl01.a(cyutils.o)

.debug_frame    0x00000000     0x34c0
 *(.debug_frame)
 .debug_frame   0x00000000      0x220 .\CortexM3\ARM_GCC_441\Debug\main.o
 .debug_frame   0x00000220       0x5c .\CortexM3\ARM_GCC_441\Debug\Cm3Start.o
 .debug_frame   0x0000027c      0x1e0 .\CortexM3\ARM_GCC_441\Debug\SpeedControl01.a(LCD.o)
 .debug_frame   0x0000045c      0x180 .\CortexM3\ARM_GCC_441\Debug\SpeedControl01.a(inter_button.o)
 .debug_frame   0x000005dc      0x110 .\CortexM3\ARM_GCC_441\Debug\SpeedControl01.a(PWM.o)
 .debug_frame   0x000006ec      0x7f0 .\CortexM3\ARM_GCC_441\Debug\SpeedControl01.a(CyLib.o)
 .debug_frame   0x00000edc      0x208 .\CortexM3\ARM_GCC_441\Debug\SpeedControl01.a(cyPm.o)
 .debug_frame   0x000010e4      0x32c .\CortexM3\ARM_GCC_441\Debug\SpeedControl01.a(UART_1.o)
 .debug_frame   0x00001410      0x180 .\CortexM3\ARM_GCC_441\Debug\SpeedControl01.a(rx_rcvd.o)
 .debug_frame   0x00001590      0x180 .\CortexM3\ARM_GCC_441\Debug\SpeedControl01.a(wheel_tick.o)
 .debug_frame   0x00001710      0x180 .\CortexM3\ARM_GCC_441\Debug\SpeedControl01.a(Counter_1.o)
 .debug_frame   0x00001890      0x198 .\CortexM3\ARM_GCC_441\Debug\SpeedControl01.a(Timer_1.o)
 .debug_frame   0x00001a28      0x180 .\CortexM3\ARM_GCC_441\Debug\SpeedControl01.a(tick_timeout.o)
 .debug_frame   0x00001ba8      0x150 .\CortexM3\ARM_GCC_441\Debug\SpeedControl01.a(ShiftReg_1.o)
 .debug_frame   0x00001cf8      0x180 .\CortexM3\ARM_GCC_441\Debug\SpeedControl01.a(Counter_2.o)
 .debug_frame   0x00001e78      0x180 .\CortexM3\ARM_GCC_441\Debug\SpeedControl01.a(throttle_update.o)
 .debug_frame   0x00001ff8       0xc0 .\CortexM3\ARM_GCC_441\Debug\SpeedControl01.a(cyfitter_cfg.o)
 .debug_frame   0x000020b8      0x174 .\CortexM3\ARM_GCC_441\Debug\SpeedControl01.a(CyFlash.o)
 .debug_frame   0x0000222c      0x1c8 .\CortexM3\ARM_GCC_441\Debug\SpeedControl01.a(CySpc.o)
 .debug_frame   0x000023f4       0x2c .\CortexM3\ARM_GCC_441\Debug\SpeedControl01.a(cyutils.o)
 .debug_frame   0x00002420       0x34 c:/program files (x86)/cypress/psoc creator/2.1/psoc creator/import/gnu_cs/arm/4.4.1/bin/../lib/gcc/arm-none-eabi/4.4.1/../../../../arm-none-eabi/lib/thumb2\libc.a(lib_a-memcpy.o)
 .debug_frame   0x00002454       0x28 c:/program files (x86)/cypress/psoc creator/2.1/psoc creator/import/gnu_cs/arm/4.4.1/bin/../lib/gcc/arm-none-eabi/4.4.1/../../../../arm-none-eabi/lib/thumb2\libc.a(lib_a-memset.o)
 .debug_frame   0x0000247c       0x5c c:/program files (x86)/cypress/psoc creator/2.1/psoc creator/import/gnu_cs/arm/4.4.1/bin/../lib/gcc/arm-none-eabi/4.4.1/../../../../arm-none-eabi/lib/thumb2\libc.a(lib_a-sprintf.o)
 .debug_frame   0x000024d8       0x78 c:/program files (x86)/cypress/psoc creator/2.1/psoc creator/import/gnu_cs/arm/4.4.1/bin/../lib/gcc/arm-none-eabi/4.4.1/../../../../arm-none-eabi/lib/thumb2\libc.a(lib_a-sscanf.o)
 .debug_frame   0x00002550       0x30 c:/program files (x86)/cypress/psoc creator/2.1/psoc creator/import/gnu_cs/arm/4.4.1/bin/../lib/gcc/arm-none-eabi/4.4.1/../../../../arm-none-eabi/lib/thumb2\libc.a(lib_a-strcmp.o)
 .debug_frame   0x00002580       0x20 c:/program files (x86)/cypress/psoc creator/2.1/psoc creator/import/gnu_cs/arm/4.4.1/bin/../lib/gcc/arm-none-eabi/4.4.1/../../../../arm-none-eabi/lib/thumb2\libc.a(lib_a-strlen.o)
 .debug_frame   0x000025a0       0x68 c:/program files (x86)/cypress/psoc creator/2.1/psoc creator/import/gnu_cs/arm/4.4.1/bin/../lib/gcc/arm-none-eabi/4.4.1/../../../../arm-none-eabi/lib/thumb2\libc.a(lib_a-svfprintf.o)
 .debug_frame   0x00002608       0x74 c:/program files (x86)/cypress/psoc creator/2.1/psoc creator/import/gnu_cs/arm/4.4.1/bin/../lib/gcc/arm-none-eabi/4.4.1/../../../../arm-none-eabi/lib/thumb2\libc.a(lib_a-svfscanf.o)
 .debug_frame   0x0000267c       0x60 c:/program files (x86)/cypress/psoc creator/2.1/psoc creator/import/gnu_cs/arm/4.4.1/bin/../lib/gcc/arm-none-eabi/4.4.1/../../../../arm-none-eabi/lib/thumb2\libc.a(lib_a-ungetc.o)
 .debug_frame   0x000026dc       0x64 c:/program files (x86)/cypress/psoc creator/2.1/psoc creator/import/gnu_cs/arm/4.4.1/bin/../lib/gcc/arm-none-eabi/4.4.1/../../../../arm-none-eabi/lib/thumb2\libc.a(lib_a-dtoa.o)
 .debug_frame   0x00002740       0x40 c:/program files (x86)/cypress/psoc creator/2.1/psoc creator/import/gnu_cs/arm/4.4.1/bin/../lib/gcc/arm-none-eabi/4.4.1/../../../../arm-none-eabi/lib/thumb2\libc.a(lib_a-fflush.o)
 .debug_frame   0x00002780      0x11c c:/program files (x86)/cypress/psoc creator/2.1/psoc creator/import/gnu_cs/arm/4.4.1/bin/../lib/gcc/arm-none-eabi/4.4.1/../../../../arm-none-eabi/lib/thumb2\libc.a(lib_a-findfp.o)
 .debug_frame   0x0000289c       0x50 c:/program files (x86)/cypress/psoc creator/2.1/psoc creator/import/gnu_cs/arm/4.4.1/bin/../lib/gcc/arm-none-eabi/4.4.1/../../../../arm-none-eabi/lib/thumb2\libc.a(lib_a-freer.o)
 .debug_frame   0x000028ec       0x54 c:/program files (x86)/cypress/psoc creator/2.1/psoc creator/import/gnu_cs/arm/4.4.1/bin/../lib/gcc/arm-none-eabi/4.4.1/../../../../arm-none-eabi/lib/thumb2\libc.a(lib_a-fwalk.o)
 .debug_frame   0x00002940       0x20 c:/program files (x86)/cypress/psoc creator/2.1/psoc creator/import/gnu_cs/arm/4.4.1/bin/../lib/gcc/arm-none-eabi/4.4.1/../../../../arm-none-eabi/lib/thumb2\libc.a(lib_a-iswspace.o)
 .debug_frame   0x00002960       0x6c c:/program files (x86)/cypress/psoc creator/2.1/psoc creator/import/gnu_cs/arm/4.4.1/bin/../lib/gcc/arm-none-eabi/4.4.1/../../../../arm-none-eabi/lib/thumb2\libc.a(lib_a-locale.o)
 .debug_frame   0x000029cc       0x30 c:/program files (x86)/cypress/psoc creator/2.1/psoc creator/import/gnu_cs/arm/4.4.1/bin/../lib/gcc/arm-none-eabi/4.4.1/../../../../arm-none-eabi/lib/thumb2\libc.a(lib_a-malloc.o)
 .debug_frame   0x000029fc       0x3c c:/program files (x86)/cypress/psoc creator/2.1/psoc creator/import/gnu_cs/arm/4.4.1/bin/../lib/gcc/arm-none-eabi/4.4.1/../../../../arm-none-eabi/lib/thumb2\libc.a(lib_a-mallocr.o)
 .debug_frame   0x00002a38       0x50 c:/program files (x86)/cypress/psoc creator/2.1/psoc creator/import/gnu_cs/arm/4.4.1/bin/../lib/gcc/arm-none-eabi/4.4.1/../../../../arm-none-eabi/lib/thumb2\libc.a(lib_a-mbrtowc.o)
 .debug_frame   0x00002a88       0x24 c:/program files (x86)/cypress/psoc creator/2.1/psoc creator/import/gnu_cs/arm/4.4.1/bin/../lib/gcc/arm-none-eabi/4.4.1/../../../../arm-none-eabi/lib/thumb2\libc.a(lib_a-mbtowc_r.o)
 .debug_frame   0x00002aac       0x28 c:/program files (x86)/cypress/psoc creator/2.1/psoc creator/import/gnu_cs/arm/4.4.1/bin/../lib/gcc/arm-none-eabi/4.4.1/../../../../arm-none-eabi/lib/thumb2\libc.a(lib_a-memchr.o)
 .debug_frame   0x00002ad4       0x2c c:/program files (x86)/cypress/psoc creator/2.1/psoc creator/import/gnu_cs/arm/4.4.1/bin/../lib/gcc/arm-none-eabi/4.4.1/../../../../arm-none-eabi/lib/thumb2\libc.a(lib_a-memmove.o)
 .debug_frame   0x00002b00       0x30 c:/program files (x86)/cypress/psoc creator/2.1/psoc creator/import/gnu_cs/arm/4.4.1/bin/../lib/gcc/arm-none-eabi/4.4.1/../../../../arm-none-eabi/lib/thumb2\libc.a(lib_a-mlock.o)
 .debug_frame   0x00002b30      0x240 c:/program files (x86)/cypress/psoc creator/2.1/psoc creator/import/gnu_cs/arm/4.4.1/bin/../lib/gcc/arm-none-eabi/4.4.1/../../../../arm-none-eabi/lib/thumb2\libc.a(lib_a-mprec.o)
 .debug_frame   0x00002d70       0x3c c:/program files (x86)/cypress/psoc creator/2.1/psoc creator/import/gnu_cs/arm/4.4.1/bin/../lib/gcc/arm-none-eabi/4.4.1/../../../../arm-none-eabi/lib/thumb2\libc.a(lib_a-reallocr.o)
 .debug_frame   0x00002dac       0x20 c:/program files (x86)/cypress/psoc creator/2.1/psoc creator/import/gnu_cs/arm/4.4.1/bin/../lib/gcc/arm-none-eabi/4.4.1/../../../../arm-none-eabi/lib/thumb2\libc.a(lib_a-s_isinfd.o)
 .debug_frame   0x00002dcc       0x20 c:/program files (x86)/cypress/psoc creator/2.1/psoc creator/import/gnu_cs/arm/4.4.1/bin/../lib/gcc/arm-none-eabi/4.4.1/../../../../arm-none-eabi/lib/thumb2\libc.a(lib_a-s_isnand.o)
 .debug_frame   0x00002dec       0x2c c:/program files (x86)/cypress/psoc creator/2.1/psoc creator/import/gnu_cs/arm/4.4.1/bin/../lib/gcc/arm-none-eabi/4.4.1/../../../../arm-none-eabi/lib/thumb2\libc.a(lib_a-sbrkr.o)
 .debug_frame   0x00002e18       0x2c c:/program files (x86)/cypress/psoc creator/2.1/psoc creator/import/gnu_cs/arm/4.4.1/bin/../lib/gcc/arm-none-eabi/4.4.1/../../../../arm-none-eabi/lib/thumb2\libc.a(lib_a-sccl.o)
 .debug_frame   0x00002e44       0x20 c:/program files (x86)/cypress/psoc creator/2.1/psoc creator/import/gnu_cs/arm/4.4.1/bin/../lib/gcc/arm-none-eabi/4.4.1/../../../../arm-none-eabi/lib/thumb2\libc.a(lib_a-sf_nan.o)
 .debug_frame   0x00002e64       0x70 c:/program files (x86)/cypress/psoc creator/2.1/psoc creator/import/gnu_cs/arm/4.4.1/bin/../lib/gcc/arm-none-eabi/4.4.1/../../../../arm-none-eabi/lib/thumb2\libc.a(lib_a-stdio.o)
 .debug_frame   0x00002ed4       0x6c c:/program files (x86)/cypress/psoc creator/2.1/psoc creator/import/gnu_cs/arm/4.4.1/bin/../lib/gcc/arm-none-eabi/4.4.1/../../../../arm-none-eabi/lib/thumb2\libc.a(lib_a-strtod.o)
 .debug_frame   0x00002f40       0x54 c:/program files (x86)/cypress/psoc creator/2.1/psoc creator/import/gnu_cs/arm/4.4.1/bin/../lib/gcc/arm-none-eabi/4.4.1/../../../../arm-none-eabi/lib/thumb2\libc.a(lib_a-strtol.o)
 .debug_frame   0x00002f94       0x3c c:/program files (x86)/cypress/psoc creator/2.1/psoc creator/import/gnu_cs/arm/4.4.1/bin/../lib/gcc/arm-none-eabi/4.4.1/../../../../arm-none-eabi/lib/thumb2\libc.a(lib_a-strtoll_r.o)
 .debug_frame   0x00002fd0       0x54 c:/program files (x86)/cypress/psoc creator/2.1/psoc creator/import/gnu_cs/arm/4.4.1/bin/../lib/gcc/arm-none-eabi/4.4.1/../../../../arm-none-eabi/lib/thumb2\libc.a(lib_a-strtoul.o)
 .debug_frame   0x00003024       0x3c c:/program files (x86)/cypress/psoc creator/2.1/psoc creator/import/gnu_cs/arm/4.4.1/bin/../lib/gcc/arm-none-eabi/4.4.1/../../../../arm-none-eabi/lib/thumb2\libc.a(lib_a-strtoull_r.o)
 .debug_frame   0x00003060       0x2c c:/program files (x86)/cypress/psoc creator/2.1/psoc creator/import/gnu_cs/arm/4.4.1/bin/../lib/gcc/arm-none-eabi/4.4.1/../../../../arm-none-eabi/lib/thumb2\libc.a(lib_a-writer.o)
 .debug_frame   0x0000308c       0x2c c:/program files (x86)/cypress/psoc creator/2.1/psoc creator/import/gnu_cs/arm/4.4.1/bin/../lib/gcc/arm-none-eabi/4.4.1/../../../../arm-none-eabi/lib/thumb2\libc.a(lib_a-callocr.o)
 .debug_frame   0x000030b8       0x2c c:/program files (x86)/cypress/psoc creator/2.1/psoc creator/import/gnu_cs/arm/4.4.1/bin/../lib/gcc/arm-none-eabi/4.4.1/../../../../arm-none-eabi/lib/thumb2\libc.a(lib_a-closer.o)
 .debug_frame   0x000030e4       0x3c c:/program files (x86)/cypress/psoc creator/2.1/psoc creator/import/gnu_cs/arm/4.4.1/bin/../lib/gcc/arm-none-eabi/4.4.1/../../../../arm-none-eabi/lib/thumb2\libc.a(lib_a-fclose.o)
 .debug_frame   0x00003120       0x6c c:/program files (x86)/cypress/psoc creator/2.1/psoc creator/import/gnu_cs/arm/4.4.1/bin/../lib/gcc/arm-none-eabi/4.4.1/../../../../arm-none-eabi/lib/thumb2\libc.a(lib_a-gdtoa-gethex.o)
 .debug_frame   0x0000318c       0x3c c:/program files (x86)/cypress/psoc creator/2.1/psoc creator/import/gnu_cs/arm/4.4.1/bin/../lib/gcc/arm-none-eabi/4.4.1/../../../../arm-none-eabi/lib/thumb2\libc.a(lib_a-gdtoa-hexnan.o)
 .debug_frame   0x000031c8       0x2c c:/program files (x86)/cypress/psoc creator/2.1/psoc creator/import/gnu_cs/arm/4.4.1/bin/../lib/gcc/arm-none-eabi/4.4.1/../../../../arm-none-eabi/lib/thumb2\libc.a(lib_a-lseekr.o)
 .debug_frame   0x000031f4       0x2c c:/program files (x86)/cypress/psoc creator/2.1/psoc creator/import/gnu_cs/arm/4.4.1/bin/../lib/gcc/arm-none-eabi/4.4.1/../../../../arm-none-eabi/lib/thumb2\libc.a(lib_a-readr.o)
 .debug_frame   0x00003220       0x64 c:/program files (x86)/cypress/psoc creator/2.1/psoc creator/import/gnu_cs/arm/4.4.1/bin/../lib/gcc/arm-none-eabi/4.4.1/../../../../arm-none-eabi/lib/thumb2\libc.a(lib_a-reent.o)
 .debug_frame   0x00003284       0x20 c:/program files (x86)/cypress/psoc creator/2.1/psoc creator/import/gnu_cs/arm/4.4.1/bin/../lib/gcc/arm-none-eabi/4.4.1/thumb2\libgcc.a(_udivsi3.o)
 .debug_frame   0x000032a4       0x50 c:/program files (x86)/cypress/psoc creator/2.1/psoc creator/import/gnu_cs/arm/4.4.1/bin/../lib/gcc/arm-none-eabi/4.4.1/thumb2\libgcc.a(bpabi.o)
 .debug_frame   0x000032f4       0x3c c:/program files (x86)/cypress/psoc creator/2.1/psoc creator/import/gnu_cs/arm/4.4.1/bin/../lib/gcc/arm-none-eabi/4.4.1/thumb2\libgcc.a(_divdi3.o)
 .debug_frame   0x00003330       0x3c c:/program files (x86)/cypress/psoc creator/2.1/psoc creator/import/gnu_cs/arm/4.4.1/bin/../lib/gcc/arm-none-eabi/4.4.1/thumb2\libgcc.a(_udivdi3.o)
 .debug_frame   0x0000336c       0x40 c:/program files (x86)/cypress/psoc creator/2.1/psoc creator/import/gnu_cs/arm/4.4.1/bin/../lib/gcc/arm-none-eabi/4.4.1/../../../../arm-none-eabi/lib/thumb2\libcs3.a(start_c.o)
 .debug_frame   0x000033ac       0x28 c:/program files (x86)/cypress/psoc creator/2.1/psoc creator/import/gnu_cs/arm/4.4.1/bin/../lib/gcc/arm-none-eabi/4.4.1/../../../../arm-none-eabi/lib/thumb2\libcs3unhosted.a(unhosted-_close.o)
 .debug_frame   0x000033d4       0x28 c:/program files (x86)/cypress/psoc creator/2.1/psoc creator/import/gnu_cs/arm/4.4.1/bin/../lib/gcc/arm-none-eabi/4.4.1/../../../../arm-none-eabi/lib/thumb2\libcs3unhosted.a(unhosted-_lseek.o)
 .debug_frame   0x000033fc       0x28 c:/program files (x86)/cypress/psoc creator/2.1/psoc creator/import/gnu_cs/arm/4.4.1/bin/../lib/gcc/arm-none-eabi/4.4.1/../../../../arm-none-eabi/lib/thumb2\libcs3unhosted.a(unhosted-_read.o)
 .debug_frame   0x00003424       0x28 c:/program files (x86)/cypress/psoc creator/2.1/psoc creator/import/gnu_cs/arm/4.4.1/bin/../lib/gcc/arm-none-eabi/4.4.1/../../../../arm-none-eabi/lib/thumb2\libcs3unhosted.a(unhosted-_write.o)
 .debug_frame   0x0000344c       0x28 c:/program files (x86)/cypress/psoc creator/2.1/psoc creator/import/gnu_cs/arm/4.4.1/bin/../lib/gcc/arm-none-eabi/4.4.1/../../../../arm-none-eabi/lib/thumb2\libcs3unhosted.a(unhosted-sbrk.o)
 .debug_frame   0x00003474       0x20 c:/program files (x86)/cypress/psoc creator/2.1/psoc creator/import/gnu_cs/arm/4.4.1/bin/../lib/gcc/arm-none-eabi/4.4.1/../../../../arm-none-eabi/lib/thumb2\libc.a(lib_a-errno.o)
 .debug_frame   0x00003494       0x2c c:/program files (x86)/cypress/psoc creator/2.1/psoc creator/import/gnu_cs/arm/4.4.1/bin/../lib/gcc/arm-none-eabi/4.4.1/../../../../arm-none-eabi/lib/thumb2\libc.a(lib_a-init.o)

.debug_str      0x00000000     0x2336
 *(.debug_str)
 .debug_str     0x00000000      0x44c .\CortexM3\ARM_GCC_441\Debug\main.o
                                0x4a2 (size before relaxing)
 .debug_str     0x0000044c       0x91 .\CortexM3\ARM_GCC_441\Debug\Cm3Start.o
                                0x185 (size before relaxing)
 .debug_str     0x000004dd      0x165 .\CortexM3\ARM_GCC_441\Debug\SpeedControl01.a(LCD.o)
                                0x270 (size before relaxing)
 .debug_str     0x00000642      0x162 .\CortexM3\ARM_GCC_441\Debug\SpeedControl01.a(inter_button.o)
                                0x26b (size before relaxing)
 .debug_str     0x000007a4       0xca .\CortexM3\ARM_GCC_441\Debug\SpeedControl01.a(PWM.o)
                                0x1cc (size before relaxing)
 .debug_str     0x0000086e      0x66c .\CortexM3\ARM_GCC_441\Debug\SpeedControl01.a(CyLib.o)
                                0x7da (size before relaxing)
 .debug_str     0x00000eda      0x369 .\CortexM3\ARM_GCC_441\Debug\SpeedControl01.a(cyPm.o)
                                0x488 (size before relaxing)
 .debug_str     0x00001243      0x2ac .\CortexM3\ARM_GCC_441\Debug\SpeedControl01.a(UART_1.o)
                                0x3bd (size before relaxing)