ARM GAS  C:\Users\tjs8\AppData\Local\Temp\ccMGVyAC.s 			page 1


   1              		.syntax unified
   2              		.cpu cortex-m3
   3              		.fpu softvfp
   4              		.eabi_attribute 20, 1
   5              		.eabi_attribute 21, 1
   6              		.eabi_attribute 23, 3
   7              		.eabi_attribute 24, 1
   8              		.eabi_attribute 25, 1
   9              		.eabi_attribute 26, 1
  10              		.eabi_attribute 30, 6
  11              		.eabi_attribute 18, 4
  12              		.thumb
  13              		.file	"cyfitter_cfg.c"
  14              		.section	.debug_abbrev,"",%progbits
  15              	.Ldebug_abbrev0:
  16              		.section	.debug_info,"",%progbits
  17              	.Ldebug_info0:
  18              		.section	.debug_line,"",%progbits
  19              	.Ldebug_line0:
  20 0000 13010000 		.text
  20      02006400 
  20      00000201 
  20      FB0E0D00 
  20      01010101 
  21              	.Ltext0:
  22              		.cfi_sections	.debug_frame
  23              		.section	.text.CyClockStartupError,"ax",%progbits
  24              		.align	2
  25              		.thumb
  26              		.thumb_func
  27              		.type	CyClockStartupError, %function
  28              	CyClockStartupError:
  29              	.LFB0:
  30              		.file 1 ".\\Generated_Source\\PSoC5\\cyfitter_cfg.c"
   1:.\Generated_Source\PSoC5/cyfitter_cfg.c **** /*******************************************************************************
   2:.\Generated_Source\PSoC5/cyfitter_cfg.c **** * FILENAME: cyfitter_cfg.c
   3:.\Generated_Source\PSoC5/cyfitter_cfg.c **** * PSoC Creator 2.1 SP1
   4:.\Generated_Source\PSoC5/cyfitter_cfg.c **** *
   5:.\Generated_Source\PSoC5/cyfitter_cfg.c **** * Description:
   6:.\Generated_Source\PSoC5/cyfitter_cfg.c **** * This file is automatically generated by PSoC Creator with device 
   7:.\Generated_Source\PSoC5/cyfitter_cfg.c **** * initialization code.  Except for the user defined sections in
   8:.\Generated_Source\PSoC5/cyfitter_cfg.c **** * CyClockStartupError(), this file should not be modified.
   9:.\Generated_Source\PSoC5/cyfitter_cfg.c **** *
  10:.\Generated_Source\PSoC5/cyfitter_cfg.c **** ********************************************************************************
  11:.\Generated_Source\PSoC5/cyfitter_cfg.c **** * Copyright 2012, Cypress Semiconductor Corporation.  All rights reserved.
  12:.\Generated_Source\PSoC5/cyfitter_cfg.c **** * You may use this file only in accordance with the license, terms, conditions, 
  13:.\Generated_Source\PSoC5/cyfitter_cfg.c **** * disclaimers, and limitations in the end user license agreement accompanying 
  14:.\Generated_Source\PSoC5/cyfitter_cfg.c **** * the software package with which this file was provided.
  15:.\Generated_Source\PSoC5/cyfitter_cfg.c **** ********************************************************************************/
  16:.\Generated_Source\PSoC5/cyfitter_cfg.c **** 
  17:.\Generated_Source\PSoC5/cyfitter_cfg.c **** #include <string.h>
  18:.\Generated_Source\PSoC5/cyfitter_cfg.c **** #include <cytypes.h>
  19:.\Generated_Source\PSoC5/cyfitter_cfg.c **** #include <cydevice_trm.h>
  20:.\Generated_Source\PSoC5/cyfitter_cfg.c **** #include <cyfitter.h>
  21:.\Generated_Source\PSoC5/cyfitter_cfg.c **** #include <CyLib.h>
  22:.\Generated_Source\PSoC5/cyfitter_cfg.c **** #include <cyfitter_cfg.h>
  23:.\Generated_Source\PSoC5/cyfitter_cfg.c **** 
ARM GAS  C:\Users\tjs8\AppData\Local\Temp\ccMGVyAC.s 			page 2


  24:.\Generated_Source\PSoC5/cyfitter_cfg.c **** /* Clock startup error codes                                                   */
  25:.\Generated_Source\PSoC5/cyfitter_cfg.c **** #define CYCLOCKSTART_NO_ERROR    0
  26:.\Generated_Source\PSoC5/cyfitter_cfg.c **** #define CYCLOCKSTART_XTAL_ERROR  1
  27:.\Generated_Source\PSoC5/cyfitter_cfg.c **** #define CYCLOCKSTART_32KHZ_ERROR 2
  28:.\Generated_Source\PSoC5/cyfitter_cfg.c **** #define CYCLOCKSTART_PLL_ERROR   3
  29:.\Generated_Source\PSoC5/cyfitter_cfg.c **** 
  30:.\Generated_Source\PSoC5/cyfitter_cfg.c **** /*******************************************************************************
  31:.\Generated_Source\PSoC5/cyfitter_cfg.c **** * Function Name: CyClockStartupError
  32:.\Generated_Source\PSoC5/cyfitter_cfg.c **** ********************************************************************************
  33:.\Generated_Source\PSoC5/cyfitter_cfg.c **** * Summary:
  34:.\Generated_Source\PSoC5/cyfitter_cfg.c **** *  If an error is encountered during clock configuration (crystal startup error,
  35:.\Generated_Source\PSoC5/cyfitter_cfg.c **** *  PLL lock error, etc) the system will end up here.  Unless reimplemented by 
  36:.\Generated_Source\PSoC5/cyfitter_cfg.c **** *  the customer, an infinite loop will be encountered.
  37:.\Generated_Source\PSoC5/cyfitter_cfg.c **** *
  38:.\Generated_Source\PSoC5/cyfitter_cfg.c **** * Parameters:  
  39:.\Generated_Source\PSoC5/cyfitter_cfg.c **** *   void
  40:.\Generated_Source\PSoC5/cyfitter_cfg.c **** *
  41:.\Generated_Source\PSoC5/cyfitter_cfg.c **** * Return:
  42:.\Generated_Source\PSoC5/cyfitter_cfg.c **** *   void
  43:.\Generated_Source\PSoC5/cyfitter_cfg.c **** *
  44:.\Generated_Source\PSoC5/cyfitter_cfg.c **** *******************************************************************************/
  45:.\Generated_Source\PSoC5/cyfitter_cfg.c **** #if defined(__GNUC__) || defined(__ARMCC_VERSION)
  46:.\Generated_Source\PSoC5/cyfitter_cfg.c **** __attribute__ ((unused))
  47:.\Generated_Source\PSoC5/cyfitter_cfg.c **** #endif
  48:.\Generated_Source\PSoC5/cyfitter_cfg.c **** static void CyClockStartupError(uint8 errorCode)
  49:.\Generated_Source\PSoC5/cyfitter_cfg.c **** {
  31              		.loc 1 49 0
  32              		.cfi_startproc
  33              		@ args = 0, pretend = 0, frame = 8
  34              		@ frame_needed = 1, uses_anonymous_args = 0
  35              		@ link register save eliminated.
  36 0000 80B4     		push	{r7}
  37              	.LCFI0:
  38              		.cfi_def_cfa_offset 4
  39 0002 83B0     		sub	sp, sp, #12
  40              	.LCFI1:
  41              		.cfi_def_cfa_offset 16
  42 0004 00AF     		add	r7, sp, #0
  43              		.cfi_offset 7, -4
  44              	.LCFI2:
  45              		.cfi_def_cfa_register 7
  46 0006 0346     		mov	r3, r0
  47 0008 FB71     		strb	r3, [r7, #7]
  48              	.L2:
  50:.\Generated_Source\PSoC5/cyfitter_cfg.c ****     /* To remove the compiler warning if errorCode not used.                */
  51:.\Generated_Source\PSoC5/cyfitter_cfg.c ****     errorCode = errorCode;
  52:.\Generated_Source\PSoC5/cyfitter_cfg.c **** 
  53:.\Generated_Source\PSoC5/cyfitter_cfg.c ****     /* `#START CyClockStartupError` */
  54:.\Generated_Source\PSoC5/cyfitter_cfg.c **** 
  55:.\Generated_Source\PSoC5/cyfitter_cfg.c ****     /* If we have a clock startup error (bad MHz crystal, PLL lock, etc)    */
  56:.\Generated_Source\PSoC5/cyfitter_cfg.c ****     /* we will end up here to allow the customer to implement something to  */
  57:.\Generated_Source\PSoC5/cyfitter_cfg.c ****     /* deal with the clock condition.                                       */
  58:.\Generated_Source\PSoC5/cyfitter_cfg.c **** 
  59:.\Generated_Source\PSoC5/cyfitter_cfg.c ****     /* `#END` */
  60:.\Generated_Source\PSoC5/cyfitter_cfg.c **** 
  61:.\Generated_Source\PSoC5/cyfitter_cfg.c ****     /* If nothing else, stop here since the clocks have not started         */
  62:.\Generated_Source\PSoC5/cyfitter_cfg.c ****     /* correctly.                                                           */
ARM GAS  C:\Users\tjs8\AppData\Local\Temp\ccMGVyAC.s 			page 3


  63:.\Generated_Source\PSoC5/cyfitter_cfg.c ****     while(1) {}
  49              		.loc 1 63 0
  50 000a FEE7     		b	.L2
  51              		.cfi_endproc
  52              	.LFE0:
  53              		.size	CyClockStartupError, .-CyClockStartupError
  54              		.section	.rodata
  55              		.align	2
  56              		.type	cfg_memset_list, %object
  57              		.size	cfg_memset_list, 54
  58              	cfg_memset_list:
  59 0000 004F0040 		.word	1073762048
  60 0004 2400     		.short	36
  61 0006 00510040 		.4byte	1073762560
  62 000a 2000     		.short	32
  63 000c C0510040 		.word	1073762752
  64 0010 1000     		.short	16
  65 0012 F0510040 		.4byte	1073762800
  66 0016 1000     		.short	16
  67 0018 00000140 		.word	1073807360
  68 001c 0010     		.short	4096
  69 001e 00140140 		.4byte	1073812480
  70 0022 0008     		.short	2048
  71 0024 00400140 		.word	1073823744
  72 0028 000A     		.short	2560
  73 002a 004C0140 		.4byte	1073826816
  74 002e 0002     		.short	512
  75 0030 00500140 		.word	1073827840
  76 0034 2000     		.short	32
  77 0036 0000     		.section	.text.cfg_write_bytes32,"ax",%progbits
  78              		.align	2
  79              		.thumb
  80              		.thumb_func
  81              		.type	cfg_write_bytes32, %function
  82              	cfg_write_bytes32:
  83              	.LFB1:
  64:.\Generated_Source\PSoC5/cyfitter_cfg.c **** }
  65:.\Generated_Source\PSoC5/cyfitter_cfg.c **** 
  66:.\Generated_Source\PSoC5/cyfitter_cfg.c **** 
  67:.\Generated_Source\PSoC5/cyfitter_cfg.c **** #undef CYCODE
  68:.\Generated_Source\PSoC5/cyfitter_cfg.c **** #undef CYDATA
  69:.\Generated_Source\PSoC5/cyfitter_cfg.c **** #undef CYXDATA
  70:.\Generated_Source\PSoC5/cyfitter_cfg.c **** #undef CYFAR
  71:.\Generated_Source\PSoC5/cyfitter_cfg.c **** #if defined(__GNUC__) || defined(__ARMCC_VERSION)
  72:.\Generated_Source\PSoC5/cyfitter_cfg.c **** 	#define CYCODE
  73:.\Generated_Source\PSoC5/cyfitter_cfg.c **** 	#define CYDATA
  74:.\Generated_Source\PSoC5/cyfitter_cfg.c **** 	#define CYXDATA
  75:.\Generated_Source\PSoC5/cyfitter_cfg.c **** 	#define CYFAR
  76:.\Generated_Source\PSoC5/cyfitter_cfg.c **** 
  77:.\Generated_Source\PSoC5/cyfitter_cfg.c **** 	#define CYPACKED __attribute__ ((packed))
  78:.\Generated_Source\PSoC5/cyfitter_cfg.c **** 	#define CYALIGNED __attribute__ ((aligned))
  79:.\Generated_Source\PSoC5/cyfitter_cfg.c **** 	
  80:.\Generated_Source\PSoC5/cyfitter_cfg.c **** 	#if defined(__ARMCC_VERSION)
  81:.\Generated_Source\PSoC5/cyfitter_cfg.c **** 		#define CY_CFG_MEMORY_BARRIER() __memory_changed()
  82:.\Generated_Source\PSoC5/cyfitter_cfg.c **** 	#else
  83:.\Generated_Source\PSoC5/cyfitter_cfg.c **** 		#define CY_CFG_MEMORY_BARRIER() __sync_synchronize()
  84:.\Generated_Source\PSoC5/cyfitter_cfg.c **** 	#endif
ARM GAS  C:\Users\tjs8\AppData\Local\Temp\ccMGVyAC.s 			page 4


  85:.\Generated_Source\PSoC5/cyfitter_cfg.c **** 	
  86:.\Generated_Source\PSoC5/cyfitter_cfg.c **** 	
  87:.\Generated_Source\PSoC5/cyfitter_cfg.c **** 	#define CYMEMZERO(a,c) memset((a),0,(c))
  88:.\Generated_Source\PSoC5/cyfitter_cfg.c **** 	#define CYCONFIGCPY(d,s,c) memcpy((d),(s),(c))
  89:.\Generated_Source\PSoC5/cyfitter_cfg.c **** 	#define CYCONFIGCPYCODE(d,s,c) memcpy((d),(s),(c))
  90:.\Generated_Source\PSoC5/cyfitter_cfg.c **** #else
  91:.\Generated_Source\PSoC5/cyfitter_cfg.c **** 	#error Unsupported toolchain
  92:.\Generated_Source\PSoC5/cyfitter_cfg.c **** #endif
  93:.\Generated_Source\PSoC5/cyfitter_cfg.c **** 
  94:.\Generated_Source\PSoC5/cyfitter_cfg.c **** /* Defines the layout and meaning of each entry in the cfg_memset_list used for clearing registers 
  95:.\Generated_Source\PSoC5/cyfitter_cfg.c **** typedef struct {
  96:.\Generated_Source\PSoC5/cyfitter_cfg.c **** 	void CYFAR *address;
  97:.\Generated_Source\PSoC5/cyfitter_cfg.c **** 	uint16 size;
  98:.\Generated_Source\PSoC5/cyfitter_cfg.c **** } CYPACKED cfg_memset_t;
  99:.\Generated_Source\PSoC5/cyfitter_cfg.c **** 
 100:.\Generated_Source\PSoC5/cyfitter_cfg.c **** /* Defines the layout and meaning of each entry in the cfg_memcpy_list used for initializing regist
 101:.\Generated_Source\PSoC5/cyfitter_cfg.c **** typedef struct {
 102:.\Generated_Source\PSoC5/cyfitter_cfg.c **** 	void CYFAR *dest;
 103:.\Generated_Source\PSoC5/cyfitter_cfg.c **** 	const void CYFAR *src;
 104:.\Generated_Source\PSoC5/cyfitter_cfg.c **** 	uint16 size;
 105:.\Generated_Source\PSoC5/cyfitter_cfg.c **** } CYPACKED cfg_memcpy_t;
 106:.\Generated_Source\PSoC5/cyfitter_cfg.c **** 
 107:.\Generated_Source\PSoC5/cyfitter_cfg.c **** /* Contains the regions of memory that must be set to 0 during configuration */
 108:.\Generated_Source\PSoC5/cyfitter_cfg.c **** #define CFG_MEMSET_COUNT (sizeof(cfg_memset_list)/sizeof(*cfg_memset_list))
 109:.\Generated_Source\PSoC5/cyfitter_cfg.c **** static const cfg_memset_t CYCODE cfg_memset_list [] = {
 110:.\Generated_Source\PSoC5/cyfitter_cfg.c **** 	/* address, size */
 111:.\Generated_Source\PSoC5/cyfitter_cfg.c **** 	{(void CYFAR *)(CYREG_TMR0_CFG0), 36},
 112:.\Generated_Source\PSoC5/cyfitter_cfg.c **** 	{(void CYFAR *)(CYREG_PRT0_DR), 32},
 113:.\Generated_Source\PSoC5/cyfitter_cfg.c **** 	{(void CYFAR *)(CYREG_PRT12_DR), 16},
 114:.\Generated_Source\PSoC5/cyfitter_cfg.c **** 	{(void CYFAR *)(CYREG_PRT15_DR), 16},
 115:.\Generated_Source\PSoC5/cyfitter_cfg.c **** 	{(void CYFAR *)(CYDEV_UCFG_B0_P0_U0_BASE), 4096},
 116:.\Generated_Source\PSoC5/cyfitter_cfg.c **** 	{(void CYFAR *)(CYDEV_UCFG_B1_P2_U0_BASE), 2048},
 117:.\Generated_Source\PSoC5/cyfitter_cfg.c **** 	{(void CYFAR *)(CYDEV_UCFG_DSI0_BASE), 2560},
 118:.\Generated_Source\PSoC5/cyfitter_cfg.c **** 	{(void CYFAR *)(CYDEV_UCFG_DSI12_BASE), 512},
 119:.\Generated_Source\PSoC5/cyfitter_cfg.c **** 	{(void CYFAR *)(CYREG_BCTL0_MDCLK_EN), 32},
 120:.\Generated_Source\PSoC5/cyfitter_cfg.c **** };
 121:.\Generated_Source\PSoC5/cyfitter_cfg.c **** 
 122:.\Generated_Source\PSoC5/cyfitter_cfg.c **** #define CY_CFG_BASE_ADDR_COUNT 28
 123:.\Generated_Source\PSoC5/cyfitter_cfg.c **** typedef struct
 124:.\Generated_Source\PSoC5/cyfitter_cfg.c **** {
 125:.\Generated_Source\PSoC5/cyfitter_cfg.c **** 	uint8 offset;
 126:.\Generated_Source\PSoC5/cyfitter_cfg.c **** 	uint8 value;
 127:.\Generated_Source\PSoC5/cyfitter_cfg.c **** } CYPACKED cy_cfg_addrvalue_t;
 128:.\Generated_Source\PSoC5/cyfitter_cfg.c **** 
 129:.\Generated_Source\PSoC5/cyfitter_cfg.c **** #define cy_cfg_addr_table ((const uint32 CYFAR *)0x48000000)
 130:.\Generated_Source\PSoC5/cyfitter_cfg.c **** #define cy_cfg_data_table ((const cy_cfg_addrvalue_t CYFAR *)0x48000070)
 131:.\Generated_Source\PSoC5/cyfitter_cfg.c **** 
 132:.\Generated_Source\PSoC5/cyfitter_cfg.c **** /* IOPINS0_2 Address: CYREG_PRT2_DM0 Size (bytes): 8 */
 133:.\Generated_Source\PSoC5/cyfitter_cfg.c **** #define BS_IOPINS0_2_VAL ((const uint8 CYFAR *)0x48000584)
 134:.\Generated_Source\PSoC5/cyfitter_cfg.c **** 
 135:.\Generated_Source\PSoC5/cyfitter_cfg.c **** /* IOPINS0_3 Address: CYREG_PRT3_DR Size (bytes): 10 */
 136:.\Generated_Source\PSoC5/cyfitter_cfg.c **** #define BS_IOPINS0_3_VAL ((const uint8 CYFAR *)0x4800058C)
 137:.\Generated_Source\PSoC5/cyfitter_cfg.c **** 
 138:.\Generated_Source\PSoC5/cyfitter_cfg.c **** /* IOPINS0_4 Address: CYREG_PRT4_DM0 Size (bytes): 8 */
 139:.\Generated_Source\PSoC5/cyfitter_cfg.c **** #define BS_IOPINS0_4_VAL ((const uint8 CYFAR *)0x48000598)
 140:.\Generated_Source\PSoC5/cyfitter_cfg.c **** 
 141:.\Generated_Source\PSoC5/cyfitter_cfg.c **** /* IOPINS0_5 Address: CYREG_PRT5_DM0 Size (bytes): 8 */
ARM GAS  C:\Users\tjs8\AppData\Local\Temp\ccMGVyAC.s 			page 5


 142:.\Generated_Source\PSoC5/cyfitter_cfg.c **** #define BS_IOPINS0_5_VAL ((const uint8 CYFAR *)0x480005A0)
 143:.\Generated_Source\PSoC5/cyfitter_cfg.c **** 
 144:.\Generated_Source\PSoC5/cyfitter_cfg.c **** /* IOPINS0_6 Address: CYREG_PRT6_DR Size (bytes): 10 */
 145:.\Generated_Source\PSoC5/cyfitter_cfg.c **** #define BS_IOPINS0_6_VAL ((const uint8 CYFAR *)0x480005A8)
 146:.\Generated_Source\PSoC5/cyfitter_cfg.c **** 
 147:.\Generated_Source\PSoC5/cyfitter_cfg.c **** 
 148:.\Generated_Source\PSoC5/cyfitter_cfg.c **** /*******************************************************************************
 149:.\Generated_Source\PSoC5/cyfitter_cfg.c **** * Function Name: cfg_write_bytes32
 150:.\Generated_Source\PSoC5/cyfitter_cfg.c **** ********************************************************************************
 151:.\Generated_Source\PSoC5/cyfitter_cfg.c **** * Summary:
 152:.\Generated_Source\PSoC5/cyfitter_cfg.c **** *  This function is used for setting up the chip configuration areas that 
 153:.\Generated_Source\PSoC5/cyfitter_cfg.c **** *  contain relativly sparse data.
 154:.\Generated_Source\PSoC5/cyfitter_cfg.c **** *
 155:.\Generated_Source\PSoC5/cyfitter_cfg.c **** * Parameters:  
 156:.\Generated_Source\PSoC5/cyfitter_cfg.c **** *   void
 157:.\Generated_Source\PSoC5/cyfitter_cfg.c **** *
 158:.\Generated_Source\PSoC5/cyfitter_cfg.c **** * Return:
 159:.\Generated_Source\PSoC5/cyfitter_cfg.c **** *   void
 160:.\Generated_Source\PSoC5/cyfitter_cfg.c **** *
 161:.\Generated_Source\PSoC5/cyfitter_cfg.c **** *******************************************************************************/
 162:.\Generated_Source\PSoC5/cyfitter_cfg.c **** /* For 32-bit little-endian architectures */
 163:.\Generated_Source\PSoC5/cyfitter_cfg.c **** static void cfg_write_bytes32(void)
 164:.\Generated_Source\PSoC5/cyfitter_cfg.c **** {
  84              		.loc 1 164 0
  85              		.cfi_startproc
  86              		@ args = 0, pretend = 0, frame = 16
  87              		@ frame_needed = 1, uses_anonymous_args = 0
  88              		@ link register save eliminated.
  89 0000 80B4     		push	{r7}
  90              	.LCFI3:
  91              		.cfi_def_cfa_offset 4
  92 0002 85B0     		sub	sp, sp, #20
  93              	.LCFI4:
  94              		.cfi_def_cfa_offset 24
  95 0004 00AF     		add	r7, sp, #0
  96              		.cfi_offset 7, -4
  97              	.LCFI5:
  98              		.cfi_def_cfa_register 7
 165:.\Generated_Source\PSoC5/cyfitter_cfg.c **** 	unsigned int i, j = 0;
  99              		.loc 1 165 0
 100 0006 4FF00003 		mov	r3, #0
 101 000a 7B60     		str	r3, [r7, #4]
 166:.\Generated_Source\PSoC5/cyfitter_cfg.c **** 	for (i = 0; i < CY_CFG_BASE_ADDR_COUNT; i++)
 102              		.loc 1 166 0
 103 000c 4FF00003 		mov	r3, #0
 104 0010 3B60     		str	r3, [r7, #0]
 105 0012 36E0     		b	.L5
 106              	.L8:
 107              	.LBB2:
 167:.\Generated_Source\PSoC5/cyfitter_cfg.c **** 	{
 168:.\Generated_Source\PSoC5/cyfitter_cfg.c **** 		uint32 baseAddr = cy_cfg_addr_table[i];
 108              		.loc 1 168 0
 109 0014 3B68     		ldr	r3, [r7, #0]
 110 0016 4FEA8303 		lsl	r3, r3, #2
 111 001a 03F19043 		add	r3, r3, #1207959552
 112 001e 1B68     		ldr	r3, [r3, #0]
 113 0020 BB60     		str	r3, [r7, #8]
ARM GAS  C:\Users\tjs8\AppData\Local\Temp\ccMGVyAC.s 			page 6


 169:.\Generated_Source\PSoC5/cyfitter_cfg.c **** 		uint8 count = baseAddr & 0xFFu;
 114              		.loc 1 169 0
 115 0022 BB68     		ldr	r3, [r7, #8]
 116 0024 FB73     		strb	r3, [r7, #15]
 170:.\Generated_Source\PSoC5/cyfitter_cfg.c **** 		baseAddr &= 0xFFFFFF00u;
 117              		.loc 1 170 0
 118 0026 BB68     		ldr	r3, [r7, #8]
 119 0028 23F0FF03 		bic	r3, r3, #255
 120 002c BB60     		str	r3, [r7, #8]
 171:.\Generated_Source\PSoC5/cyfitter_cfg.c **** 		while (count--)
 121              		.loc 1 171 0
 122 002e 18E0     		b	.L6
 123              	.L7:
 172:.\Generated_Source\PSoC5/cyfitter_cfg.c **** 		{
 173:.\Generated_Source\PSoC5/cyfitter_cfg.c **** 			CY_SET_XTND_REG8((void CYFAR *)(baseAddr + cy_cfg_data_table[j].offset), cy_cfg_data_table[j].va
 124              		.loc 1 173 0
 125 0030 7B68     		ldr	r3, [r7, #4]
 126 0032 4FEA4303 		lsl	r3, r3, #1
 127 0036 03F19043 		add	r3, r3, #1207959552
 128 003a 03F17003 		add	r3, r3, #112
 129 003e 1B78     		ldrb	r3, [r3, #0]	@ zero_extendqisi2
 130 0040 1A46     		mov	r2, r3
 131 0042 BB68     		ldr	r3, [r7, #8]
 132 0044 1344     		add	r3, r2, r3
 133 0046 1A46     		mov	r2, r3
 134 0048 7B68     		ldr	r3, [r7, #4]
 135 004a 4FEA4303 		lsl	r3, r3, #1
 136 004e 03F19043 		add	r3, r3, #1207959552
 137 0052 03F17003 		add	r3, r3, #112
 138 0056 5B78     		ldrb	r3, [r3, #1]	@ zero_extendqisi2
 139 0058 1370     		strb	r3, [r2, #0]
 174:.\Generated_Source\PSoC5/cyfitter_cfg.c **** 			j++;
 140              		.loc 1 174 0
 141 005a 7B68     		ldr	r3, [r7, #4]
 142 005c 03F10103 		add	r3, r3, #1
 143 0060 7B60     		str	r3, [r7, #4]
 144              	.L6:
 145              		.loc 1 171 0
 146 0062 FB7B     		ldrb	r3, [r7, #15]	@ zero_extendqisi2
 147 0064 002B     		cmp	r3, #0
 148 0066 0CBF     		ite	eq
 149 0068 0023     		moveq	r3, #0
 150 006a 0123     		movne	r3, #1
 151 006c DBB2     		uxtb	r3, r3
 152 006e FA7B     		ldrb	r2, [r7, #15]
 153 0070 02F1FF32 		add	r2, r2, #-1
 154 0074 FA73     		strb	r2, [r7, #15]
 155 0076 002B     		cmp	r3, #0
 156 0078 DAD1     		bne	.L7
 157              	.LBE2:
 158              		.loc 1 166 0
 159 007a 3B68     		ldr	r3, [r7, #0]
 160 007c 03F10103 		add	r3, r3, #1
 161 0080 3B60     		str	r3, [r7, #0]
 162              	.L5:
 163 0082 3B68     		ldr	r3, [r7, #0]
 164 0084 1B2B     		cmp	r3, #27
ARM GAS  C:\Users\tjs8\AppData\Local\Temp\ccMGVyAC.s 			page 7


 165 0086 C5D9     		bls	.L8
 175:.\Generated_Source\PSoC5/cyfitter_cfg.c **** 		}
 176:.\Generated_Source\PSoC5/cyfitter_cfg.c **** 	}
 177:.\Generated_Source\PSoC5/cyfitter_cfg.c **** }
 166              		.loc 1 177 0
 167 0088 07F11407 		add	r7, r7, #20
 168 008c BD46     		mov	sp, r7
 169 008e 80BC     		pop	{r7}
 170 0090 7047     		bx	lr
 171              		.cfi_endproc
 172              	.LFE1:
 173              		.size	cfg_write_bytes32, .-cfg_write_bytes32
 174 0092 00BF     		.section	.text.ClockSetup,"ax",%progbits
 175              		.align	2
 176              		.thumb
 177              		.thumb_func
 178              		.type	ClockSetup, %function
 179              	ClockSetup:
 180              	.LFB2:
 178:.\Generated_Source\PSoC5/cyfitter_cfg.c **** 
 179:.\Generated_Source\PSoC5/cyfitter_cfg.c **** /*******************************************************************************
 180:.\Generated_Source\PSoC5/cyfitter_cfg.c **** * Function Name: ClockSetup
 181:.\Generated_Source\PSoC5/cyfitter_cfg.c **** ********************************************************************************
 182:.\Generated_Source\PSoC5/cyfitter_cfg.c **** *
 183:.\Generated_Source\PSoC5/cyfitter_cfg.c **** * Summary:
 184:.\Generated_Source\PSoC5/cyfitter_cfg.c **** *  Performs the initialization of all of the clocks in the device based on the
 185:.\Generated_Source\PSoC5/cyfitter_cfg.c **** *  settings in the Clock tab of the DWR.  This includes enabling the requested
 186:.\Generated_Source\PSoC5/cyfitter_cfg.c **** *  clocks and setting the necessary dividers to produce the desired frequency. 
 187:.\Generated_Source\PSoC5/cyfitter_cfg.c **** *
 188:.\Generated_Source\PSoC5/cyfitter_cfg.c **** * Parameters:
 189:.\Generated_Source\PSoC5/cyfitter_cfg.c **** *  void
 190:.\Generated_Source\PSoC5/cyfitter_cfg.c **** *
 191:.\Generated_Source\PSoC5/cyfitter_cfg.c **** * Return:
 192:.\Generated_Source\PSoC5/cyfitter_cfg.c **** *  void
 193:.\Generated_Source\PSoC5/cyfitter_cfg.c **** *
 194:.\Generated_Source\PSoC5/cyfitter_cfg.c **** *******************************************************************************/
 195:.\Generated_Source\PSoC5/cyfitter_cfg.c **** static void ClockSetup(void)
 196:.\Generated_Source\PSoC5/cyfitter_cfg.c **** {
 181              		.loc 1 196 0
 182              		.cfi_startproc
 183              		@ args = 0, pretend = 0, frame = 16
 184              		@ frame_needed = 1, uses_anonymous_args = 0
 185 0000 80B5     		push	{r7, lr}
 186              	.LCFI6:
 187              		.cfi_def_cfa_offset 8
 188 0002 84B0     		sub	sp, sp, #16
 189              	.LCFI7:
 190              		.cfi_def_cfa_offset 24
 191 0004 00AF     		add	r7, sp, #0
 192              		.cfi_offset 14, -4
 193              		.cfi_offset 7, -8
 194              	.LCFI8:
 195              		.cfi_def_cfa_register 7
 197:.\Generated_Source\PSoC5/cyfitter_cfg.c **** 	reg32  timeout;
 198:.\Generated_Source\PSoC5/cyfitter_cfg.c **** 	reg32* timeout_p = &timeout;
 196              		.loc 1 198 0
 197 0006 07F10803 		add	r3, r7, #8
ARM GAS  C:\Users\tjs8\AppData\Local\Temp\ccMGVyAC.s 			page 8


 198 000a FB60     		str	r3, [r7, #12]
 199:.\Generated_Source\PSoC5/cyfitter_cfg.c **** 	reg8   pllLock;
 200:.\Generated_Source\PSoC5/cyfitter_cfg.c **** 
 201:.\Generated_Source\PSoC5/cyfitter_cfg.c **** 
 202:.\Generated_Source\PSoC5/cyfitter_cfg.c **** 	/* Configure Digital Clocks based on settings from Clock DWR */
 203:.\Generated_Source\PSoC5/cyfitter_cfg.c **** 	CY_SET_XTND_REG24((void CYFAR *)(CYREG_CLKDIST_DCFG0_CFG0), 0x180033);
 199              		.loc 1 203 0
 200 000c 44F28000 		movw	r0, #:lower16:1073758336
 201 0010 C4F20000 		movt	r0, #:upper16:1073758336
 202 0014 40F23301 		movw	r1, #:lower16:1572915
 203 0018 C0F21801 		movt	r1, #:upper16:1572915
 204 001c FFF7FEFF 		bl	CySetReg24
 204:.\Generated_Source\PSoC5/cyfitter_cfg.c **** 	CY_SET_XTND_REG24((void CYFAR *)(CYREG_CLKDIST_DCFG1_CFG0), 0x19001D);
 205              		.loc 1 204 0
 206 0020 44F28400 		movw	r0, #:lower16:1073758340
 207 0024 C4F20000 		movt	r0, #:upper16:1073758340
 208 0028 40F21D01 		movw	r1, #:lower16:1638429
 209 002c C0F21901 		movt	r1, #:upper16:1638429
 210 0030 FFF7FEFF 		bl	CySetReg24
 205:.\Generated_Source\PSoC5/cyfitter_cfg.c **** 
 206:.\Generated_Source\PSoC5/cyfitter_cfg.c **** 	/* Configure ILO based on settings from Clock DWR */
 207:.\Generated_Source\PSoC5/cyfitter_cfg.c **** 	CY_SET_XTND_REG8((void CYFAR *)(CYREG_SLOWCLK_ILO_CR0), 0x02);
 211              		.loc 1 207 0
 212 0034 44F20033 		movw	r3, #:lower16:1073758976
 213 0038 C4F20003 		movt	r3, #:upper16:1073758976
 214 003c 4FF00202 		mov	r2, #2
 215 0040 1A70     		strb	r2, [r3, #0]
 208:.\Generated_Source\PSoC5/cyfitter_cfg.c **** 	CY_SET_XTND_REG8((void CYFAR *)(CYREG_CLKDIST_CR), 0x08);
 216              		.loc 1 208 0
 217 0042 44F20003 		movw	r3, #:lower16:1073758208
 218 0046 C4F20003 		movt	r3, #:upper16:1073758208
 219 004a 4FF00802 		mov	r2, #8
 220 004e 1A70     		strb	r2, [r3, #0]
 209:.\Generated_Source\PSoC5/cyfitter_cfg.c **** 
 210:.\Generated_Source\PSoC5/cyfitter_cfg.c **** 	/* Configure IMO based on settings from Clock DWR */
 211:.\Generated_Source\PSoC5/cyfitter_cfg.c **** 	CY_SET_XTND_REG8((void CYFAR *)(CYREG_FASTCLK_IMO_CR), 0x03);
 221              		.loc 1 211 0
 222 0050 44F20023 		movw	r3, #:lower16:1073758720
 223 0054 C4F20003 		movt	r3, #:upper16:1073758720
 224 0058 4FF00302 		mov	r2, #3
 225 005c 1A70     		strb	r2, [r3, #0]
 212:.\Generated_Source\PSoC5/cyfitter_cfg.c **** 	CY_SET_XTND_REG8((void CYFAR *)(CYREG_IMO_TR1), (CY_GET_XTND_REG8(CYREG_FLSHID_CUST_TABLES_IMO_3MH
 226              		.loc 1 212 0
 227 005e 44F2A163 		movw	r3, #:lower16:1073759905
 228 0062 C4F20003 		movt	r3, #:upper16:1073759905
 229 0066 40F20812 		movw	r2, #:lower16:1224737032
 230 006a C4F60012 		movt	r2, #:upper16:1224737032
 231 006e 1278     		ldrb	r2, [r2, #0]
 232 0070 D2B2     		uxtb	r2, r2
 233 0072 1A70     		strb	r2, [r3, #0]
 213:.\Generated_Source\PSoC5/cyfitter_cfg.c **** 
 214:.\Generated_Source\PSoC5/cyfitter_cfg.c **** 	/* Configure PLL based on settings from Clock DWR */
 215:.\Generated_Source\PSoC5/cyfitter_cfg.c **** 	CY_SET_XTND_REG16((void CYFAR *)(CYREG_FASTCLK_PLL_P), 0x0008);
 234              		.loc 1 215 0
 235 0074 44F22223 		movw	r3, #:lower16:1073758754
 236 0078 C4F20003 		movt	r3, #:upper16:1073758754
 237 007c 4FF00802 		mov	r2, #8
ARM GAS  C:\Users\tjs8\AppData\Local\Temp\ccMGVyAC.s 			page 9


 238 0080 1A80     		strh	r2, [r3, #0]	@ movhi
 216:.\Generated_Source\PSoC5/cyfitter_cfg.c **** 	CY_SET_XTND_REG16((void CYFAR *)(CYREG_FASTCLK_PLL_CFG0), 0x1051);
 239              		.loc 1 216 0
 240 0082 44F22023 		movw	r3, #:lower16:1073758752
 241 0086 C4F20003 		movt	r3, #:upper16:1073758752
 242 008a 41F25102 		movw	r2, #4177
 243 008e 1A80     		strh	r2, [r3, #0]	@ movhi
 217:.\Generated_Source\PSoC5/cyfitter_cfg.c **** 	/* Wait up to 250us for the PLL to lock */
 218:.\Generated_Source\PSoC5/cyfitter_cfg.c **** 	pllLock = 0;
 244              		.loc 1 218 0
 245 0090 4FF00003 		mov	r3, #0
 246 0094 FB71     		strb	r3, [r7, #7]
 219:.\Generated_Source\PSoC5/cyfitter_cfg.c **** 	for (timeout = 250 / 10; *timeout_p && (pllLock != 0x03u); timeout--) { 
 247              		.loc 1 219 0
 248 0096 4FF01903 		mov	r3, #25
 249 009a BB60     		str	r3, [r7, #8]
 250 009c 1AE0     		b	.L11
 251              	.L13:
 220:.\Generated_Source\PSoC5/cyfitter_cfg.c **** 		pllLock = 0x03u & ((pllLock << 1) | ((CY_GET_XTND_REG8(CYREG_FASTCLK_PLL_SR) & 0x01u) >> 0));
 252              		.loc 1 220 0
 253 009e FB79     		ldrb	r3, [r7, #7]
 254 00a0 DBB2     		uxtb	r3, r3
 255 00a2 4FEA4303 		lsl	r3, r3, #1
 256 00a6 DAB2     		uxtb	r2, r3
 257 00a8 44F22523 		movw	r3, #:lower16:1073758757
 258 00ac C4F20003 		movt	r3, #:upper16:1073758757
 259 00b0 1B78     		ldrb	r3, [r3, #0]
 260 00b2 DBB2     		uxtb	r3, r3
 261 00b4 03F00103 		and	r3, r3, #1
 262 00b8 42EA0303 		orr	r3, r2, r3
 263 00bc DBB2     		uxtb	r3, r3
 264 00be 03F00303 		and	r3, r3, #3
 265 00c2 FB71     		strb	r3, [r7, #7]
 221:.\Generated_Source\PSoC5/cyfitter_cfg.c **** 		CyDelayCycles(10 * 48); /* Delay 10us based on 48MHz clock */
 266              		.loc 1 221 0
 267 00c4 4FF4F070 		mov	r0, #480
 268 00c8 FFF7FEFF 		bl	CyDelayCycles
 269              		.loc 1 219 0
 270 00cc BB68     		ldr	r3, [r7, #8]
 271 00ce 03F1FF33 		add	r3, r3, #-1
 272 00d2 BB60     		str	r3, [r7, #8]
 273              	.L11:
 274 00d4 FB68     		ldr	r3, [r7, #12]
 275 00d6 1B68     		ldr	r3, [r3, #0]
 276 00d8 002B     		cmp	r3, #0
 277 00da 03D0     		beq	.L12
 278 00dc FB79     		ldrb	r3, [r7, #7]
 279 00de DBB2     		uxtb	r3, r3
 280 00e0 032B     		cmp	r3, #3
 281 00e2 DCD1     		bne	.L13
 282              	.L12:
 222:.\Generated_Source\PSoC5/cyfitter_cfg.c **** 	}
 223:.\Generated_Source\PSoC5/cyfitter_cfg.c **** 
 224:.\Generated_Source\PSoC5/cyfitter_cfg.c **** 	/* Configure Bus/Master Clock based on settings from Clock DWR */
 225:.\Generated_Source\PSoC5/cyfitter_cfg.c **** 	CY_SET_XTND_REG16((void CYFAR *)(CYREG_CLKDIST_MSTR0), 0x0100);
 283              		.loc 1 225 0
 284 00e4 44F20403 		movw	r3, #:lower16:1073758212
ARM GAS  C:\Users\tjs8\AppData\Local\Temp\ccMGVyAC.s 			page 10


 285 00e8 C4F20003 		movt	r3, #:upper16:1073758212
 286 00ec 4FF48072 		mov	r2, #256
 287 00f0 1A80     		strh	r2, [r3, #0]	@ movhi
 226:.\Generated_Source\PSoC5/cyfitter_cfg.c **** 	CY_SET_XTND_REG8((void CYFAR *)(CYREG_CLKDIST_MSTR0), 0x07);
 288              		.loc 1 226 0
 289 00f2 44F20403 		movw	r3, #:lower16:1073758212
 290 00f6 C4F20003 		movt	r3, #:upper16:1073758212
 291 00fa 4FF00702 		mov	r2, #7
 292 00fe 1A70     		strb	r2, [r3, #0]
 227:.\Generated_Source\PSoC5/cyfitter_cfg.c **** 	CY_SET_XTND_REG8((void CYFAR *)(CYREG_CLKDIST_BCFG0), 0x00);
 293              		.loc 1 227 0
 294 0100 44F20603 		movw	r3, #:lower16:1073758214
 295 0104 C4F20003 		movt	r3, #:upper16:1073758214
 296 0108 4FF00002 		mov	r2, #0
 297 010c 1A70     		strb	r2, [r3, #0]
 228:.\Generated_Source\PSoC5/cyfitter_cfg.c **** 	CY_SET_XTND_REG8((void CYFAR *)(CYREG_CLKDIST_BCFG2), 0x48);
 298              		.loc 1 228 0
 299 010e 44F20803 		movw	r3, #:lower16:1073758216
 300 0112 C4F20003 		movt	r3, #:upper16:1073758216
 301 0116 4FF04802 		mov	r2, #72
 302 011a 1A70     		strb	r2, [r3, #0]
 229:.\Generated_Source\PSoC5/cyfitter_cfg.c **** 	CY_SET_XTND_REG8((void CYFAR *)(CYREG_CLKDIST_MSTR0), 0x00);
 303              		.loc 1 229 0
 304 011c 44F20403 		movw	r3, #:lower16:1073758212
 305 0120 C4F20003 		movt	r3, #:upper16:1073758212
 306 0124 4FF00002 		mov	r2, #0
 307 0128 1A70     		strb	r2, [r3, #0]
 230:.\Generated_Source\PSoC5/cyfitter_cfg.c **** 	CY_SET_XTND_REG8((void CYFAR *)(CYREG_CLKDIST_LD), 0x02);
 308              		.loc 1 230 0
 309 012a 44F20103 		movw	r3, #:lower16:1073758209
 310 012e C4F20003 		movt	r3, #:upper16:1073758209
 311 0132 4FF00202 		mov	r2, #2
 312 0136 1A70     		strb	r2, [r3, #0]
 231:.\Generated_Source\PSoC5/cyfitter_cfg.c **** 
 232:.\Generated_Source\PSoC5/cyfitter_cfg.c **** 	CY_SET_XTND_REG8((void CYFAR *)(CYREG_PM_ACT_CFG2), ((CY_GET_XTND_REG8(CYREG_PM_ACT_CFG2) | 0x03))
 313              		.loc 1 232 0
 314 0138 44F2A233 		movw	r3, #:lower16:1073759138
 315 013c C4F20003 		movt	r3, #:upper16:1073759138
 316 0140 44F2A232 		movw	r2, #:lower16:1073759138
 317 0144 C4F20002 		movt	r2, #:upper16:1073759138
 318 0148 1278     		ldrb	r2, [r2, #0]
 319 014a D2B2     		uxtb	r2, r2
 320 014c 42F00302 		orr	r2, r2, #3
 321 0150 D2B2     		uxtb	r2, r2
 322 0152 1A70     		strb	r2, [r3, #0]
 233:.\Generated_Source\PSoC5/cyfitter_cfg.c **** }
 323              		.loc 1 233 0
 324 0154 07F11007 		add	r7, r7, #16
 325 0158 BD46     		mov	sp, r7
 326 015a 80BD     		pop	{r7, pc}
 327              		.cfi_endproc
 328              	.LFE2:
 329              		.size	ClockSetup, .-ClockSetup
 330              		.section	.text.AnalogSetDefault,"ax",%progbits
 331              		.align	2
 332              		.global	AnalogSetDefault
 333              		.thumb
ARM GAS  C:\Users\tjs8\AppData\Local\Temp\ccMGVyAC.s 			page 11


 334              		.thumb_func
 335              		.type	AnalogSetDefault, %function
 336              	AnalogSetDefault:
 337              	.LFB3:
 234:.\Generated_Source\PSoC5/cyfitter_cfg.c **** 
 235:.\Generated_Source\PSoC5/cyfitter_cfg.c **** 
 236:.\Generated_Source\PSoC5/cyfitter_cfg.c **** /* Analog API Functions */
 237:.\Generated_Source\PSoC5/cyfitter_cfg.c **** 
 238:.\Generated_Source\PSoC5/cyfitter_cfg.c **** /*******************************************************************************
 239:.\Generated_Source\PSoC5/cyfitter_cfg.c **** * Function Name: AnalogSetDefault
 240:.\Generated_Source\PSoC5/cyfitter_cfg.c **** ********************************************************************************
 241:.\Generated_Source\PSoC5/cyfitter_cfg.c **** *
 242:.\Generated_Source\PSoC5/cyfitter_cfg.c **** * Summary:
 243:.\Generated_Source\PSoC5/cyfitter_cfg.c **** *  Sets up the analog portions of the chip to default values based on chip
 244:.\Generated_Source\PSoC5/cyfitter_cfg.c **** *  configuration options from the project.
 245:.\Generated_Source\PSoC5/cyfitter_cfg.c **** *
 246:.\Generated_Source\PSoC5/cyfitter_cfg.c **** * Parameters:
 247:.\Generated_Source\PSoC5/cyfitter_cfg.c **** *  void
 248:.\Generated_Source\PSoC5/cyfitter_cfg.c **** *
 249:.\Generated_Source\PSoC5/cyfitter_cfg.c **** * Return:
 250:.\Generated_Source\PSoC5/cyfitter_cfg.c **** *  void
 251:.\Generated_Source\PSoC5/cyfitter_cfg.c **** *
 252:.\Generated_Source\PSoC5/cyfitter_cfg.c **** *******************************************************************************/
 253:.\Generated_Source\PSoC5/cyfitter_cfg.c **** void AnalogSetDefault(void)
 254:.\Generated_Source\PSoC5/cyfitter_cfg.c **** {
 338              		.loc 1 254 0
 339              		.cfi_startproc
 340              		@ args = 0, pretend = 0, frame = 8
 341              		@ frame_needed = 1, uses_anonymous_args = 0
 342              		@ link register save eliminated.
 343 0000 80B4     		push	{r7}
 344              	.LCFI9:
 345              		.cfi_def_cfa_offset 4
 346 0002 83B0     		sub	sp, sp, #12
 347              	.LCFI10:
 348              		.cfi_def_cfa_offset 16
 349 0004 00AF     		add	r7, sp, #0
 350              		.cfi_offset 7, -4
 351              	.LCFI11:
 352              		.cfi_def_cfa_register 7
 255:.\Generated_Source\PSoC5/cyfitter_cfg.c **** 	uint8 bg_xover_inl_trim = CY_GET_XTND_REG8(CYREG_FLSHID_MFG_CFG_BG_XOVER_INL_TRIM + 1u);
 353              		.loc 1 255 0
 354 0006 40F2CF13 		movw	r3, #:lower16:1224737231
 355 000a C4F60013 		movt	r3, #:upper16:1224737231
 356 000e 1B78     		ldrb	r3, [r3, #0]
 357 0010 FB71     		strb	r3, [r7, #7]
 256:.\Generated_Source\PSoC5/cyfitter_cfg.c **** 	CY_SET_XTND_REG8(CYREG_BG_DFT0, bg_xover_inl_trim & 0x07u);
 358              		.loc 1 256 0
 359 0012 45F66E03 		movw	r3, #:lower16:1073764462
 360 0016 C4F20003 		movt	r3, #:upper16:1073764462
 361 001a FA79     		ldrb	r2, [r7, #7]	@ zero_extendqisi2
 362 001c 02F00702 		and	r2, r2, #7
 363 0020 1A70     		strb	r2, [r3, #0]
 257:.\Generated_Source\PSoC5/cyfitter_cfg.c **** 	CY_SET_XTND_REG8(CYREG_BG_DFT1, (bg_xover_inl_trim >> 4) & 0x0Fu);
 364              		.loc 1 257 0
 365 0022 45F66F03 		movw	r3, #:lower16:1073764463
 366 0026 C4F20003 		movt	r3, #:upper16:1073764463
ARM GAS  C:\Users\tjs8\AppData\Local\Temp\ccMGVyAC.s 			page 12


 367 002a FA79     		ldrb	r2, [r7, #7]	@ zero_extendqisi2
 368 002c 4FEA1212 		lsr	r2, r2, #4
 369 0030 D2B2     		uxtb	r2, r2
 370 0032 1A70     		strb	r2, [r3, #0]
 258:.\Generated_Source\PSoC5/cyfitter_cfg.c **** 	CY_SET_XTND_REG8(CYREG_PUMP_CR0, 0x44);
 371              		.loc 1 258 0
 372 0034 45F67603 		movw	r3, #:lower16:1073764470
 373 0038 C4F20003 		movt	r3, #:upper16:1073764470
 374 003c 4FF04402 		mov	r2, #68
 375 0040 1A70     		strb	r2, [r3, #0]
 259:.\Generated_Source\PSoC5/cyfitter_cfg.c **** }
 376              		.loc 1 259 0
 377 0042 07F10C07 		add	r7, r7, #12
 378 0046 BD46     		mov	sp, r7
 379 0048 80BC     		pop	{r7}
 380 004a 7047     		bx	lr
 381              		.cfi_endproc
 382              	.LFE3:
 383              		.size	AnalogSetDefault, .-AnalogSetDefault
 384              		.section	.text.SetAnalogRoutingPumps,"ax",%progbits
 385              		.align	2
 386              		.global	SetAnalogRoutingPumps
 387              		.thumb
 388              		.thumb_func
 389              		.type	SetAnalogRoutingPumps, %function
 390              	SetAnalogRoutingPumps:
 391              	.LFB4:
 260:.\Generated_Source\PSoC5/cyfitter_cfg.c **** 
 261:.\Generated_Source\PSoC5/cyfitter_cfg.c **** 
 262:.\Generated_Source\PSoC5/cyfitter_cfg.c **** /*******************************************************************************
 263:.\Generated_Source\PSoC5/cyfitter_cfg.c **** * Function Name: SetAnalogRoutingPumps
 264:.\Generated_Source\PSoC5/cyfitter_cfg.c **** ********************************************************************************
 265:.\Generated_Source\PSoC5/cyfitter_cfg.c **** *
 266:.\Generated_Source\PSoC5/cyfitter_cfg.c **** * Summary:
 267:.\Generated_Source\PSoC5/cyfitter_cfg.c **** * Enables or disables the analog pumps feeding analog routing switches.
 268:.\Generated_Source\PSoC5/cyfitter_cfg.c **** * Intended to be called at startup, based on the Vdda system configuration;
 269:.\Generated_Source\PSoC5/cyfitter_cfg.c **** * may be called during operation when the user informs us that the Vdda voltage crossed the pump th
 270:.\Generated_Source\PSoC5/cyfitter_cfg.c **** *
 271:.\Generated_Source\PSoC5/cyfitter_cfg.c **** * Parameters:
 272:.\Generated_Source\PSoC5/cyfitter_cfg.c **** *  enabled - 1 to enable the pumps, 0 to disable the pumps
 273:.\Generated_Source\PSoC5/cyfitter_cfg.c **** *
 274:.\Generated_Source\PSoC5/cyfitter_cfg.c **** * Return:
 275:.\Generated_Source\PSoC5/cyfitter_cfg.c **** *  void
 276:.\Generated_Source\PSoC5/cyfitter_cfg.c **** *
 277:.\Generated_Source\PSoC5/cyfitter_cfg.c **** *******************************************************************************/
 278:.\Generated_Source\PSoC5/cyfitter_cfg.c **** void SetAnalogRoutingPumps(uint8 enabled)
 279:.\Generated_Source\PSoC5/cyfitter_cfg.c **** {
 392              		.loc 1 279 0
 393              		.cfi_startproc
 394              		@ args = 0, pretend = 0, frame = 16
 395              		@ frame_needed = 1, uses_anonymous_args = 0
 396              		@ link register save eliminated.
 397 0000 80B4     		push	{r7}
 398              	.LCFI12:
 399              		.cfi_def_cfa_offset 4
 400 0002 85B0     		sub	sp, sp, #20
 401              	.LCFI13:
ARM GAS  C:\Users\tjs8\AppData\Local\Temp\ccMGVyAC.s 			page 13


 402              		.cfi_def_cfa_offset 24
 403 0004 00AF     		add	r7, sp, #0
 404              		.cfi_offset 7, -4
 405              	.LCFI14:
 406              		.cfi_def_cfa_register 7
 407 0006 0346     		mov	r3, r0
 408 0008 FB71     		strb	r3, [r7, #7]
 280:.\Generated_Source\PSoC5/cyfitter_cfg.c **** 	uint8 regValue = CY_GET_XTND_REG8(CYREG_PUMP_CR0);
 409              		.loc 1 280 0
 410 000a 45F67603 		movw	r3, #:lower16:1073764470
 411 000e C4F20003 		movt	r3, #:upper16:1073764470
 412 0012 1B78     		ldrb	r3, [r3, #0]
 413 0014 FB73     		strb	r3, [r7, #15]
 281:.\Generated_Source\PSoC5/cyfitter_cfg.c **** 	if (enabled)
 414              		.loc 1 281 0
 415 0016 FB79     		ldrb	r3, [r7, #7]	@ zero_extendqisi2
 416 0018 002B     		cmp	r3, #0
 282:.\Generated_Source\PSoC5/cyfitter_cfg.c **** 		regValue |= 0x00;
 283:.\Generated_Source\PSoC5/cyfitter_cfg.c **** 	else
 284:.\Generated_Source\PSoC5/cyfitter_cfg.c **** 		regValue &= ~0x00;
 285:.\Generated_Source\PSoC5/cyfitter_cfg.c **** 	CY_SET_XTND_REG8(CYREG_PUMP_CR0, regValue);
 417              		.loc 1 285 0
 418 001a 45F67603 		movw	r3, #:lower16:1073764470
 419 001e C4F20003 		movt	r3, #:upper16:1073764470
 420 0022 FA7B     		ldrb	r2, [r7, #15]
 421 0024 1A70     		strb	r2, [r3, #0]
 286:.\Generated_Source\PSoC5/cyfitter_cfg.c **** }
 422              		.loc 1 286 0
 423 0026 07F11407 		add	r7, r7, #20
 424 002a BD46     		mov	sp, r7
 425 002c 80BC     		pop	{r7}
 426 002e 7047     		bx	lr
 427              		.cfi_endproc
 428              	.LFE4:
 429              		.size	SetAnalogRoutingPumps, .-SetAnalogRoutingPumps
 430              		.section	.text.cyfitter_cfg,"ax",%progbits
 431              		.align	2
 432              		.global	cyfitter_cfg
 433              		.thumb
 434              		.thumb_func
 435              		.type	cyfitter_cfg, %function
 436              	cyfitter_cfg:
 437              	.LFB5:
 287:.\Generated_Source\PSoC5/cyfitter_cfg.c **** 
 288:.\Generated_Source\PSoC5/cyfitter_cfg.c **** #define CY_AMUX_UNUSED CYREG_BOOST_SR
 289:.\Generated_Source\PSoC5/cyfitter_cfg.c **** 
 290:.\Generated_Source\PSoC5/cyfitter_cfg.c **** 
 291:.\Generated_Source\PSoC5/cyfitter_cfg.c **** /*******************************************************************************
 292:.\Generated_Source\PSoC5/cyfitter_cfg.c **** * Function Name: cyfitter_cfg
 293:.\Generated_Source\PSoC5/cyfitter_cfg.c **** ********************************************************************************
 294:.\Generated_Source\PSoC5/cyfitter_cfg.c **** * Summary:
 295:.\Generated_Source\PSoC5/cyfitter_cfg.c **** *  This function is called by the start-up code for the selected device. It
 296:.\Generated_Source\PSoC5/cyfitter_cfg.c **** *  performs all of the necessary device configuration based on the design
 297:.\Generated_Source\PSoC5/cyfitter_cfg.c **** *  settings.  This includes settings from the Design Wide Resources (DWR) such
 298:.\Generated_Source\PSoC5/cyfitter_cfg.c **** *  as Clocks and Pins as well as any component configuration that is necessary.
 299:.\Generated_Source\PSoC5/cyfitter_cfg.c **** *
 300:.\Generated_Source\PSoC5/cyfitter_cfg.c **** * Parameters:  
ARM GAS  C:\Users\tjs8\AppData\Local\Temp\ccMGVyAC.s 			page 14


 301:.\Generated_Source\PSoC5/cyfitter_cfg.c **** *   void
 302:.\Generated_Source\PSoC5/cyfitter_cfg.c **** *
 303:.\Generated_Source\PSoC5/cyfitter_cfg.c **** * Return:
 304:.\Generated_Source\PSoC5/cyfitter_cfg.c **** *   void
 305:.\Generated_Source\PSoC5/cyfitter_cfg.c **** *
 306:.\Generated_Source\PSoC5/cyfitter_cfg.c **** *******************************************************************************/
 307:.\Generated_Source\PSoC5/cyfitter_cfg.c **** void cyfitter_cfg(void)
 308:.\Generated_Source\PSoC5/cyfitter_cfg.c **** {
 438              		.loc 1 308 0
 439              		.cfi_startproc
 440              		@ args = 0, pretend = 0, frame = 8
 441              		@ frame_needed = 1, uses_anonymous_args = 0
 442 0000 80B5     		push	{r7, lr}
 443              	.LCFI15:
 444              		.cfi_def_cfa_offset 8
 445 0002 82B0     		sub	sp, sp, #8
 446              	.LCFI16:
 447              		.cfi_def_cfa_offset 16
 448 0004 00AF     		add	r7, sp, #0
 449              		.cfi_offset 14, -4
 450              		.cfi_offset 7, -8
 451              	.LCFI17:
 452              		.cfi_def_cfa_register 7
 309:.\Generated_Source\PSoC5/cyfitter_cfg.c **** #ifdef CYGlobalIntDisable
 310:.\Generated_Source\PSoC5/cyfitter_cfg.c **** 	/* Disable interrupts by default. Let user enable if/when they want. */
 311:.\Generated_Source\PSoC5/cyfitter_cfg.c **** 	CYGlobalIntDisable;
 453              		.loc 1 311 0
 454              	@ 311 ".\Generated_Source\PSoC5\cyfitter_cfg.c" 1
 455 0006 72B6     		CPSID   i
 456              	@ 0 "" 2
 312:.\Generated_Source\PSoC5/cyfitter_cfg.c **** #endif
 313:.\Generated_Source\PSoC5/cyfitter_cfg.c **** 
 314:.\Generated_Source\PSoC5/cyfitter_cfg.c **** 	/* Enable/Disable Debug functionality based on settings from System DWR */
 315:.\Generated_Source\PSoC5/cyfitter_cfg.c **** 	CY_SET_XTND_REG8(CYREG_MLOGIC_DEBUG, (CY_GET_XTND_REG8(CYREG_MLOGIC_DEBUG) | 0x04));
 457              		.loc 1 315 0
 458              		.thumb
 459 0008 44F2E863 		movw	r3, #:lower16:1073759976
 460 000c C4F20003 		movt	r3, #:upper16:1073759976
 461 0010 44F2E862 		movw	r2, #:lower16:1073759976
 462 0014 C4F20002 		movt	r2, #:upper16:1073759976
 463 0018 1278     		ldrb	r2, [r2, #0]
 464 001a D2B2     		uxtb	r2, r2
 465 001c 42F00402 		orr	r2, r2, #4
 466 0020 D2B2     		uxtb	r2, r2
 467 0022 1A70     		strb	r2, [r3, #0]
 468              	.LBB3:
 316:.\Generated_Source\PSoC5/cyfitter_cfg.c **** 
 317:.\Generated_Source\PSoC5/cyfitter_cfg.c **** 	{
 318:.\Generated_Source\PSoC5/cyfitter_cfg.c **** 		uint8 CYDATA i;
 319:.\Generated_Source\PSoC5/cyfitter_cfg.c **** 
 320:.\Generated_Source\PSoC5/cyfitter_cfg.c **** 		/* Zero out critical memory blocks before beginning configuration */
 321:.\Generated_Source\PSoC5/cyfitter_cfg.c **** 		for (i = 0; i < CFG_MEMSET_COUNT; i++)
 469              		.loc 1 321 0
 470 0024 4FF00003 		mov	r3, #0
 471 0028 FB70     		strb	r3, [r7, #3]
 472 002a 31E0     		b	.L22
 473              	.L23:
ARM GAS  C:\Users\tjs8\AppData\Local\Temp\ccMGVyAC.s 			page 15


 474              	.LBB4:
 322:.\Generated_Source\PSoC5/cyfitter_cfg.c **** 		{
 323:.\Generated_Source\PSoC5/cyfitter_cfg.c **** 			const cfg_memset_t CYCODE * CYDATA ms = &cfg_memset_list[i];
 475              		.loc 1 323 0
 476 002c FA78     		ldrb	r2, [r7, #3]	@ zero_extendqisi2
 477 002e 1346     		mov	r3, r2
 478 0030 4FEA4303 		lsl	r3, r3, #1
 479 0034 1344     		add	r3, r3, r2
 480 0036 4FEA4303 		lsl	r3, r3, #1
 481 003a 1A46     		mov	r2, r3
 482 003c 40F20003 		movw	r3, #:lower16:cfg_memset_list
 483 0040 C0F20003 		movt	r3, #:upper16:cfg_memset_list
 484 0044 1344     		add	r3, r2, r3
 485 0046 7B60     		str	r3, [r7, #4]
 324:.\Generated_Source\PSoC5/cyfitter_cfg.c **** 			CYMEMZERO(ms->address, ms->size);
 486              		.loc 1 324 0
 487 0048 7B68     		ldr	r3, [r7, #4]
 488 004a 1A78     		ldrb	r2, [r3, #0]	@ zero_extendqisi2
 489 004c 5978     		ldrb	r1, [r3, #1]	@ zero_extendqisi2
 490 004e 4FEA0121 		lsl	r1, r1, #8
 491 0052 41EA0202 		orr	r2, r1, r2
 492 0056 9978     		ldrb	r1, [r3, #2]	@ zero_extendqisi2
 493 0058 4FEA0141 		lsl	r1, r1, #16
 494 005c 41EA0202 		orr	r2, r1, r2
 495 0060 DB78     		ldrb	r3, [r3, #3]	@ zero_extendqisi2
 496 0062 4FEA0363 		lsl	r3, r3, #24
 497 0066 43EA0203 		orr	r3, r3, r2
 498 006a 1A46     		mov	r2, r3
 499 006c 7B68     		ldr	r3, [r7, #4]
 500 006e 1979     		ldrb	r1, [r3, #4]	@ zero_extendqisi2
 501 0070 5B79     		ldrb	r3, [r3, #5]	@ zero_extendqisi2
 502 0072 4FEA0323 		lsl	r3, r3, #8
 503 0076 43EA0103 		orr	r3, r3, r1
 504 007a 9BB2     		uxth	r3, r3
 505 007c 1046     		mov	r0, r2
 506 007e 4FF00001 		mov	r1, #0
 507 0082 1A46     		mov	r2, r3
 508 0084 FFF7FEFF 		bl	memset
 509              	.LBE4:
 510              		.loc 1 321 0
 511 0088 FB78     		ldrb	r3, [r7, #3]
 512 008a 03F10103 		add	r3, r3, #1
 513 008e FB70     		strb	r3, [r7, #3]
 514              	.L22:
 515 0090 FB78     		ldrb	r3, [r7, #3]	@ zero_extendqisi2
 516 0092 082B     		cmp	r3, #8
 517 0094 CAD9     		bls	.L23
 325:.\Generated_Source\PSoC5/cyfitter_cfg.c **** 		}
 326:.\Generated_Source\PSoC5/cyfitter_cfg.c **** 
 327:.\Generated_Source\PSoC5/cyfitter_cfg.c **** 		cfg_write_bytes32();
 518              		.loc 1 327 0
 519 0096 FFF7FEFF 		bl	cfg_write_bytes32
 328:.\Generated_Source\PSoC5/cyfitter_cfg.c **** 
 329:.\Generated_Source\PSoC5/cyfitter_cfg.c **** 		/* Enable digital routing */
 330:.\Generated_Source\PSoC5/cyfitter_cfg.c **** 		CY_SET_XTND_REG8(CYREG_BCTL0_BANK_CTL, CY_GET_XTND_REG8(CYREG_BCTL0_BANK_CTL) | 0x02u);
 520              		.loc 1 330 0
 521 009a 45F20303 		movw	r3, #:lower16:1073827843
ARM GAS  C:\Users\tjs8\AppData\Local\Temp\ccMGVyAC.s 			page 16


 522 009e C4F20103 		movt	r3, #:upper16:1073827843
 523 00a2 45F20302 		movw	r2, #:lower16:1073827843
 524 00a6 C4F20102 		movt	r2, #:upper16:1073827843
 525 00aa 1278     		ldrb	r2, [r2, #0]
 526 00ac D2B2     		uxtb	r2, r2
 527 00ae 42F00202 		orr	r2, r2, #2
 528 00b2 D2B2     		uxtb	r2, r2
 529 00b4 1A70     		strb	r2, [r3, #0]
 331:.\Generated_Source\PSoC5/cyfitter_cfg.c **** 		CY_SET_XTND_REG8(CYREG_BCTL1_BANK_CTL, CY_GET_XTND_REG8(CYREG_BCTL1_BANK_CTL) | 0x02u);
 530              		.loc 1 331 0
 531 00b6 45F21303 		movw	r3, #:lower16:1073827859
 532 00ba C4F20103 		movt	r3, #:upper16:1073827859
 533 00be 45F21302 		movw	r2, #:lower16:1073827859
 534 00c2 C4F20102 		movt	r2, #:upper16:1073827859
 535 00c6 1278     		ldrb	r2, [r2, #0]
 536 00c8 D2B2     		uxtb	r2, r2
 537 00ca 42F00202 		orr	r2, r2, #2
 538 00ce D2B2     		uxtb	r2, r2
 539 00d0 1A70     		strb	r2, [r3, #0]
 332:.\Generated_Source\PSoC5/cyfitter_cfg.c **** 
 333:.\Generated_Source\PSoC5/cyfitter_cfg.c **** 		/* Enable UDB array */
 334:.\Generated_Source\PSoC5/cyfitter_cfg.c **** 		CY_SET_XTND_REG8(CYREG_PM_ACT_CFG0, CY_GET_XTND_REG8(CYREG_PM_ACT_CFG0) | 0x40u);
 540              		.loc 1 334 0
 541 00d2 44F2A033 		movw	r3, #:lower16:1073759136
 542 00d6 C4F20003 		movt	r3, #:upper16:1073759136
 543 00da 44F2A032 		movw	r2, #:lower16:1073759136
 544 00de C4F20002 		movt	r2, #:upper16:1073759136
 545 00e2 1278     		ldrb	r2, [r2, #0]
 546 00e4 D2B2     		uxtb	r2, r2
 547 00e6 42F04002 		orr	r2, r2, #64
 548 00ea D2B2     		uxtb	r2, r2
 549 00ec 1A70     		strb	r2, [r3, #0]
 335:.\Generated_Source\PSoC5/cyfitter_cfg.c **** 		CY_SET_XTND_REG8(CYREG_PM_AVAIL_CR2, CY_GET_XTND_REG8(CYREG_PM_AVAIL_CR2) | 0x10u);
 550              		.loc 1 335 0
 551 00ee 44F2C233 		movw	r3, #:lower16:1073759170
 552 00f2 C4F20003 		movt	r3, #:upper16:1073759170
 553 00f6 44F2C232 		movw	r2, #:lower16:1073759170
 554 00fa C4F20002 		movt	r2, #:upper16:1073759170
 555 00fe 1278     		ldrb	r2, [r2, #0]
 556 0100 D2B2     		uxtb	r2, r2
 557 0102 42F01002 		orr	r2, r2, #16
 558 0106 D2B2     		uxtb	r2, r2
 559 0108 1A70     		strb	r2, [r3, #0]
 560              	.LBE3:
 336:.\Generated_Source\PSoC5/cyfitter_cfg.c **** 	}
 337:.\Generated_Source\PSoC5/cyfitter_cfg.c **** 
 338:.\Generated_Source\PSoC5/cyfitter_cfg.c **** 	/* Perform second pass device configuration. These items must be configured in specific order afte
 339:.\Generated_Source\PSoC5/cyfitter_cfg.c **** 	CYCONFIGCPY((void CYFAR *)(CYREG_PRT2_DM0), (void CYFAR *)(BS_IOPINS0_2_VAL), 8);
 561              		.loc 1 339 0
 562 010a 45F22210 		movw	r0, #:lower16:1073762594
 563 010e C4F20000 		movt	r0, #:upper16:1073762594
 564 0112 40F28451 		movw	r1, #:lower16:1207960964
 565 0116 C4F60001 		movt	r1, #:upper16:1207960964
 566 011a 4FF00802 		mov	r2, #8
 567 011e FFF7FEFF 		bl	memcpy
 340:.\Generated_Source\PSoC5/cyfitter_cfg.c **** 	CYCONFIGCPY((void CYFAR *)(CYREG_PRT3_DR), (void CYFAR *)(BS_IOPINS0_3_VAL), 10);
 568              		.loc 1 340 0
ARM GAS  C:\Users\tjs8\AppData\Local\Temp\ccMGVyAC.s 			page 17


 569 0122 45F23010 		movw	r0, #:lower16:1073762608
 570 0126 C4F20000 		movt	r0, #:upper16:1073762608
 571 012a 40F28C51 		movw	r1, #:lower16:1207960972
 572 012e C4F60001 		movt	r1, #:upper16:1207960972
 573 0132 4FF00A02 		mov	r2, #10
 574 0136 FFF7FEFF 		bl	memcpy
 341:.\Generated_Source\PSoC5/cyfitter_cfg.c **** 	CYCONFIGCPY((void CYFAR *)(CYREG_PRT4_DM0), (void CYFAR *)(BS_IOPINS0_4_VAL), 8);
 575              		.loc 1 341 0
 576 013a 45F24210 		movw	r0, #:lower16:1073762626
 577 013e C4F20000 		movt	r0, #:upper16:1073762626
 578 0142 40F29851 		movw	r1, #:lower16:1207960984
 579 0146 C4F60001 		movt	r1, #:upper16:1207960984
 580 014a 4FF00802 		mov	r2, #8
 581 014e FFF7FEFF 		bl	memcpy
 342:.\Generated_Source\PSoC5/cyfitter_cfg.c **** 	CYCONFIGCPY((void CYFAR *)(CYREG_PRT5_DM0), (void CYFAR *)(BS_IOPINS0_5_VAL), 8);
 582              		.loc 1 342 0
 583 0152 45F25210 		movw	r0, #:lower16:1073762642
 584 0156 C4F20000 		movt	r0, #:upper16:1073762642
 585 015a 40F2A051 		movw	r1, #:lower16:1207960992
 586 015e C4F60001 		movt	r1, #:upper16:1207960992
 587 0162 4FF00802 		mov	r2, #8
 588 0166 FFF7FEFF 		bl	memcpy
 343:.\Generated_Source\PSoC5/cyfitter_cfg.c **** 	CYCONFIGCPY((void CYFAR *)(CYREG_PRT6_DR), (void CYFAR *)(BS_IOPINS0_6_VAL), 10);
 589              		.loc 1 343 0
 590 016a 45F26010 		movw	r0, #:lower16:1073762656
 591 016e C4F20000 		movt	r0, #:upper16:1073762656
 592 0172 40F2A851 		movw	r1, #:lower16:1207961000
 593 0176 C4F60001 		movt	r1, #:upper16:1207961000
 594 017a 4FF00A02 		mov	r2, #10
 595 017e FFF7FEFF 		bl	memcpy
 344:.\Generated_Source\PSoC5/cyfitter_cfg.c **** 
 345:.\Generated_Source\PSoC5/cyfitter_cfg.c **** 	/* Switch Boost to the precision bandgap reference from its internal reference */
 346:.\Generated_Source\PSoC5/cyfitter_cfg.c **** 	CY_SET_REG8(CYDEV_BOOST_CR2, (CY_GET_REG8(CYDEV_BOOST_CR2) | 0x08));
 596              		.loc 1 346 0
 597 0182 44F22233 		movw	r3, #:lower16:1073759010
 598 0186 C4F20003 		movt	r3, #:upper16:1073759010
 599 018a 44F22232 		movw	r2, #:lower16:1073759010
 600 018e C4F20002 		movt	r2, #:upper16:1073759010
 601 0192 1278     		ldrb	r2, [r2, #0]
 602 0194 D2B2     		uxtb	r2, r2
 603 0196 42F00802 		orr	r2, r2, #8
 604 019a D2B2     		uxtb	r2, r2
 605 019c 1A70     		strb	r2, [r3, #0]
 347:.\Generated_Source\PSoC5/cyfitter_cfg.c **** 
 348:.\Generated_Source\PSoC5/cyfitter_cfg.c **** 	/* Set Flash Cycles based on max possible frequency in case a glitch occurs during ClockSetup(). *
 349:.\Generated_Source\PSoC5/cyfitter_cfg.c **** 	CY_SET_XTND_REG8((void CYFAR *)(CYREG_CACHE_CC_CTL), ((CYDEV_INSTRUCT_CACHE_ENABLED) ? 0x01 : 0x00
 606              		.loc 1 349 0
 607 019e 44F60003 		movw	r3, #:lower16:1073760256
 608 01a2 C4F20003 		movt	r3, #:upper16:1073760256
 609 01a6 4FF00102 		mov	r2, #1
 610 01aa 1A70     		strb	r2, [r3, #0]
 350:.\Generated_Source\PSoC5/cyfitter_cfg.c **** 	/* Setup clocks based on selections from Clock DWR */
 351:.\Generated_Source\PSoC5/cyfitter_cfg.c **** 	ClockSetup();
 611              		.loc 1 351 0
 612 01ac FFF7FEFF 		bl	ClockSetup
 352:.\Generated_Source\PSoC5/cyfitter_cfg.c **** 	/* Set Flash Cycles based on newly configured 24.00MHz Bus Clock. */
 353:.\Generated_Source\PSoC5/cyfitter_cfg.c **** 	CY_SET_XTND_REG8((void CYFAR *)(CYREG_CACHE_CC_CTL), ((CYDEV_INSTRUCT_CACHE_ENABLED) ? 0x81 : 0x80
ARM GAS  C:\Users\tjs8\AppData\Local\Temp\ccMGVyAC.s 			page 18


 613              		.loc 1 353 0
 614 01b0 44F60003 		movw	r3, #:lower16:1073760256
 615 01b4 C4F20003 		movt	r3, #:upper16:1073760256
 616 01b8 6FF07E02 		mvn	r2, #126
 617 01bc 1A70     		strb	r2, [r3, #0]
 354:.\Generated_Source\PSoC5/cyfitter_cfg.c **** 	CY_SET_XTND_REG8((void CYFAR *)(CYREG_PANTHER_WAITPIPE), 0x01);
 618              		.loc 1 354 0
 619 01be 40F20403 		movw	r3, #:lower16:1074266116
 620 01c2 C4F20803 		movt	r3, #:upper16:1074266116
 621 01c6 4FF00102 		mov	r2, #1
 622 01ca 1A70     		strb	r2, [r3, #0]
 355:.\Generated_Source\PSoC5/cyfitter_cfg.c **** 
 356:.\Generated_Source\PSoC5/cyfitter_cfg.c **** 	/* Perform basic analog initialization to defaults */
 357:.\Generated_Source\PSoC5/cyfitter_cfg.c **** 	AnalogSetDefault();
 623              		.loc 1 357 0
 624 01cc FFF7FEFF 		bl	AnalogSetDefault
 358:.\Generated_Source\PSoC5/cyfitter_cfg.c **** 
 359:.\Generated_Source\PSoC5/cyfitter_cfg.c **** 	/* Configure alternate active mode */
 360:.\Generated_Source\PSoC5/cyfitter_cfg.c **** 	CYCONFIGCPY((void CYFAR *)CYDEV_PM_STBY_BASE, (void CYFAR *)CYDEV_PM_ACT_BASE, 14);
 625              		.loc 1 360 0
 626 01d0 44F2B030 		movw	r0, #:lower16:1073759152
 627 01d4 C4F20000 		movt	r0, #:upper16:1073759152
 628 01d8 44F2A031 		movw	r1, #:lower16:1073759136
 629 01dc C4F20001 		movt	r1, #:upper16:1073759136
 630 01e0 4FF00E02 		mov	r2, #14
 631 01e4 FFF7FEFF 		bl	memcpy
 361:.\Generated_Source\PSoC5/cyfitter_cfg.c **** }
 632              		.loc 1 361 0
 633 01e8 07F10807 		add	r7, r7, #8
 634 01ec BD46     		mov	sp, r7
 635 01ee 80BD     		pop	{r7, pc}
 636              		.cfi_endproc
 637              	.LFE5:
 638              		.size	cyfitter_cfg, .-cyfitter_cfg
 639              		.text
 640              	.Letext0:
 641              		.section	.debug_loc,"",%progbits
 642              	.Ldebug_loc0:
 643              	.LLST0:
 644 0000 00000000 		.4byte	.LFB0
 645 0004 02000000 		.4byte	.LCFI0
 646 0008 0100     		.2byte	0x1
 647 000a 5D       		.byte	0x5d
 648 000b 02000000 		.4byte	.LCFI0
 649 000f 04000000 		.4byte	.LCFI1
 650 0013 0200     		.2byte	0x2
 651 0015 7D       		.byte	0x7d
 652 0016 04       		.sleb128 4
 653 0017 04000000 		.4byte	.LCFI1
 654 001b 06000000 		.4byte	.LCFI2
 655 001f 0200     		.2byte	0x2
 656 0021 7D       		.byte	0x7d
 657 0022 10       		.sleb128 16
 658 0023 06000000 		.4byte	.LCFI2
 659 0027 0C000000 		.4byte	.LFE0
 660 002b 0200     		.2byte	0x2
 661 002d 77       		.byte	0x77
ARM GAS  C:\Users\tjs8\AppData\Local\Temp\ccMGVyAC.s 			page 19


 662 002e 10       		.sleb128 16
 663 002f 00000000 		.4byte	0x0
 664 0033 00000000 		.4byte	0x0
 665              	.LLST1:
 666 0037 00000000 		.4byte	.LFB1
 667 003b 02000000 		.4byte	.LCFI3
 668 003f 0100     		.2byte	0x1
 669 0041 5D       		.byte	0x5d
 670 0042 02000000 		.4byte	.LCFI3
 671 0046 04000000 		.4byte	.LCFI4
 672 004a 0200     		.2byte	0x2
 673 004c 7D       		.byte	0x7d
 674 004d 04       		.sleb128 4
 675 004e 04000000 		.4byte	.LCFI4
 676 0052 06000000 		.4byte	.LCFI5
 677 0056 0200     		.2byte	0x2
 678 0058 7D       		.byte	0x7d
 679 0059 18       		.sleb128 24
 680 005a 06000000 		.4byte	.LCFI5
 681 005e 92000000 		.4byte	.LFE1
 682 0062 0200     		.2byte	0x2
 683 0064 77       		.byte	0x77
 684 0065 18       		.sleb128 24
 685 0066 00000000 		.4byte	0x0
 686 006a 00000000 		.4byte	0x0
 687              	.LLST2:
 688 006e 00000000 		.4byte	.LFB2
 689 0072 02000000 		.4byte	.LCFI6
 690 0076 0100     		.2byte	0x1
 691 0078 5D       		.byte	0x5d
 692 0079 02000000 		.4byte	.LCFI6
 693 007d 04000000 		.4byte	.LCFI7
 694 0081 0200     		.2byte	0x2
 695 0083 7D       		.byte	0x7d
 696 0084 08       		.sleb128 8
 697 0085 04000000 		.4byte	.LCFI7
 698 0089 06000000 		.4byte	.LCFI8
 699 008d 0200     		.2byte	0x2
 700 008f 7D       		.byte	0x7d
 701 0090 18       		.sleb128 24
 702 0091 06000000 		.4byte	.LCFI8
 703 0095 5C010000 		.4byte	.LFE2
 704 0099 0200     		.2byte	0x2
 705 009b 77       		.byte	0x77
 706 009c 18       		.sleb128 24
 707 009d 00000000 		.4byte	0x0
 708 00a1 00000000 		.4byte	0x0
 709              	.LLST3:
 710 00a5 00000000 		.4byte	.LFB3
 711 00a9 02000000 		.4byte	.LCFI9
 712 00ad 0100     		.2byte	0x1
 713 00af 5D       		.byte	0x5d
 714 00b0 02000000 		.4byte	.LCFI9
 715 00b4 04000000 		.4byte	.LCFI10
 716 00b8 0200     		.2byte	0x2
 717 00ba 7D       		.byte	0x7d
 718 00bb 04       		.sleb128 4
ARM GAS  C:\Users\tjs8\AppData\Local\Temp\ccMGVyAC.s 			page 20


 719 00bc 04000000 		.4byte	.LCFI10
 720 00c0 06000000 		.4byte	.LCFI11
 721 00c4 0200     		.2byte	0x2
 722 00c6 7D       		.byte	0x7d
 723 00c7 10       		.sleb128 16
 724 00c8 06000000 		.4byte	.LCFI11
 725 00cc 4C000000 		.4byte	.LFE3
 726 00d0 0200     		.2byte	0x2
 727 00d2 77       		.byte	0x77
 728 00d3 10       		.sleb128 16
 729 00d4 00000000 		.4byte	0x0
 730 00d8 00000000 		.4byte	0x0
 731              	.LLST4:
 732 00dc 00000000 		.4byte	.LFB4
 733 00e0 02000000 		.4byte	.LCFI12
 734 00e4 0100     		.2byte	0x1
 735 00e6 5D       		.byte	0x5d
 736 00e7 02000000 		.4byte	.LCFI12
 737 00eb 04000000 		.4byte	.LCFI13
 738 00ef 0200     		.2byte	0x2
 739 00f1 7D       		.byte	0x7d
 740 00f2 04       		.sleb128 4
 741 00f3 04000000 		.4byte	.LCFI13
 742 00f7 06000000 		.4byte	.LCFI14
 743 00fb 0200     		.2byte	0x2
 744 00fd 7D       		.byte	0x7d
 745 00fe 18       		.sleb128 24
 746 00ff 06000000 		.4byte	.LCFI14
 747 0103 30000000 		.4byte	.LFE4
 748 0107 0200     		.2byte	0x2
 749 0109 77       		.byte	0x77
 750 010a 18       		.sleb128 24
 751 010b 00000000 		.4byte	0x0
 752 010f 00000000 		.4byte	0x0
 753              	.LLST5:
 754 0113 00000000 		.4byte	.LFB5
 755 0117 02000000 		.4byte	.LCFI15
 756 011b 0100     		.2byte	0x1
 757 011d 5D       		.byte	0x5d
 758 011e 02000000 		.4byte	.LCFI15
 759 0122 04000000 		.4byte	.LCFI16
 760 0126 0200     		.2byte	0x2
 761 0128 7D       		.byte	0x7d
 762 0129 08       		.sleb128 8
 763 012a 04000000 		.4byte	.LCFI16
 764 012e 06000000 		.4byte	.LCFI17
 765 0132 0200     		.2byte	0x2
 766 0134 7D       		.byte	0x7d
 767 0135 10       		.sleb128 16
 768 0136 06000000 		.4byte	.LCFI17
 769 013a F0010000 		.4byte	.LFE5
 770 013e 0200     		.2byte	0x2
 771 0140 77       		.byte	0x77
 772 0141 10       		.sleb128 16
 773 0142 00000000 		.4byte	0x0
 774 0146 00000000 		.4byte	0x0
 775              		.file 2 "./Generated_Source/PSoC5/cytypes.h"
ARM GAS  C:\Users\tjs8\AppData\Local\Temp\ccMGVyAC.s 			page 21


 776              		.section	.debug_info
 777 0000 9B020000 		.4byte	0x29b
 778 0004 0200     		.2byte	0x2
 779 0006 00000000 		.4byte	.Ldebug_abbrev0
 780 000a 04       		.byte	0x4
 781 000b 01       		.uleb128 0x1
 782 000c 92010000 		.4byte	.LASF34
 783 0010 01       		.byte	0x1
 784 0011 BF010000 		.4byte	.LASF35
 785 0015 65000000 		.4byte	.LASF36
 786 0019 00000000 		.4byte	0x0
 787 001d 00000000 		.4byte	0x0
 788 0021 00000000 		.4byte	.Ldebug_ranges0+0x0
 789 0025 00000000 		.4byte	.Ldebug_line0
 790 0029 02       		.uleb128 0x2
 791 002a 01       		.byte	0x1
 792 002b 06       		.byte	0x6
 793 002c 07020000 		.4byte	.LASF0
 794 0030 02       		.uleb128 0x2
 795 0031 01       		.byte	0x1
 796 0032 08       		.byte	0x8
 797 0033 0E010000 		.4byte	.LASF1
 798 0037 02       		.uleb128 0x2
 799 0038 02       		.byte	0x2
 800 0039 05       		.byte	0x5
 801 003a B5010000 		.4byte	.LASF2
 802 003e 02       		.uleb128 0x2
 803 003f 02       		.byte	0x2
 804 0040 07       		.byte	0x7
 805 0041 36000000 		.4byte	.LASF3
 806 0045 03       		.uleb128 0x3
 807 0046 04       		.byte	0x4
 808 0047 05       		.byte	0x5
 809 0048 696E7400 		.ascii	"int\000"
 810 004c 02       		.uleb128 0x2
 811 004d 04       		.byte	0x4
 812 004e 07       		.byte	0x7
 813 004f 50010000 		.4byte	.LASF4
 814 0053 02       		.uleb128 0x2
 815 0054 08       		.byte	0x8
 816 0055 05       		.byte	0x5
 817 0056 00000000 		.4byte	.LASF5
 818 005a 02       		.uleb128 0x2
 819 005b 08       		.byte	0x8
 820 005c 07       		.byte	0x7
 821 005d 65010000 		.4byte	.LASF6
 822 0061 02       		.uleb128 0x2
 823 0062 04       		.byte	0x4
 824 0063 05       		.byte	0x5
 825 0064 E7010000 		.4byte	.LASF7
 826 0068 04       		.uleb128 0x4
 827 0069 04       		.byte	0x4
 828 006a 07       		.byte	0x7
 829 006b 05       		.uleb128 0x5
 830 006c 04       		.byte	0x4
 831 006d 02       		.uleb128 0x2
 832 006e 04       		.byte	0x4
ARM GAS  C:\Users\tjs8\AppData\Local\Temp\ccMGVyAC.s 			page 22


 833 006f 07       		.byte	0x7
 834 0070 D3000000 		.4byte	.LASF8
 835 0074 02       		.uleb128 0x2
 836 0075 01       		.byte	0x1
 837 0076 08       		.byte	0x8
 838 0077 F0010000 		.4byte	.LASF9
 839 007b 06       		.uleb128 0x6
 840 007c E5000000 		.4byte	.LASF10
 841 0080 02       		.byte	0x2
 842 0081 60       		.byte	0x60
 843 0082 30000000 		.4byte	0x30
 844 0086 06       		.uleb128 0x6
 845 0087 38010000 		.4byte	.LASF11
 846 008b 02       		.byte	0x2
 847 008c 61       		.byte	0x61
 848 008d 3E000000 		.4byte	0x3e
 849 0091 06       		.uleb128 0x6
 850 0092 49010000 		.4byte	.LASF12
 851 0096 02       		.byte	0x2
 852 0097 62       		.byte	0x62
 853 0098 6D000000 		.4byte	0x6d
 854 009c 07       		.uleb128 0x7
 855 009d 06       		.byte	0x6
 856 009e 01       		.byte	0x1
 857 009f 5F       		.byte	0x5f
 858 00a0 C1000000 		.4byte	0xc1
 859 00a4 08       		.uleb128 0x8
 860 00a5 5D010000 		.4byte	.LASF13
 861 00a9 01       		.byte	0x1
 862 00aa 60       		.byte	0x60
 863 00ab 6B000000 		.4byte	0x6b
 864 00af 02       		.byte	0x2
 865 00b0 23       		.byte	0x23
 866 00b1 00       		.uleb128 0x0
 867 00b2 08       		.uleb128 0x8
 868 00b3 CE000000 		.4byte	.LASF14
 869 00b7 01       		.byte	0x1
 870 00b8 61       		.byte	0x61
 871 00b9 86000000 		.4byte	0x86
 872 00bd 02       		.byte	0x2
 873 00be 23       		.byte	0x23
 874 00bf 04       		.uleb128 0x4
 875 00c0 00       		.byte	0x0
 876 00c1 06       		.uleb128 0x6
 877 00c2 7C010000 		.4byte	.LASF15
 878 00c6 01       		.byte	0x1
 879 00c7 62       		.byte	0x62
 880 00c8 9C000000 		.4byte	0x9c
 881 00cc 07       		.uleb128 0x7
 882 00cd 02       		.byte	0x2
 883 00ce 01       		.byte	0x1
 884 00cf 7C       		.byte	0x7c
 885 00d0 F1000000 		.4byte	0xf1
 886 00d4 08       		.uleb128 0x8
 887 00d5 A6010000 		.4byte	.LASF16
 888 00d9 01       		.byte	0x1
 889 00da 7D       		.byte	0x7d
ARM GAS  C:\Users\tjs8\AppData\Local\Temp\ccMGVyAC.s 			page 23


 890 00db 7B000000 		.4byte	0x7b
 891 00df 02       		.byte	0x2
 892 00e0 23       		.byte	0x23
 893 00e1 00       		.uleb128 0x0
 894 00e2 08       		.uleb128 0x8
 895 00e3 1F000000 		.4byte	.LASF17
 896 00e7 01       		.byte	0x1
 897 00e8 7E       		.byte	0x7e
 898 00e9 7B000000 		.4byte	0x7b
 899 00ed 02       		.byte	0x2
 900 00ee 23       		.byte	0x23
 901 00ef 01       		.uleb128 0x1
 902 00f0 00       		.byte	0x0
 903 00f1 09       		.uleb128 0x9
 904 00f2 51000000 		.4byte	.LASF18
 905 00f6 01       		.byte	0x1
 906 00f7 30       		.byte	0x30
 907 00f8 01       		.byte	0x1
 908 00f9 00000000 		.4byte	.LFB0
 909 00fd 0C000000 		.4byte	.LFE0
 910 0101 00000000 		.4byte	.LLST0
 911 0105 18010000 		.4byte	0x118
 912 0109 0A       		.uleb128 0xa
 913 010a 3F010000 		.4byte	.LASF29
 914 010e 01       		.byte	0x1
 915 010f 30       		.byte	0x30
 916 0110 7B000000 		.4byte	0x7b
 917 0114 02       		.byte	0x2
 918 0115 91       		.byte	0x91
 919 0116 77       		.sleb128 -9
 920 0117 00       		.byte	0x0
 921 0118 09       		.uleb128 0x9
 922 0119 26010000 		.4byte	.LASF19
 923 011d 01       		.byte	0x1
 924 011e A3       		.byte	0xa3
 925 011f 01       		.byte	0x1
 926 0120 00000000 		.4byte	.LFB1
 927 0124 92000000 		.4byte	.LFE1
 928 0128 37000000 		.4byte	.LLST1
 929 012c 6F010000 		.4byte	0x16f
 930 0130 0B       		.uleb128 0xb
 931 0131 6900     		.ascii	"i\000"
 932 0133 01       		.byte	0x1
 933 0134 A5       		.byte	0xa5
 934 0135 4C000000 		.4byte	0x4c
 935 0139 02       		.byte	0x2
 936 013a 91       		.byte	0x91
 937 013b 68       		.sleb128 -24
 938 013c 0B       		.uleb128 0xb
 939 013d 6A00     		.ascii	"j\000"
 940 013f 01       		.byte	0x1
 941 0140 A5       		.byte	0xa5
 942 0141 4C000000 		.4byte	0x4c
 943 0145 02       		.byte	0x2
 944 0146 91       		.byte	0x91
 945 0147 6C       		.sleb128 -20
 946 0148 0C       		.uleb128 0xc
ARM GAS  C:\Users\tjs8\AppData\Local\Temp\ccMGVyAC.s 			page 24


 947 0149 14000000 		.4byte	.LBB2
 948 014d 7A000000 		.4byte	.LBE2
 949 0151 0D       		.uleb128 0xd
 950 0152 89010000 		.4byte	.LASF20
 951 0156 01       		.byte	0x1
 952 0157 A8       		.byte	0xa8
 953 0158 91000000 		.4byte	0x91
 954 015c 02       		.byte	0x2
 955 015d 91       		.byte	0x91
 956 015e 70       		.sleb128 -16
 957 015f 0D       		.uleb128 0xd
 958 0160 25000000 		.4byte	.LASF21
 959 0164 01       		.byte	0x1
 960 0165 A9       		.byte	0xa9
 961 0166 7B000000 		.4byte	0x7b
 962 016a 02       		.byte	0x2
 963 016b 91       		.byte	0x91
 964 016c 77       		.sleb128 -9
 965 016d 00       		.byte	0x0
 966 016e 00       		.byte	0x0
 967 016f 09       		.uleb128 0x9
 968 0170 2B000000 		.4byte	.LASF22
 969 0174 01       		.byte	0x1
 970 0175 C3       		.byte	0xc3
 971 0176 01       		.byte	0x1
 972 0177 00000000 		.4byte	.LFB2
 973 017b 5C010000 		.4byte	.LFE2
 974 017f 6E000000 		.4byte	.LLST2
 975 0183 B2010000 		.4byte	0x1b2
 976 0187 0D       		.uleb128 0xd
 977 0188 9E010000 		.4byte	.LASF23
 978 018c 01       		.byte	0x1
 979 018d C5       		.byte	0xc5
 980 018e B2010000 		.4byte	0x1b2
 981 0192 02       		.byte	0x2
 982 0193 91       		.byte	0x91
 983 0194 70       		.sleb128 -16
 984 0195 0D       		.uleb128 0xd
 985 0196 1C010000 		.4byte	.LASF24
 986 019a 01       		.byte	0x1
 987 019b C6       		.byte	0xc6
 988 019c B7010000 		.4byte	0x1b7
 989 01a0 02       		.byte	0x2
 990 01a1 91       		.byte	0x91
 991 01a2 74       		.sleb128 -12
 992 01a3 0D       		.uleb128 0xd
 993 01a4 49000000 		.4byte	.LASF25
 994 01a8 01       		.byte	0x1
 995 01a9 C7       		.byte	0xc7
 996 01aa BD010000 		.4byte	0x1bd
 997 01ae 02       		.byte	0x2
 998 01af 91       		.byte	0x91
 999 01b0 6F       		.sleb128 -17
 1000 01b1 00       		.byte	0x0
 1001 01b2 0E       		.uleb128 0xe
 1002 01b3 6D000000 		.4byte	0x6d
 1003 01b7 0F       		.uleb128 0xf
ARM GAS  C:\Users\tjs8\AppData\Local\Temp\ccMGVyAC.s 			page 25


 1004 01b8 04       		.byte	0x4
 1005 01b9 B2010000 		.4byte	0x1b2
 1006 01bd 0E       		.uleb128 0xe
 1007 01be 30000000 		.4byte	0x30
 1008 01c2 10       		.uleb128 0x10
 1009 01c3 01       		.byte	0x1
 1010 01c4 0E000000 		.4byte	.LASF27
 1011 01c8 01       		.byte	0x1
 1012 01c9 FD       		.byte	0xfd
 1013 01ca 01       		.byte	0x1
 1014 01cb 00000000 		.4byte	.LFB3
 1015 01cf 4C000000 		.4byte	.LFE3
 1016 01d3 A5000000 		.4byte	.LLST3
 1017 01d7 EA010000 		.4byte	0x1ea
 1018 01db 0D       		.uleb128 0xd
 1019 01dc F5010000 		.4byte	.LASF26
 1020 01e0 01       		.byte	0x1
 1021 01e1 FF       		.byte	0xff
 1022 01e2 7B000000 		.4byte	0x7b
 1023 01e6 02       		.byte	0x2
 1024 01e7 91       		.byte	0x91
 1025 01e8 77       		.sleb128 -9
 1026 01e9 00       		.byte	0x0
 1027 01ea 11       		.uleb128 0x11
 1028 01eb 01       		.byte	0x1
 1029 01ec F8000000 		.4byte	.LASF28
 1030 01f0 01       		.byte	0x1
 1031 01f1 1601     		.2byte	0x116
 1032 01f3 01       		.byte	0x1
 1033 01f4 00000000 		.4byte	.LFB4
 1034 01f8 30000000 		.4byte	.LFE4
 1035 01fc DC000000 		.4byte	.LLST4
 1036 0200 23020000 		.4byte	0x223
 1037 0204 12       		.uleb128 0x12
 1038 0205 AD010000 		.4byte	.LASF30
 1039 0209 01       		.byte	0x1
 1040 020a 1601     		.2byte	0x116
 1041 020c 7B000000 		.4byte	0x7b
 1042 0210 02       		.byte	0x2
 1043 0211 91       		.byte	0x91
 1044 0212 6F       		.sleb128 -17
 1045 0213 13       		.uleb128 0x13
 1046 0214 13020000 		.4byte	.LASF31
 1047 0218 01       		.byte	0x1
 1048 0219 1801     		.2byte	0x118
 1049 021b 7B000000 		.4byte	0x7b
 1050 021f 02       		.byte	0x2
 1051 0220 91       		.byte	0x91
 1052 0221 77       		.sleb128 -9
 1053 0222 00       		.byte	0x0
 1054 0223 11       		.uleb128 0x11
 1055 0224 01       		.byte	0x1
 1056 0225 EB000000 		.4byte	.LASF32
 1057 0229 01       		.byte	0x1
 1058 022a 3301     		.2byte	0x133
 1059 022c 01       		.byte	0x1
 1060 022d 00000000 		.4byte	.LFB5
ARM GAS  C:\Users\tjs8\AppData\Local\Temp\ccMGVyAC.s 			page 26


 1061 0231 F0010000 		.4byte	.LFE5
 1062 0235 13010000 		.4byte	.LLST5
 1063 0239 6D020000 		.4byte	0x26d
 1064 023d 0C       		.uleb128 0xc
 1065 023e 24000000 		.4byte	.LBB3
 1066 0242 0A010000 		.4byte	.LBE3
 1067 0246 14       		.uleb128 0x14
 1068 0247 6900     		.ascii	"i\000"
 1069 0249 01       		.byte	0x1
 1070 024a 3E01     		.2byte	0x13e
 1071 024c 7B000000 		.4byte	0x7b
 1072 0250 02       		.byte	0x2
 1073 0251 91       		.byte	0x91
 1074 0252 73       		.sleb128 -13
 1075 0253 0C       		.uleb128 0xc
 1076 0254 2C000000 		.4byte	.LBB4
 1077 0258 88000000 		.4byte	.LBE4
 1078 025c 14       		.uleb128 0x14
 1079 025d 6D7300   		.ascii	"ms\000"
 1080 0260 01       		.byte	0x1
 1081 0261 4301     		.2byte	0x143
 1082 0263 6D020000 		.4byte	0x26d
 1083 0267 02       		.byte	0x2
 1084 0268 91       		.byte	0x91
 1085 0269 74       		.sleb128 -12
 1086 026a 00       		.byte	0x0
 1087 026b 00       		.byte	0x0
 1088 026c 00       		.byte	0x0
 1089 026d 0F       		.uleb128 0xf
 1090 026e 04       		.byte	0x4
 1091 026f 73020000 		.4byte	0x273
 1092 0273 15       		.uleb128 0x15
 1093 0274 C1000000 		.4byte	0xc1
 1094 0278 16       		.uleb128 0x16
 1095 0279 C1000000 		.4byte	0xc1
 1096 027d 88020000 		.4byte	0x288
 1097 0281 17       		.uleb128 0x17
 1098 0282 68000000 		.4byte	0x68
 1099 0286 08       		.byte	0x8
 1100 0287 00       		.byte	0x0
 1101 0288 0D       		.uleb128 0xd
 1102 0289 BE000000 		.4byte	.LASF33
 1103 028d 01       		.byte	0x1
 1104 028e 6D       		.byte	0x6d
 1105 028f 99020000 		.4byte	0x299
 1106 0293 05       		.byte	0x5
 1107 0294 03       		.byte	0x3
 1108 0295 00000000 		.4byte	cfg_memset_list
 1109 0299 15       		.uleb128 0x15
 1110 029a 78020000 		.4byte	0x278
 1111 029e 00       		.byte	0x0
 1112              		.section	.debug_abbrev
 1113 0000 01       		.uleb128 0x1
 1114 0001 11       		.uleb128 0x11
 1115 0002 01       		.byte	0x1
 1116 0003 25       		.uleb128 0x25
 1117 0004 0E       		.uleb128 0xe
ARM GAS  C:\Users\tjs8\AppData\Local\Temp\ccMGVyAC.s 			page 27


 1118 0005 13       		.uleb128 0x13
 1119 0006 0B       		.uleb128 0xb
 1120 0007 03       		.uleb128 0x3
 1121 0008 0E       		.uleb128 0xe
 1122 0009 1B       		.uleb128 0x1b
 1123 000a 0E       		.uleb128 0xe
 1124 000b 11       		.uleb128 0x11
 1125 000c 01       		.uleb128 0x1
 1126 000d 52       		.uleb128 0x52
 1127 000e 01       		.uleb128 0x1
 1128 000f 55       		.uleb128 0x55
 1129 0010 06       		.uleb128 0x6
 1130 0011 10       		.uleb128 0x10
 1131 0012 06       		.uleb128 0x6
 1132 0013 00       		.byte	0x0
 1133 0014 00       		.byte	0x0
 1134 0015 02       		.uleb128 0x2
 1135 0016 24       		.uleb128 0x24
 1136 0017 00       		.byte	0x0
 1137 0018 0B       		.uleb128 0xb
 1138 0019 0B       		.uleb128 0xb
 1139 001a 3E       		.uleb128 0x3e
 1140 001b 0B       		.uleb128 0xb
 1141 001c 03       		.uleb128 0x3
 1142 001d 0E       		.uleb128 0xe
 1143 001e 00       		.byte	0x0
 1144 001f 00       		.byte	0x0
 1145 0020 03       		.uleb128 0x3
 1146 0021 24       		.uleb128 0x24
 1147 0022 00       		.byte	0x0
 1148 0023 0B       		.uleb128 0xb
 1149 0024 0B       		.uleb128 0xb
 1150 0025 3E       		.uleb128 0x3e
 1151 0026 0B       		.uleb128 0xb
 1152 0027 03       		.uleb128 0x3
 1153 0028 08       		.uleb128 0x8
 1154 0029 00       		.byte	0x0
 1155 002a 00       		.byte	0x0
 1156 002b 04       		.uleb128 0x4
 1157 002c 24       		.uleb128 0x24
 1158 002d 00       		.byte	0x0
 1159 002e 0B       		.uleb128 0xb
 1160 002f 0B       		.uleb128 0xb
 1161 0030 3E       		.uleb128 0x3e
 1162 0031 0B       		.uleb128 0xb
 1163 0032 00       		.byte	0x0
 1164 0033 00       		.byte	0x0
 1165 0034 05       		.uleb128 0x5
 1166 0035 0F       		.uleb128 0xf
 1167 0036 00       		.byte	0x0
 1168 0037 0B       		.uleb128 0xb
 1169 0038 0B       		.uleb128 0xb
 1170 0039 00       		.byte	0x0
 1171 003a 00       		.byte	0x0
 1172 003b 06       		.uleb128 0x6
 1173 003c 16       		.uleb128 0x16
 1174 003d 00       		.byte	0x0
ARM GAS  C:\Users\tjs8\AppData\Local\Temp\ccMGVyAC.s 			page 28


 1175 003e 03       		.uleb128 0x3
 1176 003f 0E       		.uleb128 0xe
 1177 0040 3A       		.uleb128 0x3a
 1178 0041 0B       		.uleb128 0xb
 1179 0042 3B       		.uleb128 0x3b
 1180 0043 0B       		.uleb128 0xb
 1181 0044 49       		.uleb128 0x49
 1182 0045 13       		.uleb128 0x13
 1183 0046 00       		.byte	0x0
 1184 0047 00       		.byte	0x0
 1185 0048 07       		.uleb128 0x7
 1186 0049 13       		.uleb128 0x13
 1187 004a 01       		.byte	0x1
 1188 004b 0B       		.uleb128 0xb
 1189 004c 0B       		.uleb128 0xb
 1190 004d 3A       		.uleb128 0x3a
 1191 004e 0B       		.uleb128 0xb
 1192 004f 3B       		.uleb128 0x3b
 1193 0050 0B       		.uleb128 0xb
 1194 0051 01       		.uleb128 0x1
 1195 0052 13       		.uleb128 0x13
 1196 0053 00       		.byte	0x0
 1197 0054 00       		.byte	0x0
 1198 0055 08       		.uleb128 0x8
 1199 0056 0D       		.uleb128 0xd
 1200 0057 00       		.byte	0x0
 1201 0058 03       		.uleb128 0x3
 1202 0059 0E       		.uleb128 0xe
 1203 005a 3A       		.uleb128 0x3a
 1204 005b 0B       		.uleb128 0xb
 1205 005c 3B       		.uleb128 0x3b
 1206 005d 0B       		.uleb128 0xb
 1207 005e 49       		.uleb128 0x49
 1208 005f 13       		.uleb128 0x13
 1209 0060 38       		.uleb128 0x38
 1210 0061 0A       		.uleb128 0xa
 1211 0062 00       		.byte	0x0
 1212 0063 00       		.byte	0x0
 1213 0064 09       		.uleb128 0x9
 1214 0065 2E       		.uleb128 0x2e
 1215 0066 01       		.byte	0x1
 1216 0067 03       		.uleb128 0x3
 1217 0068 0E       		.uleb128 0xe
 1218 0069 3A       		.uleb128 0x3a
 1219 006a 0B       		.uleb128 0xb
 1220 006b 3B       		.uleb128 0x3b
 1221 006c 0B       		.uleb128 0xb
 1222 006d 27       		.uleb128 0x27
 1223 006e 0C       		.uleb128 0xc
 1224 006f 11       		.uleb128 0x11
 1225 0070 01       		.uleb128 0x1
 1226 0071 12       		.uleb128 0x12
 1227 0072 01       		.uleb128 0x1
 1228 0073 40       		.uleb128 0x40
 1229 0074 06       		.uleb128 0x6
 1230 0075 01       		.uleb128 0x1
 1231 0076 13       		.uleb128 0x13
ARM GAS  C:\Users\tjs8\AppData\Local\Temp\ccMGVyAC.s 			page 29


 1232 0077 00       		.byte	0x0
 1233 0078 00       		.byte	0x0
 1234 0079 0A       		.uleb128 0xa
 1235 007a 05       		.uleb128 0x5
 1236 007b 00       		.byte	0x0
 1237 007c 03       		.uleb128 0x3
 1238 007d 0E       		.uleb128 0xe
 1239 007e 3A       		.uleb128 0x3a
 1240 007f 0B       		.uleb128 0xb
 1241 0080 3B       		.uleb128 0x3b
 1242 0081 0B       		.uleb128 0xb
 1243 0082 49       		.uleb128 0x49
 1244 0083 13       		.uleb128 0x13
 1245 0084 02       		.uleb128 0x2
 1246 0085 0A       		.uleb128 0xa
 1247 0086 00       		.byte	0x0
 1248 0087 00       		.byte	0x0
 1249 0088 0B       		.uleb128 0xb
 1250 0089 34       		.uleb128 0x34
 1251 008a 00       		.byte	0x0
 1252 008b 03       		.uleb128 0x3
 1253 008c 08       		.uleb128 0x8
 1254 008d 3A       		.uleb128 0x3a
 1255 008e 0B       		.uleb128 0xb
 1256 008f 3B       		.uleb128 0x3b
 1257 0090 0B       		.uleb128 0xb
 1258 0091 49       		.uleb128 0x49
 1259 0092 13       		.uleb128 0x13
 1260 0093 02       		.uleb128 0x2
 1261 0094 0A       		.uleb128 0xa
 1262 0095 00       		.byte	0x0
 1263 0096 00       		.byte	0x0
 1264 0097 0C       		.uleb128 0xc
 1265 0098 0B       		.uleb128 0xb
 1266 0099 01       		.byte	0x1
 1267 009a 11       		.uleb128 0x11
 1268 009b 01       		.uleb128 0x1
 1269 009c 12       		.uleb128 0x12
 1270 009d 01       		.uleb128 0x1
 1271 009e 00       		.byte	0x0
 1272 009f 00       		.byte	0x0
 1273 00a0 0D       		.uleb128 0xd
 1274 00a1 34       		.uleb128 0x34
 1275 00a2 00       		.byte	0x0
 1276 00a3 03       		.uleb128 0x3
 1277 00a4 0E       		.uleb128 0xe
 1278 00a5 3A       		.uleb128 0x3a
 1279 00a6 0B       		.uleb128 0xb
 1280 00a7 3B       		.uleb128 0x3b
 1281 00a8 0B       		.uleb128 0xb
 1282 00a9 49       		.uleb128 0x49
 1283 00aa 13       		.uleb128 0x13
 1284 00ab 02       		.uleb128 0x2
 1285 00ac 0A       		.uleb128 0xa
 1286 00ad 00       		.byte	0x0
 1287 00ae 00       		.byte	0x0
 1288 00af 0E       		.uleb128 0xe
ARM GAS  C:\Users\tjs8\AppData\Local\Temp\ccMGVyAC.s 			page 30


 1289 00b0 35       		.uleb128 0x35
 1290 00b1 00       		.byte	0x0
 1291 00b2 49       		.uleb128 0x49
 1292 00b3 13       		.uleb128 0x13
 1293 00b4 00       		.byte	0x0
 1294 00b5 00       		.byte	0x0
 1295 00b6 0F       		.uleb128 0xf
 1296 00b7 0F       		.uleb128 0xf
 1297 00b8 00       		.byte	0x0
 1298 00b9 0B       		.uleb128 0xb
 1299 00ba 0B       		.uleb128 0xb
 1300 00bb 49       		.uleb128 0x49
 1301 00bc 13       		.uleb128 0x13
 1302 00bd 00       		.byte	0x0
 1303 00be 00       		.byte	0x0
 1304 00bf 10       		.uleb128 0x10
 1305 00c0 2E       		.uleb128 0x2e
 1306 00c1 01       		.byte	0x1
 1307 00c2 3F       		.uleb128 0x3f
 1308 00c3 0C       		.uleb128 0xc
 1309 00c4 03       		.uleb128 0x3
 1310 00c5 0E       		.uleb128 0xe
 1311 00c6 3A       		.uleb128 0x3a
 1312 00c7 0B       		.uleb128 0xb
 1313 00c8 3B       		.uleb128 0x3b
 1314 00c9 0B       		.uleb128 0xb
 1315 00ca 27       		.uleb128 0x27
 1316 00cb 0C       		.uleb128 0xc
 1317 00cc 11       		.uleb128 0x11
 1318 00cd 01       		.uleb128 0x1
 1319 00ce 12       		.uleb128 0x12
 1320 00cf 01       		.uleb128 0x1
 1321 00d0 40       		.uleb128 0x40
 1322 00d1 06       		.uleb128 0x6
 1323 00d2 01       		.uleb128 0x1
 1324 00d3 13       		.uleb128 0x13
 1325 00d4 00       		.byte	0x0
 1326 00d5 00       		.byte	0x0
 1327 00d6 11       		.uleb128 0x11
 1328 00d7 2E       		.uleb128 0x2e
 1329 00d8 01       		.byte	0x1
 1330 00d9 3F       		.uleb128 0x3f
 1331 00da 0C       		.uleb128 0xc
 1332 00db 03       		.uleb128 0x3
 1333 00dc 0E       		.uleb128 0xe
 1334 00dd 3A       		.uleb128 0x3a
 1335 00de 0B       		.uleb128 0xb
 1336 00df 3B       		.uleb128 0x3b
 1337 00e0 05       		.uleb128 0x5
 1338 00e1 27       		.uleb128 0x27
 1339 00e2 0C       		.uleb128 0xc
 1340 00e3 11       		.uleb128 0x11
 1341 00e4 01       		.uleb128 0x1
 1342 00e5 12       		.uleb128 0x12
 1343 00e6 01       		.uleb128 0x1
 1344 00e7 40       		.uleb128 0x40
 1345 00e8 06       		.uleb128 0x6
ARM GAS  C:\Users\tjs8\AppData\Local\Temp\ccMGVyAC.s 			page 31


 1346 00e9 01       		.uleb128 0x1
 1347 00ea 13       		.uleb128 0x13
 1348 00eb 00       		.byte	0x0
 1349 00ec 00       		.byte	0x0
 1350 00ed 12       		.uleb128 0x12
 1351 00ee 05       		.uleb128 0x5
 1352 00ef 00       		.byte	0x0
 1353 00f0 03       		.uleb128 0x3
 1354 00f1 0E       		.uleb128 0xe
 1355 00f2 3A       		.uleb128 0x3a
 1356 00f3 0B       		.uleb128 0xb
 1357 00f4 3B       		.uleb128 0x3b
 1358 00f5 05       		.uleb128 0x5
 1359 00f6 49       		.uleb128 0x49
 1360 00f7 13       		.uleb128 0x13
 1361 00f8 02       		.uleb128 0x2
 1362 00f9 0A       		.uleb128 0xa
 1363 00fa 00       		.byte	0x0
 1364 00fb 00       		.byte	0x0
 1365 00fc 13       		.uleb128 0x13
 1366 00fd 34       		.uleb128 0x34
 1367 00fe 00       		.byte	0x0
 1368 00ff 03       		.uleb128 0x3
 1369 0100 0E       		.uleb128 0xe
 1370 0101 3A       		.uleb128 0x3a
 1371 0102 0B       		.uleb128 0xb
 1372 0103 3B       		.uleb128 0x3b
 1373 0104 05       		.uleb128 0x5
 1374 0105 49       		.uleb128 0x49
 1375 0106 13       		.uleb128 0x13
 1376 0107 02       		.uleb128 0x2
 1377 0108 0A       		.uleb128 0xa
 1378 0109 00       		.byte	0x0
 1379 010a 00       		.byte	0x0
 1380 010b 14       		.uleb128 0x14
 1381 010c 34       		.uleb128 0x34
 1382 010d 00       		.byte	0x0
 1383 010e 03       		.uleb128 0x3
 1384 010f 08       		.uleb128 0x8
 1385 0110 3A       		.uleb128 0x3a
 1386 0111 0B       		.uleb128 0xb
 1387 0112 3B       		.uleb128 0x3b
 1388 0113 05       		.uleb128 0x5
 1389 0114 49       		.uleb128 0x49
 1390 0115 13       		.uleb128 0x13
 1391 0116 02       		.uleb128 0x2
 1392 0117 0A       		.uleb128 0xa
 1393 0118 00       		.byte	0x0
 1394 0119 00       		.byte	0x0
 1395 011a 15       		.uleb128 0x15
 1396 011b 26       		.uleb128 0x26
 1397 011c 00       		.byte	0x0
 1398 011d 49       		.uleb128 0x49
 1399 011e 13       		.uleb128 0x13
 1400 011f 00       		.byte	0x0
 1401 0120 00       		.byte	0x0
 1402 0121 16       		.uleb128 0x16
ARM GAS  C:\Users\tjs8\AppData\Local\Temp\ccMGVyAC.s 			page 32


 1403 0122 01       		.uleb128 0x1
 1404 0123 01       		.byte	0x1
 1405 0124 49       		.uleb128 0x49
 1406 0125 13       		.uleb128 0x13
 1407 0126 01       		.uleb128 0x1
 1408 0127 13       		.uleb128 0x13
 1409 0128 00       		.byte	0x0
 1410 0129 00       		.byte	0x0
 1411 012a 17       		.uleb128 0x17
 1412 012b 21       		.uleb128 0x21
 1413 012c 00       		.byte	0x0
 1414 012d 49       		.uleb128 0x49
 1415 012e 13       		.uleb128 0x13
 1416 012f 2F       		.uleb128 0x2f
 1417 0130 0B       		.uleb128 0xb
 1418 0131 00       		.byte	0x0
 1419 0132 00       		.byte	0x0
 1420 0133 00       		.byte	0x0
 1421              		.section	.debug_pubnames,"",%progbits
 1422 0000 4E000000 		.4byte	0x4e
 1423 0004 0200     		.2byte	0x2
 1424 0006 00000000 		.4byte	.Ldebug_info0
 1425 000a 9F020000 		.4byte	0x29f
 1426 000e C2010000 		.4byte	0x1c2
 1427 0012 416E616C 		.ascii	"AnalogSetDefault\000"
 1427      6F675365 
 1427      74446566 
 1427      61756C74 
 1427      00
 1428 0023 EA010000 		.4byte	0x1ea
 1429 0027 53657441 		.ascii	"SetAnalogRoutingPumps\000"
 1429      6E616C6F 
 1429      67526F75 
 1429      74696E67 
 1429      50756D70 
 1430 003d 23020000 		.4byte	0x223
 1431 0041 63796669 		.ascii	"cyfitter_cfg\000"
 1431      74746572 
 1431      5F636667 
 1431      00
 1432 004e 00000000 		.4byte	0x0
 1433              		.section	.debug_aranges,"",%progbits
 1434 0000 44000000 		.4byte	0x44
 1435 0004 0200     		.2byte	0x2
 1436 0006 00000000 		.4byte	.Ldebug_info0
 1437 000a 04       		.byte	0x4
 1438 000b 00       		.byte	0x0
 1439 000c 0000     		.2byte	0x0
 1440 000e 0000     		.2byte	0x0
 1441 0010 00000000 		.4byte	.LFB0
 1442 0014 0C000000 		.4byte	.LFE0-.LFB0
 1443 0018 00000000 		.4byte	.LFB1
 1444 001c 92000000 		.4byte	.LFE1-.LFB1
 1445 0020 00000000 		.4byte	.LFB2
 1446 0024 5C010000 		.4byte	.LFE2-.LFB2
 1447 0028 00000000 		.4byte	.LFB3
 1448 002c 4C000000 		.4byte	.LFE3-.LFB3
ARM GAS  C:\Users\tjs8\AppData\Local\Temp\ccMGVyAC.s 			page 33


 1449 0030 00000000 		.4byte	.LFB4
 1450 0034 30000000 		.4byte	.LFE4-.LFB4
 1451 0038 00000000 		.4byte	.LFB5
 1452 003c F0010000 		.4byte	.LFE5-.LFB5
 1453 0040 00000000 		.4byte	0x0
 1454 0044 00000000 		.4byte	0x0
 1455              		.section	.debug_ranges,"",%progbits
 1456              	.Ldebug_ranges0:
 1457 0000 00000000 		.4byte	.Ltext0
 1458 0004 00000000 		.4byte	.Letext0
 1459 0008 00000000 		.4byte	.LFB0
 1460 000c 0C000000 		.4byte	.LFE0
 1461 0010 00000000 		.4byte	.LFB1
 1462 0014 92000000 		.4byte	.LFE1
 1463 0018 00000000 		.4byte	.LFB2
 1464 001c 5C010000 		.4byte	.LFE2
 1465 0020 00000000 		.4byte	.LFB3
 1466 0024 4C000000 		.4byte	.LFE3
 1467 0028 00000000 		.4byte	.LFB4
 1468 002c 30000000 		.4byte	.LFE4
 1469 0030 00000000 		.4byte	.LFB5
 1470 0034 F0010000 		.4byte	.LFE5
 1471 0038 00000000 		.4byte	0x0
 1472 003c 00000000 		.4byte	0x0
 1473              		.section	.debug_str,"MS",%progbits,1
 1474              	.LASF5:
 1475 0000 6C6F6E67 		.ascii	"long long int\000"
 1475      206C6F6E 
 1475      6720696E 
 1475      7400
 1476              	.LASF27:
 1477 000e 416E616C 		.ascii	"AnalogSetDefault\000"
 1477      6F675365 
 1477      74446566 
 1477      61756C74 
 1477      00
 1478              	.LASF17:
 1479 001f 76616C75 		.ascii	"value\000"
 1479      6500
 1480              	.LASF21:
 1481 0025 636F756E 		.ascii	"count\000"
 1481      7400
 1482              	.LASF22:
 1483 002b 436C6F63 		.ascii	"ClockSetup\000"
 1483      6B536574 
 1483      757000
 1484              	.LASF3:
 1485 0036 73686F72 		.ascii	"short unsigned int\000"
 1485      7420756E 
 1485      7369676E 
 1485      65642069 
 1485      6E7400
 1486              	.LASF25:
 1487 0049 706C6C4C 		.ascii	"pllLock\000"
 1487      6F636B00 
 1488              	.LASF18:
 1489 0051 4379436C 		.ascii	"CyClockStartupError\000"
ARM GAS  C:\Users\tjs8\AppData\Local\Temp\ccMGVyAC.s 			page 34


 1489      6F636B53 
 1489      74617274 
 1489      75704572 
 1489      726F7200 
 1490              	.LASF36:
 1491 0065 433A5C55 		.ascii	"C:\\Users\\Public\\Documents\\Carlab\\BC and TJ\\Pr"
 1491      73657273 
 1491      5C507562 
 1491      6C69635C 
 1491      446F6375 
 1492 0092 6F6A6563 		.ascii	"oject 1\\SpeedControl01\\SpeedControl01.cydsn\000"
 1492      7420315C 
 1492      53706565 
 1492      64436F6E 
 1492      74726F6C 
 1493              	.LASF33:
 1494 00be 6366675F 		.ascii	"cfg_memset_list\000"
 1494      6D656D73 
 1494      65745F6C 
 1494      69737400 
 1495              	.LASF14:
 1496 00ce 73697A65 		.ascii	"size\000"
 1496      00
 1497              	.LASF8:
 1498 00d3 6C6F6E67 		.ascii	"long unsigned int\000"
 1498      20756E73 
 1498      69676E65 
 1498      6420696E 
 1498      7400
 1499              	.LASF10:
 1500 00e5 75696E74 		.ascii	"uint8\000"
 1500      3800
 1501              	.LASF32:
 1502 00eb 63796669 		.ascii	"cyfitter_cfg\000"
 1502      74746572 
 1502      5F636667 
 1502      00
 1503              	.LASF28:
 1504 00f8 53657441 		.ascii	"SetAnalogRoutingPumps\000"
 1504      6E616C6F 
 1504      67526F75 
 1504      74696E67 
 1504      50756D70 
 1505              	.LASF1:
 1506 010e 756E7369 		.ascii	"unsigned char\000"
 1506      676E6564 
 1506      20636861 
 1506      7200
 1507              	.LASF24:
 1508 011c 74696D65 		.ascii	"timeout_p\000"
 1508      6F75745F 
 1508      7000
 1509              	.LASF19:
 1510 0126 6366675F 		.ascii	"cfg_write_bytes32\000"
 1510      77726974 
 1510      655F6279 
 1510      74657333 
ARM GAS  C:\Users\tjs8\AppData\Local\Temp\ccMGVyAC.s 			page 35


 1510      3200
 1511              	.LASF11:
 1512 0138 75696E74 		.ascii	"uint16\000"
 1512      313600
 1513              	.LASF29:
 1514 013f 6572726F 		.ascii	"errorCode\000"
 1514      72436F64 
 1514      6500
 1515              	.LASF12:
 1516 0149 75696E74 		.ascii	"uint32\000"
 1516      333200
 1517              	.LASF4:
 1518 0150 756E7369 		.ascii	"unsigned int\000"
 1518      676E6564 
 1518      20696E74 
 1518      00
 1519              	.LASF13:
 1520 015d 61646472 		.ascii	"address\000"
 1520      65737300 
 1521              	.LASF6:
 1522 0165 6C6F6E67 		.ascii	"long long unsigned int\000"
 1522      206C6F6E 
 1522      6720756E 
 1522      7369676E 
 1522      65642069 
 1523              	.LASF15:
 1524 017c 6366675F 		.ascii	"cfg_memset_t\000"
 1524      6D656D73 
 1524      65745F74 
 1524      00
 1525              	.LASF20:
 1526 0189 62617365 		.ascii	"baseAddr\000"
 1526      41646472 
 1526      00
 1527              	.LASF34:
 1528 0192 474E5520 		.ascii	"GNU C 4.4.1\000"
 1528      4320342E 
 1528      342E3100 
 1529              	.LASF23:
 1530 019e 74696D65 		.ascii	"timeout\000"
 1530      6F757400 
 1531              	.LASF16:
 1532 01a6 6F666673 		.ascii	"offset\000"
 1532      657400
 1533              	.LASF30:
 1534 01ad 656E6162 		.ascii	"enabled\000"
 1534      6C656400 
 1535              	.LASF2:
 1536 01b5 73686F72 		.ascii	"short int\000"
 1536      7420696E 
 1536      7400
 1537              	.LASF35:
 1538 01bf 2E5C4765 		.ascii	".\\Generated_Source\\PSoC5\\cyfitter_cfg.c\000"
 1538      6E657261 
 1538      7465645F 
 1538      536F7572 
 1538      63655C50 
ARM GAS  C:\Users\tjs8\AppData\Local\Temp\ccMGVyAC.s 			page 36


 1539              	.LASF7:
 1540 01e7 6C6F6E67 		.ascii	"long int\000"
 1540      20696E74 
 1540      00
 1541              	.LASF9:
 1542 01f0 63686172 		.ascii	"char\000"
 1542      00
 1543              	.LASF26:
 1544 01f5 62675F78 		.ascii	"bg_xover_inl_trim\000"
 1544      6F766572 
 1544      5F696E6C 
 1544      5F747269 
 1544      6D00
 1545              	.LASF0:
 1546 0207 7369676E 		.ascii	"signed char\000"
 1546      65642063 
 1546      68617200 
 1547              	.LASF31:
 1548 0213 72656756 		.ascii	"regValue\000"
 1548      616C7565 
 1548      00
 1549              		.ident	"GCC: (Sourcery G++ Lite 2010q1-188) 4.4.1"
