Archive member included because of file (symbol)

.\CortexM3\ARM_GCC_441\Debug\SpeedControl01.a(LCD.o)
                              .\CortexM3\ARM_GCC_441\Debug\main.o (LCD_Start)
.\CortexM3\ARM_GCC_441\Debug\SpeedControl01.a(inter_button.o)
                              .\CortexM3\ARM_GCC_441\Debug\main.o (inter_button_Start)
.\CortexM3\ARM_GCC_441\Debug\SpeedControl01.a(PWM.o)
                              .\CortexM3\ARM_GCC_441\Debug\main.o (PWM_Start)
.\CortexM3\ARM_GCC_441\Debug\SpeedControl01.a(CyBootAsmGnu.o)
                              .\CortexM3\ARM_GCC_441\Debug\SpeedControl01.a(PWM.o) (CyEnterCriticalSection)
.\CortexM3\ARM_GCC_441\Debug\SpeedControl01.a(CyLib.o)
                              .\CortexM3\ARM_GCC_441\Debug\Cm3Start.o (CyResetStatus)
.\CortexM3\ARM_GCC_441\Debug\SpeedControl01.a(cyPm.o)
                              .\CortexM3\ARM_GCC_441\Debug\SpeedControl01.a(CyLib.o) (CyPmReadStatus)
.\CortexM3\ARM_GCC_441\Debug\SpeedControl01.a(UART_1.o)
                              .\CortexM3\ARM_GCC_441\Debug\main.o (UART_1_Start)
.\CortexM3\ARM_GCC_441\Debug\SpeedControl01.a(rx_rcvd.o)
                              .\CortexM3\ARM_GCC_441\Debug\main.o (rx_rcvd_Start)
.\CortexM3\ARM_GCC_441\Debug\SpeedControl01.a(wheel_tick.o)
                              .\CortexM3\ARM_GCC_441\Debug\main.o (wheel_tick_Start)
.\CortexM3\ARM_GCC_441\Debug\SpeedControl01.a(Counter_1.o)
                              .\CortexM3\ARM_GCC_441\Debug\main.o (Counter_1_Start)
.\CortexM3\ARM_GCC_441\Debug\SpeedControl01.a(Timer_1.o)
                              .\CortexM3\ARM_GCC_441\Debug\main.o (Timer_1_Start)
.\CortexM3\ARM_GCC_441\Debug\SpeedControl01.a(tick_timeout.o)
                              .\CortexM3\ARM_GCC_441\Debug\main.o (tick_timeout_Start)
.\CortexM3\ARM_GCC_441\Debug\SpeedControl01.a(ShiftReg_1.o)
                              .\CortexM3\ARM_GCC_441\Debug\main.o (ShiftReg_1_Start)
.\CortexM3\ARM_GCC_441\Debug\SpeedControl01.a(Counter_2.o)
                              .\CortexM3\ARM_GCC_441\Debug\main.o (Counter_2_Start)
.\CortexM3\ARM_GCC_441\Debug\SpeedControl01.a(throttle_update.o)
                              .\CortexM3\ARM_GCC_441\Debug\main.o (throttle_update_Start)
.\CortexM3\ARM_GCC_441\Debug\SpeedControl01.a(cyfitter_cfg.o)
                              .\CortexM3\ARM_GCC_441\Debug\Cm3Start.o (cyfitter_cfg)
.\CortexM3\ARM_GCC_441\Debug\SpeedControl01.a(CyFlash.o)
                              .\CortexM3\ARM_GCC_441\Debug\SpeedControl01.a(cyPm.o) (CyFlash_SetWaitCycles)
.\CortexM3\ARM_GCC_441\Debug\SpeedControl01.a(CySpc.o)
                              .\CortexM3\ARM_GCC_441\Debug\SpeedControl01.a(CyFlash.o) (CySpcStart)
.\CortexM3\ARM_GCC_441\Debug\SpeedControl01.a(cyutils.o)
                              .\CortexM3\ARM_GCC_441\Debug\SpeedControl01.a(cyfitter_cfg.o) (CySetReg24)
c:/program files (x86)/cypress/psoc creator/2.1/psoc creator/import/gnu_cs/arm/4.4.1/bin/../lib/gcc/arm-none-eabi/4.4.1/thumb2\libgcc.a(_arm_addsubdf3.o)
                              .\CortexM3\ARM_GCC_441\Debug\main.o (__aeabi_dsub)
c:/program files (x86)/cypress/psoc creator/2.1/psoc creator/import/gnu_cs/arm/4.4.1/bin/../lib/gcc/arm-none-eabi/4.4.1/thumb2\libgcc.a(_arm_muldivdf3.o)
                              .\CortexM3\ARM_GCC_441\Debug\main.o (__aeabi_dmul)
c:/program files (x86)/cypress/psoc creator/2.1/psoc creator/import/gnu_cs/arm/4.4.1/bin/../lib/gcc/arm-none-eabi/4.4.1/thumb2\libgcc.a(_arm_fixdfsi.o)
                              .\CortexM3\ARM_GCC_441\Debug\main.o (__aeabi_d2iz)
c:/program files (x86)/cypress/psoc creator/2.1/psoc creator/import/gnu_cs/arm/4.4.1/bin/../lib/gcc/arm-none-eabi/4.4.1/../../../../arm-none-eabi/lib/thumb2\libc.a(lib_a-memcpy.o)
                              .\CortexM3\ARM_GCC_441\Debug\SpeedControl01.a(cyfitter_cfg.o) (memcpy)
c:/program files (x86)/cypress/psoc creator/2.1/psoc creator/import/gnu_cs/arm/4.4.1/bin/../lib/gcc/arm-none-eabi/4.4.1/../../../../arm-none-eabi/lib/thumb2\libc.a(lib_a-memset.o)
                              .\CortexM3\ARM_GCC_441\Debug\SpeedControl01.a(cyfitter_cfg.o) (memset)
c:/program files (x86)/cypress/psoc creator/2.1/psoc creator/import/gnu_cs/arm/4.4.1/bin/../lib/gcc/arm-none-eabi/4.4.1/../../../../arm-none-eabi/lib/thumb2\libc.a(lib_a-sprintf.o)
                              .\CortexM3\ARM_GCC_441\Debug\main.o (sprintf)
c:/program files (x86)/cypress/psoc creator/2.1/psoc creator/import/gnu_cs/arm/4.4.1/bin/../lib/gcc/arm-none-eabi/4.4.1/../../../../arm-none-eabi/lib/thumb2\libc.a(lib_a-svfprintf.o)
                              c:/program files (x86)/cypress/psoc creator/2.1/psoc creator/import/gnu_cs/arm/4.4.1/bin/../lib/gcc/arm-none-eabi/4.4.1/../../../../arm-none-eabi/lib/thumb2\libc.a(lib_a-sprintf.o) (_svfprintf_r)
c:/program files (x86)/cypress/psoc creator/2.1/psoc creator/import/gnu_cs/arm/4.4.1/bin/../lib/gcc/arm-none-eabi/4.4.1/../../../../arm-none-eabi/lib/thumb2\libc.a(lib_a-dtoa.o)
[...]
Memory Configuration

Name             Origin             Length             Attributes
rom              0x00000000         0x00040000         xr
ram              0x1fff8000         0x0000b000         xrw
*default*        0x00000000         0xffffffff

Linker script and memory map

LOAD c:/program files (x86)/cypress/psoc creator/2.1/psoc creator/import/gnu_cs/arm/4.4.1/bin/../lib/gcc/arm-none-eabi/4.4.1/thumb2/crti.o
LOAD c:/program files (x86)/cypress/psoc creator/2.1/psoc creator/import/gnu_cs/arm/4.4.1/bin/../lib/gcc/arm-none-eabi/4.4.1/thumb2/crtbegin.o
START GROUP
LOAD .\CortexM3\ARM_GCC_441\Debug\main.o
LOAD .\CortexM3\ARM_GCC_441\Debug\Cm3Start.o
LOAD .\CortexM3\ARM_GCC_441\Debug\SpeedControl01.a
LOAD C:\Program Files (x86)\Cypress\PSoC Creator\2.1\PSoC Creator\psoc\content\cycomponentlibrary\CyComponentLibrary.cylib\CortexM3\ARM_GCC_441\Debug\CyComponentLibrary.a
END GROUP
START GROUP
LOAD c:/program files (x86)/cypress/psoc creator/2.1/psoc creator/import/gnu_cs/arm/4.4.1/bin/../lib/gcc/arm-none-eabi/4.4.1/thumb2\libgcc.a
LOAD c:/program files (x86)/cypress/psoc creator/2.1/psoc creator/import/gnu_cs/arm/4.4.1/bin/../lib/gcc/arm-none-eabi/4.4.1/../../../../arm-none-eabi/lib/thumb2\libc.a
END GROUP
LOAD c:/program files (x86)/cypress/psoc creator/2.1/psoc creator/import/gnu_cs/arm/4.4.1/bin/../lib/gcc/arm-none-eabi/4.4.1/thumb2/crtend.o
LOAD c:/program files (x86)/cypress/psoc creator/2.1/psoc creator/import/gnu_cs/arm/4.4.1/bin/../lib/gcc/arm-none-eabi/4.4.1/thumb2/crtn.o
START GROUP
LOAD c:/program files (x86)/cypress/psoc creator/2.1/psoc creator/import/gnu_cs/arm/4.4.1/bin/../lib/gcc/arm-none-eabi/4.4.1/thumb2\libgcc.a
LOAD c:/program files (x86)/cypress/psoc creator/2.1/psoc creator/import/gnu_cs/arm/4.4.1/bin/../lib/gcc/arm-none-eabi/4.4.1/../../../../arm-none-eabi/lib/thumb2\libc.a
LOAD c:/program files (x86)/cypress/psoc creator/2.1/psoc creator/import/gnu_cs/arm/4.4.1/bin/../lib/gcc/arm-none-eabi/4.4.1/../../../../arm-none-eabi/lib/thumb2\libcs3.a
LOAD c:/program files (x86)/cypress/psoc creator/2.1/psoc creator/import/gnu_cs/arm/4.4.1/bin/../lib/gcc/arm-none-eabi/4.4.1/../../../../arm-none-eabi/lib/thumb2\libcs3unhosted.a
LOAD c:/program files (x86)/cypress/psoc creator/2.1/psoc creator/import/gnu_cs/arm/4.4.1/bin/../lib/gcc/arm-none-eabi/4.4.1/../../../../arm-none-eabi/lib/thumb2\libcs3micro.a
END GROUP
                0x1fff87a8                PROVIDE (__cs3_heap_start, _end)
                0x00000001                PROVIDE (__cs3_region_num, ((__cs3_regions_end - __cs3_regions) / 0x14))
                0x20008000                PROVIDE (__cs3_stack, 0x20008000)
                0x20004000                PROVIDE (__cs3_heap_end, (__cs3_stack - 0x4000))

.text           0x00000000     0x7f38
 CREATE_OBJECT_SYMBOLS
                0x00000000                __cs3_interrupt_vector = __cs3_interrupt_vector_micro
 *(.cs3.interrupt_vector)
 .cs3.interrupt_vector
                0x00000000       0xc0 c:/program files (x86)/cypress/psoc creator/2.1/psoc creator/import/gnu_cs/arm/4.4.1/bin/../lib/gcc/arm-none-eabi/4.4.1/../../../../arm-none-eabi/lib/thumb2\libcs3micro.a(micro-vector.o)
                0x00000000                __cs3_interrupt_vector_micro
                0x00000001                ASSERT ((. != __cs3_interrupt_vector_micro), No interrupt vector)
                0x000010cc                PROVIDE (__cs3_reset, Reset)
 *(.cs3.reset)
                0x00000001                ASSERT ((. != __cs3_reset), No reset code)
 *(.dma_init)
                0x00000001                ASSERT ((((0x0 + .) <= 0x10000) || 0x1), DMA Init must be within the first 64k of flash)
 *(.text.cs3.init)
 .text.cs3.init
                0x000000c0       0x5c c:/program files (x86)/cypress/psoc creator/2.1/psoc creator/import/gnu_cs/arm/4.4.1/bin/../lib/gcc/arm-none-eabi/4.4.1/../../../../arm-none-eabi/lib/thumb2\libcs3.a(start_c.o)
                0x000000c0                __cs3_start_c
 *(.text .text.* .gnu.linkonce.t.*)
 .text          0x0000011c       0x30 c:/program files (x86)/cypress/psoc creator/2.1/psoc creator/import/gnu_cs/arm/4.4.1/bin/../lib/gcc/arm-none-eabi/4.4.1/thumb2/crtbegin.o
 .text.setThrottle
                0x0000014c       0x8c .\CortexM3\ARM_GCC_441\Debug\main.o
                0x0000014c                setThrottle
 .text.getSpeed
                0x000001d8      0x130 .\CortexM3\ARM_GCC_441\Debug\main.o
                0x000001d8                getSpeed
 .text.controlThrottle
                0x00000308      0x280 .\CortexM3\ARM_GCC_441\Debug\main.o
                0x00000308                controlThrottle
 .text.button_inter
                0x00000588       0x18 .\CortexM3\ARM_GCC_441\Debug\main.o
                0x00000588                button_inter
 .text.rx_inter
                0x000005a0       0x18 .\CortexM3\ARM_GCC_441\Debug\main.o
                0x000005a0                rx_inter
 .text.wheel_inter
                0x000005b8       0x18 .\CortexM3\ARM_GCC_441\Debug\main.o
                0x000005b8                wheel_inter
 .text.timeout_inter
                0x000005d0       0x18 .\CortexM3\ARM_GCC_441\Debug\main.o
                0x000005d0                timeout_inter
 .text.throttle_inter
                0x000005e8       0x18 .\CortexM3\ARM_GCC_441\Debug\main.o
                0x000005e8                throttle_inter
 .text.main     0x00000600      0xacc .\CortexM3\ARM_GCC_441\Debug\main.o
                0x00000600                main
 .text.Reset    0x000010cc       0x24 .\CortexM3\ARM_GCC_441\Debug\Cm3Start.o
                0x000010cc                Reset
 .text.initialize_psoc
                0x000010f0       0x9c .\CortexM3\ARM_GCC_441\Debug\Cm3Start.o
                0x000010f0                initialize_psoc
 .text.LCD_Init
                0x0000118c       0x90 .\CortexM3\ARM_GCC_441\Debug\SpeedControl01.a(LCD.o)
                0x0000118c                LCD_Init
 .text.LCD_Enable
                0x0000121c       0x1c .\CortexM3\ARM_GCC_441\Debug\SpeedControl01.a(LCD.o)
                0x0000121c                LCD_Enable
 .text.LCD_Start
                0x00001238       0x2c .\CortexM3\ARM_GCC_441\Debug\SpeedControl01.a(LCD.o)
                0x00001238                LCD_Start
 .text.LCD_Position
                0x00001264       0x74 .\CortexM3\ARM_GCC_441\Debug\SpeedControl01.a(LCD.o)
                0x00001264                LCD_Position
 .text.LCD_PrintString
                0x000012d8       0x40 .\CortexM3\ARM_GCC_441\Debug\SpeedControl01.a(LCD.o)
                0x000012d8                LCD_PrintString
 .text.LCD_WriteData
                0x00001318       0x38 .\CortexM3\ARM_GCC_441\Debug\SpeedControl01.a(LCD.o)
                0x00001318                LCD_WriteData
 .text.LCD_WriteControl
                0x00001350       0x40 .\CortexM3\ARM_GCC_441\Debug\SpeedControl01.a(LCD.o)
                0x00001350                LCD_WriteControl
 .text.LCD_IsReady
                0x00001390      0x204 .\CortexM3\ARM_GCC_441\Debug\SpeedControl01.a(LCD.o)
                0x00001390                LCD_IsReady
 .text.LCD_WrDatNib
                0x00001594       0xac .\CortexM3\ARM_GCC_441\Debug\SpeedControl01.a(LCD.o)
                0x00001594                LCD_WrDatNib
 .text.LCD_WrCntrlNib
                0x00001640       0x8c .\CortexM3\ARM_GCC_441\Debug\SpeedControl01.a(LCD.o)
                0x00001640                LCD_WrCntrlNib
 .text.inter_button_Start
                0x000016cc       0x24 .\CortexM3\ARM_GCC_441\Debug\SpeedControl01.a(inter_button.o)
                0x000016cc                inter_button_Start
 .text.inter_button_Interrupt
                0x000016f0        0xc .\CortexM3\ARM_GCC_441\Debug\SpeedControl01.a(inter_button.o)
                0x000016f0                inter_button_Interrupt
 .text.inter_button_SetVector
                0x000016fc       0x28 .\CortexM3\ARM_GCC_441\Debug\SpeedControl01.a(inter_button.o)
                0x000016fc                inter_button_SetVector
 .text.inter_button_SetPriority
                0x00001724       0x28 .\CortexM3\ARM_GCC_441\Debug\SpeedControl01.a(inter_button.o)
                0x00001724                inter_button_SetPriority
 .text.inter_button_Enable
                0x0000174c       0x18 .\CortexM3\ARM_GCC_441\Debug\SpeedControl01.a(inter_button.o)
                0x0000174c                inter_button_Enable
 .text.inter_button_Disable
                0x00001764       0x18 .\CortexM3\ARM_GCC_441\Debug\SpeedControl01.a(inter_button.o)
                0x00001764                inter_button_Disable
 .text.PWM_Start
                0x0000177c       0x2c .\CortexM3\ARM_GCC_441\Debug\SpeedControl01.a(PWM.o)
                0x0000177c                PWM_Start
 .text.PWM_Init
                0x000017a8       0xc0 .\CortexM3\ARM_GCC_441\Debug\SpeedControl01.a(PWM.o)
                0x000017a8                PWM_Init
 .text.PWM_Enable
                0x00001868       0x2c .\CortexM3\ARM_GCC_441\Debug\SpeedControl01.a(PWM.o)
                0x00001868                PWM_Enable
 .text.PWM_WriteCounter
                0x00001894       0x20 .\CortexM3\ARM_GCC_441\Debug\SpeedControl01.a(PWM.o)
                0x00001894                PWM_WriteCounter
 .text.PWM_ClearFIFO
                0x000018b4       0x2c .\CortexM3\ARM_GCC_441\Debug\SpeedControl01.a(PWM.o)
                0x000018b4                PWM_ClearFIFO
 .text.PWM_WritePeriod
                0x000018e0       0x20 .\CortexM3\ARM_GCC_441\Debug\SpeedControl01.a(PWM.o)
                0x000018e0                PWM_WritePeriod
 .text.PWM_WriteCompare
                0x00001900       0x20 .\CortexM3\ARM_GCC_441\Debug\SpeedControl01.a(PWM.o)
                0x00001900                PWM_WriteCompare
 .text          0x00001920       0x20 .\CortexM3\ARM_GCC_441\Debug\SpeedControl01.a(CyBootAsmGnu.o)
                0x00001920                CyDelayCycles
                0x00001930                CyEnterCriticalSection
                0x00001938                CyExitCriticalSection
 .text.CyHalt   0x00001940       0x18 .\CortexM3\ARM_GCC_441\Debug\SpeedControl01.a(CyLib.o)
                0x00001940                CyHalt
 .text.CyDelay  0x00001958       0x48 .\CortexM3\ARM_GCC_441\Debug\SpeedControl01.a(CyLib.o)
                0x00001958                CyDelay
 .text.CyDelayUs
                0x000019a0       0x28 .\CortexM3\ARM_GCC_441\Debug\SpeedControl01.a(CyLib.o)
                0x000019a0                CyDelayUs
 .text.UART_1_Start
                0x000019c8       0x2c .\CortexM3\ARM_GCC_441\Debug\SpeedControl01.a(UART_1.o)
                0x000019c8                UART_1_Start
 .text.UART_1_Init
                0x000019f4       0x44 .\CortexM3\ARM_GCC_441\Debug\SpeedControl01.a(UART_1.o)
                0x000019f4                UART_1_Init
 .text.UART_1_Enable
                0x00001a38       0x90 .\CortexM3\ARM_GCC_441\Debug\SpeedControl01.a(UART_1.o)
                0x00001a38                UART_1_Enable
 .text.UART_1_GetChar
                0x00001ac8       0x4c .\CortexM3\ARM_GCC_441\Debug\SpeedControl01.a(UART_1.o)
                0x00001ac8                UART_1_GetChar
 .text.UART_1_PutChar
                0x00001b14       0x34 .\CortexM3\ARM_GCC_441\Debug\SpeedControl01.a(UART_1.o)
                0x00001b14                UART_1_PutChar
 .text.UART_1_PutString
                0x00001b48       0x3c .\CortexM3\ARM_GCC_441\Debug\SpeedControl01.a(UART_1.o)
                0x00001b48                UART_1_PutString
 .text.rx_rcvd_Start
                0x00001b84       0x24 .\CortexM3\ARM_GCC_441\Debug\SpeedControl01.a(rx_rcvd.o)
                0x00001b84                rx_rcvd_Start
 .text.rx_rcvd_Interrupt
                0x00001ba8        0xc .\CortexM3\ARM_GCC_441\Debug\SpeedControl01.a(rx_rcvd.o)
                0x00001ba8                rx_rcvd_Interrupt
 .text.rx_rcvd_SetVector
                0x00001bb4       0x28 .\CortexM3\ARM_GCC_441\Debug\SpeedControl01.a(rx_rcvd.o)
                0x00001bb4                rx_rcvd_SetVector
 .text.rx_rcvd_SetPriority
                0x00001bdc       0x28 .\CortexM3\ARM_GCC_441\Debug\SpeedControl01.a(rx_rcvd.o)
                0x00001bdc                rx_rcvd_SetPriority
 .text.rx_rcvd_Enable
                0x00001c04       0x18 .\CortexM3\ARM_GCC_441\Debug\SpeedControl01.a(rx_rcvd.o)
                0x00001c04                rx_rcvd_Enable
 .text.rx_rcvd_Disable
                0x00001c1c       0x18 .\CortexM3\ARM_GCC_441\Debug\SpeedControl01.a(rx_rcvd.o)
                0x00001c1c                rx_rcvd_Disable
 .text.wheel_tick_Start
                0x00001c34       0x24 .\CortexM3\ARM_GCC_441\Debug\SpeedControl01.a(wheel_tick.o)
                0x00001c34                wheel_tick_Start
 .text.wheel_tick_Interrupt
                0x00001c58        0xc .\CortexM3\ARM_GCC_441\Debug\SpeedControl01.a(wheel_tick.o)
                0x00001c58                wheel_tick_Interrupt
 .text.wheel_tick_SetVector
                0x00001c64       0x28 .\CortexM3\ARM_GCC_441\Debug\SpeedControl01.a(wheel_tick.o)
                0x00001c64                wheel_tick_SetVector
 .text.wheel_tick_SetPriority
                0x00001c8c       0x28 .\CortexM3\ARM_GCC_441\Debug\SpeedControl01.a(wheel_tick.o)
                0x00001c8c                wheel_tick_SetPriority
 .text.wheel_tick_Enable
                0x00001cb4       0x18 .\CortexM3\ARM_GCC_441\Debug\SpeedControl01.a(wheel_tick.o)
                0x00001cb4                wheel_tick_Enable
 .text.wheel_tick_Disable
                0x00001ccc       0x18 .\CortexM3\ARM_GCC_441\Debug\SpeedControl01.a(wheel_tick.o)
                0x00001ccc                wheel_tick_Disable
 .text.Counter_1_Init
                0x00001ce4       0xdc .\CortexM3\ARM_GCC_441\Debug\SpeedControl01.a(Counter_1.o)
                0x00001ce4                Counter_1_Init
 .text.Counter_1_Enable
                0x00001dc0       0x60 .\CortexM3\ARM_GCC_441\Debug\SpeedControl01.a(Counter_1.o)
                0x00001dc0                Counter_1_Enable
 .text.Counter_1_Start
                0x00001e20       0x2c .\CortexM3\ARM_GCC_441\Debug\SpeedControl01.a(Counter_1.o)
                0x00001e20                Counter_1_Start
 .text.Counter_1_SetInterruptMode
                0x00001e4c       0x20 .\CortexM3\ARM_GCC_441\Debug\SpeedControl01.a(Counter_1.o)
                0x00001e4c                Counter_1_SetInterruptMode
 .text.Counter_1_WriteCounter
                0x00001e6c       0x88 .\CortexM3\ARM_GCC_441\Debug\SpeedControl01.a(Counter_1.o)
                0x00001e6c                Counter_1_WriteCounter
 .text.Counter_1_WritePeriod
                0x00001ef4       0x20 .\CortexM3\ARM_GCC_441\Debug\SpeedControl01.a(Counter_1.o)
                0x00001ef4                Counter_1_WritePeriod
 .text.Timer_1_Init
                0x00001f14       0xdc .\CortexM3\ARM_GCC_441\Debug\SpeedControl01.a(Timer_1.o)
                0x00001f14                Timer_1_Init
 .text.Timer_1_Enable
                0x00001ff0       0x60 .\CortexM3\ARM_GCC_441\Debug\SpeedControl01.a(Timer_1.o)
                0x00001ff0                Timer_1_Enable
 .text.Timer_1_Start
                0x00002050       0x2c .\CortexM3\ARM_GCC_441\Debug\SpeedControl01.a(Timer_1.o)
                0x00002050                Timer_1_Start
 .text.Timer_1_SetInterruptMode
                0x0000207c       0x20 .\CortexM3\ARM_GCC_441\Debug\SpeedControl01.a(Timer_1.o)
                0x0000207c                Timer_1_SetInterruptMode
 .text.Timer_1_WritePeriod
                0x0000209c       0x24 .\CortexM3\ARM_GCC_441\Debug\SpeedControl01.a(Timer_1.o)
                0x0000209c                Timer_1_WritePeriod
 .text.Timer_1_ReadCapture
                0x000020c0       0x18 .\CortexM3\ARM_GCC_441\Debug\SpeedControl01.a(Timer_1.o)
                0x000020c0                Timer_1_ReadCapture
 .text.Timer_1_WriteCounter
                0x000020d8       0x14 .\CortexM3\ARM_GCC_441\Debug\SpeedControl01.a(Timer_1.o)
                0x000020d8                Timer_1_WriteCounter
 .text.tick_timeout_Start
                0x000020ec       0x24 .\CortexM3\ARM_GCC_441\Debug\SpeedControl01.a(tick_timeout.o)
                0x000020ec                tick_timeout_Start
 .text.tick_timeout_Interrupt
                0x00002110        0xc .\CortexM3\ARM_GCC_441\Debug\SpeedControl01.a(tick_timeout.o)
                0x00002110                tick_timeout_Interrupt
 .text.tick_timeout_SetVector
                0x0000211c       0x28 .\CortexM3\ARM_GCC_441\Debug\SpeedControl01.a(tick_timeout.o)
                0x0000211c                tick_timeout_SetVector
 .text.tick_timeout_SetPriority
                0x00002144       0x28 .\CortexM3\ARM_GCC_441\Debug\SpeedControl01.a(tick_timeout.o)
                0x00002144                tick_timeout_SetPriority
 .text.tick_timeout_Enable
                0x0000216c       0x18 .\CortexM3\ARM_GCC_441\Debug\SpeedControl01.a(tick_timeout.o)
                0x0000216c                tick_timeout_Enable
 .text.tick_timeout_Disable
                0x00002184       0x18 .\CortexM3\ARM_GCC_441\Debug\SpeedControl01.a(tick_timeout.o)
                0x00002184                tick_timeout_Disable
 .text.ShiftReg_1_Start
                0x0000219c       0x2c .\CortexM3\ARM_GCC_441\Debug\SpeedControl01.a(ShiftReg_1.o)
                0x0000219c                ShiftReg_1_Start
 .text.ShiftReg_1_Enable
                0x000021c8       0x28 .\CortexM3\ARM_GCC_441\Debug\SpeedControl01.a(ShiftReg_1.o)
                0x000021c8                ShiftReg_1_Enable
 .text.ShiftReg_1_Init
                0x000021f0       0x10 .\CortexM3\ARM_GCC_441\Debug\SpeedControl01.a(ShiftReg_1.o)
                0x000021f0                ShiftReg_1_Init
 .text.ShiftReg_1_EnableInt
                0x00002200       0x3c .\CortexM3\ARM_GCC_441\Debug\SpeedControl01.a(ShiftReg_1.o)
                0x00002200                ShiftReg_1_EnableInt
 .text.ShiftReg_1_SetIntMode
                0x0000223c       0x3c .\CortexM3\ARM_GCC_441\Debug\SpeedControl01.a(ShiftReg_1.o)
                0x0000223c                ShiftReg_1_SetIntMode
 .text.Counter_2_Init
                0x00002278       0xdc .\CortexM3\ARM_GCC_441\Debug\SpeedControl01.a(Counter_2.o)
                0x00002278                Counter_2_Init
 .text.Counter_2_Enable
                0x00002354       0x60 .\CortexM3\ARM_GCC_441\Debug\SpeedControl01.a(Counter_2.o)
                0x00002354                Counter_2_Enable
 .text.Counter_2_Start
                0x000023b4       0x2c .\CortexM3\ARM_GCC_441\Debug\SpeedControl01.a(Counter_2.o)
                0x000023b4                Counter_2_Start
 .text.Counter_2_SetInterruptMode
                0x000023e0       0x20 .\CortexM3\ARM_GCC_441\Debug\SpeedControl01.a(Counter_2.o)
                0x000023e0                Counter_2_SetInterruptMode
 .text.Counter_2_WriteCounter
                0x00002400       0x88 .\CortexM3\ARM_GCC_441\Debug\SpeedControl01.a(Counter_2.o)
                0x00002400                Counter_2_WriteCounter
 .text.Counter_2_WritePeriod
                0x00002488       0x20 .\CortexM3\ARM_GCC_441\Debug\SpeedControl01.a(Counter_2.o)
                0x00002488                Counter_2_WritePeriod
 .text.throttle_update_Start
                0x000024a8       0x24 .\CortexM3\ARM_GCC_441\Debug\SpeedControl01.a(throttle_update.o)
                0x000024a8                throttle_update_Start
 .text.throttle_update_Interrupt
                0x000024cc        0xc .\CortexM3\ARM_GCC_441\Debug\SpeedControl01.a(throttle_update.o)
                0x000024cc                throttle_update_Interrupt
 .text.throttle_update_SetVector
                0x000024d8       0x28 .\CortexM3\ARM_GCC_441\Debug\SpeedControl01.a(throttle_update.o)
                0x000024d8                throttle_update_SetVector
 .text.throttle_update_SetPriority
                0x00002500       0x28 .\CortexM3\ARM_GCC_441\Debug\SpeedControl01.a(throttle_update.o)
                0x00002500                throttle_update_SetPriority
 .text.throttle_update_Enable
                0x00002528       0x18 .\CortexM3\ARM_GCC_441\Debug\SpeedControl01.a(throttle_update.o)
                0x00002528                throttle_update_Enable
 .text.throttle_update_Disable
                0x00002540       0x18 .\CortexM3\ARM_GCC_441\Debug\SpeedControl01.a(throttle_update.o)
                0x00002540                throttle_update_Disable
 .text.cfg_write_bytes32
                0x00002558       0x94 .\CortexM3\ARM_GCC_441\Debug\SpeedControl01.a(cyfitter_cfg.o)
 .text.ClockSetup
                0x000025ec      0x15c .\CortexM3\ARM_GCC_441\Debug\SpeedControl01.a(cyfitter_cfg.o)
 .text.AnalogSetDefault
                0x00002748       0x4c .\CortexM3\ARM_GCC_441\Debug\SpeedControl01.a(cyfitter_cfg.o)
                0x00002748                AnalogSetDefault
 .text.cyfitter_cfg
                0x00002794      0x1f0 .\CortexM3\ARM_GCC_441\Debug\SpeedControl01.a(cyfitter_cfg.o)
                0x00002794                cyfitter_cfg
 .text.CySetReg24
                0x00002984       0x4c .\CortexM3\ARM_GCC_441\Debug\SpeedControl01.a(cyutils.o)
                0x00002984                CySetReg24
 .text          0x000029d0      0x370 c:/program files (x86)/cypress/psoc creator/2.1/psoc creator/import/gnu_cs/arm/4.4.1/bin/../lib/gcc/arm-none-eabi/4.4.1/thumb2\libgcc.a(_arm_addsubdf3.o)
                0x000029d0                __aeabi_drsub
                0x000029d8                __aeabi_dsub
                0x000029d8                __subdf3
                0x000029dc                __aeabi_dadd
                0x000029dc                __adddf3
                0x00002c54                __floatunsidf
                0x00002c54                __aeabi_ui2d
                0x00002c74                __floatsidf
                0x00002c74                __aeabi_i2d
                0x00002c98                __aeabi_f2d
                0x00002c98                __extendsfdf2
                0x00002cd4                __floatundidf
                0x00002cd4                __aeabi_ul2d
                0x00002ce4                __floatdidf
                0x00002ce4                __aeabi_l2d
 .text          0x00002d40      0x424 c:/program files (x86)/cypress/psoc creator/2.1/psoc creator/import/gnu_cs/arm/4.4.1/bin/../lib/gcc/arm-none-eabi/4.4.1/thumb2\libgcc.a(_arm_muldivdf3.o)
                0x00002d40                __aeabi_dmul
                0x00002d40                __muldf3
                0x00002f94                __divdf3
                0x00002f94                __aeabi_ddiv
 .text          0x00003164       0x50 c:/program files (x86)/cypress/psoc creator/2.1/psoc creator/import/gnu_cs/arm/4.4.1/bin/../lib/gcc/arm-none-eabi/4.4.1/thumb2\libgcc.a(_arm_fixdfsi.o)
                0x00003164                __aeabi_d2iz
                0x00003164                __fixdfsi
 .text          0x000031b4      0x190 c:/program files (x86)/cypress/psoc creator/2.1/psoc creator/import/gnu_cs/arm/4.4.1/bin/../lib/gcc/arm-none-eabi/4.4.1/../../../../arm-none-eabi/lib/thumb2\libc.a(lib_a-memcpy.o)
                0x000031b4                memcpy
 .text          0x00003344       0xd4 c:/program files (x86)/cypress/psoc creator/2.1/psoc creator/import/gnu_cs/arm/4.4.1/bin/../lib/gcc/arm-none-eabi/4.4.1/../../../../arm-none-eabi/lib/thumb2\libc.a(lib_a-memset.o)
                0x00003344                memset
 .text          0x00003418       0x94 c:/program files (x86)/cypress/psoc creator/2.1/psoc creator/import/gnu_cs/arm/4.4.1/bin/../lib/gcc/arm-none-eabi/4.4.1/../../../../arm-none-eabi/lib/thumb2\libc.a(lib_a-sprintf.o)
                0x00003418                sprintf
                0x00003468                _sprintf_r
 .text          0x000034ac     0x15a8 c:/program files (x86)/cypress/psoc creator/2.1/psoc creator/import/gnu_cs/arm/4.4.1/bin/../lib/gcc/arm-none-eabi/4.4.1/../../../../arm-none-eabi/lib/thumb2\libc.a(lib_a-svfprintf.o)
                0x000035c8                _svfprintf_r
 *fill*         0x00004a54        0x4 00
 .text          0x00004a58      0xfb8 c:/program files (x86)/cypress/psoc creator/2.1/psoc creator/import/gnu_cs/arm/4.4.1/bin/../lib/gcc/arm-none-eabi/4.4.1/../../../../arm-none-eabi/lib/thumb2\libc.a(lib_a-dtoa.o)
                0x00004b78                _dtoa_r
 .text          0x00005a10      0x268 c:/program files (x86)/cypress/psoc creator/2.1/psoc creator/import/gnu_cs/arm/4.4.1/bin/../lib/gcc/arm-none-eabi/4.4.1/../../../../arm-none-eabi/lib/thumb2\libc.a(lib_a-freer.o)
                0x00005a10                _malloc_trim_r
                0x00005ab8                _free_r
 .text          0x00005c78       0x74 c:/program files (x86)/cypress/psoc creator/2.1/psoc creator/import/gnu_cs/arm/4.4.1/bin/../lib/gcc/arm-none-eabi/4.4.1/../../../../arm-none-eabi/lib/thumb2\libc.a(lib_a-locale.o)
                0x00005c78                __locale_charset
                0x00005c84                _localeconv_r
                0x00005c8c                localeconv
                0x00005c94                _setlocale_r
                0x00005cdc                setlocale
 .text          0x00005cec       0x20 c:/program files (x86)/cypress/psoc creator/2.1/psoc creator/import/gnu_cs/arm/4.4.1/bin/../lib/gcc/arm-none-eabi/4.4.1/../../../../arm-none-eabi/lib/thumb2\libc.a(lib_a-malloc.o)
                0x00005cec                free
                0x00005cfc                malloc
 .text          0x00005d0c      0x5a4 c:/program files (x86)/cypress/psoc creator/2.1/psoc creator/import/gnu_cs/arm/4.4.1/bin/../lib/gcc/arm-none-eabi/4.4.1/../../../../arm-none-eabi/lib/thumb2\libc.a(lib_a-mallocr.o)
                0x00005d0c                _malloc_r
 .text          0x000062b0       0x74 c:/program files (x86)/cypress/psoc creator/2.1/psoc creator/import/gnu_cs/arm/4.4.1/bin/../lib/gcc/arm-none-eabi/4.4.1/../../../../arm-none-eabi/lib/thumb2\libc.a(lib_a-memchr.o)
                0x000062b0                memchr
 .text          0x00006324       0xb8 c:/program files (x86)/cypress/psoc creator/2.1/psoc creator/import/gnu_cs/arm/4.4.1/bin/../lib/gcc/arm-none-eabi/4.4.1/../../../../arm-none-eabi/lib/thumb2\libc.a(lib_a-memmove.o)
                0x00006324                memmove
 .text          0x000063dc        0x8 c:/program files (x86)/cypress/psoc creator/2.1/psoc creator/import/gnu_cs/arm/4.4.1/bin/../lib/gcc/arm-none-eabi/4.4.1/../../../../arm-none-eabi/lib/thumb2\libc.a(lib_a-mlock.o)
                0x000063dc                __malloc_lock
                0x000063e0                __malloc_unlock
 .text          0x000063e4      0x958 c:/program files (x86)/cypress/psoc creator/2.1/psoc creator/import/gnu_cs/arm/4.4.1/bin/../lib/gcc/arm-none-eabi/4.4.1/../../../../arm-none-eabi/lib/thumb2\libc.a(lib_a-mprec.o)
                0x000063e4                __hi0bits
                0x00006424                __lo0bits
                0x00006488                __mcmp
                0x000064c8                __ulp
                0x00006514                __b2d
                0x000065bc                __ratio
                0x0000661c                _mprec_log10
                0x00006654                __copybits
                0x000066a4                __any_on
                0x000066fc                _Bfree
                0x00006734                _Balloc
                0x000067a0                __d2b
                0x00006870                __mdiff
                0x00006968                __lshift
                0x00006a24                __multiply
                0x00006b58                __i2b
                0x00006b6c                __multadd
                0x00006bf4                __pow5mult
                0x00006ca0                __s2b
 .text          0x00006d3c      0x3b4 c:/program files (x86)/cypress/psoc creator/2.1/psoc creator/import/gnu_cs/arm/4.4.1/bin/../lib/gcc/arm-none-eabi/4.4.1/../../../../arm-none-eabi/lib/thumb2\libc.a(lib_a-reallocr.o)
                0x00006d3c                _realloc_r
 .text          0x000070f0       0x24 c:/program files (x86)/cypress/psoc creator/2.1/psoc creator/import/gnu_cs/arm/4.4.1/bin/../lib/gcc/arm-none-eabi/4.4.1/../../../../arm-none-eabi/lib/thumb2\libc.a(lib_a-s_isinfd.o)
                0x000070f0                __isinfd
 .text          0x00007114       0x1c c:/program files (x86)/cypress/psoc creator/2.1/psoc creator/import/gnu_cs/arm/4.4.1/bin/../lib/gcc/arm-none-eabi/4.4.1/../../../../arm-none-eabi/lib/thumb2\libc.a(lib_a-s_isnand.o)
                0x00007114                __isnand
 .text          0x00007130       0x28 c:/program files (x86)/cypress/psoc creator/2.1/psoc creator/import/gnu_cs/arm/4.4.1/bin/../lib/gcc/arm-none-eabi/4.4.1/../../../../arm-none-eabi/lib/thumb2\libc.a(lib_a-sbrkr.o)
                0x00007130                _sbrk_r
 .text          0x00007158      0x1dc c:/program files (x86)/cypress/psoc creator/2.1/psoc creator/import/gnu_cs/arm/4.4.1/bin/../lib/gcc/arm-none-eabi/4.4.1/../../../../arm-none-eabi/lib/thumb2\libc.a(lib_a-strcmp.o)
                0x00007158                strcmp
 .text          0x00007334       0x60 c:/program files (x86)/cypress/psoc creator/2.1/psoc creator/import/gnu_cs/arm/4.4.1/bin/../lib/gcc/arm-none-eabi/4.4.1/../../../../arm-none-eabi/lib/thumb2\libc.a(lib_a-strlen.o)
                0x00007334                strlen
 .text          0x00007394       0x5c c:/program files (x86)/cypress/psoc creator/2.1/psoc creator/import/gnu_cs/arm/4.4.1/bin/../lib/gcc/arm-none-eabi/4.4.1/../../../../arm-none-eabi/lib/thumb2\libc.a(lib_a-callocr.o)
                0x00007394                _calloc_r
 .text          0x000073f0      0x278 c:/program files (x86)/cypress/psoc creator/2.1/psoc creator/import/gnu_cs/arm/4.4.1/bin/../lib/gcc/arm-none-eabi/4.4.1/thumb2\libgcc.a(_udivsi3.o)
                0x000073f0                __aeabi_uidiv
                0x000073f0                __udivsi3
                0x0000764c                __aeabi_uidivmod
 .text          0x00007668        0x4 c:/program files (x86)/cypress/psoc creator/2.1/psoc creator/import/gnu_cs/arm/4.4.1/bin/../lib/gcc/arm-none-eabi/4.4.1/thumb2\libgcc.a(_dvmd_tls.o)
                0x00007668                __aeabi_idiv0
                0x00007668                __aeabi_ldiv0
 .text          0x0000766c      0x110 c:/program files (x86)/cypress/psoc creator/2.1/psoc creator/import/gnu_cs/arm/4.4.1/bin/../lib/gcc/arm-none-eabi/4.4.1/thumb2\libgcc.a(_arm_cmpdf2.o)
                0x0000766c                __gtdf2
                0x0000766c                __gedf2
                0x00007674                __ltdf2
                0x00007674                __ledf2
                0x0000767c                __nedf2
                0x0000767c                __eqdf2
                0x0000767c                __cmpdf2
                0x000076f8                __aeabi_cdrcmple
                0x00007708                __aeabi_cdcmpeq
                0x00007708                __aeabi_cdcmple
                0x00007718                __aeabi_dcmpeq
                0x0000772c                __aeabi_dcmplt
                0x00007740                __aeabi_dcmple
                0x00007754                __aeabi_dcmpge
                0x00007768                __aeabi_dcmpgt
 .text          0x0000777c       0x2c c:/program files (x86)/cypress/psoc creator/2.1/psoc creator/import/gnu_cs/arm/4.4.1/bin/../lib/gcc/arm-none-eabi/4.4.1/thumb2\libgcc.a(_aeabi_uldivmod.o)
                0x0000777c                __aeabi_uldivmod
 .text          0x000077a8       0x58 c:/program files (x86)/cypress/psoc creator/2.1/psoc creator/import/gnu_cs/arm/4.4.1/bin/../lib/gcc/arm-none-eabi/4.4.1/thumb2\libgcc.a(bpabi.o)
                0x000077a8                __gnu_uldivmod_helper
                0x000077d4                __gnu_ldivmod_helper
 .text          0x00007800      0x364 c:/program files (x86)/cypress/psoc creator/2.1/psoc creator/import/gnu_cs/arm/4.4.1/bin/../lib/gcc/arm-none-eabi/4.4.1/thumb2\libgcc.a(_divdi3.o)
                0x00007800                __divdi3
 .text          0x00007b64      0x300 c:/program files (x86)/cypress/psoc creator/2.1/psoc creator/import/gnu_cs/arm/4.4.1/bin/../lib/gcc/arm-none-eabi/4.4.1/thumb2\libgcc.a(_udivdi3.o)
                0x00007b64                __udivdi3
 .text          0x00007e64       0x30 c:/program files (x86)/cypress/psoc creator/2.1/psoc creator/import/gnu_cs/arm/4.4.1/bin/../lib/gcc/arm-none-eabi/4.4.1/../../../../arm-none-eabi/lib/thumb2\libcs3.a(start_c.o)
                0x00007e64                __cs3_premain
 .text          0x00007e94       0x44 c:/program files (x86)/cypress/psoc creator/2.1/psoc creator/import/gnu_cs/arm/4.4.1/bin/../lib/gcc/arm-none-eabi/4.4.1/../../../../arm-none-eabi/lib/thumb2\libcs3unhosted.a(unhosted-sbrk.o)
                0x00007e94                _sbrk
 .text          0x00007ed8        0x2 c:/program files (x86)/cypress/psoc creator/2.1/psoc creator/import/gnu_cs/arm/4.4.1/bin/../lib/gcc/arm-none-eabi/4.4.1/../../../../arm-none-eabi/lib/thumb2\libcs3micro.a(micro_isr_interrupt.o)
                0x00007ed8                __cs3_isr_external_24
                0x00007ed8                __cs3_isr_external_9
                0x00007ed8                __cs3_isr_external_14
                0x00007ed8                __cs3_isr_reserved_9
                0x00007ed8                __cs3_isr_external_4
                0x00007ed8                __cs3_isr_external_21
                0x00007ed8                __cs3_isr_external_0
                0x00007ed8                __cs3_isr_external_27
                0x00007ed8                __cs3_isr_external_11
                0x00007ed8                __cs3_isr_usage_fault
                0x00007ed8                __cs3_isr_svcall
                0x00007ed8                __cs3_isr_external_3
                0x00007ed8                __cs3_isr_mpu_fault
                0x00007ed8                __cs3_isr_external_16
                0x00007ed8                __cs3_isr_pendsv
                0x00007ed8                __cs3_isr_external_31
                0x00007ed8                __cs3_isr_nmi
                0x00007ed8                __cs3_isr_external_5
                0x00007ed8                __cs3_isr_external_6
                0x00007ed8                __cs3_isr_external_12
                0x00007ed8                __cs3_isr_hard_fault
                0x00007ed8                __cs3_isr_bus_fault
                0x00007ed8                __cs3_isr_external_1
                0x00007ed8                __cs3_isr_external_13
                0x00007ed8                __cs3_isr_external_30
                0x00007ed8                __cs3_isr_external_23
                0x00007ed8                __cs3_isr_external_20
                0x00007ed8                __cs3_isr_debug
                0x00007ed8                __cs3_isr_reserved_13
                0x00007ed8                __cs3_isr_external_8
                0x00007ed8                __cs3_isr_external_26
                0x00007ed8                __cs3_isr_reserved_8
                0x00007ed8                __cs3_isr_reserved_7
                0x00007ed8                __cs3_isr_external_7
                0x00007ed8                __cs3_isr_external_28
                0x00007ed8                __cs3_isr_systick
                0x00007ed8                __cs3_isr_external_22
                0x00007ed8                __cs3_isr_external_10
                0x00007ed8                __cs3_isr_external_15
                0x00007ed8                __cs3_isr_interrupt
                0x00007ed8                __cs3_isr_external_18
                0x00007ed8                __cs3_isr_external_29
                0x00007ed8                __cs3_isr_external_25
                0x00007ed8                __cs3_isr_reserved_10
                0x00007ed8                __cs3_isr_external_2
                0x00007ed8                __cs3_isr_external_17
                0x00007ed8                __cs3_isr_external_19
 *fill*         0x00007eda        0x2 00
 .text          0x00007edc        0xc c:/program files (x86)/cypress/psoc creator/2.1/psoc creator/import/gnu_cs/arm/4.4.1/bin/../lib/gcc/arm-none-eabi/4.4.1/../../../../arm-none-eabi/lib/thumb2\libc.a(lib_a-errno.o)
                0x00007edc                __errno
 .text          0x00007ee8       0x50 c:/program files (x86)/cypress/psoc creator/2.1/psoc creator/import/gnu_cs/arm/4.4.1/bin/../lib/gcc/arm-none-eabi/4.4.1/../../../../arm-none-eabi/lib/thumb2\libc.a(lib_a-init.o)
                0x00007ee8                __libc_init_array
 *(.plt)
 *(.gnu.warning)
 *(.glue_7t)
 .glue_7t       0x00000000        0x0 linker stubs
 *(.glue_7)
 .glue_7        0x00000000        0x0 linker stubs
 *(.vfp11_veneer)
 .vfp11_veneer  0x00000000        0x0 linker stubs
 *(.bootloader)
 *(.ARM.extab* .gnu.linkonce.armextab.*)
 *(.gcc_except_table)

.v4_bx          0x00007f38        0x0
 .v4_bx         0x00000000        0x0 linker stubs

.eh_frame_hdr
 *(.eh_frame_hdr)

.eh_frame
 *(.eh_frame)
                0x00007f38                PROVIDE (__exidx_start, .)

.ARM.exidx      0x00007f38        0x8
 *(.ARM.exidx* .gnu.linkonce.armexidx.*)
 .ARM.exidx     0x00007f38        0x8 c:/program files (x86)/cypress/psoc creator/2.1/psoc creator/import/gnu_cs/arm/4.4.1/bin/../lib/gcc/arm-none-eabi/4.4.1/thumb2\libgcc.a(_divdi3.o)
 .ARM.exidx     0x00007f40        0x0 c:/program files (x86)/cypress/psoc creator/2.1/psoc creator/import/gnu_cs/arm/4.4.1/bin/../lib/gcc/arm-none-eabi/4.4.1/thumb2\libgcc.a(_udivdi3.o)
                                  0x8 (size before relaxing)
                0x00007f40                __exidx_end = .

.rodata         0x00007f40      0x360
 *(.rodata .rodata.* .gnu.linkonce.r.*)
 .rodata        0x00007f40      0x108 .\CortexM3\ARM_GCC_441\Debug\main.o
                0x00007f40                MAX_THROTTLE
                0x00007f44                CLK_FREQ
                0x00007f48                TIMER_PERIOD
                0x00007f50                WHEEL_DIAM
                0x00007f58                TARGET_SPEED
 .rodata        0x00008048       0x38 .\CortexM3\ARM_GCC_441\Debug\SpeedControl01.a(cyfitter_cfg.o)
 .rodata        0x00008080       0x20 c:/program files (x86)/cypress/psoc creator/2.1/psoc creator/import/gnu_cs/arm/4.4.1/bin/../lib/gcc/arm-none-eabi/4.4.1/../../../../arm-none-eabi/lib/thumb2\libc.a(lib_a-svfprintf.o)
 .rodata.str1.4
                0x000080a0       0x42 c:/program files (x86)/cypress/psoc creator/2.1/psoc creator/import/gnu_cs/arm/4.4.1/bin/../lib/gcc/arm-none-eabi/4.4.1/../../../../arm-none-eabi/lib/thumb2\libc.a(lib_a-svfprintf.o)
                                 0x44 (size before relaxing)
 *fill*         0x000080e2        0x2 00
 .rodata.str1.4
                0x000080e4       0x10 c:/program files (x86)/cypress/psoc creator/2.1/psoc creator/import/gnu_cs/arm/4.4.1/bin/../lib/gcc/arm-none-eabi/4.4.1/../../../../arm-none-eabi/lib/thumb2\libc.a(lib_a-dtoa.o)
                                 0x14 (size before relaxing)
 .rodata.str1.4
                0x000080f4        0x2 c:/program files (x86)/cypress/psoc creator/2.1/psoc creator/import/gnu_cs/arm/4.4.1/bin/../lib/gcc/arm-none-eabi/4.4.1/../../../../arm-none-eabi/lib/thumb2\libc.a(lib_a-impure.o)
                                  0x4 (size before relaxing)
 *fill*         0x000080f6        0x2 00
 .rodata        0x000080f8       0x34 c:/program files (x86)/cypress/psoc creator/2.1/psoc creator/import/gnu_cs/arm/4.4.1/bin/../lib/gcc/arm-none-eabi/4.4.1/../../../../arm-none-eabi/lib/thumb2\libc.a(lib_a-locale.o)
 .rodata.str1.4
                0x0000812c       0x10 c:/program files (x86)/cypress/psoc creator/2.1/psoc creator/import/gnu_cs/arm/4.4.1/bin/../lib/gcc/arm-none-eabi/4.4.1/../../../../arm-none-eabi/lib/thumb2\libc.a(lib_a-locale.o)
                                 0x18 (size before relaxing)
 *fill*         0x0000813c        0x4 00
 .rodata        0x00008140      0x128 c:/program files (x86)/cypress/psoc creator/2.1/psoc creator/import/gnu_cs/arm/4.4.1/bin/../lib/gcc/arm-none-eabi/4.4.1/../../../../arm-none-eabi/lib/thumb2\libc.a(lib_a-mprec.o)
                0x00008140                __mprec_tens
                0x00008218                __mprec_bigtens
                0x00008240                __mprec_tinytens
                0x00008268                . = ALIGN (0x4)
 *(.init)
 .init          0x00008268        0x4 c:/program files (x86)/cypress/psoc creator/2.1/psoc creator/import/gnu_cs/arm/4.4.1/bin/../lib/gcc/arm-none-eabi/4.4.1/thumb2/crti.o
                0x00008268                _init
 .init          0x0000826c        0x8 c:/program files (x86)/cypress/psoc creator/2.1/psoc creator/import/gnu_cs/arm/4.4.1/bin/../lib/gcc/arm-none-eabi/4.4.1/thumb2/crtn.o
                0x00008274                . = ALIGN (0x4)
                0x00008274                __preinit_array_start = .
 *(.preinit_array)
                0x00008274                __preinit_array_end = .
                0x00008274                . = ALIGN (0x4)
                0x00008274                __init_array_start = .
 *(SORT(.init_array.*))
 *(.init_array)
 .init_array    0x00008274        0x4 c:/program files (x86)/cypress/psoc creator/2.1/psoc creator/import/gnu_cs/arm/4.4.1/bin/../lib/gcc/arm-none-eabi/4.4.1/thumb2/crtbegin.o
 .init_array    0x00008278        0x4 .\CortexM3\ARM_GCC_441\Debug\Cm3Start.o
                0x0000827c                __init_array_end = .
                0x0000827c                . = ALIGN (0x4)
 *(.fini)
 .fini          0x0000827c        0x4 c:/program files (x86)/cypress/psoc creator/2.1/psoc creator/import/gnu_cs/arm/4.4.1/bin/../lib/gcc/arm-none-eabi/4.4.1/thumb2/crti.o
                0x0000827c                _fini
 .fini          0x00008280        0x8 c:/program files (x86)/cypress/psoc creator/2.1/psoc creator/import/gnu_cs/arm/4.4.1/bin/../lib/gcc/arm-none-eabi/4.4.1/thumb2/crtn.o
                0x00008288                . = ALIGN (0x4)
                0x00008288                __fini_array_start = .
 *(.fini_array)
 .fini_array    0x00008288        0x4 c:/program files (x86)/cypress/psoc creator/2.1/psoc creator/import/gnu_cs/arm/4.4.1/bin/../lib/gcc/arm-none-eabi/4.4.1/thumb2/crtbegin.o
 *(SORT(.fini_array.*))
                0x0000828c                __fini_array_end = .
                0x0000828c                . = ALIGN (0x4)
 *crtbegin.o(.ctors)
 *(EXCLUDE_FILE(*crtend.o) .ctors)
 *(SORT(.ctors.*))
 *crtend.o(.ctors)
                0x0000828c                . = ALIGN (0x4)
 *crtbegin.o(.dtors)
 *(EXCLUDE_FILE(*crtend.o) .dtors)
 *(SORT(.dtors.*))
 *crtend.o(.dtors)
                0x0000828c                . = ALIGN (0x4)
                0x0000828c                __cs3_regions = .
                0x0000828c        0x4 LONG 0x0
                0x00008290        0x4 LONG 0x82a0 __cs3_region_init_ram
                0x00008294        0x4 LONG 0x1fff8000 __cs3_region_start_ram
                0x00008298        0x4 LONG 0x648 __cs3_region_init_size_ram
                0x0000829c        0x4 LONG 0x160 __cs3_region_zero_size_ram
                0x000082a0                __cs3_regions_end = .
                0x000082a0                . = ALIGN (0x8)
                0x000082a0                _etext = .

.data           0x1fff8000      0x648 load address 0x000082a0
                0x1fff8000                __cs3_region_start_ram = .
 *(.cs3.region-head.ram)
                0x1fff8001                ASSERT ((. == __cs3_region_start_ram), .cs3.region-head.ram not permitted)
 *(.ramvectors)
 .ramvectors    0x1fff8000      0x100 .\CortexM3\ARM_GCC_441\Debug\Cm3Start.o
                0x1fff8000                CyRamVectors
 *(.jcr)
 .jcr           0x1fff8100        0x0 c:/program files (x86)/cypress/psoc creator/2.1/psoc creator/import/gnu_cs/arm/4.4.1/bin/../lib/gcc/arm-none-eabi/4.4.1/thumb2/crtbegin.o
 .jcr           0x1fff8100        0x4 c:/program files (x86)/cypress/psoc creator/2.1/psoc creator/import/gnu_cs/arm/4.4.1/bin/../lib/gcc/arm-none-eabi/4.4.1/thumb2/crtend.o
 *(.got.plt)
 *(.got)
 *(.shdata)
 *(.data .data.* .gnu.linkonce.d.*)
 *fill*         0x1fff8104        0x4 00
 .data          0x1fff8108       0x20 .\CortexM3\ARM_GCC_441\Debug\main.o
                0x1fff8108                buildVersion
                0x1fff8110                COEFF_P
                0x1fff8118                COEFF_I
                0x1fff8120                COEFF_D
 .data          0x1fff8128       0x10 .\CortexM3\ARM_GCC_441\Debug\SpeedControl01.a(CyLib.o)
                0x1fff8128                cydelay_freq_hz
                0x1fff812c                cydelay_freq_khz
                0x1fff8130                cydelay_freq_mhz
                0x1fff8134                cydelay_32k_ms
 .data          0x1fff8138       0xf4 c:/program files (x86)/cypress/psoc creator/2.1/psoc creator/import/gnu_cs/arm/4.4.1/bin/../lib/gcc/arm-none-eabi/4.4.1/../../../../arm-none-eabi/lib/thumb2\libc.a(lib_a-impure.o)
                0x1fff8138                _impure_ptr
 .data          0x1fff822c      0x410 c:/program files (x86)/cypress/psoc creator/2.1/psoc creator/import/gnu_cs/arm/4.4.1/bin/../lib/gcc/arm-none-eabi/4.4.1/../../../../arm-none-eabi/lib/thumb2\libc.a(lib_a-mallocr.o)
                0x1fff822c                __malloc_av_
                0x1fff8634                __malloc_sbrk_base
                0x1fff8638                __malloc_trim_threshold
 .data          0x1fff863c        0x4 c:/program files (x86)/cypress/psoc creator/2.1/psoc creator/import/gnu_cs/arm/4.4.1/bin/../lib/gcc/arm-none-eabi/4.4.1/../../../../arm-none-eabi/lib/thumb2\libcs3unhosted.a(unhosted-sbrk.o)
 .data          0x1fff8640        0x4 c:/program files (x86)/cypress/psoc creator/2.1/psoc creator/import/gnu_cs/arm/4.4.1/bin/../lib/gcc/arm-none-eabi/4.4.1/../../../../arm-none-eabi/lib/thumb2\libcs3.a(heap.o)
                0x1fff8640                __cs3_heap_limit
                0x1fff8648                . = ALIGN (0x8)
 *fill*         0x1fff8644        0x4 00
 *(.ram)
                0x1fff8648                _edata = .

.bss            0x1fff8648      0x160 load address 0x000088e8
 *(.shbss)
 *(.bss .bss.* .gnu.linkonce.b.*)
 .bss           0x1fff8648        0x1 c:/program files (x86)/cypress/psoc creator/2.1/psoc creator/import/gnu_cs/arm/4.4.1/bin/../lib/gcc/arm-none-eabi/4.4.1/thumb2/crtbegin.o
 *fill*         0x1fff8649        0x7 00
 .bss           0x1fff8650       0x48 .\CortexM3\ARM_GCC_441\Debug\main.o
                0x1fff8650                ss_throttle
                0x1fff8658                PID_integral
                0x1fff8660                speed_buf_pos
                0x1fff8664                speed_buf_last_pos
                0x1fff8668                throttlePIDon
                0x1fff866c                buttonInterrupted
                0x1fff8670                rxInterrupted
                0x1fff8674                wheelTickInterrupted
                0x1fff8678                tickTimeoutInterrupted
                0x1fff867c                throttleUpdateInterrupted
                0x1fff8680                rx_buf_pos
                0x1fff8684                msgReceived
                0x1fff8688                wheel_tick_buf_pos
                0x1fff868c                wheel_tick_buf_cur_size
                0x1fff8690                oldTickCount
 .bss           0x1fff8698        0x2 .\CortexM3\ARM_GCC_441\Debug\SpeedControl01.a(LCD.o)
                0x1fff8698                LCD_enableState
                0x1fff8699                LCD_initVar
 .bss           0x1fff869a        0x1 .\CortexM3\ARM_GCC_441\Debug\SpeedControl01.a(PWM.o)
                0x1fff869a                PWM_initVar
 .bss           0x1fff869b        0x2 .\CortexM3\ARM_GCC_441\Debug\SpeedControl01.a(UART_1.o)
                0x1fff869b                UART_1_initVar
 .bss           0x1fff869d        0x1 .\CortexM3\ARM_GCC_441\Debug\SpeedControl01.a(Counter_1.o)
                0x1fff869d                Counter_1_initVar
 .bss           0x1fff869e        0x1 .\CortexM3\ARM_GCC_441\Debug\SpeedControl01.a(Timer_1.o)
                0x1fff869e                Timer_1_initVar
 .bss           0x1fff869f        0x1 .\CortexM3\ARM_GCC_441\Debug\SpeedControl01.a(ShiftReg_1.o)
                0x1fff869f                ShiftReg_1_initVar
 .bss           0x1fff86a0        0x1 .\CortexM3\ARM_GCC_441\Debug\SpeedControl01.a(Counter_2.o)
                0x1fff86a0                Counter_2_initVar
 *fill*         0x1fff86a1        0x3 00
 .bss           0x1fff86a4       0x34 c:/program files (x86)/cypress/psoc creator/2.1/psoc creator/import/gnu_cs/arm/4.4.1/bin/../lib/gcc/arm-none-eabi/4.4.1/../../../../arm-none-eabi/lib/thumb2\libc.a(lib_a-mallocr.o)
                0x1fff86a4                __malloc_top_pad
                0x1fff86a8                __malloc_current_mallinfo
                0x1fff86d0                __malloc_max_sbrked_mem
                0x1fff86d4                __malloc_max_total_mem
 *(COMMON)
 COMMON         0x1fff86d8       0xc8 .\CortexM3\ARM_GCC_441\Debug\main.o
                0x1fff86d8                recByte
                0x1fff86dc                wheel_tick_buf
                0x1fff86e8                throttle
                0x1fff86ec                rx_buf
                0x1fff8750                speed_buf
 COMMON         0x1fff87a0        0x1 .\CortexM3\ARM_GCC_441\Debug\SpeedControl01.a(CyLib.o)
                0x1fff87a0                CyResetStatus
 *fill*         0x1fff87a1        0x3 00
 COMMON         0x1fff87a4        0x4 c:/program files (x86)/cypress/psoc creator/2.1/psoc creator/import/gnu_cs/arm/4.4.1/bin/../lib/gcc/arm-none-eabi/4.4.1/../../../../arm-none-eabi/lib/thumb2\libc.a(lib_a-reent.o)
                0x1fff87a4                errno
                0x1fff87a8                . = ALIGN (0x8)
 *(.ram.b)
                0x1fff87a8                _end = .
                0x1fff87a8                __end = .
                0x20003000                __cs3_region_end_ram = (__cs3_region_start_ram + 0xb000)
                0x0000b000                __cs3_region_size_ram = 0xb000
                0x000082a0                __cs3_region_init_ram = LOADADDR (.data)
                0x00000648                __cs3_region_init_size_ram = (_edata - ADDR (.data))
                0x00000160                __cs3_region_zero_size_ram = (_end - _edata)

.stab
 *(.stab)

.stabstr
 *(.stabstr)

.debug
 *(.debug)

.line
 *(.line)

.debug_srcinfo
 *(.debug_srcinfo)

.debug_sfnames
 *(.debug_sfnames)

.comment        0x00000000      0x35c
 .comment       0x00000000       0x2b .\CortexM3\ARM_GCC_441\Debug\main.o
 .comment       0x0000002b       0x2b .\CortexM3\ARM_GCC_441\Debug\Cm3Start.o
 .comment       0x00000056       0x2b .\CortexM3\ARM_GCC_441\Debug\SpeedControl01.a(LCD.o)
 .comment       0x00000081       0x2b .\CortexM3\ARM_GCC_441\Debug\SpeedControl01.a(inter_button.o)
 .comment       0x000000ac       0x2b .\CortexM3\ARM_GCC_441\Debug\SpeedControl01.a(PWM.o)
 .comment       0x000000d7       0x2b .\CortexM3\ARM_GCC_441\Debug\SpeedControl01.a(CyLib.o)
 .comment       0x00000102       0x2b .\CortexM3\ARM_GCC_441\Debug\SpeedControl01.a(cyPm.o)
 .comment       0x0000012d       0x2b .\CortexM3\ARM_GCC_441\Debug\SpeedControl01.a(UART_1.o)
 .comment       0x00000158       0x2b .\CortexM3\ARM_GCC_441\Debug\SpeedControl01.a(rx_rcvd.o)
 .comment       0x00000183       0x2b .\CortexM3\ARM_GCC_441\Debug\SpeedControl01.a(wheel_tick.o)
 .comment       0x000001ae       0x2b .\CortexM3\ARM_GCC_441\Debug\SpeedControl01.a(Counter_1.o)
 .comment       0x000001d9       0x2b .\CortexM3\ARM_GCC_441\Debug\SpeedControl01.a(Timer_1.o)
 .comment       0x00000204       0x2b .\CortexM3\ARM_GCC_441\Debug\SpeedControl01.a(tick_timeout.o)
 .comment       0x0000022f       0x2b .\CortexM3\ARM_GCC_441\Debug\SpeedControl01.a(ShiftReg_1.o)
 .comment       0x0000025a       0x2b .\CortexM3\ARM_GCC_441\Debug\SpeedControl01.a(Counter_2.o)
 .comment       0x00000285       0x2b .\CortexM3\ARM_GCC_441\Debug\SpeedControl01.a(throttle_update.o)
 .comment       0x000002b0       0x2b .\CortexM3\ARM_GCC_441\Debug\SpeedControl01.a(cyfitter_cfg.o)
 .comment       0x000002db       0x2b .\CortexM3\ARM_GCC_441\Debug\SpeedControl01.a(CyFlash.o)
 .comment       0x00000306       0x2b .\CortexM3\ARM_GCC_441\Debug\SpeedControl01.a(CySpc.o)
 .comment       0x00000331       0x2b .\CortexM3\ARM_GCC_441\Debug\SpeedControl01.a(cyutils.o)

.debug_aranges  0x00000000      0xb50
 *(.debug_aranges)
 .debug_aranges
                0x00000000       0x60 .\CortexM3\ARM_GCC_441\Debug\main.o
 .debug_aranges
                0x00000060       0x30 .\CortexM3\ARM_GCC_441\Debug\Cm3Start.o
 .debug_aranges
                0x00000090       0x90 .\CortexM3\ARM_GCC_441\Debug\SpeedControl01.a(LCD.o)
 .debug_aranges
                0x00000120       0x80 .\CortexM3\ARM_GCC_441\Debug\SpeedControl01.a(inter_button.o)
 .debug_aranges
                0x000001a0       0x60 .\CortexM3\ARM_GCC_441\Debug\SpeedControl01.a(PWM.o)
 .debug_aranges
                0x00000200       0x20 .\CortexM3\ARM_GCC_441\Debug\SpeedControl01.a(CyBootAsmGnu.o)
 .debug_aranges
                0x00000220      0x238 .\CortexM3\ARM_GCC_441\Debug\SpeedControl01.a(CyLib.o)
 .debug_aranges
                0x00000458       0xa0 .\CortexM3\ARM_GCC_441\Debug\SpeedControl01.a(cyPm.o)
 .debug_aranges
                0x000004f8       0xf0 .\CortexM3\ARM_GCC_441\Debug\SpeedControl01.a(UART_1.o)
 .debug_aranges
                0x000005e8       0x80 .\CortexM3\ARM_GCC_441\Debug\SpeedControl01.a(rx_rcvd.o)
 .debug_aranges
                0x00000668       0x80 .\CortexM3\ARM_GCC_441\Debug\SpeedControl01.a(wheel_tick.o)
 .debug_aranges
                0x000006e8       0x80 .\CortexM3\ARM_GCC_441\Debug\SpeedControl01.a(Counter_1.o)
 .debug_aranges
                0x00000768       0x88 .\CortexM3\ARM_GCC_441\Debug\SpeedControl01.a(Timer_1.o)
 .debug_aranges
                0x000007f0       0x80 .\CortexM3\ARM_GCC_441\Debug\SpeedControl01.a(tick_timeout.o)
 .debug_aranges
                0x00000870       0x70 .\CortexM3\ARM_GCC_441\Debug\SpeedControl01.a(ShiftReg_1.o)
 .debug_aranges
                0x000008e0       0x80 .\CortexM3\ARM_GCC_441\Debug\SpeedControl01.a(Counter_2.o)
 .debug_aranges
                0x00000960       0x80 .\CortexM3\ARM_GCC_441\Debug\SpeedControl01.a(throttle_update.o)
 .debug_aranges
                0x000009e0       0x48 .\CortexM3\ARM_GCC_441\Debug\SpeedControl01.a(cyfitter_cfg.o)
 .debug_aranges
                0x00000a28       0x78 .\CortexM3\ARM_GCC_441\Debug\SpeedControl01.a(CyFlash.o)
 .debug_aranges
                0x00000aa0       0x90 .\CortexM3\ARM_GCC_441\Debug\SpeedControl01.a(CySpc.o)
 .debug_aranges
                0x00000b30       0x20 .\CortexM3\ARM_GCC_441\Debug\SpeedControl01.a(cyutils.o)

.debug_pubnames
                0x00000000     0x1dc5
 *(.debug_pubnames)
 .debug_pubnames
                0x00000000      0x2a1 .\CortexM3\ARM_GCC_441\Debug\main.o
 .debug_pubnames
                0x000002a1       0x57 .\CortexM3\ARM_GCC_441\Debug\Cm3Start.o
 .debug_pubnames
                0x000002f8      0x14d .\CortexM3\ARM_GCC_441\Debug\SpeedControl01.a(LCD.o)
 .debug_pubnames
                0x00000445      0x168 .\CortexM3\ARM_GCC_441\Debug\SpeedControl01.a(inter_button.o)
 .debug_pubnames
                0x000005ad       0xbd .\CortexM3\ARM_GCC_441\Debug\SpeedControl01.a(PWM.o)
 .debug_pubnames
                0x0000066a      0x614 .\CortexM3\ARM_GCC_441\Debug\SpeedControl01.a(CyLib.o)
 .debug_pubnames
                0x00000c7e       0xbb .\CortexM3\ARM_GCC_441\Debug\SpeedControl01.a(cyPm.o)
 .debug_pubnames
                0x00000d39      0x29c .\CortexM3\ARM_GCC_441\Debug\SpeedControl01.a(UART_1.o)
 .debug_pubnames
                0x00000fd5      0x127 .\CortexM3\ARM_GCC_441\Debug\SpeedControl01.a(rx_rcvd.o)
 .debug_pubnames
                0x000010fc      0x14e .\CortexM3\ARM_GCC_441\Debug\SpeedControl01.a(wheel_tick.o)
 .debug_pubnames
                0x0000124a      0x17e .\CortexM3\ARM_GCC_441\Debug\SpeedControl01.a(Counter_1.o)
 .debug_pubnames
                0x000013c8      0x17e .\CortexM3\ARM_GCC_441\Debug\SpeedControl01.a(Timer_1.o)
 .debug_pubnames
                0x00001546      0x168 .\CortexM3\ARM_GCC_441\Debug\SpeedControl01.a(tick_timeout.o)
 .debug_pubnames
                0x000016ae      0x13b .\CortexM3\ARM_GCC_441\Debug\SpeedControl01.a(ShiftReg_1.o)
 .debug_pubnames
                0x000017e9      0x17e .\CortexM3\ARM_GCC_441\Debug\SpeedControl01.a(Counter_2.o)
 .debug_pubnames
                0x00001967      0x18f .\CortexM3\ARM_GCC_441\Debug\SpeedControl01.a(throttle_update.o)
 .debug_pubnames
                0x00001af6       0x52 .\CortexM3\ARM_GCC_441\Debug\SpeedControl01.a(cyfitter_cfg.o)
 .debug_pubnames
                0x00001b48      0x115 .\CortexM3\ARM_GCC_441\Debug\SpeedControl01.a(CyFlash.o)
 .debug_pubnames
                0x00001c5d      0x147 .\CortexM3\ARM_GCC_441\Debug\SpeedControl01.a(CySpc.o)
 .debug_pubnames
                0x00001da4       0x21 .\CortexM3\ARM_GCC_441\Debug\SpeedControl01.a(cyutils.o)

.debug_info     0x00000000     0x43ee
 *(.debug_info .gnu.linkonce.wi.*)
 .debug_info    0x00000000      0x599 .\CortexM3\ARM_GCC_441\Debug\main.o
 .debug_info    0x00000599      0x127 .\CortexM3\ARM_GCC_441\Debug\Cm3Start.o
 .debug_info    0x000006c0      0x39e .\CortexM3\ARM_GCC_441\Debug\SpeedControl01.a(LCD.o)
 .debug_info    0x00000a5e      0x22e .\CortexM3\ARM_GCC_441\Debug\SpeedControl01.a(inter_button.o)
 .debug_info    0x00000c8c      0x1c5 .\CortexM3\ARM_GCC_441\Debug\SpeedControl01.a(PWM.o)
 .debug_info    0x00000e51       0xaa .\CortexM3\ARM_GCC_441\Debug\SpeedControl01.a(CyBootAsmGnu.o)
 .debug_info    0x00000efb      0xd2a .\CortexM3\ARM_GCC_441\Debug\SpeedControl01.a(CyLib.o)
 .debug_info    0x00001c25      0x580 .\CortexM3\ARM_GCC_441\Debug\SpeedControl01.a(cyPm.o)
 .debug_info    0x000021a5      0x51b .\CortexM3\ARM_GCC_441\Debug\SpeedControl01.a(UART_1.o)
 .debug_info    0x000026c0      0x22e .\CortexM3\ARM_GCC_441\Debug\SpeedControl01.a(rx_rcvd.o)
 .debug_info    0x000028ee      0x22e .\CortexM3\ARM_GCC_441\Debug\SpeedControl01.a(wheel_tick.o)
 .debug_info    0x00002b1c      0x21d .\CortexM3\ARM_GCC_441\Debug\SpeedControl01.a(Counter_1.o)
 .debug_info    0x00002d39      0x245 .\CortexM3\ARM_GCC_441\Debug\SpeedControl01.a(Timer_1.o)
 .debug_info    0x00002f7e      0x22e .\CortexM3\ARM_GCC_441\Debug\SpeedControl01.a(tick_timeout.o)
 .debug_info    0x000031ac      0x20f .\CortexM3\ARM_GCC_441\Debug\SpeedControl01.a(ShiftReg_1.o)
 .debug_info    0x000033bb      0x21d .\CortexM3\ARM_GCC_441\Debug\SpeedControl01.a(Counter_2.o)
 .debug_info    0x000035d8      0x22e .\CortexM3\ARM_GCC_441\Debug\SpeedControl01.a(throttle_update.o)
 .debug_info    0x00003806      0x29f .\CortexM3\ARM_GCC_441\Debug\SpeedControl01.a(cyfitter_cfg.o)
 .debug_info    0x00003aa5      0x310 .\CortexM3\ARM_GCC_441\Debug\SpeedControl01.a(CyFlash.o)
 .debug_info    0x00003db5      0x56b .\CortexM3\ARM_GCC_441\Debug\SpeedControl01.a(CySpc.o)
 .debug_info    0x00004320       0xce .\CortexM3\ARM_GCC_441\Debug\SpeedControl01.a(cyutils.o)

.debug_abbrev   0x00000000     0x142a
 *(.debug_abbrev)
 .debug_abbrev  0x00000000      0x13f .\CortexM3\ARM_GCC_441\Debug\main.o
 .debug_abbrev  0x0000013f       0xe3 .\CortexM3\ARM_GCC_441\Debug\Cm3Start.o
 .debug_abbrev  0x00000222      0x103 .\CortexM3\ARM_GCC_441\Debug\SpeedControl01.a(LCD.o)
 .debug_abbrev  0x00000325       0xee .\CortexM3\ARM_GCC_441\Debug\SpeedControl01.a(inter_button.o)
 .debug_abbrev  0x00000413       0xe0 .\CortexM3\ARM_GCC_441\Debug\SpeedControl01.a(PWM.o)
 .debug_abbrev  0x000004f3       0x14 .\CortexM3\ARM_GCC_441\Debug\SpeedControl01.a(CyBootAsmGnu.o)
 .debug_abbrev  0x00000507      0x172 .\CortexM3\ARM_GCC_441\Debug\SpeedControl01.a(CyLib.o)
 .debug_abbrev  0x00000679      0x146 .\CortexM3\ARM_GCC_441\Debug\SpeedControl01.a(cyPm.o)
 .debug_abbrev  0x000007bf      0x105 .\CortexM3\ARM_GCC_441\Debug\SpeedControl01.a(UART_1.o)
 .debug_abbrev  0x000008c4       0xee .\CortexM3\ARM_GCC_441\Debug\SpeedControl01.a(rx_rcvd.o)
 .debug_abbrev  0x000009b2       0xee .\CortexM3\ARM_GCC_441\Debug\SpeedControl01.a(wheel_tick.o)
 .debug_abbrev  0x00000aa0       0xe2 .\CortexM3\ARM_GCC_441\Debug\SpeedControl01.a(Counter_1.o)
 .debug_abbrev  0x00000b82       0xc9 .\CortexM3\ARM_GCC_441\Debug\SpeedControl01.a(Timer_1.o)
 .debug_abbrev  0x00000c4b       0xee .\CortexM3\ARM_GCC_441\Debug\SpeedControl01.a(tick_timeout.o)
 .debug_abbrev  0x00000d39      0x11b .\CortexM3\ARM_GCC_441\Debug\SpeedControl01.a(ShiftReg_1.o)
 .debug_abbrev  0x00000e54       0xe2 .\CortexM3\ARM_GCC_441\Debug\SpeedControl01.a(Counter_2.o)
 .debug_abbrev  0x00000f36       0xee .\CortexM3\ARM_GCC_441\Debug\SpeedControl01.a(throttle_update.o)
 .debug_abbrev  0x00001024      0x134 .\CortexM3\ARM_GCC_441\Debug\SpeedControl01.a(cyfitter_cfg.o)
 .debug_abbrev  0x00001158      0x12a .\CortexM3\ARM_GCC_441\Debug\SpeedControl01.a(CyFlash.o)
 .debug_abbrev  0x00001282      0x139 .\CortexM3\ARM_GCC_441\Debug\SpeedControl01.a(CySpc.o)
 .debug_abbrev  0x000013bb       0x6f .\CortexM3\ARM_GCC_441\Debug\SpeedControl01.a(cyutils.o)

.debug_line     0x00000000     0x23f4
 *(.debug_line)
 .debug_line    0x00000000      0x1c2 .\CortexM3\ARM_GCC_441\Debug\main.o
 .debug_line    0x000001c2       0xcd .\CortexM3\ARM_GCC_441\Debug\Cm3Start.o
 .debug_line    0x0000028f      0x1d8 .\CortexM3\ARM_GCC_441\Debug\SpeedControl01.a(LCD.o)
 .debug_line    0x00000467      0x160 .\CortexM3\ARM_GCC_441\Debug\SpeedControl01.a(inter_button.o)
 .debug_line    0x000005c7      0x122 .\CortexM3\ARM_GCC_441\Debug\SpeedControl01.a(PWM.o)
 .debug_line    0x000006e9       0x67 .\CortexM3\ARM_GCC_441\Debug\SpeedControl01.a(CyBootAsmGnu.o)
 .debug_line    0x00000750      0x691 .\CortexM3\ARM_GCC_441\Debug\SpeedControl01.a(CyLib.o)
 .debug_line    0x00000de1      0x2e8 .\CortexM3\ARM_GCC_441\Debug\SpeedControl01.a(cyPm.o)
 .debug_line    0x000010c9      0x2b4 .\CortexM3\ARM_GCC_441\Debug\SpeedControl01.a(UART_1.o)
 .debug_line    0x0000137d      0x15b .\CortexM3\ARM_GCC_441\Debug\SpeedControl01.a(rx_rcvd.o)
 .debug_line    0x000014d8      0x15e .\CortexM3\ARM_GCC_441\Debug\SpeedControl01.a(wheel_tick.o)
 .debug_line    0x00001636      0x172 .\CortexM3\ARM_GCC_441\Debug\SpeedControl01.a(Counter_1.o)
 .debug_line    0x000017a8      0x17c .\CortexM3\ARM_GCC_441\Debug\SpeedControl01.a(Timer_1.o)
 .debug_line    0x00001924      0x160 .\CortexM3\ARM_GCC_441\Debug\SpeedControl01.a(tick_timeout.o)
 .debug_line    0x00001a84      0x14f .\CortexM3\ARM_GCC_441\Debug\SpeedControl01.a(ShiftReg_1.o)
 .debug_line    0x00001bd3      0x172 .\CortexM3\ARM_GCC_441\Debug\SpeedControl01.a(Counter_2.o)
 .debug_line    0x00001d45      0x163 .\CortexM3\ARM_GCC_441\Debug\SpeedControl01.a(throttle_update.o)
 .debug_line    0x00001ea8      0x117 .\CortexM3\ARM_GCC_441\Debug\SpeedControl01.a(cyfitter_cfg.o)
 .debug_line    0x00001fbf      0x18f .\CortexM3\ARM_GCC_441\Debug\SpeedControl01.a(CyFlash.o)
 .debug_line    0x0000214e      0x225 .\CortexM3\ARM_GCC_441\Debug\SpeedControl01.a(CySpc.o)
 .debug_line    0x00002373       0x81 .\CortexM3\ARM_GCC_441\Debug\SpeedControl01.a(cyutils.o)

.debug_frame    0x00000000     0x2bcc
 *(.debug_frame)
 .debug_frame   0x00000000      0x138 .\CortexM3\ARM_GCC_441\Debug\main.o
 .debug_frame   0x00000138       0x5c .\CortexM3\ARM_GCC_441\Debug\Cm3Start.o
 .debug_frame   0x00000194      0x1e0 .\CortexM3\ARM_GCC_441\Debug\SpeedControl01.a(LCD.o)
 .debug_frame   0x00000374      0x180 .\CortexM3\ARM_GCC_441\Debug\SpeedControl01.a(inter_button.o)
 .debug_frame   0x000004f4      0x110 .\CortexM3\ARM_GCC_441\Debug\SpeedControl01.a(PWM.o)
 .debug_frame   0x00000604      0x7f0 .\CortexM3\ARM_GCC_441\Debug\SpeedControl01.a(CyLib.o)
 .debug_frame   0x00000df4      0x208 .\CortexM3\ARM_GCC_441\Debug\SpeedControl01.a(cyPm.o)
 .debug_frame   0x00000ffc      0x32c .\CortexM3\ARM_GCC_441\Debug\SpeedControl01.a(UART_1.o)
 .debug_frame   0x00001328      0x180 .\CortexM3\ARM_GCC_441\Debug\SpeedControl01.a(rx_rcvd.o)
 .debug_frame   0x000014a8      0x180 .\CortexM3\ARM_GCC_441\Debug\SpeedControl01.a(wheel_tick.o)
 .debug_frame   0x00001628      0x180 .\CortexM3\ARM_GCC_441\Debug\SpeedControl01.a(Counter_1.o)
 .debug_frame   0x000017a8      0x198 .\CortexM3\ARM_GCC_441\Debug\SpeedControl01.a(Timer_1.o)
 .debug_frame   0x00001940      0x180 .\CortexM3\ARM_GCC_441\Debug\SpeedControl01.a(tick_timeout.o)
 .debug_frame   0x00001ac0      0x150 .\CortexM3\ARM_GCC_441\Debug\SpeedControl01.a(ShiftReg_1.o)
 .debug_frame   0x00001c10      0x180 .\CortexM3\ARM_GCC_441\Debug\SpeedControl01.a(Counter_2.o)
 .debug_frame   0x00001d90      0x180 .\CortexM3\ARM_GCC_441\Debug\SpeedControl01.a(throttle_update.o)
 .debug_frame   0x00001f10       0xc0 .\CortexM3\ARM_GCC_441\Debug\SpeedControl01.a(cyfitter_cfg.o)
 .debug_frame   0x00001fd0      0x174 .\CortexM3\ARM_GCC_441\Debug\SpeedControl01.a(CyFlash.o)
 .debug_frame   0x00002144      0x1c8 .\CortexM3\ARM_GCC_441\Debug\SpeedControl01.a(CySpc.o)
 .debug_frame   0x0000230c       0x2c .\CortexM3\ARM_GCC_441\Debug\SpeedControl01.a(cyutils.o)
 .debug_frame   0x00002338       0x34 c:/program files (x86)/cypress/psoc creator/2.1/psoc creator/import/gnu_cs/arm/4.4.1/bin/../lib/gcc/arm-none-eabi/4.4.1/../../../../arm-none-eabi/lib/thumb2\libc.a(lib_a-memcpy.o)
 .debug_frame   0x0000236c       0x28 c:/program files (x86)/cypress/psoc creator/2.1/psoc creator/import/gnu_cs/arm/4.4.1/bin/../lib/gcc/arm-none-eabi/4.4.1/../../../../arm-none-eabi/lib/thumb2\libc.a(lib_a-memset.o)
 .debug_frame   0x00002394       0x5c c:/program files (x86)/cypress/psoc creator/2.1/psoc creator/import/gnu_cs/arm/4.4.1/bin/../lib/gcc/arm-none-eabi/4.4.1/../../../../arm-none-eabi/lib/thumb2\libc.a(lib_a-sprintf.o)
 .debug_frame   0x000023f0       0x68 c:/program files (x86)/cypress/psoc creator/2.1/psoc creator/import/gnu_cs/arm/4.4.1/bin/../lib/gcc/arm-none-eabi/4.4.1/../../../../arm-none-eabi/lib/thumb2\libc.a(lib_a-svfprintf.o)
 .debug_frame   0x00002458       0x64 c:/program files (x86)/cypress/psoc creator/2.1/psoc creator/import/gnu_cs/arm/4.4.1/bin/../lib/gcc/arm-none-eabi/4.4.1/../../../../arm-none-eabi/lib/thumb2\libc.a(lib_a-dtoa.o)
 .debug_frame   0x000024bc       0x50 c:/program files (x86)/cypress/psoc creator/2.1/psoc creator/import/gnu_cs/arm/4.4.1/bin/../lib/gcc/arm-none-eabi/4.4.1/../../../../arm-none-eabi/lib/thumb2\libc.a(lib_a-freer.o)
 .debug_frame   0x0000250c       0x6c c:/program files (x86)/cypress/psoc creator/2.1/psoc creator/import/gnu_cs/arm/4.4.1/bin/../lib/gcc/arm-none-eabi/4.4.1/../../../../arm-none-eabi/lib/thumb2\libc.a(lib_a-locale.o)
 .debug_frame   0x00002578       0x30 c:/program files (x86)/cypress/psoc creator/2.1/psoc creator/import/gnu_cs/arm/4.4.1/bin/../lib/gcc/arm-none-eabi/4.4.1/../../../../arm-none-eabi/lib/thumb2\libc.a(lib_a-malloc.o)
 .debug_frame   0x000025a8       0x3c c:/program files (x86)/cypress/psoc creator/2.1/psoc creator/import/gnu_cs/arm/4.4.1/bin/../lib/gcc/arm-none-eabi/4.4.1/../../../../arm-none-eabi/lib/thumb2\libc.a(lib_a-mallocr.o)
 .debug_frame   0x000025e4       0x28 c:/program files (x86)/cypress/psoc creator/2.1/psoc creator/import/gnu_cs/arm/4.4.1/bin/../lib/gcc/arm-none-eabi/4.4.1/../../../../arm-none-eabi/lib/thumb2\libc.a(lib_a-memchr.o)
 .debug_frame   0x0000260c       0x2c c:/program files (x86)/cypress/psoc creator/2.1/psoc creator/import/gnu_cs/arm/4.4.1/bin/../lib/gcc/arm-none-eabi/4.4.1/../../../../arm-none-eabi/lib/thumb2\libc.a(lib_a-memmove.o)
 .debug_frame   0x00002638       0x30 c:/program files (x86)/cypress/psoc creator/2.1/psoc creator/import/gnu_cs/arm/4.4.1/bin/../lib/gcc/arm-none-eabi/4.4.1/../../../../arm-none-eabi/lib/thumb2\libc.a(lib_a-mlock.o)
 .debug_frame   0x00002668      0x240 c:/program files (x86)/cypress/psoc creator/2.1/psoc creator/import/gnu_cs/arm/4.4.1/bin/../lib/gcc/arm-none-eabi/4.4.1/../../../../arm-none-eabi/lib/thumb2\libc.a(lib_a-mprec.o)
 .debug_frame   0x000028a8       0x3c c:/program files (x86)/cypress/psoc creator/2.1/psoc creator/import/gnu_cs/arm/4.4.1/bin/../lib/gcc/arm-none-eabi/4.4.1/../../../../arm-none-eabi/lib/thumb2\libc.a(lib_a-reallocr.o)
 .debug_frame   0x000028e4       0x20 c:/program files (x86)/cypress/psoc creator/2.1/psoc creator/import/gnu_cs/arm/4.4.1/bin/../lib/gcc/arm-none-eabi/4.4.1/../../../../arm-none-eabi/lib/thumb2\libc.a(lib_a-s_isinfd.o)
 .debug_frame   0x00002904       0x20 c:/program files (x86)/cypress/psoc creator/2.1/psoc creator/import/gnu_cs/arm/4.4.1/bin/../lib/gcc/arm-none-eabi/4.4.1/../../../../arm-none-eabi/lib/thumb2\libc.a(lib_a-s_isnand.o)
 .debug_frame   0x00002924       0x2c c:/program files (x86)/cypress/psoc creator/2.1/psoc creator/import/gnu_cs/arm/4.4.1/bin/../lib/gcc/arm-none-eabi/4.4.1/../../../../arm-none-eabi/lib/thumb2\libc.a(lib_a-sbrkr.o)
 .debug_frame   0x00002950       0x30 c:/program files (x86)/cypress/psoc creator/2.1/psoc creator/import/gnu_cs/arm/4.4.1/bin/../lib/gcc/arm-none-eabi/4.4.1/../../../../arm-none-eabi/lib/thumb2\libc.a(lib_a-strcmp.o)
 .debug_frame   0x00002980       0x20 c:/program files (x86)/cypress/psoc creator/2.1/psoc creator/import/gnu_cs/arm/4.4.1/bin/../lib/gcc/arm-none-eabi/4.4.1/../../../../arm-none-eabi/lib/thumb2\libc.a(lib_a-strlen.o)
 .debug_frame   0x000029a0       0x2c c:/program files (x86)/cypress/psoc creator/2.1/psoc creator/import/gnu_cs/arm/4.4.1/bin/../lib/gcc/arm-none-eabi/4.4.1/../../../../arm-none-eabi/lib/thumb2\libc.a(lib_a-callocr.o)
 .debug_frame   0x000029cc       0x64 c:/program files (x86)/cypress/psoc creator/2.1/psoc creator/import/gnu_cs/arm/4.4.1/bin/../lib/gcc/arm-none-eabi/4.4.1/../../../../arm-none-eabi/lib/thumb2\libc.a(lib_a-reent.o)
 .debug_frame   0x00002a30       0x20 c:/program files (x86)/cypress/psoc creator/2.1/psoc creator/import/gnu_cs/arm/4.4.1/bin/../lib/gcc/arm-none-eabi/4.4.1/thumb2\libgcc.a(_udivsi3.o)
 .debug_frame   0x00002a50       0x50 c:/program files (x86)/cypress/psoc creator/2.1/psoc creator/import/gnu_cs/arm/4.4.1/bin/../lib/gcc/arm-none-eabi/4.4.1/thumb2\libgcc.a(bpabi.o)
 .debug_frame   0x00002aa0       0x3c c:/program files (x86)/cypress/psoc creator/2.1/psoc creator/import/gnu_cs/arm/4.4.1/bin/../lib/gcc/arm-none-eabi/4.4.1/thumb2\libgcc.a(_divdi3.o)
 .debug_frame   0x00002adc       0x3c c:/program files (x86)/cypress/psoc creator/2.1/psoc creator/import/gnu_cs/arm/4.4.1/bin/../lib/gcc/arm-none-eabi/4.4.1/thumb2\libgcc.a(_udivdi3.o)
 .debug_frame   0x00002b18       0x40 c:/program files (x86)/cypress/psoc creator/2.1/psoc creator/import/gnu_cs/arm/4.4.1/bin/../lib/gcc/arm-none-eabi/4.4.1/../../../../arm-none-eabi/lib/thumb2\libcs3.a(start_c.o)
 .debug_frame   0x00002b58       0x28 c:/program files (x86)/cypress/psoc creator/2.1/psoc creator/import/gnu_cs/arm/4.4.1/bin/../lib/gcc/arm-none-eabi/4.4.1/../../../../arm-none-eabi/lib/thumb2\libcs3unhosted.a(unhosted-sbrk.o)
 .debug_frame   0x00002b80       0x20 c:/program files (x86)/cypress/psoc creator/2.1/psoc creator/import/gnu_cs/arm/4.4.1/bin/../lib/gcc/arm-none-eabi/4.4.1/../../../../arm-none-eabi/lib/thumb2\libc.a(lib_a-errno.o)
 .debug_frame   0x00002ba0       0x2c c:/program files (x86)/cypress/psoc creator/2.1/psoc creator/import/gnu_cs/arm/4.4.1/bin/../lib/gcc/arm-none-eabi/4.4.1/../../../../arm-none-eabi/lib/thumb2\libc.a(lib_a-init.o)

.debug_str      0x00000000     0x21f7
 *(.debug_str)
 .debug_str     0x00000000      0x334 .\CortexM3\ARM_GCC_441\Debug\main.o
                                0x37d (size before relaxing)
 .debug_str     0x00000334       0x8b .\CortexM3\ARM_GCC_441\Debug\Cm3Start.o
                                0x185 (size before relaxing)
 .debug_str     0x000003bf      0x16b .\CortexM3\ARM_GCC_441\Debug\SpeedControl01.a(LCD.o)
                                0x270 (size before relaxing)
 .debug_str     0x0000052a      0x162 .\CortexM3\ARM_GCC_441\Debug\SpeedControl01.a(inter_button.o)
                                0x26b (size before relaxing)
 .debug_str     0x0000068c       0xca .\CortexM3\ARM_GCC_441\Debug\SpeedControl01.a(PWM.o)
                                0x1cc (size before relaxing)
 .debug_str     0x00000756      0x66c .\CortexM3\ARM_GCC_441\Debug\SpeedControl01.a(CyLib.o)
                                0x7da (size before relaxing)
 .debug_str     0x00000dc2      0x369 .\CortexM3\ARM_GCC_441\Debug\SpeedControl01.a(cyPm.o)
                                0x488 (size before relaxing)
 .debug_str     0x0000112b      0x2a7 .\CortexM3\ARM_GCC_441\Debug\SpeedControl01.a(UART_1.o)
                                0x3bd (size before relaxing)
 .debug_str     0x000013d2      0x104 .\CortexM3\ARM_GCC_441\Debug\SpeedControl01.a(rx_rcvd.o)
                                0x225 (size before relaxing)
 .debug_str     0x000014d6      0x12e .\CortexM3\ARM_GCC_441\Debug\SpeedControl01.a(wheel_tick.o)
                                0x24f (size before relaxing)
 .debug_str     0x00001604      0x168 .\CortexM3\ARM_GCC_441\Debug\SpeedControl01.a(Counter_1.o)
                                0x27a (size before relaxing)
 .debug_str     0x0000176c      0x16d .\CortexM3\ARM_GCC_441\Debug\SpeedControl01.a(Timer_1.o)
                                0x27f (size before relaxing)
 .debug_str     0x000018d9      0x14a .\CortexM3\ARM_GCC_441\Debug\SpeedControl01.a(tick_timeout.o)
                                0x26b (size before relaxing)
 .debug_str     0x00001a23      0x147 .\CortexM3\ARM_GCC_441\Debug\SpeedControl01.a(ShiftReg_1.o)
                                0x24a (size before relaxing)
 .debug_str     0x00001b6a      0x159 .\CortexM3\ARM_GCC_441\Debug\SpeedControl01.a(Counter_2.o)
                                0x27a (size before relaxing)
 .debug_str     0x00001cc3      0x174 .\CortexM3\ARM_GCC_441\Debug\SpeedControl01.a(throttle_update.o)
                                0x295 (size before relaxing)
 .debug_str     0x00001e37       0xf9 .\CortexM3\ARM_GCC_441\Debug\SpeedControl01.a(cyfitter_cfg.o)
                                0x21c (size before relaxing)
 .debug_str     0x00001f30      0x129 .\CortexM3\ARM_GCC_441\Debug\SpeedControl01.a(CyFlash.o)
                                0x254 (size before relaxing)
 .debug_str     0x00002059      0x16b .\CortexM3\ARM_GCC_441\Debug\SpeedControl01.a(CySpc.o)
                                0x299 (size before relaxing)
 .debug_str     0x000021c4       0x33 .\CortexM3\ARM_GCC_441\Debug\SpeedControl01.a(cyutils.o)
                                0x134 (size before relaxing)

.debug_loc      0x00000000     0x3997
 *(.debug_loc)
 .debug_loc     0x00000000      0x1b7 .\CortexM3\ARM_GCC_441\Debug\main.o
 .debug_loc     0x000001b7       0x62 .\CortexM3\ARM_GCC_441\Debug\Cm3Start.o
 .debug_loc     0x00000219      0x309 .\CortexM3\ARM_GCC_441\Debug\SpeedControl01.a(LCD.o)
 .debug_loc     0x00000522      0x26b .\CortexM3\ARM_GCC_441\Debug\SpeedControl01.a(inter_button.o)
 .debug_loc     0x0000078d      0x1b3 .\CortexM3\ARM_GCC_441\Debug\SpeedControl01.a(PWM.o)
 .debug_loc     0x00000940      0xd7c .\CortexM3\ARM_GCC_441\Debug\SpeedControl01.a(CyLib.o)
 .debug_loc     0x000016bc      0x32f .\CortexM3\ARM_GCC_441\Debug\SpeedControl01.a(cyPm.o)
 .debug_loc     0x000019eb      0x591 .\CortexM3\ARM_GCC_441\Debug\SpeedControl01.a(UART_1.o)
 .debug_loc     0x00001f7c      0x26b .\CortexM3\ARM_GCC_441\Debug\SpeedControl01.a(rx_rcvd.o)
 .debug_loc     0x000021e7      0x26b .\CortexM3\ARM_GCC_441\Debug\SpeedControl01.a(wheel_tick.o)
 .debug_loc     0x00002452      0x25f .\CortexM3\ARM_GCC_441\Debug\SpeedControl01.a(Counter_1.o)
 .debug_loc     0x000026b1      0x28a .\CortexM3\ARM_GCC_441\Debug\SpeedControl01.a(Timer_1.o)
 .debug_loc     0x0000293b      0x26b .\CortexM3\ARM_GCC_441\Debug\SpeedControl01.a(tick_timeout.o)
 .debug_loc     0x00002ba6      0x221 .\CortexM3\ARM_GCC_441\Debug\SpeedControl01.a(ShiftReg_1.o)
 .debug_loc     0x00002dc7      0x25f .\CortexM3\ARM_GCC_441\Debug\SpeedControl01.a(Counter_2.o)
 .debug_loc     0x00003026      0x26b .\CortexM3\ARM_GCC_441\Debug\SpeedControl01.a(throttle_update.o)
 .debug_loc     0x00003291      0x14a .\CortexM3\ARM_GCC_441\Debug\SpeedControl01.a(cyfitter_cfg.o)
 .debug_loc     0x000033db      0x24c .\CortexM3\ARM_GCC_441\Debug\SpeedControl01.a(CyFlash.o)
 .debug_loc     0x00003627      0x339 .\CortexM3\ARM_GCC_441\Debug\SpeedControl01.a(CySpc.o)
 .debug_loc     0x00003960       0x37 .\CortexM3\ARM_GCC_441\Debug\SpeedControl01.a(cyutils.o)

.debug_macinfo
 *(.debug_macinfo)

.debug_ranges   0x00000000      0xa90
 *(.debug_ranges)
 .debug_ranges  0x00000000       0x58 .\CortexM3\ARM_GCC_441\Debug\main.o
 .debug_ranges  0x00000058       0x28 .\CortexM3\ARM_GCC_441\Debug\Cm3Start.o
 .debug_ranges  0x00000080       0x88 .\CortexM3\ARM_GCC_441\Debug\SpeedControl01.a(LCD.o)
 .debug_ranges  0x00000108       0x78 .\CortexM3\ARM_GCC_441\Debug\SpeedControl01.a(inter_button.o)
 .debug_ranges  0x00000180       0x58 .\CortexM3\ARM_GCC_441\Debug\SpeedControl01.a(PWM.o)
 .debug_ranges  0x000001d8      0x230 .\CortexM3\ARM_GCC_441\Debug\SpeedControl01.a(CyLib.o)
 .debug_ranges  0x00000408       0x98 .\CortexM3\ARM_GCC_441\Debug\SpeedControl01.a(cyPm.o)
 .debug_ranges  0x000004a0       0xe8 .\CortexM3\ARM_GCC_441\Debug\SpeedControl01.a(UART_1.o)
 .debug_ranges  0x00000588       0x78 .\CortexM3\ARM_GCC_441\Debug\SpeedControl01.a(rx_rcvd.o)
 .debug_ranges  0x00000600       0x78 .\CortexM3\ARM_GCC_441\Debug\SpeedControl01.a(wheel_tick.o)
 .debug_ranges  0x00000678       0x78 .\CortexM3\ARM_GCC_441\Debug\SpeedControl01.a(Counter_1.o)
 .debug_ranges  0x000006f0       0x80 .\CortexM3\ARM_GCC_441\Debug\SpeedControl01.a(Timer_1.o)
 .debug_ranges  0x00000770       0x78 .\CortexM3\ARM_GCC_441\Debug\SpeedControl01.a(tick_timeout.o)
 .debug_ranges  0x000007e8       0x68 .\CortexM3\ARM_GCC_441\Debug\SpeedControl01.a(ShiftReg_1.o)
 .debug_ranges  0x00000850       0x78 .\CortexM3\ARM_GCC_441\Debug\SpeedControl01.a(Counter_2.o)
 .debug_ranges  0x000008c8       0x78 .\CortexM3\ARM_GCC_441\Debug\SpeedControl01.a(throttle_update.o)
 .debug_ranges  0x00000940       0x40 .\CortexM3\ARM_GCC_441\Debug\SpeedControl01.a(cyfitter_cfg.o)
 .debug_ranges  0x00000980       0x70 .\CortexM3\ARM_GCC_441\Debug\SpeedControl01.a(CyFlash.o)
 .debug_ranges  0x000009f0       0x88 .\CortexM3\ARM_GCC_441\Debug\SpeedControl01.a(CySpc.o)
 .debug_ranges  0x00000a78       0x18 .\CortexM3\ARM_GCC_441\Debug\SpeedControl01.a(cyutils.o)

.debug_weaknames
 *(.debug_weaknames)

.debug_funcnames
 *(.debug_funcnames)

.debug_typenames
 *(.debug_typenames)

.debug_varnames
 *(.debug_varnames)

.note.gnu.arm.ident
 *(.note.gnu.arm.ident)

.ARM.attributes
                0x00000000       0x25
 *(.ARM.attributes)
 .ARM.attributes
                0x00000000       0x19 c:/program files (x86)/cypress/psoc creator/2.1/psoc creator/import/gnu_cs/arm/4.4.1/bin/../lib/gcc/arm-none-eabi/4.4.1/thumb2/crti.o
 .ARM.attributes
                0x00000019       0x29 c:/program files (x86)/cypress/psoc creator/2.1/psoc creator/import/gnu_cs/arm/4.4.1/bin/../lib/gcc/arm-none-eabi/4.4.1/thumb2/crtbegin.o
 .ARM.attributes
                0x00000042       0x31 .\CortexM3\ARM_GCC_441\Debug\main.o
 .ARM.attributes
                0x00000073       0x31 .\CortexM3\ARM_GCC_441\Debug\Cm3Start.o
 .ARM.attributes
                0x000000a4       0x31 .\CortexM3\ARM_GCC_441\Debug\SpeedControl01.a(LCD.o)
 .ARM.attributes
                0x000000d5       0x31 .\CortexM3\ARM_GCC_441\Debug\SpeedControl01.a(inter_button.o)
 .ARM.attributes
                0x00000106       0x31 .\CortexM3\ARM_GCC_441\Debug\SpeedControl01.a(PWM.o)
 .ARM.attributes
                0x00000137       0x21 .\CortexM3\ARM_GCC_441\Debug\SpeedControl01.a(CyBootAsmGnu.o)
 .ARM.attributes
                0x00000158       0x31 .\CortexM3\ARM_GCC_441\Debug\SpeedControl01.a(CyLib.o)
 .ARM.attributes
                0x00000189       0x31 .\CortexM3\ARM_GCC_441\Debug\SpeedControl01.a(cyPm.o)
 .ARM.attributes
                0x000001ba       0x31 .\CortexM3\ARM_GCC_441\Debug\SpeedControl01.a(UART_1.o)
 .ARM.attributes
                0x000001eb       0x31 .\CortexM3\ARM_GCC_441\Debug\SpeedControl01.a(rx_rcvd.o)
 .ARM.attributes
                0x0000021c       0x31 .\CortexM3\ARM_GCC_441\Debug\SpeedControl01.a(wheel_tick.o)
 .ARM.attributes
                0x0000024d       0x31 .\CortexM3\ARM_GCC_441\Debug\SpeedControl01.a(Counter_1.o)
 .ARM.attributes
                0x0000027e       0x31 .\CortexM3\ARM_GCC_441\Debug\SpeedControl01.a(Timer_1.o)
 .ARM.attributes
                0x000002af       0x31 .\CortexM3\ARM_GCC_441\Debug\SpeedControl01.a(tick_timeout.o)
 .ARM.attributes
                0x000002e0       0x31 .\CortexM3\ARM_GCC_441\Debug\SpeedControl01.a(ShiftReg_1.o)
 .ARM.attributes
                0x00000311       0x31 .\CortexM3\ARM_GCC_441\Debug\SpeedControl01.a(Counter_2.o)
 .ARM.attributes
                0x00000342       0x31 .\CortexM3\ARM_GCC_441\Debug\SpeedControl01.a(throttle_update.o)
 .ARM.attributes
                0x00000373       0x31 .\CortexM3\ARM_GCC_441\Debug\SpeedControl01.a(cyfitter_cfg.o)
 .ARM.attributes
                0x000003a4       0x31 .\CortexM3\ARM_GCC_441\Debug\SpeedControl01.a(CyFlash.o)
 .ARM.attributes
                0x000003d5       0x31 .\CortexM3\ARM_GCC_441\Debug\SpeedControl01.a(CySpc.o)
 .ARM.attributes
                0x00000406       0x31 .\CortexM3\ARM_GCC_441\Debug\SpeedControl01.a(cyutils.o)
 .ARM.attributes
                0x00000437       0x1b c:/program files (x86)/cypress/psoc creator/2.1/psoc creator/import/gnu_cs/arm/4.4.1/bin/../lib/gcc/arm-none-eabi/4.4.1/thumb2\libgcc.a(_arm_addsubdf3.o)
 .ARM.attributes
                0x00000452       0x1b c:/program files (x86)/cypress/psoc creator/2.1/psoc creator/import/gnu_cs/arm/4.4.1/bin/../lib/gcc/arm-none-eabi/4.4.1/thumb2\libgcc.a(_arm_muldivdf3.o)
 .ARM.attributes
                0x0000046d       0x1b c:/program files (x86)/cypress/psoc creator/2.1/psoc creator/import/gnu_cs/arm/4.4.1/bin/../lib/gcc/arm-none-eabi/4.4.1/thumb2\libgcc.a(_arm_fixdfsi.o)
 .ARM.attributes
                0x00000488       0x29 c:/program files (x86)/cypress/psoc creator/2.1/psoc creator/import/gnu_cs/arm/4.4.1/bin/../lib/gcc/arm-none-eabi/4.4.1/../../../../arm-none-eabi/lib/thumb2\libc.a(lib_a-memcpy.o)
 .ARM.attributes
                0x000004b1       0x29 c:/program files (x86)/cypress/psoc creator/2.1/psoc creator/import/gnu_cs/arm/4.4.1/bin/../lib/gcc/arm-none-eabi/4.4.1/../../../../arm-none-eabi/lib/thumb2\libc.a(lib_a-memset.o)
 .ARM.attributes
                0x000004da       0x29 c:/program files (x86)/cypress/psoc creator/2.1/psoc creator/import/gnu_cs/arm/4.4.1/bin/../lib/gcc/arm-none-eabi/4.4.1/../../../../arm-none-eabi/lib/thumb2\libc.a(lib_a-sprintf.o)
 .ARM.attributes
                0x00000503       0x29 c:/program files (x86)/cypress/psoc creator/2.1/psoc creator/import/gnu_cs/arm/4.4.1/bin/../lib/gcc/arm-none-eabi/4.4.1/../../../../arm-none-eabi/lib/thumb2\libc.a(lib_a-svfprintf.o)
 .ARM.attributes
                0x0000052c       0x29 c:/program files (x86)/cypress/psoc creator/2.1/psoc creator/import/gnu_cs/arm/4.4.1/bin/../lib/gcc/arm-none-eabi/4.4.1/../../../../arm-none-eabi/lib/thumb2\libc.a(lib_a-dtoa.o)
 .ARM.attributes
                0x00000555       0x29 c:/program files (x86)/cypress/psoc creator/2.1/psoc creator/import/gnu_cs/arm/4.4.1/bin/../lib/gcc/arm-none-eabi/4.4.1/../../../../arm-none-eabi/lib/thumb2\libc.a(lib_a-freer.o)
 .ARM.attributes
                0x0000057e       0x29 c:/program files (x86)/cypress/psoc creator/2.1/psoc creator/import/gnu_cs/arm/4.4.1/bin/../lib/gcc/arm-none-eabi/4.4.1/../../../../arm-none-eabi/lib/thumb2\libc.a(lib_a-impure.o)
 .ARM.attributes
                0x000005a7       0x29 c:/program files (x86)/cypress/psoc creator/2.1/psoc creator/import/gnu_cs/arm/4.4.1/bin/../lib/gcc/arm-none-eabi/4.4.1/../../../../arm-none-eabi/lib/thumb2\libc.a(lib_a-locale.o)
 .ARM.attributes
                0x000005d0       0x29 c:/program files (x86)/cypress/psoc creator/2.1/psoc creator/import/gnu_cs/arm/4.4.1/bin/../lib/gcc/arm-none-eabi/4.4.1/../../../../arm-none-eabi/lib/thumb2\libc.a(lib_a-malloc.o)
 .ARM.attributes
                0x000005f9       0x29 c:/program files (x86)/cypress/psoc creator/2.1/psoc creator/import/gnu_cs/arm/4.4.1/bin/../lib/gcc/arm-none-eabi/4.4.1/../../../../arm-none-eabi/lib/thumb2\libc.a(lib_a-mallocr.o)
 .ARM.attributes
                0x00000622       0x29 c:/program files (x86)/cypress/psoc creator/2.1/psoc creator/import/gnu_cs/arm/4.4.1/bin/../lib/gcc/arm-none-eabi/4.4.1/../../../../arm-none-eabi/lib/thumb2\libc.a(lib_a-memchr.o)
 .ARM.attributes
                0x0000064b       0x29 c:/program files (x86)/cypress/psoc creator/2.1/psoc creator/import/gnu_cs/arm/4.4.1/bin/../lib/gcc/arm-none-eabi/4.4.1/../../../../arm-none-eabi/lib/thumb2\libc.a(lib_a-memmove.o)
 .ARM.attributes
                0x00000674       0x29 c:/program files (x86)/cypress/psoc creator/2.1/psoc creator/import/gnu_cs/arm/4.4.1/bin/../lib/gcc/arm-none-eabi/4.4.1/../../../../arm-none-eabi/lib/thumb2\libc.a(lib_a-mlock.o)
 .ARM.attributes
                0x0000069d       0x29 c:/program files (x86)/cypress/psoc creator/2.1/psoc creator/import/gnu_cs/arm/4.4.1/bin/../lib/gcc/arm-none-eabi/4.4.1/../../../../arm-none-eabi/lib/thumb2\libc.a(lib_a-mprec.o)
 .ARM.attributes
                0x000006c6       0x29 c:/program files (x86)/cypress/psoc creator/2.1/psoc creator/import/gnu_cs/arm/4.4.1/bin/../lib/gcc/arm-none-eabi/4.4.1/../../../../arm-none-eabi/lib/thumb2\libc.a(lib_a-reallocr.o)
 .ARM.attributes
                0x000006ef       0x29 c:/program files (x86)/cypress/psoc creator/2.1/psoc creator/import/gnu_cs/arm/4.4.1/bin/../lib/gcc/arm-none-eabi/4.4.1/../../../../arm-none-eabi/lib/thumb2\libc.a(lib_a-s_isinfd.o)
 .ARM.attributes
                0x00000718       0x29 c:/program files (x86)/cypress/psoc creator/2.1/psoc creator/import/gnu_cs/arm/4.4.1/bin/../lib/gcc/arm-none-eabi/4.4.1/../../../../arm-none-eabi/lib/thumb2\libc.a(lib_a-s_isnand.o)
 .ARM.attributes
                0x00000741       0x29 c:/program files (x86)/cypress/psoc creator/2.1/psoc creator/import/gnu_cs/arm/4.4.1/bin/../lib/gcc/arm-none-eabi/4.4.1/../../../../arm-none-eabi/lib/thumb2\libc.a(lib_a-sbrkr.o)
 .ARM.attributes
                0x0000076a       0x29 c:/program files (x86)/cypress/psoc creator/2.1/psoc creator/import/gnu_cs/arm/4.4.1/bin/../lib/gcc/arm-none-eabi/4.4.1/../../../../arm-none-eabi/lib/thumb2\libc.a(lib_a-strcmp.o)
 .ARM.attributes
                0x00000793       0x29 c:/program files (x86)/cypress/psoc creator/2.1/psoc creator/import/gnu_cs/arm/4.4.1/bin/../lib/gcc/arm-none-eabi/4.4.1/../../../../arm-none-eabi/lib/thumb2\libc.a(lib_a-strlen.o)
 .ARM.attributes
                0x000007bc       0x29 c:/program files (x86)/cypress/psoc creator/2.1/psoc creator/import/gnu_cs/arm/4.4.1/bin/../lib/gcc/arm-none-eabi/4.4.1/../../../../arm-none-eabi/lib/thumb2\libc.a(lib_a-callocr.o)
 .ARM.attributes
                0x000007e5       0x29 c:/program files (x86)/cypress/psoc creator/2.1/psoc creator/import/gnu_cs/arm/4.4.1/bin/../lib/gcc/arm-none-eabi/4.4.1/../../../../arm-none-eabi/lib/thumb2\libc.a(lib_a-reent.o)
 .ARM.attributes
                0x0000080e       0x1b c:/program files (x86)/cypress/psoc creator/2.1/psoc creator/import/gnu_cs/arm/4.4.1/bin/../lib/gcc/arm-none-eabi/4.4.1/thumb2\libgcc.a(_udivsi3.o)
 .ARM.attributes
                0x00000829       0x1b c:/program files (x86)/cypress/psoc creator/2.1/psoc creator/import/gnu_cs/arm/4.4.1/bin/../lib/gcc/arm-none-eabi/4.4.1/thumb2\libgcc.a(_dvmd_tls.o)
 .ARM.attributes
                0x00000844       0x1b c:/program files (x86)/cypress/psoc creator/2.1/psoc creator/import/gnu_cs/arm/4.4.1/bin/../lib/gcc/arm-none-eabi/4.4.1/thumb2\libgcc.a(_arm_cmpdf2.o)
 .ARM.attributes
                0x0000085f       0x1b c:/program files (x86)/cypress/psoc creator/2.1/psoc creator/import/gnu_cs/arm/4.4.1/bin/../lib/gcc/arm-none-eabi/4.4.1/thumb2\libgcc.a(_aeabi_uldivmod.o)
 .ARM.attributes
                0x0000087a       0x29 c:/program files (x86)/cypress/psoc creator/2.1/psoc creator/import/gnu_cs/arm/4.4.1/bin/../lib/gcc/arm-none-eabi/4.4.1/thumb2\libgcc.a(bpabi.o)
 .ARM.attributes
                0x000008a3       0x29 c:/program files (x86)/cypress/psoc creator/2.1/psoc creator/import/gnu_cs/arm/4.4.1/bin/../lib/gcc/arm-none-eabi/4.4.1/thumb2\libgcc.a(_divdi3.o)
 .ARM.attributes
                0x000008cc       0x29 c:/program files (x86)/cypress/psoc creator/2.1/psoc creator/import/gnu_cs/arm/4.4.1/bin/../lib/gcc/arm-none-eabi/4.4.1/thumb2\libgcc.a(_udivdi3.o)
 .ARM.attributes
                0x000008f5       0x29 c:/program files (x86)/cypress/psoc creator/2.1/psoc creator/import/gnu_cs/arm/4.4.1/bin/../lib/gcc/arm-none-eabi/4.4.1/thumb2/crtend.o
 .ARM.attributes
                0x0000091e       0x19 c:/program files (x86)/cypress/psoc creator/2.1/psoc creator/import/gnu_cs/arm/4.4.1/bin/../lib/gcc/arm-none-eabi/4.4.1/thumb2/crtn.o
 .ARM.attributes
                0x00000937       0x29 c:/program files (x86)/cypress/psoc creator/2.1/psoc creator/import/gnu_cs/arm/4.4.1/bin/../lib/gcc/arm-none-eabi/4.4.1/../../../../arm-none-eabi/lib/thumb2\libcs3.a(start_c.o)
 .ARM.attributes
                0x00000960       0x29 c:/program files (x86)/cypress/psoc creator/2.1/psoc creator/import/gnu_cs/arm/4.4.1/bin/../lib/gcc/arm-none-eabi/4.4.1/../../../../arm-none-eabi/lib/thumb2\libcs3unhosted.a(unhosted-sbrk.o)
 .ARM.attributes
                0x00000989       0x19 c:/program files (x86)/cypress/psoc creator/2.1/psoc creator/import/gnu_cs/arm/4.4.1/bin/../lib/gcc/arm-none-eabi/4.4.1/../../../../arm-none-eabi/lib/thumb2\libcs3micro.a(micro-vector.o)
 .ARM.attributes
                0x000009a2       0x19 c:/program files (x86)/cypress/psoc creator/2.1/psoc creator/import/gnu_cs/arm/4.4.1/bin/../lib/gcc/arm-none-eabi/4.4.1/../../../../arm-none-eabi/lib/thumb2\libcs3micro.a(micro_isr_interrupt.o)
 .ARM.attributes
                0x000009bb       0x29 c:/program files (x86)/cypress/psoc creator/2.1/psoc creator/import/gnu_cs/arm/4.4.1/bin/../lib/gcc/arm-none-eabi/4.4.1/../../../../arm-none-eabi/lib/thumb2\libc.a(lib_a-errno.o)
 .ARM.attributes
                0x000009e4       0x29 c:/program files (x86)/cypress/psoc creator/2.1/psoc creator/import/gnu_cs/arm/4.4.1/bin/../lib/gcc/arm-none-eabi/4.4.1/../../../../arm-none-eabi/lib/thumb2\libc.a(lib_a-init.o)
 .ARM.attributes
                0x00000a0d       0x29 c:/program files (x86)/cypress/psoc creator/2.1/psoc creator/import/gnu_cs/arm/4.4.1/bin/../lib/gcc/arm-none-eabi/4.4.1/../../../../arm-none-eabi/lib/thumb2\libcs3.a(heap.o)

/DISCARD/
 *(.note.GNU-stack)
OUTPUT(.\CortexM3\ARM_GCC_441\Debug\SpeedControl01.elf elf32-littlearm)
